[2025-10-21T21:36:58.770+0000] {local_task_job_runner.py:120} INFO - ::group::Pre task execution logs
[2025-10-21T21:36:58.793+0000] {taskinstance.py:2073} INFO - Dependencies all met for dep_context=non-requeueable deps ti=<TaskInstance: gold_layer_aggregation.create_dim_products scheduled__2025-10-19T20:00:00+00:00 [queued]>
[2025-10-21T21:36:58.800+0000] {taskinstance.py:2073} INFO - Dependencies all met for dep_context=requeueable deps ti=<TaskInstance: gold_layer_aggregation.create_dim_products scheduled__2025-10-19T20:00:00+00:00 [queued]>
[2025-10-21T21:36:58.801+0000] {taskinstance.py:2303} INFO - Starting attempt 3 of 3
[2025-10-21T21:36:58.816+0000] {taskinstance.py:2327} INFO - Executing <Task(BashOperator): create_dim_products> on 2025-10-19 20:00:00+00:00
[2025-10-21T21:36:58.824+0000] {warnings.py:110} WARNING - /home/***/.local/lib/python3.12/site-packages/***/task/task_runner/standard_task_runner.py:61: DeprecationWarning: This process (pid=409) is multi-threaded, use of fork() may lead to deadlocks in the child.
  pid = os.fork()

[2025-10-21T21:36:58.826+0000] {standard_task_runner.py:63} INFO - Started process 412 to run task
[2025-10-21T21:36:58.826+0000] {standard_task_runner.py:90} INFO - Running: ['***', 'tasks', 'run', 'gold_layer_aggregation', 'create_dim_products', 'scheduled__2025-10-19T20:00:00+00:00', '--job-id', '46', '--raw', '--subdir', 'DAGS_FOLDER/gold_dag.py', '--cfg-path', '/tmp/tmp0cgvucov']
[2025-10-21T21:36:58.830+0000] {standard_task_runner.py:91} INFO - Job 46: Subtask create_dim_products
[2025-10-21T21:36:58.843+0000] {warnings.py:110} WARNING - /home/***/.local/lib/python3.12/site-packages/***/settings.py:195: DeprecationWarning: The sql_alchemy_conn option in [core] has been moved to the sql_alchemy_conn option in [database] - the old setting has been used, but please update your config.
  SQL_ALCHEMY_CONN = conf.get("database", "SQL_ALCHEMY_CONN")

[2025-10-21T21:36:58.875+0000] {task_command.py:426} INFO - Running <TaskInstance: gold_layer_aggregation.create_dim_products scheduled__2025-10-19T20:00:00+00:00 [running]> on host c8e73316fd62
[2025-10-21T21:36:58.946+0000] {taskinstance.py:2644} INFO - Exporting env vars: AIRFLOW_CTX_DAG_OWNER='ghazal_e_ashar' AIRFLOW_CTX_DAG_ID='gold_layer_aggregation' AIRFLOW_CTX_TASK_ID='create_dim_products' AIRFLOW_CTX_EXECUTION_DATE='2025-10-19T20:00:00+00:00' AIRFLOW_CTX_TRY_NUMBER='3' AIRFLOW_CTX_DAG_RUN_ID='scheduled__2025-10-19T20:00:00+00:00'
[2025-10-21T21:36:58.948+0000] {taskinstance.py:430} INFO - ::endgroup::
[2025-10-21T21:36:58.963+0000] {subprocess.py:63} INFO - Tmp dir root location: /tmp
[2025-10-21T21:36:58.964+0000] {subprocess.py:75} INFO - Running command: ['/usr/bin/bash', '-c', '\necho "Creating dim_products..."\npython3 - <<\'PY\'\n\nimport os\nfrom pyspark.sql import SparkSession, functions as F\n\nos.environ[\'AWS_ACCESS_KEY_ID\'] = \'minioadmin\'\nos.environ[\'AWS_SECRET_ACCESS_KEY\'] = \'minioadmin\'\nos.environ[\'SPARK_LOCAL_IP\'] = \'127.0.0.1\'\n\nPOSTGRES_URL = "jdbc:postgresql://postgres:5432/***"\nPOSTGRES_PROPERTIES = {\n    "user": "***",\n    "password": "***",\n    "driver": "org.postgresql.Driver"\n}\n\nspark = SparkSession.builder \\\n    .appName("GoldLayerProcessing") \\\n    .config("spark.hadoop.fs.s3a.endpoint", "http://minio:9000") \\\n    .config("spark.hadoop.fs.s3a.access.key", "minioadmin") \\\n    .config("spark.hadoop.fs.s3a.secret.key", "minioadmin") \\\n    .config("spark.hadoop.fs.s3a.impl", "org.apache.hadoop.fs.s3a.S3AFileSystem") \\\n    .config("spark.jars.packages", \n            "org.apache.hadoop:hadoop-aws:3.3.4,"\n            "com.amazonaws:aws-java-sdk-s3:1.12.570,"\n            "org.postgresql:postgresql:42.7.1") \\\n    .config("spark.sql.warehouse.dir", "/tmp/spark-warehouse") \\\n    .getOrCreate()\n\nfrom minio import Minio\nclient = Minio(\'minio:9000\', access_key=\'minioadmin\', secret_key=\'minioadmin\', secure=False)\n\nif not client.bucket_exists(\'gold\'):\n    client.make_bucket(\'gold\')\n    print("Gold bucket created")\nelse:\n    print("Gold bucket already exists")\n\nSILVER_PATH = "s3a://silver"\nGOLD_PATH = "s3a://gold"\n\n\ntry:\n    df_products = spark.read.option(\'header\', \'true\').csv(f\'{SILVER_PATH}/products/products_cleaned_pyspark.csv\')\n    df_products = df_products.withColumn(\'price\', F.col(\'price\').cast(\'double\'))\n\n    dim_products = df_products.select(\n        F.col(\'id\').alias(\'product_id\'),\n        F.col(\'title\').alias(\'product_name\'),\n        \'description\', \'category\', \'brand\', \'price\', \'price_category\'\n    ).distinct()\n\n    print(f\'Writing dim_products to {GOLD_PATH}/dimensions/dim_products\')\n    dim_products.write.mode(\'overwrite\').parquet(f\'{GOLD_PATH}/dimensions/dim_products\')\n    dim_products.write.jdbc(url=POSTGRES_URL, table=\'dim_products\', mode=\'overwrite\', properties=POSTGRES_PROPERTIES)\n    print(\'dim_products loaded to Postgres\')\nexcept Exception as e:\n    print("Error in create_dim_products:", e)\n    raise\nfinally:\n    spark.stop()\nPY']
[2025-10-21T21:36:58.977+0000] {subprocess.py:86} INFO - Output:
[2025-10-21T21:36:58.979+0000] {subprocess.py:93} INFO - Creating dim_products...
[2025-10-21T21:36:59.571+0000] {subprocess.py:93} INFO - JAVA_HOME is not set
[2025-10-21T21:36:59.650+0000] {subprocess.py:93} INFO - Traceback (most recent call last):
[2025-10-21T21:36:59.653+0000] {subprocess.py:93} INFO -   File "<stdin>", line 27, in <module>
[2025-10-21T21:36:59.653+0000] {subprocess.py:93} INFO -   File "/home/***/.local/lib/python3.12/site-packages/pyspark/sql/session.py", line 556, in getOrCreate
[2025-10-21T21:36:59.654+0000] {subprocess.py:93} INFO -     sc = SparkContext.getOrCreate(sparkConf)
[2025-10-21T21:36:59.654+0000] {subprocess.py:93} INFO -          ^^^^^^^^^^^^^^^^^^^^^^^^^^^^^^^^^^^
[2025-10-21T21:36:59.654+0000] {subprocess.py:93} INFO -   File "/home/***/.local/lib/python3.12/site-packages/pyspark/core/context.py", line 523, in getOrCreate
[2025-10-21T21:36:59.655+0000] {subprocess.py:93} INFO -     SparkContext(conf=conf or SparkConf())
[2025-10-21T21:36:59.655+0000] {subprocess.py:93} INFO -   File "/home/***/.local/lib/python3.12/site-packages/pyspark/core/context.py", line 205, in __init__
[2025-10-21T21:36:59.655+0000] {subprocess.py:93} INFO -     SparkContext._ensure_initialized(self, gateway=gateway, conf=conf)
[2025-10-21T21:36:59.655+0000] {subprocess.py:93} INFO -   File "/home/***/.local/lib/python3.12/site-packages/pyspark/core/context.py", line 444, in _ensure_initialized
[2025-10-21T21:36:59.656+0000] {subprocess.py:93} INFO -     SparkContext._gateway = gateway or launch_gateway(conf)
[2025-10-21T21:36:59.656+0000] {subprocess.py:93} INFO -                                        ^^^^^^^^^^^^^^^^^^^^
[2025-10-21T21:36:59.656+0000] {subprocess.py:93} INFO -   File "/home/***/.local/lib/python3.12/site-packages/pyspark/java_gateway.py", line 111, in launch_gateway
[2025-10-21T21:36:59.657+0000] {subprocess.py:93} INFO -     raise PySparkRuntimeError(
[2025-10-21T21:36:59.657+0000] {subprocess.py:93} INFO - pyspark.errors.exceptions.base.PySparkRuntimeError: [JAVA_GATEWAY_EXITED] Java gateway process exited before sending its port number.
[2025-10-21T21:36:59.702+0000] {subprocess.py:97} INFO - Command exited with return code 1
[2025-10-21T21:36:59.703+0000] {taskinstance.py:441} INFO - ::group::Post task execution logs
[2025-10-21T21:36:59.714+0000] {taskinstance.py:2890} ERROR - Task failed with exception
Traceback (most recent call last):
  File "/home/airflow/.local/lib/python3.12/site-packages/airflow/models/taskinstance.py", line 465, in _execute_task
    result = _execute_callable(context=context, **execute_callable_kwargs)
             ^^^^^^^^^^^^^^^^^^^^^^^^^^^^^^^^^^^^^^^^^^^^^^^^^^^^^^^^^^^^^
  File "/home/airflow/.local/lib/python3.12/site-packages/airflow/models/taskinstance.py", line 432, in _execute_callable
    return execute_callable(context=context, **execute_callable_kwargs)
           ^^^^^^^^^^^^^^^^^^^^^^^^^^^^^^^^^^^^^^^^^^^^^^^^^^^^^^^^^^^^
  File "/home/airflow/.local/lib/python3.12/site-packages/airflow/models/baseoperator.py", line 400, in wrapper
    return func(self, *args, **kwargs)
           ^^^^^^^^^^^^^^^^^^^^^^^^^^^
  File "/home/airflow/.local/lib/python3.12/site-packages/airflow/operators/bash.py", line 243, in execute
    raise AirflowException(
airflow.exceptions.AirflowException: Bash command failed. The command returned a non-zero exit code 1.
[2025-10-21T21:36:59.717+0000] {taskinstance.py:1205} INFO - Marking task as FAILED. dag_id=gold_layer_aggregation, task_id=create_dim_products, execution_date=20251019T200000, start_date=20251021T213658, end_date=20251021T213659
[2025-10-21T21:36:59.736+0000] {standard_task_runner.py:110} ERROR - Failed to execute job 46 for task create_dim_products (Bash command failed. The command returned a non-zero exit code 1.; 412)
[2025-10-21T21:36:59.763+0000] {local_task_job_runner.py:240} INFO - Task exited with return code 1
[2025-10-21T21:36:59.785+0000] {taskinstance.py:3482} INFO - 0 downstream tasks scheduled from follow-on schedule check
[2025-10-21T21:36:59.789+0000] {local_task_job_runner.py:222} INFO - ::endgroup::
