[2025-10-21T20:30:53.246+0000] {local_task_job_runner.py:120} INFO - ::group::Pre task execution logs
[2025-10-21T20:30:53.267+0000] {taskinstance.py:2073} INFO - Dependencies all met for dep_context=non-requeueable deps ti=<TaskInstance: silver_layer_cleaning_pyspark.wait_for_bronze_completion scheduled__2025-10-20T19:00:00+00:00 [queued]>
[2025-10-21T20:30:53.273+0000] {taskinstance.py:2073} INFO - Dependencies all met for dep_context=requeueable deps ti=<TaskInstance: silver_layer_cleaning_pyspark.wait_for_bronze_completion scheduled__2025-10-20T19:00:00+00:00 [queued]>
[2025-10-21T20:30:53.273+0000] {taskinstance.py:2303} INFO - Starting attempt 2 of 3
[2025-10-21T20:30:53.285+0000] {taskinstance.py:2327} INFO - Executing <Task(ExternalTaskSensor): wait_for_bronze_completion> on 2025-10-20 19:00:00+00:00
[2025-10-21T20:30:53.291+0000] {warnings.py:110} WARNING - /home/***/.local/lib/python3.12/site-packages/***/task/task_runner/standard_task_runner.py:61: DeprecationWarning: This process (pid=104) is multi-threaded, use of fork() may lead to deadlocks in the child.
  pid = os.fork()

[2025-10-21T20:30:53.293+0000] {standard_task_runner.py:63} INFO - Started process 106 to run task
[2025-10-21T20:30:53.292+0000] {standard_task_runner.py:90} INFO - Running: ['***', 'tasks', 'run', 'silver_layer_cleaning_pyspark', 'wait_for_bronze_completion', 'scheduled__2025-10-20T19:00:00+00:00', '--job-id', '31', '--raw', '--subdir', 'DAGS_FOLDER/silver_layer_dag.py', '--cfg-path', '/tmp/tmp1d0o7lhm']
[2025-10-21T20:30:53.294+0000] {standard_task_runner.py:91} INFO - Job 31: Subtask wait_for_bronze_completion
[2025-10-21T20:30:53.306+0000] {warnings.py:110} WARNING - /home/***/.local/lib/python3.12/site-packages/***/settings.py:195: DeprecationWarning: The sql_alchemy_conn option in [core] has been moved to the sql_alchemy_conn option in [database] - the old setting has been used, but please update your config.
  SQL_ALCHEMY_CONN = conf.get("database", "SQL_ALCHEMY_CONN")

[2025-10-21T20:30:53.342+0000] {task_command.py:426} INFO - Running <TaskInstance: silver_layer_cleaning_pyspark.wait_for_bronze_completion scheduled__2025-10-20T19:00:00+00:00 [running]> on host c8e73316fd62
[2025-10-21T20:30:53.415+0000] {taskinstance.py:2644} INFO - Exporting env vars: AIRFLOW_CTX_DAG_OWNER='farheen_muzaffar' AIRFLOW_CTX_DAG_ID='silver_layer_cleaning_pyspark' AIRFLOW_CTX_TASK_ID='wait_for_bronze_completion' AIRFLOW_CTX_EXECUTION_DATE='2025-10-20T19:00:00+00:00' AIRFLOW_CTX_TRY_NUMBER='2' AIRFLOW_CTX_DAG_RUN_ID='scheduled__2025-10-20T19:00:00+00:00'
[2025-10-21T20:30:53.417+0000] {taskinstance.py:430} INFO - ::endgroup::
[2025-10-21T20:30:53.440+0000] {baseoperator.py:399} WARNING - ExternalTaskSensor.execute cannot be called outside TaskInstance!
[2025-10-21T20:30:53.440+0000] {external_task.py:258} INFO - Poking for tasks ['validate_data'] in dag bronze_layer_ingestion_simple on 2025-10-20T19:00:00+00:00 ... 
[2025-10-21T20:30:53.441+0000] {warnings.py:110} WARNING - /home/***/.local/lib/python3.12/site-packages/***/utils/session.py:79: DeprecationWarning: This method is deprecated and will be removed in future.
  return func(*args, session=session, **kwargs)

[2025-10-21T20:36:00.906+0000] {external_task.py:258} INFO - Poking for tasks ['validate_data'] in dag bronze_layer_ingestion_simple on 2025-10-20T19:00:00+00:00 ... 
[2025-10-21T20:41:02.966+0000] {external_task.py:258} INFO - Poking for tasks ['validate_data'] in dag bronze_layer_ingestion_simple on 2025-10-20T19:00:00+00:00 ... 
[2025-10-21T20:46:08.855+0000] {external_task.py:258} INFO - Poking for tasks ['validate_data'] in dag bronze_layer_ingestion_simple on 2025-10-20T19:00:00+00:00 ... 
[2025-10-21T20:51:53.822+0000] {external_task.py:258} INFO - Poking for tasks ['validate_data'] in dag bronze_layer_ingestion_simple on 2025-10-20T19:00:00+00:00 ... 
[2025-10-21T20:56:25.004+0000] {external_task.py:258} INFO - Poking for tasks ['validate_data'] in dag bronze_layer_ingestion_simple on 2025-10-20T19:00:00+00:00 ... 
[2025-10-21T21:01:28.240+0000] {external_task.py:258} INFO - Poking for tasks ['validate_data'] in dag bronze_layer_ingestion_simple on 2025-10-20T19:00:00+00:00 ... 
[2025-10-21T21:06:22.142+0000] {local_task_job_runner.py:310} WARNING - State of this instance has been externally set to restarting. Terminating instance.
[2025-10-21T21:06:22.148+0000] {local_task_job_runner.py:222} INFO - ::endgroup::
[2025-10-21T21:06:22.153+0000] {process_utils.py:132} INFO - Sending 15 to group 106. PIDs of all processes in the group: [106]
[2025-10-21T21:06:22.154+0000] {process_utils.py:87} INFO - Sending the signal 15 to group 106
[2025-10-21T21:06:22.154+0000] {taskinstance.py:2607} ERROR - Received SIGTERM. Terminating subprocesses.
[2025-10-21T21:06:22.155+0000] {taskinstance.py:441} INFO - ::group::Post task execution logs
[2025-10-21T21:06:22.179+0000] {taskinstance.py:2890} ERROR - Task failed with exception
Traceback (most recent call last):
  File "/home/airflow/.local/lib/python3.12/site-packages/airflow/models/taskinstance.py", line 465, in _execute_task
    result = _execute_callable(context=context, **execute_callable_kwargs)
             ^^^^^^^^^^^^^^^^^^^^^^^^^^^^^^^^^^^^^^^^^^^^^^^^^^^^^^^^^^^^^
  File "/home/airflow/.local/lib/python3.12/site-packages/airflow/models/taskinstance.py", line 432, in _execute_callable
    return execute_callable(context=context, **execute_callable_kwargs)
           ^^^^^^^^^^^^^^^^^^^^^^^^^^^^^^^^^^^^^^^^^^^^^^^^^^^^^^^^^^^^
  File "/home/airflow/.local/lib/python3.12/site-packages/airflow/models/baseoperator.py", line 400, in wrapper
    return func(self, *args, **kwargs)
           ^^^^^^^^^^^^^^^^^^^^^^^^^^^
  File "/home/airflow/.local/lib/python3.12/site-packages/airflow/sensors/external_task.py", line 348, in execute
    super().execute(context)
  File "/home/airflow/.local/lib/python3.12/site-packages/airflow/models/baseoperator.py", line 400, in wrapper
    return func(self, *args, **kwargs)
           ^^^^^^^^^^^^^^^^^^^^^^^^^^^
  File "/home/airflow/.local/lib/python3.12/site-packages/airflow/sensors/base.py", line 292, in execute
    time.sleep(self._get_next_poke_interval(started_at, run_duration, try_number))
  File "/home/airflow/.local/lib/python3.12/site-packages/airflow/models/taskinstance.py", line 2609, in signal_handler
    raise AirflowTaskTerminated("Task received SIGTERM signal")
airflow.exceptions.AirflowTaskTerminated: Task received SIGTERM signal
[2025-10-21T21:06:22.195+0000] {taskinstance.py:1205} INFO - Marking task as UP_FOR_RETRY. dag_id=silver_layer_cleaning_pyspark, task_id=wait_for_bronze_completion, execution_date=20251020T190000, start_date=20251021T203053, end_date=20251021T210622
[2025-10-21T21:06:22.246+0000] {process_utils.py:80} INFO - Process psutil.Process(pid=106, status='terminated', exitcode=2, started='20:30:53') (106) terminated with exit code 2
