[2025-10-21T21:11:23.448+0000] {local_task_job_runner.py:120} INFO - ::group::Pre task execution logs
[2025-10-21T21:11:23.470+0000] {taskinstance.py:2073} INFO - Dependencies all met for dep_context=non-requeueable deps ti=<TaskInstance: silver_layer_cleaning_pyspark.wait_for_bronze_completion scheduled__2025-10-20T19:00:00+00:00 [queued]>
[2025-10-21T21:11:23.476+0000] {taskinstance.py:2073} INFO - Dependencies all met for dep_context=requeueable deps ti=<TaskInstance: silver_layer_cleaning_pyspark.wait_for_bronze_completion scheduled__2025-10-20T19:00:00+00:00 [queued]>
[2025-10-21T21:11:23.477+0000] {taskinstance.py:2303} INFO - Starting attempt 3 of 3
[2025-10-21T21:11:23.489+0000] {taskinstance.py:2327} INFO - Executing <Task(ExternalTaskSensor): wait_for_bronze_completion> on 2025-10-20 19:00:00+00:00
[2025-10-21T21:11:23.495+0000] {warnings.py:110} WARNING - /home/***/.local/lib/python3.12/site-packages/***/task/task_runner/standard_task_runner.py:61: DeprecationWarning: This process (pid=200) is multi-threaded, use of fork() may lead to deadlocks in the child.
  pid = os.fork()

[2025-10-21T21:11:23.497+0000] {standard_task_runner.py:63} INFO - Started process 201 to run task
[2025-10-21T21:11:23.497+0000] {standard_task_runner.py:90} INFO - Running: ['***', 'tasks', 'run', 'silver_layer_cleaning_pyspark', 'wait_for_bronze_completion', 'scheduled__2025-10-20T19:00:00+00:00', '--job-id', '36', '--raw', '--subdir', 'DAGS_FOLDER/silver_layer_dag.py', '--cfg-path', '/tmp/tmpkzhm4asf']
[2025-10-21T21:11:23.499+0000] {standard_task_runner.py:91} INFO - Job 36: Subtask wait_for_bronze_completion
[2025-10-21T21:11:23.511+0000] {warnings.py:110} WARNING - /home/***/.local/lib/python3.12/site-packages/***/settings.py:195: DeprecationWarning: The sql_alchemy_conn option in [core] has been moved to the sql_alchemy_conn option in [database] - the old setting has been used, but please update your config.
  SQL_ALCHEMY_CONN = conf.get("database", "SQL_ALCHEMY_CONN")

[2025-10-21T21:11:23.542+0000] {task_command.py:426} INFO - Running <TaskInstance: silver_layer_cleaning_pyspark.wait_for_bronze_completion scheduled__2025-10-20T19:00:00+00:00 [running]> on host c8e73316fd62
[2025-10-21T21:11:23.608+0000] {taskinstance.py:2644} INFO - Exporting env vars: AIRFLOW_CTX_DAG_OWNER='farheen_muzaffar' AIRFLOW_CTX_DAG_ID='silver_layer_cleaning_pyspark' AIRFLOW_CTX_TASK_ID='wait_for_bronze_completion' AIRFLOW_CTX_EXECUTION_DATE='2025-10-20T19:00:00+00:00' AIRFLOW_CTX_TRY_NUMBER='3' AIRFLOW_CTX_DAG_RUN_ID='scheduled__2025-10-20T19:00:00+00:00'
[2025-10-21T21:11:23.608+0000] {taskinstance.py:430} INFO - ::endgroup::
[2025-10-21T21:11:23.623+0000] {baseoperator.py:399} WARNING - ExternalTaskSensor.execute cannot be called outside TaskInstance!
[2025-10-21T21:11:23.623+0000] {external_task.py:258} INFO - Poking for tasks ['validate_data'] in dag bronze_layer_ingestion_simple on 2025-10-20T19:00:00+00:00 ... 
[2025-10-21T21:11:23.624+0000] {warnings.py:110} WARNING - /home/***/.local/lib/python3.12/site-packages/***/utils/session.py:79: DeprecationWarning: This method is deprecated and will be removed in future.
  return func(*args, session=session, **kwargs)

[2025-10-21T21:16:31.677+0000] {external_task.py:258} INFO - Poking for tasks ['validate_data'] in dag bronze_layer_ingestion_simple on 2025-10-20T19:00:00+00:00 ... 
[2025-10-21T21:21:06.592+0000] {external_task.py:258} INFO - Poking for tasks ['validate_data'] in dag bronze_layer_ingestion_simple on 2025-10-20T19:00:00+00:00 ... 
[2025-10-21T21:26:52.267+0000] {external_task.py:258} INFO - Poking for tasks ['validate_data'] in dag bronze_layer_ingestion_simple on 2025-10-20T19:00:00+00:00 ... 
[2025-10-21T21:31:57.128+0000] {external_task.py:258} INFO - Poking for tasks ['validate_data'] in dag bronze_layer_ingestion_simple on 2025-10-20T19:00:00+00:00 ... 
[2025-10-21T21:36:26.400+0000] {external_task.py:258} INFO - Poking for tasks ['validate_data'] in dag bronze_layer_ingestion_simple on 2025-10-20T19:00:00+00:00 ... 
[2025-10-21T21:41:28.363+0000] {external_task.py:258} INFO - Poking for tasks ['validate_data'] in dag bronze_layer_ingestion_simple on 2025-10-20T19:00:00+00:00 ... 
[2025-10-21T21:46:36.673+0000] {external_task.py:258} INFO - Poking for tasks ['validate_data'] in dag bronze_layer_ingestion_simple on 2025-10-20T19:00:00+00:00 ... 
[2025-10-21T21:52:12.982+0000] {external_task.py:258} INFO - Poking for tasks ['validate_data'] in dag bronze_layer_ingestion_simple on 2025-10-20T19:00:00+00:00 ... 
[2025-10-21T21:56:40.314+0000] {external_task.py:258} INFO - Poking for tasks ['validate_data'] in dag bronze_layer_ingestion_simple on 2025-10-20T19:00:00+00:00 ... 
[2025-10-21T22:01:40.303+0000] {external_task.py:258} INFO - Poking for tasks ['validate_data'] in dag bronze_layer_ingestion_simple on 2025-10-20T19:00:00+00:00 ... 
[2025-10-21T22:06:40.291+0000] {external_task.py:258} INFO - Poking for tasks ['validate_data'] in dag bronze_layer_ingestion_simple on 2025-10-20T19:00:00+00:00 ... 
