[2025-10-21T19:26:45.821+0000] {local_task_job_runner.py:120} INFO - ::group::Pre task execution logs
[2025-10-21T19:26:45.841+0000] {taskinstance.py:2073} INFO - Dependencies all met for dep_context=non-requeueable deps ti=<TaskInstance: bronze_layer_ingestion_simple.kaggle_ingestion scheduled__2025-10-20T18:00:00+00:00 [queued]>
[2025-10-21T19:26:45.848+0000] {taskinstance.py:2073} INFO - Dependencies all met for dep_context=requeueable deps ti=<TaskInstance: bronze_layer_ingestion_simple.kaggle_ingestion scheduled__2025-10-20T18:00:00+00:00 [queued]>
[2025-10-21T19:26:45.848+0000] {taskinstance.py:2303} INFO - Starting attempt 3 of 3
[2025-10-21T19:26:45.860+0000] {taskinstance.py:2327} INFO - Executing <Task(BashOperator): kaggle_ingestion> on 2025-10-20 18:00:00+00:00
[2025-10-21T19:26:45.867+0000] {warnings.py:110} WARNING - /home/***/.local/lib/python3.12/site-packages/***/task/task_runner/standard_task_runner.py:61: DeprecationWarning: This process (pid=103) is multi-threaded, use of fork() may lead to deadlocks in the child.
  pid = os.fork()

[2025-10-21T19:26:45.869+0000] {standard_task_runner.py:63} INFO - Started process 105 to run task
[2025-10-21T19:26:45.869+0000] {standard_task_runner.py:90} INFO - Running: ['***', 'tasks', 'run', 'bronze_layer_ingestion_simple', 'kaggle_ingestion', 'scheduled__2025-10-20T18:00:00+00:00', '--job-id', '13', '--raw', '--subdir', 'DAGS_FOLDER/bronze_dag_simple.py', '--cfg-path', '/tmp/tmpt0pqh92o']
[2025-10-21T19:26:45.871+0000] {standard_task_runner.py:91} INFO - Job 13: Subtask kaggle_ingestion
[2025-10-21T19:26:45.886+0000] {warnings.py:110} WARNING - /home/***/.local/lib/python3.12/site-packages/***/settings.py:195: DeprecationWarning: The sql_alchemy_conn option in [core] has been moved to the sql_alchemy_conn option in [database] - the old setting has been used, but please update your config.
  SQL_ALCHEMY_CONN = conf.get("database", "SQL_ALCHEMY_CONN")

[2025-10-21T19:26:45.918+0000] {task_command.py:426} INFO - Running <TaskInstance: bronze_layer_ingestion_simple.kaggle_ingestion scheduled__2025-10-20T18:00:00+00:00 [running]> on host cf72a0a2e54c
[2025-10-21T19:26:45.994+0000] {taskinstance.py:2644} INFO - Exporting env vars: AIRFLOW_CTX_DAG_OWNER='afnan_khan' AIRFLOW_CTX_DAG_ID='bronze_layer_ingestion_simple' AIRFLOW_CTX_TASK_ID='kaggle_ingestion' AIRFLOW_CTX_EXECUTION_DATE='2025-10-20T18:00:00+00:00' AIRFLOW_CTX_TRY_NUMBER='3' AIRFLOW_CTX_DAG_RUN_ID='scheduled__2025-10-20T18:00:00+00:00'
[2025-10-21T19:26:45.994+0000] {taskinstance.py:430} INFO - ::endgroup::
[2025-10-21T19:26:46.019+0000] {subprocess.py:63} INFO - Tmp dir root location: /tmp
[2025-10-21T19:26:46.021+0000] {subprocess.py:75} INFO - Running command: ['/usr/bin/bash', '-c', '\n    cd /opt/***/dags/bronze\n    export PYTHONPATH=/opt/***/dags/bronze:$PYTHONPATH\n    python3 kaggle_ingestion.py\n    ']
[2025-10-21T19:26:46.033+0000] {subprocess.py:86} INFO - Output:
[2025-10-21T19:26:47.727+0000] {subprocess.py:93} INFO - Traceback (most recent call last):
[2025-10-21T19:26:47.727+0000] {subprocess.py:93} INFO -   File "/opt/***/dags/bronze/kaggle_ingestion.py", line 12, in <module>
[2025-10-21T19:26:47.729+0000] {subprocess.py:93} INFO -     import kaggle
[2025-10-21T19:26:47.729+0000] {subprocess.py:93} INFO -   File "/home/***/.local/lib/python3.12/site-packages/kaggle/__init__.py", line 6, in <module>
[2025-10-21T19:26:47.729+0000] {subprocess.py:93} INFO -     api.authenticate()
[2025-10-21T19:26:47.730+0000] {subprocess.py:93} INFO -   File "/home/***/.local/lib/python3.12/site-packages/kaggle/api/kaggle_api_extended.py", line 434, in authenticate
[2025-10-21T19:26:47.730+0000] {subprocess.py:93} INFO -     raise IOError('Could not find {}. Make sure it\'s located in'
[2025-10-21T19:26:47.730+0000] {subprocess.py:93} INFO - OSError: Could not find kaggle.json. Make sure it's located in /home/***/.config/kaggle. Or use the environment method. See setup instructions at https://github.com/Kaggle/kaggle-api/
[2025-10-21T19:26:47.824+0000] {subprocess.py:97} INFO - Command exited with return code 1
[2025-10-21T19:26:47.824+0000] {taskinstance.py:441} INFO - ::group::Post task execution logs
[2025-10-21T19:26:47.833+0000] {taskinstance.py:2890} ERROR - Task failed with exception
Traceback (most recent call last):
  File "/home/airflow/.local/lib/python3.12/site-packages/airflow/models/taskinstance.py", line 465, in _execute_task
    result = _execute_callable(context=context, **execute_callable_kwargs)
             ^^^^^^^^^^^^^^^^^^^^^^^^^^^^^^^^^^^^^^^^^^^^^^^^^^^^^^^^^^^^^
  File "/home/airflow/.local/lib/python3.12/site-packages/airflow/models/taskinstance.py", line 432, in _execute_callable
    return execute_callable(context=context, **execute_callable_kwargs)
           ^^^^^^^^^^^^^^^^^^^^^^^^^^^^^^^^^^^^^^^^^^^^^^^^^^^^^^^^^^^^
  File "/home/airflow/.local/lib/python3.12/site-packages/airflow/models/baseoperator.py", line 400, in wrapper
    return func(self, *args, **kwargs)
           ^^^^^^^^^^^^^^^^^^^^^^^^^^^
  File "/home/airflow/.local/lib/python3.12/site-packages/airflow/operators/bash.py", line 243, in execute
    raise AirflowException(
airflow.exceptions.AirflowException: Bash command failed. The command returned a non-zero exit code 1.
[2025-10-21T19:26:47.837+0000] {taskinstance.py:1205} INFO - Marking task as FAILED. dag_id=bronze_layer_ingestion_simple, task_id=kaggle_ingestion, execution_date=20251020T180000, start_date=20251021T192645, end_date=20251021T192647
[2025-10-21T19:26:47.849+0000] {standard_task_runner.py:110} ERROR - Failed to execute job 13 for task kaggle_ingestion (Bash command failed. The command returned a non-zero exit code 1.; 105)
[2025-10-21T19:26:47.887+0000] {local_task_job_runner.py:240} INFO - Task exited with return code 1
[2025-10-21T19:26:47.905+0000] {taskinstance.py:3482} INFO - 0 downstream tasks scheduled from follow-on schedule check
[2025-10-21T19:26:47.913+0000] {local_task_job_runner.py:222} INFO - ::endgroup::
