[2025-10-22T12:12:25.397+0000] {local_task_job_runner.py:120} INFO - ::group::Pre task execution logs
[2025-10-22T12:12:25.426+0000] {taskinstance.py:2073} INFO - Dependencies all met for dep_context=non-requeueable deps ti=<TaskInstance: bronze_dag_simple.kaggle_ingestion manual__2025-10-22T11:59:29.382771+00:00 [queued]>
[2025-10-22T12:12:25.433+0000] {taskinstance.py:2073} INFO - Dependencies all met for dep_context=requeueable deps ti=<TaskInstance: bronze_dag_simple.kaggle_ingestion manual__2025-10-22T11:59:29.382771+00:00 [queued]>
[2025-10-22T12:12:25.433+0000] {taskinstance.py:2303} INFO - Starting attempt 3 of 3
[2025-10-22T12:12:25.446+0000] {taskinstance.py:2327} INFO - Executing <Task(BashOperator): kaggle_ingestion> on 2025-10-22 11:59:29.382771+00:00
[2025-10-22T12:12:25.453+0000] {warnings.py:110} WARNING - /home/***/.local/lib/python3.12/site-packages/***/task/task_runner/standard_task_runner.py:61: DeprecationWarning: This process (pid=332) is multi-threaded, use of fork() may lead to deadlocks in the child.
  pid = os.fork()

[2025-10-22T12:12:25.457+0000] {standard_task_runner.py:63} INFO - Started process 333 to run task
[2025-10-22T12:12:25.455+0000] {standard_task_runner.py:90} INFO - Running: ['***', 'tasks', 'run', 'bronze_dag_simple', 'kaggle_ingestion', 'manual__2025-10-22T11:59:29.382771+00:00', '--job-id', '40', '--raw', '--subdir', 'DAGS_FOLDER/bronze_dag_simple.py', '--cfg-path', '/tmp/tmpq6o1a3s1']
[2025-10-22T12:12:25.458+0000] {standard_task_runner.py:91} INFO - Job 40: Subtask kaggle_ingestion
[2025-10-22T12:12:25.488+0000] {warnings.py:110} WARNING - /home/***/.local/lib/python3.12/site-packages/***/settings.py:195: DeprecationWarning: The sql_alchemy_conn option in [core] has been moved to the sql_alchemy_conn option in [database] - the old setting has been used, but please update your config.
  SQL_ALCHEMY_CONN = conf.get("database", "SQL_ALCHEMY_CONN")

[2025-10-22T12:12:25.541+0000] {task_command.py:426} INFO - Running <TaskInstance: bronze_dag_simple.kaggle_ingestion manual__2025-10-22T11:59:29.382771+00:00 [running]> on host 106a2f4786f4
[2025-10-22T12:12:25.630+0000] {taskinstance.py:2644} INFO - Exporting env vars: AIRFLOW_CTX_DAG_OWNER='afnan_khan' AIRFLOW_CTX_DAG_ID='bronze_dag_simple' AIRFLOW_CTX_TASK_ID='kaggle_ingestion' AIRFLOW_CTX_EXECUTION_DATE='2025-10-22T11:59:29.382771+00:00' AIRFLOW_CTX_TRY_NUMBER='3' AIRFLOW_CTX_DAG_RUN_ID='manual__2025-10-22T11:59:29.382771+00:00'
[2025-10-22T12:12:25.631+0000] {taskinstance.py:430} INFO - ::endgroup::
[2025-10-22T12:12:25.645+0000] {subprocess.py:63} INFO - Tmp dir root location: /tmp
[2025-10-22T12:12:25.649+0000] {subprocess.py:75} INFO - Running command: ['/usr/bin/bash', '-c', '\n        echo "===== Running Kaggle Ingestion ====="\n        cd /opt/***/dags/bronze\n        export PYTHONPATH=/opt/***/dags/bronze:$PYTHONPATH\n        python3 kaggle_ingestion.py\n        ']
[2025-10-22T12:12:25.662+0000] {subprocess.py:86} INFO - Output:
[2025-10-22T12:12:25.664+0000] {subprocess.py:93} INFO - ===== Running Kaggle Ingestion =====
[2025-10-22T12:12:27.808+0000] {subprocess.py:93} INFO - INFO:__main__:Starting Kaggle data ingestion process
[2025-10-22T12:12:27.813+0000] {subprocess.py:93} INFO - INFO:__main__:Bucket bronze already exists
[2025-10-22T12:12:27.814+0000] {subprocess.py:93} INFO - INFO:__main__:Downloading dataset: olistbr/brazilian-ecommerce
[2025-10-22T12:12:18.022+0000] {subprocess.py:93} INFO - INFO:__main__:Dataset downloaded successfully
[2025-10-22T12:12:18.259+0000] {subprocess.py:93} INFO - INFO:__main__:Uploaded olist_customers_dataset.csv to kaggle_data/20251022_121218/olist_customers_dataset.csv
[2025-10-22T12:12:18.580+0000] {subprocess.py:93} INFO - INFO:__main__:Uploaded olist_order_reviews_dataset.csv to kaggle_data/20251022_121218/olist_order_reviews_dataset.csv
[2025-10-22T12:12:18.975+0000] {subprocess.py:93} INFO - INFO:__main__:Uploaded olist_order_items_dataset.csv to kaggle_data/20251022_121218/olist_order_items_dataset.csv
[2025-10-22T12:12:19.270+0000] {subprocess.py:93} INFO - INFO:__main__:Uploaded olist_order_payments_dataset.csv to kaggle_data/20251022_121218/olist_order_payments_dataset.csv
[2025-10-22T12:12:19.316+0000] {subprocess.py:93} INFO - INFO:__main__:Uploaded product_category_name_translation.csv to kaggle_data/20251022_121218/product_category_name_translation.csv
[2025-10-22T12:12:19.898+0000] {subprocess.py:93} INFO - INFO:__main__:Uploaded olist_products_dataset.csv to kaggle_data/20251022_121218/olist_products_dataset.csv
[2025-10-22T12:12:20.240+0000] {subprocess.py:93} INFO - INFO:__main__:Uploaded olist_orders_dataset.csv to kaggle_data/20251022_121218/olist_orders_dataset.csv
[2025-10-22T12:12:22.327+0000] {subprocess.py:93} INFO - INFO:__main__:Uploaded olist_geolocation_dataset.csv to kaggle_data/20251022_121218/olist_geolocation_dataset.csv
[2025-10-22T12:12:22.393+0000] {subprocess.py:93} INFO - INFO:__main__:Uploaded olist_sellers_dataset.csv to kaggle_data/20251022_121218/olist_sellers_dataset.csv
[2025-10-22T12:12:22.407+0000] {subprocess.py:93} INFO - INFO:__main__:Cleaned up temporary files
[2025-10-22T12:12:22.407+0000] {subprocess.py:93} INFO - INFO:__main__:Kaggle data ingestion completed successfully
[2025-10-22T12:12:22.408+0000] {subprocess.py:93} INFO - Dataset URL: https://www.kaggle.com/datasets/olistbr/brazilian-ecommerce
[2025-10-22T12:12:22.748+0000] {subprocess.py:97} INFO - Command exited with return code 0
[2025-10-22T12:12:22.838+0000] {taskinstance.py:441} INFO - ::group::Post task execution logs
[2025-10-22T12:12:23.095+0000] {taskinstance.py:1205} INFO - Marking task as SUCCESS. dag_id=bronze_dag_simple, task_id=kaggle_ingestion, execution_date=20251022T115929, start_date=20251022T121225, end_date=20251022T121223
[2025-10-22T12:12:30.519+0000] {local_task_job_runner.py:240} INFO - Task exited with return code 0
[2025-10-22T12:12:30.612+0000] {taskinstance.py:3482} INFO - 0 downstream tasks scheduled from follow-on schedule check
[2025-10-22T12:12:30.775+0000] {local_task_job_runner.py:222} INFO - ::endgroup::
