[2025-10-21T21:37:03.306+0000] {local_task_job_runner.py:120} INFO - ::group::Pre task execution logs
[2025-10-21T21:37:03.325+0000] {taskinstance.py:2073} INFO - Dependencies all met for dep_context=non-requeueable deps ti=<TaskInstance: gold_layer_aggregation.create_dim_date scheduled__2025-10-20T20:00:00+00:00 [queued]>
[2025-10-21T21:37:03.331+0000] {taskinstance.py:2073} INFO - Dependencies all met for dep_context=requeueable deps ti=<TaskInstance: gold_layer_aggregation.create_dim_date scheduled__2025-10-20T20:00:00+00:00 [queued]>
[2025-10-21T21:37:03.332+0000] {taskinstance.py:2303} INFO - Starting attempt 1 of 3
[2025-10-21T21:37:03.346+0000] {taskinstance.py:2327} INFO - Executing <Task(BashOperator): create_dim_date> on 2025-10-20 20:00:00+00:00
[2025-10-21T21:37:03.353+0000] {warnings.py:110} WARNING - /home/***/.local/lib/python3.12/site-packages/***/task/task_runner/standard_task_runner.py:61: DeprecationWarning: This process (pid=519) is multi-threaded, use of fork() may lead to deadlocks in the child.
  pid = os.fork()

[2025-10-21T21:37:03.354+0000] {standard_task_runner.py:63} INFO - Started process 521 to run task
[2025-10-21T21:37:03.355+0000] {standard_task_runner.py:90} INFO - Running: ['***', 'tasks', 'run', 'gold_layer_aggregation', 'create_dim_date', 'scheduled__2025-10-20T20:00:00+00:00', '--job-id', '51', '--raw', '--subdir', 'DAGS_FOLDER/gold_dag.py', '--cfg-path', '/tmp/tmp2bxg_0b6']
[2025-10-21T21:37:03.357+0000] {standard_task_runner.py:91} INFO - Job 51: Subtask create_dim_date
[2025-10-21T21:37:03.370+0000] {warnings.py:110} WARNING - /home/***/.local/lib/python3.12/site-packages/***/settings.py:195: DeprecationWarning: The sql_alchemy_conn option in [core] has been moved to the sql_alchemy_conn option in [database] - the old setting has been used, but please update your config.
  SQL_ALCHEMY_CONN = conf.get("database", "SQL_ALCHEMY_CONN")

[2025-10-21T21:37:03.404+0000] {task_command.py:426} INFO - Running <TaskInstance: gold_layer_aggregation.create_dim_date scheduled__2025-10-20T20:00:00+00:00 [running]> on host c8e73316fd62
[2025-10-21T21:37:03.484+0000] {taskinstance.py:2644} INFO - Exporting env vars: AIRFLOW_CTX_DAG_OWNER='ghazal_e_ashar' AIRFLOW_CTX_DAG_ID='gold_layer_aggregation' AIRFLOW_CTX_TASK_ID='create_dim_date' AIRFLOW_CTX_EXECUTION_DATE='2025-10-20T20:00:00+00:00' AIRFLOW_CTX_TRY_NUMBER='1' AIRFLOW_CTX_DAG_RUN_ID='scheduled__2025-10-20T20:00:00+00:00'
[2025-10-21T21:37:03.486+0000] {taskinstance.py:430} INFO - ::endgroup::
[2025-10-21T21:37:03.497+0000] {subprocess.py:63} INFO - Tmp dir root location: /tmp
[2025-10-21T21:37:03.498+0000] {subprocess.py:75} INFO - Running command: ['/usr/bin/bash', '-c', '\necho "Creating dim_date..."\npython3 - <<\'PY\'\n\nimport os\nfrom pyspark.sql import SparkSession, functions as F\n\nos.environ[\'AWS_ACCESS_KEY_ID\'] = \'minioadmin\'\nos.environ[\'AWS_SECRET_ACCESS_KEY\'] = \'minioadmin\'\nos.environ[\'SPARK_LOCAL_IP\'] = \'127.0.0.1\'\n\nPOSTGRES_URL = "jdbc:postgresql://postgres:5432/***"\nPOSTGRES_PROPERTIES = {\n    "user": "***",\n    "password": "***",\n    "driver": "org.postgresql.Driver"\n}\n\nspark = SparkSession.builder \\\n    .appName("GoldLayerProcessing") \\\n    .config("spark.hadoop.fs.s3a.endpoint", "http://minio:9000") \\\n    .config("spark.hadoop.fs.s3a.access.key", "minioadmin") \\\n    .config("spark.hadoop.fs.s3a.secret.key", "minioadmin") \\\n    .config("spark.hadoop.fs.s3a.impl", "org.apache.hadoop.fs.s3a.S3AFileSystem") \\\n    .config("spark.jars.packages", \n            "org.apache.hadoop:hadoop-aws:3.3.4,"\n            "com.amazonaws:aws-java-sdk-s3:1.12.570,"\n            "org.postgresql:postgresql:42.7.1") \\\n    .config("spark.sql.warehouse.dir", "/tmp/spark-warehouse") \\\n    .getOrCreate()\n\nfrom minio import Minio\nclient = Minio(\'minio:9000\', access_key=\'minioadmin\', secret_key=\'minioadmin\', secure=False)\n\nif not client.bucket_exists(\'gold\'):\n    client.make_bucket(\'gold\')\n    print("Gold bucket created")\nelse:\n    print("Gold bucket already exists")\n\nSILVER_PATH = "s3a://silver"\nGOLD_PATH = "s3a://gold"\n\nfrom pyspark.sql.functions import to_date, year, month, dayofmonth, dayofweek, quarter, weekofyear\n\ntry:\n    df_orders = spark.read.option(\'header\', \'true\').csv(f\'{SILVER_PATH}/orders/orders_cleaned_pyspark.csv\')\n    date_col = to_date(F.col(\'orderDate\')) if \'orderDate\' in df_orders.columns else to_date(F.lit(\'2024-01-01\'))\n\n    dim_date = df_orders.select(date_col.alias(\'date\')).distinct().na.drop()\n    dim_date = dim_date.select(\n        F.col(\'date\').alias(\'date_id\'),\n        \'date\',\n        year(\'date\').alias(\'year\'),\n        month(\'date\').alias(\'month\'),\n        dayofmonth(\'date\').alias(\'day\'),\n        dayofweek(\'date\').alias(\'day_of_week\'),\n        quarter(\'date\').alias(\'quarter\'),\n        weekofyear(\'date\').alias(\'week_of_year\')\n    )\n\n    print(f\'Writing dim_date to {GOLD_PATH}/dimensions/dim_date\')\n    dim_date.write.mode(\'overwrite\').parquet(f\'{GOLD_PATH}/dimensions/dim_date\')\n    dim_date.write.jdbc(url=POSTGRES_URL, table=\'dim_date\', mode=\'overwrite\', properties=POSTGRES_PROPERTIES)\n    print(\'dim_date loaded to Postgres\')\nexcept Exception as e:\n    print("Error in create_dim_date:", e)\n    raise\nfinally:\n    spark.stop()\nPY']
[2025-10-21T21:37:03.509+0000] {subprocess.py:86} INFO - Output:
[2025-10-21T21:37:03.511+0000] {subprocess.py:93} INFO - Creating dim_date...
[2025-10-21T21:37:04.033+0000] {subprocess.py:93} INFO - JAVA_HOME is not set
[2025-10-21T21:37:04.116+0000] {subprocess.py:93} INFO - Traceback (most recent call last):
[2025-10-21T21:37:04.116+0000] {subprocess.py:93} INFO -   File "<stdin>", line 27, in <module>
[2025-10-21T21:37:04.116+0000] {subprocess.py:93} INFO -   File "/home/***/.local/lib/python3.12/site-packages/pyspark/sql/session.py", line 556, in getOrCreate
[2025-10-21T21:37:04.117+0000] {subprocess.py:93} INFO -     sc = SparkContext.getOrCreate(sparkConf)
[2025-10-21T21:37:04.117+0000] {subprocess.py:93} INFO -          ^^^^^^^^^^^^^^^^^^^^^^^^^^^^^^^^^^^
[2025-10-21T21:37:04.117+0000] {subprocess.py:93} INFO -   File "/home/***/.local/lib/python3.12/site-packages/pyspark/core/context.py", line 523, in getOrCreate
[2025-10-21T21:37:04.117+0000] {subprocess.py:93} INFO -     SparkContext(conf=conf or SparkConf())
[2025-10-21T21:37:04.118+0000] {subprocess.py:93} INFO -   File "/home/***/.local/lib/python3.12/site-packages/pyspark/core/context.py", line 205, in __init__
[2025-10-21T21:37:04.118+0000] {subprocess.py:93} INFO -     SparkContext._ensure_initialized(self, gateway=gateway, conf=conf)
[2025-10-21T21:37:04.118+0000] {subprocess.py:93} INFO -   File "/home/***/.local/lib/python3.12/site-packages/pyspark/core/context.py", line 444, in _ensure_initialized
[2025-10-21T21:37:04.119+0000] {subprocess.py:93} INFO -     SparkContext._gateway = gateway or launch_gateway(conf)
[2025-10-21T21:37:04.119+0000] {subprocess.py:93} INFO -                                        ^^^^^^^^^^^^^^^^^^^^
[2025-10-21T21:37:04.119+0000] {subprocess.py:93} INFO -   File "/home/***/.local/lib/python3.12/site-packages/pyspark/java_gateway.py", line 111, in launch_gateway
[2025-10-21T21:37:04.120+0000] {subprocess.py:93} INFO -     raise PySparkRuntimeError(
[2025-10-21T21:37:04.120+0000] {subprocess.py:93} INFO - pyspark.errors.exceptions.base.PySparkRuntimeError: [JAVA_GATEWAY_EXITED] Java gateway process exited before sending its port number.
[2025-10-21T21:37:04.161+0000] {subprocess.py:97} INFO - Command exited with return code 1
[2025-10-21T21:37:04.162+0000] {taskinstance.py:441} INFO - ::group::Post task execution logs
[2025-10-21T21:37:04.172+0000] {taskinstance.py:2890} ERROR - Task failed with exception
Traceback (most recent call last):
  File "/home/airflow/.local/lib/python3.12/site-packages/airflow/models/taskinstance.py", line 465, in _execute_task
    result = _execute_callable(context=context, **execute_callable_kwargs)
             ^^^^^^^^^^^^^^^^^^^^^^^^^^^^^^^^^^^^^^^^^^^^^^^^^^^^^^^^^^^^^
  File "/home/airflow/.local/lib/python3.12/site-packages/airflow/models/taskinstance.py", line 432, in _execute_callable
    return execute_callable(context=context, **execute_callable_kwargs)
           ^^^^^^^^^^^^^^^^^^^^^^^^^^^^^^^^^^^^^^^^^^^^^^^^^^^^^^^^^^^^
  File "/home/airflow/.local/lib/python3.12/site-packages/airflow/models/baseoperator.py", line 400, in wrapper
    return func(self, *args, **kwargs)
           ^^^^^^^^^^^^^^^^^^^^^^^^^^^
  File "/home/airflow/.local/lib/python3.12/site-packages/airflow/operators/bash.py", line 243, in execute
    raise AirflowException(
airflow.exceptions.AirflowException: Bash command failed. The command returned a non-zero exit code 1.
[2025-10-21T21:37:04.176+0000] {taskinstance.py:1205} INFO - Marking task as UP_FOR_RETRY. dag_id=gold_layer_aggregation, task_id=create_dim_date, execution_date=20251020T200000, start_date=20251021T213703, end_date=20251021T213704
[2025-10-21T21:37:04.188+0000] {standard_task_runner.py:110} ERROR - Failed to execute job 51 for task create_dim_date (Bash command failed. The command returned a non-zero exit code 1.; 521)
[2025-10-21T21:37:04.210+0000] {local_task_job_runner.py:240} INFO - Task exited with return code 1
[2025-10-21T21:37:04.243+0000] {taskinstance.py:3482} INFO - 0 downstream tasks scheduled from follow-on schedule check
[2025-10-21T21:37:04.246+0000] {local_task_job_runner.py:222} INFO - ::endgroup::
[2025-10-22T09:38:49.183+0000] {local_task_job_runner.py:120} INFO - ::group::Pre task execution logs
[2025-10-22T09:38:49.224+0000] {taskinstance.py:2073} INFO - Dependencies all met for dep_context=non-requeueable deps ti=<TaskInstance: gold_layer_aggregation.create_dim_date scheduled__2025-10-20T20:00:00+00:00 [queued]>
[2025-10-22T09:38:49.237+0000] {taskinstance.py:2073} INFO - Dependencies all met for dep_context=requeueable deps ti=<TaskInstance: gold_layer_aggregation.create_dim_date scheduled__2025-10-20T20:00:00+00:00 [queued]>
[2025-10-22T09:38:49.238+0000] {taskinstance.py:2303} INFO - Starting attempt 1 of 3
[2025-10-22T09:38:49.257+0000] {taskinstance.py:2327} INFO - Executing <Task(BashOperator): create_dim_date> on 2025-10-20 20:00:00+00:00
[2025-10-22T09:38:49.271+0000] {warnings.py:110} WARNING - /home/***/.local/lib/python3.12/site-packages/***/task/task_runner/standard_task_runner.py:61: DeprecationWarning: This process (pid=186) is multi-threaded, use of fork() may lead to deadlocks in the child.
  pid = os.fork()

[2025-10-22T09:38:49.277+0000] {standard_task_runner.py:63} INFO - Started process 197 to run task
[2025-10-22T09:38:49.275+0000] {standard_task_runner.py:90} INFO - Running: ['***', 'tasks', 'run', 'gold_layer_aggregation', 'create_dim_date', 'scheduled__2025-10-20T20:00:00+00:00', '--job-id', '114', '--raw', '--subdir', 'DAGS_FOLDER/gold_dag.py', '--cfg-path', '/tmp/tmpuvhl4jsq']
[2025-10-22T09:38:49.281+0000] {standard_task_runner.py:91} INFO - Job 114: Subtask create_dim_date
[2025-10-22T09:38:49.302+0000] {warnings.py:110} WARNING - /home/***/.local/lib/python3.12/site-packages/***/settings.py:195: DeprecationWarning: The sql_alchemy_conn option in [core] has been moved to the sql_alchemy_conn option in [database] - the old setting has been used, but please update your config.
  SQL_ALCHEMY_CONN = conf.get("database", "SQL_ALCHEMY_CONN")

[2025-10-22T09:38:49.370+0000] {task_command.py:426} INFO - Running <TaskInstance: gold_layer_aggregation.create_dim_date scheduled__2025-10-20T20:00:00+00:00 [running]> on host 0586f0d5111d
[2025-10-22T09:38:49.525+0000] {taskinstance.py:2644} INFO - Exporting env vars: AIRFLOW_CTX_DAG_OWNER='ghazal_e_ashar' AIRFLOW_CTX_DAG_ID='gold_layer_aggregation' AIRFLOW_CTX_TASK_ID='create_dim_date' AIRFLOW_CTX_EXECUTION_DATE='2025-10-20T20:00:00+00:00' AIRFLOW_CTX_TRY_NUMBER='1' AIRFLOW_CTX_DAG_RUN_ID='scheduled__2025-10-20T20:00:00+00:00'
[2025-10-22T09:38:49.526+0000] {taskinstance.py:430} INFO - ::endgroup::
[2025-10-22T09:38:49.546+0000] {subprocess.py:63} INFO - Tmp dir root location: /tmp
[2025-10-22T09:38:49.547+0000] {subprocess.py:75} INFO - Running command: ['/usr/bin/bash', '-c', '\necho "Creating dim_date..."\npython3 - <<\'PY\'\n\nimport os\nfrom pyspark.sql import SparkSession, functions as F\n\nos.environ[\'AWS_ACCESS_KEY_ID\'] = \'minioadmin\'\nos.environ[\'AWS_SECRET_ACCESS_KEY\'] = \'minioadmin\'\nos.environ[\'SPARK_LOCAL_IP\'] = \'127.0.0.1\'\n\nPOSTGRES_URL = "jdbc:postgresql://postgres:5432/***"\nPOSTGRES_PROPERTIES = {\n    "user": "***",\n    "password": "***",\n    "driver": "org.postgresql.Driver"\n}\n\nspark = SparkSession.builder \\\n    .appName("GoldLayerProcessing") \\\n    .config("spark.hadoop.fs.s3a.endpoint", "http://minio:9000") \\\n    .config("spark.hadoop.fs.s3a.access.key", "minioadmin") \\\n    .config("spark.hadoop.fs.s3a.secret.key", "minioadmin") \\\n    .config("spark.hadoop.fs.s3a.impl", "org.apache.hadoop.fs.s3a.S3AFileSystem") \\\n    .config("spark.jars.packages", \n            "org.apache.hadoop:hadoop-aws:3.3.4,"\n            "com.amazonaws:aws-java-sdk-s3:1.12.570,"\n            "org.postgresql:postgresql:42.7.1") \\\n    .config("spark.sql.warehouse.dir", "/tmp/spark-warehouse") \\\n    .getOrCreate()\n\nfrom minio import Minio\nclient = Minio(\'minio:9000\', access_key=\'minioadmin\', secret_key=\'minioadmin\', secure=False)\n\nif not client.bucket_exists(\'gold\'):\n    client.make_bucket(\'gold\')\n    print("Gold bucket created")\nelse:\n    print("Gold bucket already exists")\n\nSILVER_PATH = "s3a://silver"\nGOLD_PATH = "s3a://gold"\n\nfrom pyspark.sql.functions import to_date, year, month, dayofmonth, dayofweek, quarter, weekofyear\n\ntry:\n    df_orders = spark.read.option(\'header\', \'true\').csv(f\'{SILVER_PATH}/orders/orders_cleaned_pyspark.csv\')\n    date_col = to_date(F.col(\'orderDate\')) if \'orderDate\' in df_orders.columns else to_date(F.lit(\'2024-01-01\'))\n\n    dim_date = df_orders.select(date_col.alias(\'date\')).distinct().na.drop()\n    dim_date = dim_date.select(\n        F.col(\'date\').alias(\'date_id\'),\n        \'date\',\n        year(\'date\').alias(\'year\'),\n        month(\'date\').alias(\'month\'),\n        dayofmonth(\'date\').alias(\'day\'),\n        dayofweek(\'date\').alias(\'day_of_week\'),\n        quarter(\'date\').alias(\'quarter\'),\n        weekofyear(\'date\').alias(\'week_of_year\')\n    )\n\n    print(f\'Writing dim_date to {GOLD_PATH}/dimensions/dim_date\')\n    dim_date.write.mode(\'overwrite\').parquet(f\'{GOLD_PATH}/dimensions/dim_date\')\n    dim_date.write.jdbc(url=POSTGRES_URL, table=\'dim_date\', mode=\'overwrite\', properties=POSTGRES_PROPERTIES)\n    print(\'dim_date loaded to Postgres\')\nexcept Exception as e:\n    print("Error in create_dim_date:", e)\n    raise\nfinally:\n    spark.stop()\nPY']
[2025-10-22T09:38:49.580+0000] {subprocess.py:86} INFO - Output:
[2025-10-22T09:38:49.583+0000] {subprocess.py:93} INFO - Creating dim_date...
[2025-10-22T09:38:50.521+0000] {subprocess.py:93} INFO - JAVA_HOME is not set
[2025-10-22T09:38:50.591+0000] {subprocess.py:93} INFO - Traceback (most recent call last):
[2025-10-22T09:38:50.592+0000] {subprocess.py:93} INFO -   File "<stdin>", line 27, in <module>
[2025-10-22T09:38:50.592+0000] {subprocess.py:93} INFO -   File "/home/***/.local/lib/python3.12/site-packages/pyspark/sql/session.py", line 556, in getOrCreate
[2025-10-22T09:38:50.593+0000] {subprocess.py:93} INFO -     sc = SparkContext.getOrCreate(sparkConf)
[2025-10-22T09:38:50.593+0000] {subprocess.py:93} INFO -          ^^^^^^^^^^^^^^^^^^^^^^^^^^^^^^^^^^^
[2025-10-22T09:38:50.593+0000] {subprocess.py:93} INFO -   File "/home/***/.local/lib/python3.12/site-packages/pyspark/core/context.py", line 523, in getOrCreate
[2025-10-22T09:38:50.594+0000] {subprocess.py:93} INFO -     SparkContext(conf=conf or SparkConf())
[2025-10-22T09:38:50.594+0000] {subprocess.py:93} INFO -   File "/home/***/.local/lib/python3.12/site-packages/pyspark/core/context.py", line 205, in __init__
[2025-10-22T09:38:50.594+0000] {subprocess.py:93} INFO -     SparkContext._ensure_initialized(self, gateway=gateway, conf=conf)
[2025-10-22T09:38:50.594+0000] {subprocess.py:93} INFO -   File "/home/***/.local/lib/python3.12/site-packages/pyspark/core/context.py", line 444, in _ensure_initialized
[2025-10-22T09:38:50.595+0000] {subprocess.py:93} INFO -     SparkContext._gateway = gateway or launch_gateway(conf)
[2025-10-22T09:38:50.595+0000] {subprocess.py:93} INFO -                                        ^^^^^^^^^^^^^^^^^^^^
[2025-10-22T09:38:50.595+0000] {subprocess.py:93} INFO -   File "/home/***/.local/lib/python3.12/site-packages/pyspark/java_gateway.py", line 111, in launch_gateway
[2025-10-22T09:38:50.596+0000] {subprocess.py:93} INFO -     raise PySparkRuntimeError(
[2025-10-22T09:38:50.596+0000] {subprocess.py:93} INFO - pyspark.errors.exceptions.base.PySparkRuntimeError: [JAVA_GATEWAY_EXITED] Java gateway process exited before sending its port number.
[2025-10-22T09:38:50.639+0000] {subprocess.py:97} INFO - Command exited with return code 1
[2025-10-22T09:38:50.640+0000] {taskinstance.py:441} INFO - ::group::Post task execution logs
[2025-10-22T09:38:50.651+0000] {taskinstance.py:2890} ERROR - Task failed with exception
Traceback (most recent call last):
  File "/home/airflow/.local/lib/python3.12/site-packages/airflow/models/taskinstance.py", line 465, in _execute_task
    result = _execute_callable(context=context, **execute_callable_kwargs)
             ^^^^^^^^^^^^^^^^^^^^^^^^^^^^^^^^^^^^^^^^^^^^^^^^^^^^^^^^^^^^^
  File "/home/airflow/.local/lib/python3.12/site-packages/airflow/models/taskinstance.py", line 432, in _execute_callable
    return execute_callable(context=context, **execute_callable_kwargs)
           ^^^^^^^^^^^^^^^^^^^^^^^^^^^^^^^^^^^^^^^^^^^^^^^^^^^^^^^^^^^^
  File "/home/airflow/.local/lib/python3.12/site-packages/airflow/models/baseoperator.py", line 400, in wrapper
    return func(self, *args, **kwargs)
           ^^^^^^^^^^^^^^^^^^^^^^^^^^^
  File "/home/airflow/.local/lib/python3.12/site-packages/airflow/operators/bash.py", line 243, in execute
    raise AirflowException(
airflow.exceptions.AirflowException: Bash command failed. The command returned a non-zero exit code 1.
[2025-10-22T09:38:50.655+0000] {taskinstance.py:1205} INFO - Marking task as UP_FOR_RETRY. dag_id=gold_layer_aggregation, task_id=create_dim_date, execution_date=20251020T200000, start_date=20251022T093849, end_date=20251022T093850
[2025-10-22T09:38:50.673+0000] {standard_task_runner.py:110} ERROR - Failed to execute job 114 for task create_dim_date (Bash command failed. The command returned a non-zero exit code 1.; 197)
[2025-10-22T09:38:50.698+0000] {local_task_job_runner.py:240} INFO - Task exited with return code 1
[2025-10-22T09:38:50.722+0000] {taskinstance.py:3482} INFO - 0 downstream tasks scheduled from follow-on schedule check
[2025-10-22T09:38:50.729+0000] {local_task_job_runner.py:222} INFO - ::endgroup::
[2025-10-22T10:10:53.488+0000] {local_task_job_runner.py:120} INFO - ::group::Pre task execution logs
[2025-10-22T10:10:53.514+0000] {taskinstance.py:2073} INFO - Dependencies all met for dep_context=non-requeueable deps ti=<TaskInstance: gold_layer_aggregation.create_dim_date scheduled__2025-10-20T20:00:00+00:00 [queued]>
[2025-10-22T10:10:53.520+0000] {taskinstance.py:2073} INFO - Dependencies all met for dep_context=requeueable deps ti=<TaskInstance: gold_layer_aggregation.create_dim_date scheduled__2025-10-20T20:00:00+00:00 [queued]>
[2025-10-22T10:10:53.521+0000] {taskinstance.py:2303} INFO - Starting attempt 1 of 3
[2025-10-22T10:10:53.538+0000] {taskinstance.py:2327} INFO - Executing <Task(BashOperator): create_dim_date> on 2025-10-20 20:00:00+00:00
[2025-10-22T10:10:53.548+0000] {warnings.py:110} WARNING - /home/***/.local/lib/python3.12/site-packages/***/task/task_runner/standard_task_runner.py:61: DeprecationWarning: This process (pid=166) is multi-threaded, use of fork() may lead to deadlocks in the child.
  pid = os.fork()

[2025-10-22T10:10:53.550+0000] {standard_task_runner.py:63} INFO - Started process 185 to run task
[2025-10-22T10:10:53.549+0000] {standard_task_runner.py:90} INFO - Running: ['***', 'tasks', 'run', 'gold_layer_aggregation', 'create_dim_date', 'scheduled__2025-10-20T20:00:00+00:00', '--job-id', '8', '--raw', '--subdir', 'DAGS_FOLDER/gold_dag.py', '--cfg-path', '/tmp/tmp2fcs74is']
[2025-10-22T10:10:53.552+0000] {standard_task_runner.py:91} INFO - Job 8: Subtask create_dim_date
[2025-10-22T10:10:53.571+0000] {warnings.py:110} WARNING - /home/***/.local/lib/python3.12/site-packages/***/settings.py:195: DeprecationWarning: The sql_alchemy_conn option in [core] has been moved to the sql_alchemy_conn option in [database] - the old setting has been used, but please update your config.
  SQL_ALCHEMY_CONN = conf.get("database", "SQL_ALCHEMY_CONN")

[2025-10-22T10:10:53.608+0000] {task_command.py:426} INFO - Running <TaskInstance: gold_layer_aggregation.create_dim_date scheduled__2025-10-20T20:00:00+00:00 [running]> on host 7df8b8276d1d
[2025-10-22T10:10:53.694+0000] {taskinstance.py:2644} INFO - Exporting env vars: AIRFLOW_CTX_DAG_OWNER='ghazal_e_ashar' AIRFLOW_CTX_DAG_ID='gold_layer_aggregation' AIRFLOW_CTX_TASK_ID='create_dim_date' AIRFLOW_CTX_EXECUTION_DATE='2025-10-20T20:00:00+00:00' AIRFLOW_CTX_TRY_NUMBER='1' AIRFLOW_CTX_DAG_RUN_ID='scheduled__2025-10-20T20:00:00+00:00'
[2025-10-22T10:10:53.696+0000] {taskinstance.py:430} INFO - ::endgroup::
[2025-10-22T10:10:53.712+0000] {subprocess.py:63} INFO - Tmp dir root location: /tmp
[2025-10-22T10:10:53.716+0000] {subprocess.py:75} INFO - Running command: ['/usr/bin/bash', '-c', '\necho "Creating dim_date..."\npython3 - <<\'PY\'\n\nimport os\nfrom pyspark.sql import SparkSession, functions as F\n\nos.environ[\'AWS_ACCESS_KEY_ID\'] = \'minioadmin\'\nos.environ[\'AWS_SECRET_ACCESS_KEY\'] = \'minioadmin\'\nos.environ[\'SPARK_LOCAL_IP\'] = \'127.0.0.1\'\n\nPOSTGRES_URL = "jdbc:postgresql://postgres:5432/***"\nPOSTGRES_PROPERTIES = {\n    "user": "***",\n    "password": "***",\n    "driver": "org.postgresql.Driver"\n}\n\nspark = SparkSession.builder \\\n    .appName("GoldLayerProcessing") \\\n    .config("spark.hadoop.fs.s3a.endpoint", "http://minio:9000") \\\n    .config("spark.hadoop.fs.s3a.access.key", "minioadmin") \\\n    .config("spark.hadoop.fs.s3a.secret.key", "minioadmin") \\\n    .config("spark.hadoop.fs.s3a.impl", "org.apache.hadoop.fs.s3a.S3AFileSystem") \\\n    .config("spark.jars.packages", \n            "org.apache.hadoop:hadoop-aws:3.3.4,"\n            "com.amazonaws:aws-java-sdk-s3:1.12.570,"\n            "org.postgresql:postgresql:42.7.1") \\\n    .config("spark.sql.warehouse.dir", "/tmp/spark-warehouse") \\\n    .getOrCreate()\n\nfrom minio import Minio\nclient = Minio(\'minio:9000\', access_key=\'minioadmin\', secret_key=\'minioadmin\', secure=False)\n\nif not client.bucket_exists(\'gold\'):\n    client.make_bucket(\'gold\')\n    print("Gold bucket created")\nelse:\n    print("Gold bucket already exists")\n\nSILVER_PATH = "s3a://silver"\nGOLD_PATH = "s3a://gold"\n\nfrom pyspark.sql.functions import to_date, year, month, dayofmonth, dayofweek, quarter, weekofyear\n\ntry:\n    df_orders = spark.read.option(\'header\', \'true\').csv(f\'{SILVER_PATH}/orders/orders_cleaned_pyspark.csv\')\n    date_col = to_date(F.col(\'orderDate\')) if \'orderDate\' in df_orders.columns else to_date(F.lit(\'2024-01-01\'))\n\n    dim_date = df_orders.select(date_col.alias(\'date\')).distinct().na.drop()\n    dim_date = dim_date.select(\n        F.col(\'date\').alias(\'date_id\'),\n        \'date\',\n        year(\'date\').alias(\'year\'),\n        month(\'date\').alias(\'month\'),\n        dayofmonth(\'date\').alias(\'day\'),\n        dayofweek(\'date\').alias(\'day_of_week\'),\n        quarter(\'date\').alias(\'quarter\'),\n        weekofyear(\'date\').alias(\'week_of_year\')\n    )\n\n    print(f\'Writing dim_date to {GOLD_PATH}/dimensions/dim_date\')\n    dim_date.write.mode(\'overwrite\').parquet(f\'{GOLD_PATH}/dimensions/dim_date\')\n    dim_date.write.jdbc(url=POSTGRES_URL, table=\'dim_date\', mode=\'overwrite\', properties=POSTGRES_PROPERTIES)\n    print(\'dim_date loaded to Postgres\')\nexcept Exception as e:\n    print("Error in create_dim_date:", e)\n    raise\nfinally:\n    spark.stop()\nPY']
[2025-10-22T10:10:53.730+0000] {subprocess.py:86} INFO - Output:
[2025-10-22T10:10:53.733+0000] {subprocess.py:93} INFO - Creating dim_date...
[2025-10-22T10:10:54.324+0000] {subprocess.py:93} INFO - JAVA_HOME is not set
[2025-10-22T10:10:54.406+0000] {subprocess.py:93} INFO - Traceback (most recent call last):
[2025-10-22T10:10:54.406+0000] {subprocess.py:93} INFO -   File "<stdin>", line 27, in <module>
[2025-10-22T10:10:54.407+0000] {subprocess.py:93} INFO -   File "/home/***/.local/lib/python3.12/site-packages/pyspark/sql/session.py", line 556, in getOrCreate
[2025-10-22T10:10:54.407+0000] {subprocess.py:93} INFO -     sc = SparkContext.getOrCreate(sparkConf)
[2025-10-22T10:10:54.407+0000] {subprocess.py:93} INFO -          ^^^^^^^^^^^^^^^^^^^^^^^^^^^^^^^^^^^
[2025-10-22T10:10:54.408+0000] {subprocess.py:93} INFO -   File "/home/***/.local/lib/python3.12/site-packages/pyspark/core/context.py", line 523, in getOrCreate
[2025-10-22T10:10:54.408+0000] {subprocess.py:93} INFO -     SparkContext(conf=conf or SparkConf())
[2025-10-22T10:10:54.408+0000] {subprocess.py:93} INFO -   File "/home/***/.local/lib/python3.12/site-packages/pyspark/core/context.py", line 205, in __init__
[2025-10-22T10:10:54.409+0000] {subprocess.py:93} INFO -     SparkContext._ensure_initialized(self, gateway=gateway, conf=conf)
[2025-10-22T10:10:54.409+0000] {subprocess.py:93} INFO -   File "/home/***/.local/lib/python3.12/site-packages/pyspark/core/context.py", line 444, in _ensure_initialized
[2025-10-22T10:10:54.409+0000] {subprocess.py:93} INFO -     SparkContext._gateway = gateway or launch_gateway(conf)
[2025-10-22T10:10:54.409+0000] {subprocess.py:93} INFO -                                        ^^^^^^^^^^^^^^^^^^^^
[2025-10-22T10:10:54.410+0000] {subprocess.py:93} INFO -   File "/home/***/.local/lib/python3.12/site-packages/pyspark/java_gateway.py", line 111, in launch_gateway
[2025-10-22T10:10:54.410+0000] {subprocess.py:93} INFO -     raise PySparkRuntimeError(
[2025-10-22T10:10:54.410+0000] {subprocess.py:93} INFO - pyspark.errors.exceptions.base.PySparkRuntimeError: [JAVA_GATEWAY_EXITED] Java gateway process exited before sending its port number.
[2025-10-22T10:10:54.445+0000] {subprocess.py:97} INFO - Command exited with return code 1
[2025-10-22T10:10:54.447+0000] {taskinstance.py:441} INFO - ::group::Post task execution logs
[2025-10-22T10:10:54.457+0000] {taskinstance.py:2890} ERROR - Task failed with exception
Traceback (most recent call last):
  File "/home/airflow/.local/lib/python3.12/site-packages/airflow/models/taskinstance.py", line 465, in _execute_task
    result = _execute_callable(context=context, **execute_callable_kwargs)
             ^^^^^^^^^^^^^^^^^^^^^^^^^^^^^^^^^^^^^^^^^^^^^^^^^^^^^^^^^^^^^
  File "/home/airflow/.local/lib/python3.12/site-packages/airflow/models/taskinstance.py", line 432, in _execute_callable
    return execute_callable(context=context, **execute_callable_kwargs)
           ^^^^^^^^^^^^^^^^^^^^^^^^^^^^^^^^^^^^^^^^^^^^^^^^^^^^^^^^^^^^
  File "/home/airflow/.local/lib/python3.12/site-packages/airflow/models/baseoperator.py", line 400, in wrapper
    return func(self, *args, **kwargs)
           ^^^^^^^^^^^^^^^^^^^^^^^^^^^
  File "/home/airflow/.local/lib/python3.12/site-packages/airflow/operators/bash.py", line 243, in execute
    raise AirflowException(
airflow.exceptions.AirflowException: Bash command failed. The command returned a non-zero exit code 1.
[2025-10-22T10:10:54.464+0000] {taskinstance.py:1205} INFO - Marking task as UP_FOR_RETRY. dag_id=gold_layer_aggregation, task_id=create_dim_date, execution_date=20251020T200000, start_date=20251022T101053, end_date=20251022T101054
[2025-10-22T10:10:54.477+0000] {standard_task_runner.py:110} ERROR - Failed to execute job 8 for task create_dim_date (Bash command failed. The command returned a non-zero exit code 1.; 185)
[2025-10-22T10:10:54.527+0000] {local_task_job_runner.py:240} INFO - Task exited with return code 1
[2025-10-22T10:10:54.547+0000] {taskinstance.py:3482} INFO - 0 downstream tasks scheduled from follow-on schedule check
[2025-10-22T10:10:54.550+0000] {local_task_job_runner.py:222} INFO - ::endgroup::
