[2025-10-21T21:47:10.744+0000] {local_task_job_runner.py:120} INFO - ::group::Pre task execution logs
[2025-10-21T21:47:10.761+0000] {taskinstance.py:2073} INFO - Dependencies all met for dep_context=non-requeueable deps ti=<TaskInstance: gold_layer_aggregation.create_dim_date scheduled__2025-10-20T20:00:00+00:00 [queued]>
[2025-10-21T21:47:10.767+0000] {taskinstance.py:2073} INFO - Dependencies all met for dep_context=requeueable deps ti=<TaskInstance: gold_layer_aggregation.create_dim_date scheduled__2025-10-20T20:00:00+00:00 [queued]>
[2025-10-21T21:47:10.767+0000] {taskinstance.py:2303} INFO - Starting attempt 3 of 3
[2025-10-21T21:47:10.779+0000] {taskinstance.py:2327} INFO - Executing <Task(BashOperator): create_dim_date> on 2025-10-20 20:00:00+00:00
[2025-10-21T21:47:10.785+0000] {warnings.py:110} WARNING - /home/***/.local/lib/python3.12/site-packages/***/task/task_runner/standard_task_runner.py:61: DeprecationWarning: This process (pid=693) is multi-threaded, use of fork() may lead to deadlocks in the child.
  pid = os.fork()

[2025-10-21T21:47:10.787+0000] {standard_task_runner.py:63} INFO - Started process 697 to run task
[2025-10-21T21:47:10.787+0000] {standard_task_runner.py:90} INFO - Running: ['***', 'tasks', 'run', 'gold_layer_aggregation', 'create_dim_date', 'scheduled__2025-10-20T20:00:00+00:00', '--job-id', '58', '--raw', '--subdir', 'DAGS_FOLDER/gold_dag.py', '--cfg-path', '/tmp/tmp0rxybcsk']
[2025-10-21T21:47:10.789+0000] {standard_task_runner.py:91} INFO - Job 58: Subtask create_dim_date
[2025-10-21T21:47:10.800+0000] {warnings.py:110} WARNING - /home/***/.local/lib/python3.12/site-packages/***/settings.py:195: DeprecationWarning: The sql_alchemy_conn option in [core] has been moved to the sql_alchemy_conn option in [database] - the old setting has been used, but please update your config.
  SQL_ALCHEMY_CONN = conf.get("database", "SQL_ALCHEMY_CONN")

[2025-10-21T21:47:10.831+0000] {task_command.py:426} INFO - Running <TaskInstance: gold_layer_aggregation.create_dim_date scheduled__2025-10-20T20:00:00+00:00 [running]> on host c8e73316fd62
[2025-10-21T21:47:10.897+0000] {taskinstance.py:2644} INFO - Exporting env vars: AIRFLOW_CTX_DAG_OWNER='ghazal_e_ashar' AIRFLOW_CTX_DAG_ID='gold_layer_aggregation' AIRFLOW_CTX_TASK_ID='create_dim_date' AIRFLOW_CTX_EXECUTION_DATE='2025-10-20T20:00:00+00:00' AIRFLOW_CTX_TRY_NUMBER='3' AIRFLOW_CTX_DAG_RUN_ID='scheduled__2025-10-20T20:00:00+00:00'
[2025-10-21T21:47:10.899+0000] {taskinstance.py:430} INFO - ::endgroup::
[2025-10-21T21:47:10.910+0000] {subprocess.py:63} INFO - Tmp dir root location: /tmp
[2025-10-21T21:47:10.911+0000] {subprocess.py:75} INFO - Running command: ['/usr/bin/bash', '-c', '\necho "Creating dim_date..."\npython3 - <<\'PY\'\n\nimport os\nfrom pyspark.sql import SparkSession, functions as F\n\nos.environ[\'AWS_ACCESS_KEY_ID\'] = \'minioadmin\'\nos.environ[\'AWS_SECRET_ACCESS_KEY\'] = \'minioadmin\'\nos.environ[\'SPARK_LOCAL_IP\'] = \'127.0.0.1\'\n\nPOSTGRES_URL = "jdbc:postgresql://postgres:5432/***"\nPOSTGRES_PROPERTIES = {\n    "user": "***",\n    "password": "***",\n    "driver": "org.postgresql.Driver"\n}\n\nspark = SparkSession.builder \\\n    .appName("GoldLayerProcessing") \\\n    .config("spark.hadoop.fs.s3a.endpoint", "http://minio:9000") \\\n    .config("spark.hadoop.fs.s3a.access.key", "minioadmin") \\\n    .config("spark.hadoop.fs.s3a.secret.key", "minioadmin") \\\n    .config("spark.hadoop.fs.s3a.impl", "org.apache.hadoop.fs.s3a.S3AFileSystem") \\\n    .config("spark.jars.packages", \n            "org.apache.hadoop:hadoop-aws:3.3.4,"\n            "com.amazonaws:aws-java-sdk-s3:1.12.570,"\n            "org.postgresql:postgresql:42.7.1") \\\n    .config("spark.sql.warehouse.dir", "/tmp/spark-warehouse") \\\n    .getOrCreate()\n\nfrom minio import Minio\nclient = Minio(\'minio:9000\', access_key=\'minioadmin\', secret_key=\'minioadmin\', secure=False)\n\nif not client.bucket_exists(\'gold\'):\n    client.make_bucket(\'gold\')\n    print("Gold bucket created")\nelse:\n    print("Gold bucket already exists")\n\nSILVER_PATH = "s3a://silver"\nGOLD_PATH = "s3a://gold"\n\nfrom pyspark.sql.functions import to_date, year, month, dayofmonth, dayofweek, quarter, weekofyear\n\ntry:\n    df_orders = spark.read.option(\'header\', \'true\').csv(f\'{SILVER_PATH}/orders/orders_cleaned_pyspark.csv\')\n    date_col = to_date(F.col(\'orderDate\')) if \'orderDate\' in df_orders.columns else to_date(F.lit(\'2024-01-01\'))\n\n    dim_date = df_orders.select(date_col.alias(\'date\')).distinct().na.drop()\n    dim_date = dim_date.select(\n        F.col(\'date\').alias(\'date_id\'),\n        \'date\',\n        year(\'date\').alias(\'year\'),\n        month(\'date\').alias(\'month\'),\n        dayofmonth(\'date\').alias(\'day\'),\n        dayofweek(\'date\').alias(\'day_of_week\'),\n        quarter(\'date\').alias(\'quarter\'),\n        weekofyear(\'date\').alias(\'week_of_year\')\n    )\n\n    print(f\'Writing dim_date to {GOLD_PATH}/dimensions/dim_date\')\n    dim_date.write.mode(\'overwrite\').parquet(f\'{GOLD_PATH}/dimensions/dim_date\')\n    dim_date.write.jdbc(url=POSTGRES_URL, table=\'dim_date\', mode=\'overwrite\', properties=POSTGRES_PROPERTIES)\n    print(\'dim_date loaded to Postgres\')\nexcept Exception as e:\n    print("Error in create_dim_date:", e)\n    raise\nfinally:\n    spark.stop()\nPY']
[2025-10-21T21:47:10.925+0000] {subprocess.py:86} INFO - Output:
[2025-10-21T21:47:10.937+0000] {subprocess.py:93} INFO - Creating dim_date...
[2025-10-21T21:47:11.604+0000] {subprocess.py:93} INFO - JAVA_HOME is not set
[2025-10-21T21:47:11.685+0000] {subprocess.py:93} INFO - Traceback (most recent call last):
[2025-10-21T21:47:11.686+0000] {subprocess.py:93} INFO -   File "<stdin>", line 27, in <module>
[2025-10-21T21:47:11.690+0000] {subprocess.py:93} INFO -   File "/home/***/.local/lib/python3.12/site-packages/pyspark/sql/session.py", line 556, in getOrCreate
[2025-10-21T21:47:11.691+0000] {subprocess.py:93} INFO -     sc = SparkContext.getOrCreate(sparkConf)
[2025-10-21T21:47:11.691+0000] {subprocess.py:93} INFO -          ^^^^^^^^^^^^^^^^^^^^^^^^^^^^^^^^^^^
[2025-10-21T21:47:11.692+0000] {subprocess.py:93} INFO -   File "/home/***/.local/lib/python3.12/site-packages/pyspark/core/context.py", line 523, in getOrCreate
[2025-10-21T21:47:11.692+0000] {subprocess.py:93} INFO -     SparkContext(conf=conf or SparkConf())
[2025-10-21T21:47:11.692+0000] {subprocess.py:93} INFO -   File "/home/***/.local/lib/python3.12/site-packages/pyspark/core/context.py", line 205, in __init__
[2025-10-21T21:47:11.693+0000] {subprocess.py:93} INFO -     SparkContext._ensure_initialized(self, gateway=gateway, conf=conf)
[2025-10-21T21:47:11.693+0000] {subprocess.py:93} INFO -   File "/home/***/.local/lib/python3.12/site-packages/pyspark/core/context.py", line 444, in _ensure_initialized
[2025-10-21T21:47:11.693+0000] {subprocess.py:93} INFO -     SparkContext._gateway = gateway or launch_gateway(conf)
[2025-10-21T21:47:11.694+0000] {subprocess.py:93} INFO -                                        ^^^^^^^^^^^^^^^^^^^^
[2025-10-21T21:47:11.694+0000] {subprocess.py:93} INFO -   File "/home/***/.local/lib/python3.12/site-packages/pyspark/java_gateway.py", line 111, in launch_gateway
[2025-10-21T21:47:11.694+0000] {subprocess.py:93} INFO -     raise PySparkRuntimeError(
[2025-10-21T21:47:11.695+0000] {subprocess.py:93} INFO - pyspark.errors.exceptions.base.PySparkRuntimeError: [JAVA_GATEWAY_EXITED] Java gateway process exited before sending its port number.
[2025-10-21T21:47:11.749+0000] {subprocess.py:97} INFO - Command exited with return code 1
[2025-10-21T21:47:11.750+0000] {taskinstance.py:441} INFO - ::group::Post task execution logs
[2025-10-21T21:47:11.760+0000] {taskinstance.py:2890} ERROR - Task failed with exception
Traceback (most recent call last):
  File "/home/airflow/.local/lib/python3.12/site-packages/airflow/models/taskinstance.py", line 465, in _execute_task
    result = _execute_callable(context=context, **execute_callable_kwargs)
             ^^^^^^^^^^^^^^^^^^^^^^^^^^^^^^^^^^^^^^^^^^^^^^^^^^^^^^^^^^^^^
  File "/home/airflow/.local/lib/python3.12/site-packages/airflow/models/taskinstance.py", line 432, in _execute_callable
    return execute_callable(context=context, **execute_callable_kwargs)
           ^^^^^^^^^^^^^^^^^^^^^^^^^^^^^^^^^^^^^^^^^^^^^^^^^^^^^^^^^^^^
  File "/home/airflow/.local/lib/python3.12/site-packages/airflow/models/baseoperator.py", line 400, in wrapper
    return func(self, *args, **kwargs)
           ^^^^^^^^^^^^^^^^^^^^^^^^^^^
  File "/home/airflow/.local/lib/python3.12/site-packages/airflow/operators/bash.py", line 243, in execute
    raise AirflowException(
airflow.exceptions.AirflowException: Bash command failed. The command returned a non-zero exit code 1.
[2025-10-21T21:47:11.763+0000] {taskinstance.py:1205} INFO - Marking task as FAILED. dag_id=gold_layer_aggregation, task_id=create_dim_date, execution_date=20251020T200000, start_date=20251021T214710, end_date=20251021T214711
[2025-10-21T21:47:11.786+0000] {standard_task_runner.py:110} ERROR - Failed to execute job 58 for task create_dim_date (Bash command failed. The command returned a non-zero exit code 1.; 697)
[2025-10-21T21:47:11.803+0000] {local_task_job_runner.py:240} INFO - Task exited with return code 1
[2025-10-21T21:47:11.832+0000] {taskinstance.py:3482} INFO - 0 downstream tasks scheduled from follow-on schedule check
[2025-10-21T21:47:11.836+0000] {local_task_job_runner.py:222} INFO - ::endgroup::
[2025-10-22T09:49:37.855+0000] {local_task_job_runner.py:120} INFO - ::group::Pre task execution logs
[2025-10-22T09:49:37.874+0000] {taskinstance.py:2073} INFO - Dependencies all met for dep_context=non-requeueable deps ti=<TaskInstance: gold_layer_aggregation.create_dim_date scheduled__2025-10-20T20:00:00+00:00 [queued]>
[2025-10-22T09:49:37.881+0000] {taskinstance.py:2073} INFO - Dependencies all met for dep_context=requeueable deps ti=<TaskInstance: gold_layer_aggregation.create_dim_date scheduled__2025-10-20T20:00:00+00:00 [queued]>
[2025-10-22T09:49:37.881+0000] {taskinstance.py:2303} INFO - Starting attempt 3 of 3
[2025-10-22T09:49:37.893+0000] {taskinstance.py:2327} INFO - Executing <Task(BashOperator): create_dim_date> on 2025-10-20 20:00:00+00:00
[2025-10-22T09:49:37.900+0000] {warnings.py:110} WARNING - /home/***/.local/lib/python3.12/site-packages/***/task/task_runner/standard_task_runner.py:61: DeprecationWarning: This process (pid=571) is multi-threaded, use of fork() may lead to deadlocks in the child.
  pid = os.fork()

[2025-10-22T09:49:37.902+0000] {standard_task_runner.py:63} INFO - Started process 575 to run task
[2025-10-22T09:49:37.902+0000] {standard_task_runner.py:90} INFO - Running: ['***', 'tasks', 'run', 'gold_layer_aggregation', 'create_dim_date', 'scheduled__2025-10-20T20:00:00+00:00', '--job-id', '126', '--raw', '--subdir', 'DAGS_FOLDER/gold_dag.py', '--cfg-path', '/tmp/tmp1rqiefo5']
[2025-10-22T09:49:37.904+0000] {standard_task_runner.py:91} INFO - Job 126: Subtask create_dim_date
[2025-10-22T09:49:37.918+0000] {warnings.py:110} WARNING - /home/***/.local/lib/python3.12/site-packages/***/settings.py:195: DeprecationWarning: The sql_alchemy_conn option in [core] has been moved to the sql_alchemy_conn option in [database] - the old setting has been used, but please update your config.
  SQL_ALCHEMY_CONN = conf.get("database", "SQL_ALCHEMY_CONN")

[2025-10-22T09:49:37.959+0000] {task_command.py:426} INFO - Running <TaskInstance: gold_layer_aggregation.create_dim_date scheduled__2025-10-20T20:00:00+00:00 [running]> on host 0586f0d5111d
[2025-10-22T09:49:38.029+0000] {taskinstance.py:2644} INFO - Exporting env vars: AIRFLOW_CTX_DAG_OWNER='ghazal_e_ashar' AIRFLOW_CTX_DAG_ID='gold_layer_aggregation' AIRFLOW_CTX_TASK_ID='create_dim_date' AIRFLOW_CTX_EXECUTION_DATE='2025-10-20T20:00:00+00:00' AIRFLOW_CTX_TRY_NUMBER='3' AIRFLOW_CTX_DAG_RUN_ID='scheduled__2025-10-20T20:00:00+00:00'
[2025-10-22T09:49:38.030+0000] {taskinstance.py:430} INFO - ::endgroup::
[2025-10-22T09:49:38.041+0000] {subprocess.py:63} INFO - Tmp dir root location: /tmp
[2025-10-22T09:49:38.042+0000] {subprocess.py:75} INFO - Running command: ['/usr/bin/bash', '-c', '\necho "Creating dim_date..."\npython3 - <<\'PY\'\n\nimport os\nfrom pyspark.sql import SparkSession, functions as F\n\nos.environ[\'AWS_ACCESS_KEY_ID\'] = \'minioadmin\'\nos.environ[\'AWS_SECRET_ACCESS_KEY\'] = \'minioadmin\'\nos.environ[\'SPARK_LOCAL_IP\'] = \'127.0.0.1\'\n\nPOSTGRES_URL = "jdbc:postgresql://postgres:5432/***"\nPOSTGRES_PROPERTIES = {\n    "user": "***",\n    "password": "***",\n    "driver": "org.postgresql.Driver"\n}\n\nspark = SparkSession.builder \\\n    .appName("GoldLayerProcessing") \\\n    .config("spark.hadoop.fs.s3a.endpoint", "http://minio:9000") \\\n    .config("spark.hadoop.fs.s3a.access.key", "minioadmin") \\\n    .config("spark.hadoop.fs.s3a.secret.key", "minioadmin") \\\n    .config("spark.hadoop.fs.s3a.impl", "org.apache.hadoop.fs.s3a.S3AFileSystem") \\\n    .config("spark.jars.packages", \n            "org.apache.hadoop:hadoop-aws:3.3.4,"\n            "com.amazonaws:aws-java-sdk-s3:1.12.570,"\n            "org.postgresql:postgresql:42.7.1") \\\n    .config("spark.sql.warehouse.dir", "/tmp/spark-warehouse") \\\n    .getOrCreate()\n\nfrom minio import Minio\nclient = Minio(\'minio:9000\', access_key=\'minioadmin\', secret_key=\'minioadmin\', secure=False)\n\nif not client.bucket_exists(\'gold\'):\n    client.make_bucket(\'gold\')\n    print("Gold bucket created")\nelse:\n    print("Gold bucket already exists")\n\nSILVER_PATH = "s3a://silver"\nGOLD_PATH = "s3a://gold"\n\nfrom pyspark.sql.functions import to_date, year, month, dayofmonth, dayofweek, quarter, weekofyear\n\ntry:\n    df_orders = spark.read.option(\'header\', \'true\').csv(f\'{SILVER_PATH}/orders/orders_cleaned_pyspark.csv\')\n    date_col = to_date(F.col(\'orderDate\')) if \'orderDate\' in df_orders.columns else to_date(F.lit(\'2024-01-01\'))\n\n    dim_date = df_orders.select(date_col.alias(\'date\')).distinct().na.drop()\n    dim_date = dim_date.select(\n        F.col(\'date\').alias(\'date_id\'),\n        \'date\',\n        year(\'date\').alias(\'year\'),\n        month(\'date\').alias(\'month\'),\n        dayofmonth(\'date\').alias(\'day\'),\n        dayofweek(\'date\').alias(\'day_of_week\'),\n        quarter(\'date\').alias(\'quarter\'),\n        weekofyear(\'date\').alias(\'week_of_year\')\n    )\n\n    print(f\'Writing dim_date to {GOLD_PATH}/dimensions/dim_date\')\n    dim_date.write.mode(\'overwrite\').parquet(f\'{GOLD_PATH}/dimensions/dim_date\')\n    dim_date.write.jdbc(url=POSTGRES_URL, table=\'dim_date\', mode=\'overwrite\', properties=POSTGRES_PROPERTIES)\n    print(\'dim_date loaded to Postgres\')\nexcept Exception as e:\n    print("Error in create_dim_date:", e)\n    raise\nfinally:\n    spark.stop()\nPY']
[2025-10-22T09:49:38.054+0000] {subprocess.py:86} INFO - Output:
[2025-10-22T09:49:38.056+0000] {subprocess.py:93} INFO - Creating dim_date...
[2025-10-22T09:49:38.578+0000] {subprocess.py:93} INFO - /home/***/.local/lib/python3.12/site-packages/pyspark/bin/load-spark-env.sh: line 68: ps: command not found
[2025-10-22T09:49:38.579+0000] {subprocess.py:93} INFO - JAVA_HOME is not set
[2025-10-22T09:49:38.663+0000] {subprocess.py:93} INFO - Traceback (most recent call last):
[2025-10-22T09:49:38.666+0000] {subprocess.py:93} INFO -   File "<stdin>", line 27, in <module>
[2025-10-22T09:49:38.667+0000] {subprocess.py:93} INFO -   File "/home/***/.local/lib/python3.12/site-packages/pyspark/sql/session.py", line 497, in getOrCreate
[2025-10-22T09:49:38.667+0000] {subprocess.py:93} INFO -     sc = SparkContext.getOrCreate(sparkConf)
[2025-10-22T09:49:38.667+0000] {subprocess.py:93} INFO -          ^^^^^^^^^^^^^^^^^^^^^^^^^^^^^^^^^^^
[2025-10-22T09:49:38.668+0000] {subprocess.py:93} INFO -   File "/home/***/.local/lib/python3.12/site-packages/pyspark/context.py", line 515, in getOrCreate
[2025-10-22T09:49:38.668+0000] {subprocess.py:93} INFO -     SparkContext(conf=conf or SparkConf())
[2025-10-22T09:49:38.668+0000] {subprocess.py:93} INFO -   File "/home/***/.local/lib/python3.12/site-packages/pyspark/context.py", line 201, in __init__
[2025-10-22T09:49:38.669+0000] {subprocess.py:93} INFO -     SparkContext._ensure_initialized(self, gateway=gateway, conf=conf)
[2025-10-22T09:49:38.669+0000] {subprocess.py:93} INFO -   File "/home/***/.local/lib/python3.12/site-packages/pyspark/context.py", line 436, in _ensure_initialized
[2025-10-22T09:49:38.669+0000] {subprocess.py:93} INFO -     SparkContext._gateway = gateway or launch_gateway(conf)
[2025-10-22T09:49:38.669+0000] {subprocess.py:93} INFO -                                        ^^^^^^^^^^^^^^^^^^^^
[2025-10-22T09:49:38.670+0000] {subprocess.py:93} INFO -   File "/home/***/.local/lib/python3.12/site-packages/pyspark/java_gateway.py", line 107, in launch_gateway
[2025-10-22T09:49:38.670+0000] {subprocess.py:93} INFO -     raise PySparkRuntimeError(
[2025-10-22T09:49:38.670+0000] {subprocess.py:93} INFO - pyspark.errors.exceptions.base.PySparkRuntimeError: [JAVA_GATEWAY_EXITED] Java gateway process exited before sending its port number.
[2025-10-22T09:49:38.700+0000] {subprocess.py:97} INFO - Command exited with return code 1
[2025-10-22T09:49:38.700+0000] {taskinstance.py:441} INFO - ::group::Post task execution logs
[2025-10-22T09:49:38.712+0000] {taskinstance.py:2890} ERROR - Task failed with exception
Traceback (most recent call last):
  File "/home/airflow/.local/lib/python3.12/site-packages/airflow/models/taskinstance.py", line 465, in _execute_task
    result = _execute_callable(context=context, **execute_callable_kwargs)
             ^^^^^^^^^^^^^^^^^^^^^^^^^^^^^^^^^^^^^^^^^^^^^^^^^^^^^^^^^^^^^
  File "/home/airflow/.local/lib/python3.12/site-packages/airflow/models/taskinstance.py", line 432, in _execute_callable
    return execute_callable(context=context, **execute_callable_kwargs)
           ^^^^^^^^^^^^^^^^^^^^^^^^^^^^^^^^^^^^^^^^^^^^^^^^^^^^^^^^^^^^
  File "/home/airflow/.local/lib/python3.12/site-packages/airflow/models/baseoperator.py", line 400, in wrapper
    return func(self, *args, **kwargs)
           ^^^^^^^^^^^^^^^^^^^^^^^^^^^
  File "/home/airflow/.local/lib/python3.12/site-packages/airflow/operators/bash.py", line 243, in execute
    raise AirflowException(
airflow.exceptions.AirflowException: Bash command failed. The command returned a non-zero exit code 1.
[2025-10-22T09:49:38.715+0000] {taskinstance.py:1205} INFO - Marking task as FAILED. dag_id=gold_layer_aggregation, task_id=create_dim_date, execution_date=20251020T200000, start_date=20251022T094937, end_date=20251022T094938
[2025-10-22T09:49:38.727+0000] {standard_task_runner.py:110} ERROR - Failed to execute job 126 for task create_dim_date (Bash command failed. The command returned a non-zero exit code 1.; 575)
[2025-10-22T09:49:38.758+0000] {local_task_job_runner.py:240} INFO - Task exited with return code 1
[2025-10-22T09:49:38.776+0000] {taskinstance.py:3482} INFO - 0 downstream tasks scheduled from follow-on schedule check
[2025-10-22T09:49:38.780+0000] {local_task_job_runner.py:222} INFO - ::endgroup::
[2025-10-22T10:20:56.559+0000] {local_task_job_runner.py:120} INFO - ::group::Pre task execution logs
[2025-10-22T10:20:56.576+0000] {taskinstance.py:2073} INFO - Dependencies all met for dep_context=non-requeueable deps ti=<TaskInstance: gold_layer_aggregation.create_dim_date scheduled__2025-10-20T20:00:00+00:00 [queued]>
[2025-10-22T10:20:56.581+0000] {taskinstance.py:2073} INFO - Dependencies all met for dep_context=requeueable deps ti=<TaskInstance: gold_layer_aggregation.create_dim_date scheduled__2025-10-20T20:00:00+00:00 [queued]>
[2025-10-22T10:20:56.582+0000] {taskinstance.py:2303} INFO - Starting attempt 3 of 3
[2025-10-22T10:20:56.593+0000] {taskinstance.py:2327} INFO - Executing <Task(BashOperator): create_dim_date> on 2025-10-20 20:00:00+00:00
[2025-10-22T10:20:56.599+0000] {warnings.py:110} WARNING - /home/***/.local/lib/python3.12/site-packages/***/task/task_runner/standard_task_runner.py:61: DeprecationWarning: This process (pid=525) is multi-threaded, use of fork() may lead to deadlocks in the child.
  pid = os.fork()

[2025-10-22T10:20:56.600+0000] {standard_task_runner.py:63} INFO - Started process 527 to run task
[2025-10-22T10:20:56.601+0000] {standard_task_runner.py:90} INFO - Running: ['***', 'tasks', 'run', 'gold_layer_aggregation', 'create_dim_date', 'scheduled__2025-10-20T20:00:00+00:00', '--job-id', '22', '--raw', '--subdir', 'DAGS_FOLDER/gold_dag.py', '--cfg-path', '/tmp/tmpzadbk4m1']
[2025-10-22T10:20:56.603+0000] {standard_task_runner.py:91} INFO - Job 22: Subtask create_dim_date
[2025-10-22T10:20:56.615+0000] {warnings.py:110} WARNING - /home/***/.local/lib/python3.12/site-packages/***/settings.py:195: DeprecationWarning: The sql_alchemy_conn option in [core] has been moved to the sql_alchemy_conn option in [database] - the old setting has been used, but please update your config.
  SQL_ALCHEMY_CONN = conf.get("database", "SQL_ALCHEMY_CONN")

[2025-10-22T10:20:56.646+0000] {task_command.py:426} INFO - Running <TaskInstance: gold_layer_aggregation.create_dim_date scheduled__2025-10-20T20:00:00+00:00 [running]> on host 7df8b8276d1d
[2025-10-22T10:20:56.712+0000] {taskinstance.py:2644} INFO - Exporting env vars: AIRFLOW_CTX_DAG_OWNER='ghazal_e_ashar' AIRFLOW_CTX_DAG_ID='gold_layer_aggregation' AIRFLOW_CTX_TASK_ID='create_dim_date' AIRFLOW_CTX_EXECUTION_DATE='2025-10-20T20:00:00+00:00' AIRFLOW_CTX_TRY_NUMBER='3' AIRFLOW_CTX_DAG_RUN_ID='scheduled__2025-10-20T20:00:00+00:00'
[2025-10-22T10:20:56.713+0000] {taskinstance.py:430} INFO - ::endgroup::
[2025-10-22T10:20:56.724+0000] {subprocess.py:63} INFO - Tmp dir root location: /tmp
[2025-10-22T10:20:56.725+0000] {subprocess.py:75} INFO - Running command: ['/usr/bin/bash', '-c', '\necho "Creating dim_date..."\npython3 - <<\'PY\'\n\nimport os\nfrom pyspark.sql import SparkSession, functions as F\n\nos.environ[\'AWS_ACCESS_KEY_ID\'] = \'minioadmin\'\nos.environ[\'AWS_SECRET_ACCESS_KEY\'] = \'minioadmin\'\nos.environ[\'SPARK_LOCAL_IP\'] = \'127.0.0.1\'\n\nPOSTGRES_URL = "jdbc:postgresql://postgres:5432/***"\nPOSTGRES_PROPERTIES = {\n    "user": "***",\n    "password": "***",\n    "driver": "org.postgresql.Driver"\n}\n\nspark = SparkSession.builder \\\n    .appName("GoldLayerProcessing") \\\n    .config("spark.hadoop.fs.s3a.endpoint", "http://minio:9000") \\\n    .config("spark.hadoop.fs.s3a.access.key", "minioadmin") \\\n    .config("spark.hadoop.fs.s3a.secret.key", "minioadmin") \\\n    .config("spark.hadoop.fs.s3a.impl", "org.apache.hadoop.fs.s3a.S3AFileSystem") \\\n    .config("spark.jars.packages", \n            "org.apache.hadoop:hadoop-aws:3.3.4,"\n            "com.amazonaws:aws-java-sdk-s3:1.12.570,"\n            "org.postgresql:postgresql:42.7.1") \\\n    .config("spark.sql.warehouse.dir", "/tmp/spark-warehouse") \\\n    .getOrCreate()\n\nfrom minio import Minio\nclient = Minio(\'minio:9000\', access_key=\'minioadmin\', secret_key=\'minioadmin\', secure=False)\n\nif not client.bucket_exists(\'gold\'):\n    client.make_bucket(\'gold\')\n    print("Gold bucket created")\nelse:\n    print("Gold bucket already exists")\n\nSILVER_PATH = "s3a://silver"\nGOLD_PATH = "s3a://gold"\n\nfrom pyspark.sql.functions import to_date, year, month, dayofmonth, dayofweek, quarter, weekofyear\n\ntry:\n    df_orders = spark.read.option(\'header\', \'true\').csv(f\'{SILVER_PATH}/orders/orders_cleaned_pyspark.csv\')\n    date_col = to_date(F.col(\'orderDate\')) if \'orderDate\' in df_orders.columns else to_date(F.lit(\'2024-01-01\'))\n\n    dim_date = df_orders.select(date_col.alias(\'date\')).distinct().na.drop()\n    dim_date = dim_date.select(\n        F.col(\'date\').alias(\'date_id\'),\n        \'date\',\n        year(\'date\').alias(\'year\'),\n        month(\'date\').alias(\'month\'),\n        dayofmonth(\'date\').alias(\'day\'),\n        dayofweek(\'date\').alias(\'day_of_week\'),\n        quarter(\'date\').alias(\'quarter\'),\n        weekofyear(\'date\').alias(\'week_of_year\')\n    )\n\n    print(f\'Writing dim_date to {GOLD_PATH}/dimensions/dim_date\')\n    dim_date.write.mode(\'overwrite\').parquet(f\'{GOLD_PATH}/dimensions/dim_date\')\n    dim_date.write.jdbc(url=POSTGRES_URL, table=\'dim_date\', mode=\'overwrite\', properties=POSTGRES_PROPERTIES)\n    print(\'dim_date loaded to Postgres\')\nexcept Exception as e:\n    print("Error in create_dim_date:", e)\n    raise\nfinally:\n    spark.stop()\nPY']
[2025-10-22T10:20:56.736+0000] {subprocess.py:86} INFO - Output:
[2025-10-22T10:20:56.739+0000] {subprocess.py:93} INFO - Creating dim_date...
[2025-10-22T10:20:57.177+0000] {subprocess.py:93} INFO - /home/***/.local/lib/python3.12/site-packages/pyspark/bin/load-spark-env.sh: line 68: ps: command not found
[2025-10-22T10:20:57.178+0000] {subprocess.py:93} INFO - JAVA_HOME is not set
[2025-10-22T10:20:57.261+0000] {subprocess.py:93} INFO - Traceback (most recent call last):
[2025-10-22T10:20:57.262+0000] {subprocess.py:93} INFO -   File "<stdin>", line 27, in <module>
[2025-10-22T10:20:57.262+0000] {subprocess.py:93} INFO -   File "/home/***/.local/lib/python3.12/site-packages/pyspark/sql/session.py", line 497, in getOrCreate
[2025-10-22T10:20:57.262+0000] {subprocess.py:93} INFO -     sc = SparkContext.getOrCreate(sparkConf)
[2025-10-22T10:20:57.263+0000] {subprocess.py:93} INFO -          ^^^^^^^^^^^^^^^^^^^^^^^^^^^^^^^^^^^
[2025-10-22T10:20:57.263+0000] {subprocess.py:93} INFO -   File "/home/***/.local/lib/python3.12/site-packages/pyspark/context.py", line 515, in getOrCreate
[2025-10-22T10:20:57.263+0000] {subprocess.py:93} INFO -     SparkContext(conf=conf or SparkConf())
[2025-10-22T10:20:57.263+0000] {subprocess.py:93} INFO -   File "/home/***/.local/lib/python3.12/site-packages/pyspark/context.py", line 201, in __init__
[2025-10-22T10:20:57.264+0000] {subprocess.py:93} INFO -     SparkContext._ensure_initialized(self, gateway=gateway, conf=conf)
[2025-10-22T10:20:57.264+0000] {subprocess.py:93} INFO -   File "/home/***/.local/lib/python3.12/site-packages/pyspark/context.py", line 436, in _ensure_initialized
[2025-10-22T10:20:57.264+0000] {subprocess.py:93} INFO -     SparkContext._gateway = gateway or launch_gateway(conf)
[2025-10-22T10:20:57.265+0000] {subprocess.py:93} INFO -                                        ^^^^^^^^^^^^^^^^^^^^
[2025-10-22T10:20:57.265+0000] {subprocess.py:93} INFO -   File "/home/***/.local/lib/python3.12/site-packages/pyspark/java_gateway.py", line 107, in launch_gateway
[2025-10-22T10:20:57.265+0000] {subprocess.py:93} INFO -     raise PySparkRuntimeError(
[2025-10-22T10:20:57.266+0000] {subprocess.py:93} INFO - pyspark.errors.exceptions.base.PySparkRuntimeError: [JAVA_GATEWAY_EXITED] Java gateway process exited before sending its port number.
[2025-10-22T10:20:57.305+0000] {subprocess.py:97} INFO - Command exited with return code 1
[2025-10-22T10:20:57.306+0000] {taskinstance.py:441} INFO - ::group::Post task execution logs
[2025-10-22T10:20:57.316+0000] {taskinstance.py:2890} ERROR - Task failed with exception
Traceback (most recent call last):
  File "/home/airflow/.local/lib/python3.12/site-packages/airflow/models/taskinstance.py", line 465, in _execute_task
    result = _execute_callable(context=context, **execute_callable_kwargs)
             ^^^^^^^^^^^^^^^^^^^^^^^^^^^^^^^^^^^^^^^^^^^^^^^^^^^^^^^^^^^^^
  File "/home/airflow/.local/lib/python3.12/site-packages/airflow/models/taskinstance.py", line 432, in _execute_callable
    return execute_callable(context=context, **execute_callable_kwargs)
           ^^^^^^^^^^^^^^^^^^^^^^^^^^^^^^^^^^^^^^^^^^^^^^^^^^^^^^^^^^^^
  File "/home/airflow/.local/lib/python3.12/site-packages/airflow/models/baseoperator.py", line 400, in wrapper
    return func(self, *args, **kwargs)
           ^^^^^^^^^^^^^^^^^^^^^^^^^^^
  File "/home/airflow/.local/lib/python3.12/site-packages/airflow/operators/bash.py", line 243, in execute
    raise AirflowException(
airflow.exceptions.AirflowException: Bash command failed. The command returned a non-zero exit code 1.
[2025-10-22T10:20:57.320+0000] {taskinstance.py:1205} INFO - Marking task as FAILED. dag_id=gold_layer_aggregation, task_id=create_dim_date, execution_date=20251020T200000, start_date=20251022T102056, end_date=20251022T102057
[2025-10-22T10:20:57.332+0000] {standard_task_runner.py:110} ERROR - Failed to execute job 22 for task create_dim_date (Bash command failed. The command returned a non-zero exit code 1.; 527)
[2025-10-22T10:20:57.376+0000] {local_task_job_runner.py:240} INFO - Task exited with return code 1
[2025-10-22T10:20:57.394+0000] {taskinstance.py:3482} INFO - 0 downstream tasks scheduled from follow-on schedule check
[2025-10-22T10:20:57.398+0000] {local_task_job_runner.py:222} INFO - ::endgroup::
