[2025-10-22T12:13:44.233+0000] {local_task_job_runner.py:120} INFO - ::group::Pre task execution logs
[2025-10-22T12:13:44.247+0000] {taskinstance.py:2073} INFO - Dependencies all met for dep_context=non-requeueable deps ti=<TaskInstance: bronze_dag_simple.api_ingestion manual__2025-10-22T12:11:23.145267+00:00 [queued]>
[2025-10-22T12:13:44.251+0000] {taskinstance.py:2073} INFO - Dependencies all met for dep_context=requeueable deps ti=<TaskInstance: bronze_dag_simple.api_ingestion manual__2025-10-22T12:11:23.145267+00:00 [queued]>
[2025-10-22T12:13:44.251+0000] {taskinstance.py:2303} INFO - Starting attempt 1 of 3
[2025-10-22T12:13:44.261+0000] {taskinstance.py:2327} INFO - Executing <Task(BashOperator): api_ingestion> on 2025-10-22 12:11:23.145267+00:00
[2025-10-22T12:13:44.266+0000] {warnings.py:110} WARNING - /home/***/.local/lib/python3.12/site-packages/***/task/task_runner/standard_task_runner.py:61: DeprecationWarning: This process (pid=1695) is multi-threaded, use of fork() may lead to deadlocks in the child.
  pid = os.fork()

[2025-10-22T12:13:44.267+0000] {standard_task_runner.py:63} INFO - Started process 1697 to run task
[2025-10-22T12:13:44.267+0000] {standard_task_runner.py:90} INFO - Running: ['***', 'tasks', 'run', 'bronze_dag_simple', 'api_ingestion', 'manual__2025-10-22T12:11:23.145267+00:00', '--job-id', '53', '--raw', '--subdir', 'DAGS_FOLDER/bronze_dag_simple.py', '--cfg-path', '/tmp/tmpqk9iix__']
[2025-10-22T12:13:44.269+0000] {standard_task_runner.py:91} INFO - Job 53: Subtask api_ingestion
[2025-10-22T12:13:44.279+0000] {warnings.py:110} WARNING - /home/***/.local/lib/python3.12/site-packages/***/settings.py:195: DeprecationWarning: The sql_alchemy_conn option in [core] has been moved to the sql_alchemy_conn option in [database] - the old setting has been used, but please update your config.
  SQL_ALCHEMY_CONN = conf.get("database", "SQL_ALCHEMY_CONN")

[2025-10-22T12:13:44.304+0000] {task_command.py:426} INFO - Running <TaskInstance: bronze_dag_simple.api_ingestion manual__2025-10-22T12:11:23.145267+00:00 [running]> on host 106a2f4786f4
[2025-10-22T12:13:44.365+0000] {taskinstance.py:2644} INFO - Exporting env vars: AIRFLOW_CTX_DAG_OWNER='afnan_khan' AIRFLOW_CTX_DAG_ID='bronze_dag_simple' AIRFLOW_CTX_TASK_ID='api_ingestion' AIRFLOW_CTX_EXECUTION_DATE='2025-10-22T12:11:23.145267+00:00' AIRFLOW_CTX_TRY_NUMBER='1' AIRFLOW_CTX_DAG_RUN_ID='manual__2025-10-22T12:11:23.145267+00:00'
[2025-10-22T12:13:44.366+0000] {taskinstance.py:430} INFO - ::endgroup::
[2025-10-22T12:13:44.375+0000] {subprocess.py:63} INFO - Tmp dir root location: /tmp
[2025-10-22T12:13:44.376+0000] {subprocess.py:75} INFO - Running command: ['/usr/bin/bash', '-c', '\n        echo "===== Running API Ingestion ====="\n        cd /opt/***/dags/bronze\n        export PYTHONPATH=/opt/***/dags/bronze:$PYTHONPATH\n        python3 api_ingestion.py\n        ']
[2025-10-22T12:13:44.385+0000] {subprocess.py:86} INFO - Output:
[2025-10-22T12:13:44.387+0000] {subprocess.py:93} INFO - ===== Running API Ingestion =====
[2025-10-22T12:13:44.882+0000] {subprocess.py:93} INFO - INFO:__main__:Starting API data ingestion process
[2025-10-22T12:13:44.887+0000] {subprocess.py:93} INFO - INFO:__main__:Bucket bronze already exists
[2025-10-22T12:13:44.887+0000] {subprocess.py:93} INFO - INFO:__main__:Fetching data from products: https://dummyjson.com/products
[2025-10-22T12:13:45.299+0000] {subprocess.py:93} INFO - INFO:__main__:Successfully fetched products data
[2025-10-22T12:13:45.328+0000] {subprocess.py:93} INFO - INFO:__main__:Uploaded products data to api_data/20251022_121345/products.json
[2025-10-22T12:13:45.329+0000] {subprocess.py:93} INFO - INFO:__main__:Fetching data from users: https://dummyjson.com/users
[2025-10-22T12:13:45.799+0000] {subprocess.py:93} INFO - INFO:__main__:Successfully fetched users data
[2025-10-22T12:13:45.828+0000] {subprocess.py:93} INFO - INFO:__main__:Uploaded users data to api_data/20251022_121345/users.json
[2025-10-22T12:13:45.828+0000] {subprocess.py:93} INFO - INFO:__main__:API data ingestion completed successfully
[2025-10-22T12:13:45.847+0000] {subprocess.py:97} INFO - Command exited with return code 0
[2025-10-22T12:13:45.848+0000] {taskinstance.py:441} INFO - ::group::Post task execution logs
[2025-10-22T12:13:45.872+0000] {taskinstance.py:1205} INFO - Marking task as SUCCESS. dag_id=bronze_dag_simple, task_id=api_ingestion, execution_date=20251022T121123, start_date=20251022T121344, end_date=20251022T121345
[2025-10-22T12:13:45.923+0000] {local_task_job_runner.py:240} INFO - Task exited with return code 0
[2025-10-22T12:13:45.940+0000] {taskinstance.py:3482} INFO - 0 downstream tasks scheduled from follow-on schedule check
[2025-10-22T12:13:45.942+0000] {local_task_job_runner.py:222} INFO - ::endgroup::
