[2025-10-22T12:13:33.927+0000] {local_task_job_runner.py:120} INFO - ::group::Pre task execution logs
[2025-10-22T12:13:33.943+0000] {taskinstance.py:2073} INFO - Dependencies all met for dep_context=non-requeueable deps ti=<TaskInstance: bronze_dag_simple.trigger_silver manual__2025-10-22T12:11:23.145267+00:00 [queued]>
[2025-10-22T12:13:33.948+0000] {taskinstance.py:2073} INFO - Dependencies all met for dep_context=requeueable deps ti=<TaskInstance: bronze_dag_simple.trigger_silver manual__2025-10-22T12:11:23.145267+00:00 [queued]>
[2025-10-22T12:13:33.949+0000] {taskinstance.py:2303} INFO - Starting attempt 1 of 3
[2025-10-22T12:13:33.959+0000] {taskinstance.py:2327} INFO - Executing <Task(TriggerDagRunOperator): trigger_silver> on 2025-10-22 12:11:23.145267+00:00
[2025-10-22T12:13:33.965+0000] {warnings.py:110} WARNING - /home/***/.local/lib/python3.12/site-packages/***/task/task_runner/standard_task_runner.py:61: DeprecationWarning: This process (pid=1742) is multi-threaded, use of fork() may lead to deadlocks in the child.
  pid = os.fork()

[2025-10-22T12:13:33.967+0000] {standard_task_runner.py:63} INFO - Started process 1743 to run task
[2025-10-22T12:13:33.967+0000] {standard_task_runner.py:90} INFO - Running: ['***', 'tasks', 'run', 'bronze_dag_simple', 'trigger_silver', 'manual__2025-10-22T12:11:23.145267+00:00', '--job-id', '56', '--raw', '--subdir', 'DAGS_FOLDER/bronze_dag_simple.py', '--cfg-path', '/tmp/tmp3hj650g9']
[2025-10-22T12:13:33.969+0000] {standard_task_runner.py:91} INFO - Job 56: Subtask trigger_silver
[2025-10-22T12:13:33.982+0000] {warnings.py:110} WARNING - /home/***/.local/lib/python3.12/site-packages/***/settings.py:195: DeprecationWarning: The sql_alchemy_conn option in [core] has been moved to the sql_alchemy_conn option in [database] - the old setting has been used, but please update your config.
  SQL_ALCHEMY_CONN = conf.get("database", "SQL_ALCHEMY_CONN")

[2025-10-22T12:13:34.009+0000] {task_command.py:426} INFO - Running <TaskInstance: bronze_dag_simple.trigger_silver manual__2025-10-22T12:11:23.145267+00:00 [running]> on host 106a2f4786f4
[2025-10-22T12:13:34.081+0000] {taskinstance.py:2644} INFO - Exporting env vars: AIRFLOW_CTX_DAG_OWNER='afnan_khan' AIRFLOW_CTX_DAG_ID='bronze_dag_simple' AIRFLOW_CTX_TASK_ID='trigger_silver' AIRFLOW_CTX_EXECUTION_DATE='2025-10-22T12:11:23.145267+00:00' AIRFLOW_CTX_TRY_NUMBER='1' AIRFLOW_CTX_DAG_RUN_ID='manual__2025-10-22T12:11:23.145267+00:00'
[2025-10-22T12:13:34.082+0000] {taskinstance.py:430} INFO - ::endgroup::
[2025-10-22T12:13:35.537+0000] {taskinstance.py:441} INFO - ::group::Post task execution logs
[2025-10-22T12:13:35.547+0000] {taskinstance.py:1205} INFO - Marking task as SUCCESS. dag_id=bronze_dag_simple, task_id=trigger_silver, execution_date=20251022T121123, start_date=20251022T121333, end_date=20251022T121335
[2025-10-22T12:13:35.625+0000] {local_task_job_runner.py:240} INFO - Task exited with return code 0
[2025-10-22T12:13:35.643+0000] {taskinstance.py:3482} INFO - 0 downstream tasks scheduled from follow-on schedule check
[2025-10-22T12:13:35.646+0000] {local_task_job_runner.py:222} INFO - ::endgroup::
