[2025-10-22T14:40:20.974+0000] {local_task_job_runner.py:120} INFO - ::group::Pre task execution logs
[2025-10-22T14:40:20.991+0000] {taskinstance.py:2073} INFO - Dependencies all met for dep_context=non-requeueable deps ti=<TaskInstance: silver_layer_dag.clean_orders manual__2025-10-22T14:34:23.743435+00:00 [queued]>
[2025-10-22T14:40:20.996+0000] {taskinstance.py:2073} INFO - Dependencies all met for dep_context=requeueable deps ti=<TaskInstance: silver_layer_dag.clean_orders manual__2025-10-22T14:34:23.743435+00:00 [queued]>
[2025-10-22T14:40:20.996+0000] {taskinstance.py:2303} INFO - Starting attempt 2 of 2
[2025-10-22T14:40:21.007+0000] {taskinstance.py:2327} INFO - Executing <Task(PythonOperator): clean_orders> on 2025-10-22 14:34:23.743435+00:00
[2025-10-22T14:40:21.013+0000] {warnings.py:110} WARNING - /home/***/.local/lib/python3.12/site-packages/***/task/task_runner/standard_task_runner.py:61: DeprecationWarning: This process (pid=74) is multi-threaded, use of fork() may lead to deadlocks in the child.
  pid = os.fork()

[2025-10-22T14:40:21.015+0000] {standard_task_runner.py:63} INFO - Started process 77 to run task
[2025-10-22T14:40:21.014+0000] {standard_task_runner.py:90} INFO - Running: ['***', 'tasks', 'run', 'silver_layer_dag', 'clean_orders', 'manual__2025-10-22T14:34:23.743435+00:00', '--job-id', '203', '--raw', '--subdir', 'DAGS_FOLDER/silver_layer_dag.py', '--cfg-path', '/tmp/tmp87fkkn2u']
[2025-10-22T14:40:21.017+0000] {standard_task_runner.py:91} INFO - Job 203: Subtask clean_orders
[2025-10-22T14:40:21.028+0000] {warnings.py:110} WARNING - /home/***/.local/lib/python3.12/site-packages/***/settings.py:195: DeprecationWarning: The sql_alchemy_conn option in [core] has been moved to the sql_alchemy_conn option in [database] - the old setting has been used, but please update your config.
  SQL_ALCHEMY_CONN = conf.get("database", "SQL_ALCHEMY_CONN")

[2025-10-22T14:40:21.057+0000] {task_command.py:426} INFO - Running <TaskInstance: silver_layer_dag.clean_orders manual__2025-10-22T14:34:23.743435+00:00 [running]> on host 98e3baa252b2
[2025-10-22T14:40:21.306+0000] {taskinstance.py:2644} INFO - Exporting env vars: AIRFLOW_CTX_DAG_OWNER='data_team' AIRFLOW_CTX_DAG_ID='silver_layer_dag' AIRFLOW_CTX_TASK_ID='clean_orders' AIRFLOW_CTX_EXECUTION_DATE='2025-10-22T14:34:23.743435+00:00' AIRFLOW_CTX_TRY_NUMBER='2' AIRFLOW_CTX_DAG_RUN_ID='manual__2025-10-22T14:34:23.743435+00:00'
[2025-10-22T14:40:21.307+0000] {taskinstance.py:430} INFO - ::endgroup::
[2025-10-22T14:40:32.789+0000] {logging_mixin.py:188} INFO - Found source object: s3a://bronze/kaggle_data/20251022_135506/olist_order_items_dataset.csv
[2025-10-22T14:40:33.790+0000] {taskinstance.py:441} INFO - ::group::Post task execution logs
[2025-10-22T14:40:33.790+0000] {taskinstance.py:2890} ERROR - Task failed with exception
Traceback (most recent call last):
  File "/home/airflow/.local/lib/python3.12/site-packages/airflow/models/taskinstance.py", line 465, in _execute_task
    result = _execute_callable(context=context, **execute_callable_kwargs)
             ^^^^^^^^^^^^^^^^^^^^^^^^^^^^^^^^^^^^^^^^^^^^^^^^^^^^^^^^^^^^^
  File "/home/airflow/.local/lib/python3.12/site-packages/airflow/models/taskinstance.py", line 432, in _execute_callable
    return execute_callable(context=context, **execute_callable_kwargs)
           ^^^^^^^^^^^^^^^^^^^^^^^^^^^^^^^^^^^^^^^^^^^^^^^^^^^^^^^^^^^^
  File "/home/airflow/.local/lib/python3.12/site-packages/airflow/models/baseoperator.py", line 400, in wrapper
    return func(self, *args, **kwargs)
           ^^^^^^^^^^^^^^^^^^^^^^^^^^^
  File "/home/airflow/.local/lib/python3.12/site-packages/airflow/operators/python.py", line 235, in execute
    return_value = self.execute_callable()
                   ^^^^^^^^^^^^^^^^^^^^^^^
  File "/home/airflow/.local/lib/python3.12/site-packages/airflow/operators/python.py", line 252, in execute_callable
    return self.python_callable(*self.op_args, **self.op_kwargs)
           ^^^^^^^^^^^^^^^^^^^^^^^^^^^^^^^^^^^^^^^^^^^^^^^^^^^^^
  File "/opt/airflow/dags/silver_layer_dag.py", line 131, in clean_dataset
    df = spark_read_by_key(spark, BRONZE_BUCKET, key)
         ^^^^^^^^^^^^^^^^^^^^^^^^^^^^^^^^^^^^^^^^^^^^
  File "/opt/airflow/dags/silver_layer_dag.py", line 106, in spark_read_by_key
    return spark.read.option("header", "true").option("inferSchema", "true").csv(path)
           ^^^^^^^^^^^^^^^^^^^^^^^^^^^^^^^^^^^^^^^^^^^^^^^^^^^^^^^^^^^^^^^^^^^^^^^^^^^
  File "/home/airflow/.local/lib/python3.12/site-packages/pyspark/sql/readwriter.py", line 838, in csv
    return self._df(self._jreader.csv(self._spark._sc._jvm.PythonUtils.toSeq(path)))
                    ^^^^^^^^^^^^^^^^^^^^^^^^^^^^^^^^^^^^^^^^^^^^^^^^^^^^^^^^^^^^^^^
  File "/home/airflow/.local/lib/python3.12/site-packages/py4j/java_gateway.py", line 1362, in __call__
    return_value = get_return_value(
                   ^^^^^^^^^^^^^^^^^
  File "/home/airflow/.local/lib/python3.12/site-packages/pyspark/errors/exceptions/captured.py", line 288, in deco
    raise converted from None
pyspark.errors.exceptions.captured.NumberFormatException: For input string: "60s"
[2025-10-22T14:40:33.816+0000] {taskinstance.py:1205} INFO - Marking task as FAILED. dag_id=silver_layer_dag, task_id=clean_orders, execution_date=20251022T143423, start_date=20251022T144020, end_date=20251022T144033
[2025-10-22T14:40:33.844+0000] {standard_task_runner.py:110} ERROR - Failed to execute job 203 for task clean_orders (For input string: "60s"; 77)
[2025-10-22T14:40:33.905+0000] {local_task_job_runner.py:240} INFO - Task exited with return code 1
[2025-10-22T14:40:33.963+0000] {taskinstance.py:3482} INFO - 0 downstream tasks scheduled from follow-on schedule check
[2025-10-22T14:40:33.967+0000] {local_task_job_runner.py:222} INFO - ::endgroup::
