[2025-10-24T13:13:33.407+0000] {local_task_job_runner.py:120} INFO - ::group::Pre task execution logs
[2025-10-24T13:13:33.424+0000] {taskinstance.py:2073} INFO - Dependencies all met for dep_context=non-requeueable deps ti=<TaskInstance: silver_layer_dag.setup_silver_environment manual__2025-10-24T13:13:31.306992+00:00 [queued]>
[2025-10-24T13:13:33.430+0000] {taskinstance.py:2073} INFO - Dependencies all met for dep_context=requeueable deps ti=<TaskInstance: silver_layer_dag.setup_silver_environment manual__2025-10-24T13:13:31.306992+00:00 [queued]>
[2025-10-24T13:13:33.438+0000] {taskinstance.py:2303} INFO - Starting attempt 1 of 2
[2025-10-24T13:13:33.479+0000] {taskinstance.py:2327} INFO - Executing <Task(BashOperator): setup_silver_environment> on 2025-10-24 13:13:31.306992+00:00
[2025-10-24T13:13:33.487+0000] {warnings.py:110} WARNING - /home/***/.local/lib/python3.12/site-packages/***/task/task_runner/standard_task_runner.py:61: DeprecationWarning: This process (pid=73) is multi-threaded, use of fork() may lead to deadlocks in the child.
  pid = os.fork()

[2025-10-24T13:13:33.489+0000] {standard_task_runner.py:63} INFO - Started process 74 to run task
[2025-10-24T13:13:33.488+0000] {standard_task_runner.py:90} INFO - Running: ['***', 'tasks', 'run', 'silver_layer_dag', 'setup_silver_environment', 'manual__2025-10-24T13:13:31.306992+00:00', '--job-id', '372', '--raw', '--subdir', 'DAGS_FOLDER/silver_layer_dag.py', '--cfg-path', '/tmp/tmpucl4bwyd']
[2025-10-24T13:13:33.490+0000] {standard_task_runner.py:91} INFO - Job 372: Subtask setup_silver_environment
[2025-10-24T13:13:33.538+0000] {warnings.py:110} WARNING - /home/***/.local/lib/python3.12/site-packages/***/settings.py:195: DeprecationWarning: The sql_alchemy_conn option in [core] has been moved to the sql_alchemy_conn option in [database] - the old setting has been used, but please update your config.
  SQL_ALCHEMY_CONN = conf.get("database", "SQL_ALCHEMY_CONN")

[2025-10-24T13:13:33.566+0000] {task_command.py:426} INFO - Running <TaskInstance: silver_layer_dag.setup_silver_environment manual__2025-10-24T13:13:31.306992+00:00 [running]> on host 437b7e7e4559
[2025-10-24T13:13:33.675+0000] {taskinstance.py:2644} INFO - Exporting env vars: AIRFLOW_CTX_DAG_OWNER='farheen_muzaffar' AIRFLOW_CTX_DAG_ID='silver_layer_dag' AIRFLOW_CTX_TASK_ID='setup_silver_environment' AIRFLOW_CTX_EXECUTION_DATE='2025-10-24T13:13:31.306992+00:00' AIRFLOW_CTX_TRY_NUMBER='1' AIRFLOW_CTX_DAG_RUN_ID='manual__2025-10-24T13:13:31.306992+00:00'
[2025-10-24T13:13:33.676+0000] {taskinstance.py:430} INFO - ::endgroup::
[2025-10-24T13:13:33.690+0000] {subprocess.py:63} INFO - Tmp dir root location: /tmp
[2025-10-24T13:13:33.692+0000] {subprocess.py:75} INFO - Running command: ['/usr/bin/bash', '-c', '\n        echo "===== Setting up Silver Layer Environment ====="\n        mkdir -p /opt/***/dags/silver\n        echo "✅ Silver environment ready."\n        ']
[2025-10-24T13:13:33.705+0000] {subprocess.py:86} INFO - Output:
[2025-10-24T13:13:33.708+0000] {subprocess.py:93} INFO - ===== Setting up Silver Layer Environment =====
[2025-10-24T13:13:33.713+0000] {subprocess.py:93} INFO - ✅ Silver environment ready.
[2025-10-24T13:13:33.713+0000] {subprocess.py:97} INFO - Command exited with return code 0
[2025-10-24T13:13:33.714+0000] {taskinstance.py:441} INFO - ::group::Post task execution logs
[2025-10-24T13:13:33.739+0000] {taskinstance.py:1205} INFO - Marking task as SUCCESS. dag_id=silver_layer_dag, task_id=setup_silver_environment, execution_date=20251024T131331, start_date=20251024T131333, end_date=20251024T131333
[2025-10-24T13:13:33.782+0000] {local_task_job_runner.py:240} INFO - Task exited with return code 0
[2025-10-24T13:13:33.803+0000] {taskinstance.py:3482} INFO - 1 downstream tasks scheduled from follow-on schedule check
[2025-10-24T13:13:33.805+0000] {local_task_job_runner.py:222} INFO - ::endgroup::
