[2025-10-22T10:43:37.842+0000] {local_task_job_runner.py:120} INFO - ::group::Pre task execution logs
[2025-10-22T10:43:37.859+0000] {taskinstance.py:2073} INFO - Dependencies all met for dep_context=non-requeueable deps ti=<TaskInstance: bronze_layer_ingestion_simple.trigger_silver manual__2025-10-22T10:43:06.830211+00:00 [queued]>
[2025-10-22T10:43:37.865+0000] {taskinstance.py:2073} INFO - Dependencies all met for dep_context=requeueable deps ti=<TaskInstance: bronze_layer_ingestion_simple.trigger_silver manual__2025-10-22T10:43:06.830211+00:00 [queued]>
[2025-10-22T10:43:37.865+0000] {taskinstance.py:2303} INFO - Starting attempt 1 of 3
[2025-10-22T10:43:37.876+0000] {taskinstance.py:2327} INFO - Executing <Task(TriggerDagRunOperator): trigger_silver> on 2025-10-22 10:43:06.830211+00:00
[2025-10-22T10:43:37.882+0000] {warnings.py:110} WARNING - /home/***/.local/lib/python3.12/site-packages/***/task/task_runner/standard_task_runner.py:61: DeprecationWarning: This process (pid=1085) is multi-threaded, use of fork() may lead to deadlocks in the child.
  pid = os.fork()

[2025-10-22T10:43:37.884+0000] {standard_task_runner.py:63} INFO - Started process 1086 to run task
[2025-10-22T10:43:37.884+0000] {standard_task_runner.py:90} INFO - Running: ['***', 'tasks', 'run', 'bronze_layer_ingestion_simple', 'trigger_silver', 'manual__2025-10-22T10:43:06.830211+00:00', '--job-id', '43', '--raw', '--subdir', 'DAGS_FOLDER/bronze_dag_simple.py', '--cfg-path', '/tmp/tmp05i5w55b']
[2025-10-22T10:43:37.886+0000] {standard_task_runner.py:91} INFO - Job 43: Subtask trigger_silver
[2025-10-22T10:43:37.897+0000] {warnings.py:110} WARNING - /home/***/.local/lib/python3.12/site-packages/***/settings.py:195: DeprecationWarning: The sql_alchemy_conn option in [core] has been moved to the sql_alchemy_conn option in [database] - the old setting has been used, but please update your config.
  SQL_ALCHEMY_CONN = conf.get("database", "SQL_ALCHEMY_CONN")

[2025-10-22T10:43:37.924+0000] {task_command.py:426} INFO - Running <TaskInstance: bronze_layer_ingestion_simple.trigger_silver manual__2025-10-22T10:43:06.830211+00:00 [running]> on host 7df8b8276d1d
[2025-10-22T10:43:37.995+0000] {taskinstance.py:2644} INFO - Exporting env vars: AIRFLOW_CTX_DAG_OWNER='afnan_khan' AIRFLOW_CTX_DAG_ID='bronze_layer_ingestion_simple' AIRFLOW_CTX_TASK_ID='trigger_silver' AIRFLOW_CTX_EXECUTION_DATE='2025-10-22T10:43:06.830211+00:00' AIRFLOW_CTX_TRY_NUMBER='1' AIRFLOW_CTX_DAG_RUN_ID='manual__2025-10-22T10:43:06.830211+00:00'
[2025-10-22T10:43:37.996+0000] {taskinstance.py:430} INFO - ::endgroup::
[2025-10-22T10:43:38.021+0000] {taskinstance.py:441} INFO - ::group::Post task execution logs
[2025-10-22T10:43:38.028+0000] {taskinstance.py:2890} ERROR - Task failed with exception
Traceback (most recent call last):
  File "/home/airflow/.local/lib/python3.12/site-packages/airflow/models/taskinstance.py", line 465, in _execute_task
    result = _execute_callable(context=context, **execute_callable_kwargs)
             ^^^^^^^^^^^^^^^^^^^^^^^^^^^^^^^^^^^^^^^^^^^^^^^^^^^^^^^^^^^^^
  File "/home/airflow/.local/lib/python3.12/site-packages/airflow/models/taskinstance.py", line 432, in _execute_callable
    return execute_callable(context=context, **execute_callable_kwargs)
           ^^^^^^^^^^^^^^^^^^^^^^^^^^^^^^^^^^^^^^^^^^^^^^^^^^^^^^^^^^^^
  File "/home/airflow/.local/lib/python3.12/site-packages/airflow/models/baseoperator.py", line 400, in wrapper
    return func(self, *args, **kwargs)
           ^^^^^^^^^^^^^^^^^^^^^^^^^^^
  File "/home/airflow/.local/lib/python3.12/site-packages/airflow/operators/trigger_dagrun.py", line 165, in execute
    dag_run = trigger_dag(
              ^^^^^^^^^^^^
  File "/home/airflow/.local/lib/python3.12/site-packages/airflow/api/common/trigger_dag.py", line 126, in trigger_dag
    triggers = _trigger_dag(
               ^^^^^^^^^^^^^
  File "/home/airflow/.local/lib/python3.12/site-packages/airflow/api/common/trigger_dag.py", line 56, in _trigger_dag
    raise DagNotFound(f"Dag id {dag_id} not found")
airflow.exceptions.DagNotFound: Dag id silver_layer_cleaning_pyspark not found
[2025-10-22T10:43:38.032+0000] {taskinstance.py:1205} INFO - Marking task as UP_FOR_RETRY. dag_id=bronze_layer_ingestion_simple, task_id=trigger_silver, execution_date=20251022T104306, start_date=20251022T104337, end_date=20251022T104338
[2025-10-22T10:43:38.041+0000] {standard_task_runner.py:110} ERROR - Failed to execute job 43 for task trigger_silver (Dag id silver_layer_cleaning_pyspark not found; 1086)
[2025-10-22T10:43:38.057+0000] {local_task_job_runner.py:240} INFO - Task exited with return code 1
[2025-10-22T10:43:38.070+0000] {taskinstance.py:3482} INFO - 0 downstream tasks scheduled from follow-on schedule check
[2025-10-22T10:43:38.073+0000] {local_task_job_runner.py:222} INFO - ::endgroup::
