[2025-10-22T11:59:30.887+0000] {local_task_job_runner.py:120} INFO - ::group::Pre task execution logs
[2025-10-22T11:59:30.909+0000] {taskinstance.py:2073} INFO - Dependencies all met for dep_context=non-requeueable deps ti=<TaskInstance: bronze_dag_simple.kaggle_ingestion scheduled__2025-10-20T18:00:00+00:00 [queued]>
[2025-10-22T11:59:30.917+0000] {taskinstance.py:2073} INFO - Dependencies all met for dep_context=requeueable deps ti=<TaskInstance: bronze_dag_simple.kaggle_ingestion scheduled__2025-10-20T18:00:00+00:00 [queued]>
[2025-10-22T11:59:30.918+0000] {taskinstance.py:2303} INFO - Starting attempt 1 of 3
[2025-10-22T11:59:30.933+0000] {taskinstance.py:2327} INFO - Executing <Task(BashOperator): kaggle_ingestion> on 2025-10-20 18:00:00+00:00
[2025-10-22T11:59:30.947+0000] {warnings.py:110} WARNING - /home/***/.local/lib/python3.12/site-packages/***/task/task_runner/standard_task_runner.py:61: DeprecationWarning: This process (pid=200) is multi-threaded, use of fork() may lead to deadlocks in the child.
  pid = os.fork()

[2025-10-22T11:59:30.949+0000] {standard_task_runner.py:63} INFO - Started process 208 to run task
[2025-10-22T11:59:30.949+0000] {standard_task_runner.py:90} INFO - Running: ['***', 'tasks', 'run', 'bronze_dag_simple', 'kaggle_ingestion', 'scheduled__2025-10-20T18:00:00+00:00', '--job-id', '5', '--raw', '--subdir', 'DAGS_FOLDER/bronze_dag_simple.py', '--cfg-path', '/tmp/tmpn2g9h9zw']
[2025-10-22T11:59:30.952+0000] {standard_task_runner.py:91} INFO - Job 5: Subtask kaggle_ingestion
[2025-10-22T11:59:30.972+0000] {warnings.py:110} WARNING - /home/***/.local/lib/python3.12/site-packages/***/settings.py:195: DeprecationWarning: The sql_alchemy_conn option in [core] has been moved to the sql_alchemy_conn option in [database] - the old setting has been used, but please update your config.
  SQL_ALCHEMY_CONN = conf.get("database", "SQL_ALCHEMY_CONN")

[2025-10-22T11:59:31.014+0000] {task_command.py:426} INFO - Running <TaskInstance: bronze_dag_simple.kaggle_ingestion scheduled__2025-10-20T18:00:00+00:00 [running]> on host 106a2f4786f4
[2025-10-22T11:59:31.094+0000] {taskinstance.py:2644} INFO - Exporting env vars: AIRFLOW_CTX_DAG_OWNER='afnan_khan' AIRFLOW_CTX_DAG_ID='bronze_dag_simple' AIRFLOW_CTX_TASK_ID='kaggle_ingestion' AIRFLOW_CTX_EXECUTION_DATE='2025-10-20T18:00:00+00:00' AIRFLOW_CTX_TRY_NUMBER='1' AIRFLOW_CTX_DAG_RUN_ID='scheduled__2025-10-20T18:00:00+00:00'
[2025-10-22T11:59:31.095+0000] {taskinstance.py:430} INFO - ::endgroup::
[2025-10-22T11:59:31.106+0000] {subprocess.py:63} INFO - Tmp dir root location: /tmp
[2025-10-22T11:59:31.108+0000] {subprocess.py:75} INFO - Running command: ['/usr/bin/bash', '-c', '\n        echo "===== Running Kaggle Ingestion ====="\n        cd /opt/***/dags/bronze\n        export PYTHONPATH=/opt/***/dags/bronze:$PYTHONPATH\n        python3 kaggle_ingestion.py\n        ']
[2025-10-22T11:59:31.119+0000] {subprocess.py:86} INFO - Output:
[2025-10-22T11:59:31.121+0000] {subprocess.py:93} INFO - ===== Running Kaggle Ingestion =====
[2025-10-22T11:59:32.944+0000] {subprocess.py:93} INFO - INFO:__main__:Starting Kaggle data ingestion process
[2025-10-22T11:59:32.948+0000] {subprocess.py:93} INFO - INFO:__main__:Bucket bronze already exists
[2025-10-22T11:59:32.948+0000] {subprocess.py:93} INFO - INFO:__main__:Downloading dataset: olistbr/brazilian-ecommerce
[2025-10-22T11:59:52.975+0000] {subprocess.py:93} INFO - INFO:__main__:Dataset downloaded successfully
[2025-10-22T11:59:53.127+0000] {subprocess.py:93} INFO - INFO:__main__:Uploaded olist_customers_dataset.csv to kaggle_data/20251022_115952/olist_customers_dataset.csv
[2025-10-22T11:59:53.291+0000] {subprocess.py:93} INFO - INFO:__main__:Uploaded olist_order_reviews_dataset.csv to kaggle_data/20251022_115952/olist_order_reviews_dataset.csv
[2025-10-22T11:59:53.462+0000] {subprocess.py:93} INFO - INFO:__main__:Uploaded olist_order_items_dataset.csv to kaggle_data/20251022_115952/olist_order_items_dataset.csv
[2025-10-22T11:59:53.593+0000] {subprocess.py:93} INFO - INFO:__main__:Uploaded olist_order_payments_dataset.csv to kaggle_data/20251022_115952/olist_order_payments_dataset.csv
[2025-10-22T11:59:53.619+0000] {subprocess.py:93} INFO - INFO:__main__:Uploaded product_category_name_translation.csv to kaggle_data/20251022_115952/product_category_name_translation.csv
[2025-10-22T11:59:53.691+0000] {subprocess.py:93} INFO - INFO:__main__:Uploaded olist_products_dataset.csv to kaggle_data/20251022_115952/olist_products_dataset.csv
[2025-10-22T11:59:53.958+0000] {subprocess.py:93} INFO - INFO:__main__:Uploaded olist_orders_dataset.csv to kaggle_data/20251022_115952/olist_orders_dataset.csv
[2025-10-22T11:59:54.664+0000] {subprocess.py:93} INFO - INFO:__main__:Uploaded olist_geolocation_dataset.csv to kaggle_data/20251022_115952/olist_geolocation_dataset.csv
[2025-10-22T11:59:54.711+0000] {subprocess.py:93} INFO - INFO:__main__:Uploaded olist_sellers_dataset.csv to kaggle_data/20251022_115952/olist_sellers_dataset.csv
[2025-10-22T11:59:54.746+0000] {subprocess.py:93} INFO - INFO:__main__:Cleaned up temporary files
[2025-10-22T11:59:54.746+0000] {subprocess.py:93} INFO - INFO:__main__:Kaggle data ingestion completed successfully
[2025-10-22T11:59:54.746+0000] {subprocess.py:93} INFO - Dataset URL: https://www.kaggle.com/datasets/olistbr/brazilian-ecommerce
[2025-10-22T11:59:54.866+0000] {subprocess.py:97} INFO - Command exited with return code 0
[2025-10-22T11:59:54.867+0000] {taskinstance.py:441} INFO - ::group::Post task execution logs
[2025-10-22T11:59:54.904+0000] {taskinstance.py:1205} INFO - Marking task as SUCCESS. dag_id=bronze_dag_simple, task_id=kaggle_ingestion, execution_date=20251020T180000, start_date=20251022T115930, end_date=20251022T115954
[2025-10-22T11:59:54.963+0000] {local_task_job_runner.py:240} INFO - Task exited with return code 0
[2025-10-22T11:59:54.981+0000] {taskinstance.py:3482} INFO - 1 downstream tasks scheduled from follow-on schedule check
[2025-10-22T11:59:55.009+0000] {local_task_job_runner.py:222} INFO - ::endgroup::
