[2025-10-21T21:26:52.432+0000] {local_task_job_runner.py:120} INFO - ::group::Pre task execution logs
[2025-10-21T21:26:52.455+0000] {taskinstance.py:2073} INFO - Dependencies all met for dep_context=non-requeueable deps ti=<TaskInstance: gold_layer_aggregation.setup_gold_environment scheduled__2025-10-19T20:00:00+00:00 [queued]>
[2025-10-21T21:26:52.462+0000] {taskinstance.py:2073} INFO - Dependencies all met for dep_context=requeueable deps ti=<TaskInstance: gold_layer_aggregation.setup_gold_environment scheduled__2025-10-19T20:00:00+00:00 [queued]>
[2025-10-21T21:26:52.462+0000] {taskinstance.py:2303} INFO - Starting attempt 1 of 3
[2025-10-21T21:26:52.475+0000] {taskinstance.py:2327} INFO - Executing <Task(BashOperator): setup_gold_environment> on 2025-10-19 20:00:00+00:00
[2025-10-21T21:26:52.482+0000] {warnings.py:110} WARNING - /home/***/.local/lib/python3.12/site-packages/***/task/task_runner/standard_task_runner.py:61: DeprecationWarning: This process (pid=210) is multi-threaded, use of fork() may lead to deadlocks in the child.
  pid = os.fork()

[2025-10-21T21:26:52.484+0000] {standard_task_runner.py:63} INFO - Started process 211 to run task
[2025-10-21T21:26:52.483+0000] {standard_task_runner.py:90} INFO - Running: ['***', 'tasks', 'run', 'gold_layer_aggregation', 'setup_gold_environment', 'scheduled__2025-10-19T20:00:00+00:00', '--job-id', '37', '--raw', '--subdir', 'DAGS_FOLDER/gold_dag.py', '--cfg-path', '/tmp/tmp6wa73l9_']
[2025-10-21T21:26:52.485+0000] {standard_task_runner.py:91} INFO - Job 37: Subtask setup_gold_environment
[2025-10-21T21:26:52.498+0000] {warnings.py:110} WARNING - /home/***/.local/lib/python3.12/site-packages/***/settings.py:195: DeprecationWarning: The sql_alchemy_conn option in [core] has been moved to the sql_alchemy_conn option in [database] - the old setting has been used, but please update your config.
  SQL_ALCHEMY_CONN = conf.get("database", "SQL_ALCHEMY_CONN")

[2025-10-21T21:26:52.533+0000] {task_command.py:426} INFO - Running <TaskInstance: gold_layer_aggregation.setup_gold_environment scheduled__2025-10-19T20:00:00+00:00 [running]> on host c8e73316fd62
[2025-10-21T21:26:52.606+0000] {taskinstance.py:2644} INFO - Exporting env vars: AIRFLOW_CTX_DAG_OWNER='ghazal_e_ashar' AIRFLOW_CTX_DAG_ID='gold_layer_aggregation' AIRFLOW_CTX_TASK_ID='setup_gold_environment' AIRFLOW_CTX_EXECUTION_DATE='2025-10-19T20:00:00+00:00' AIRFLOW_CTX_TRY_NUMBER='1' AIRFLOW_CTX_DAG_RUN_ID='scheduled__2025-10-19T20:00:00+00:00'
[2025-10-21T21:26:52.606+0000] {taskinstance.py:430} INFO - ::endgroup::
[2025-10-21T21:26:52.623+0000] {subprocess.py:63} INFO - Tmp dir root location: /tmp
[2025-10-21T21:26:52.624+0000] {subprocess.py:75} INFO - Running command: ['/usr/bin/bash', '-c', '\necho "Gold environment bootstrap (no package install). Running quick config check..."\npython3 - <<\'PY\'\n\nimport os\nfrom pyspark.sql import SparkSession, functions as F\n\nos.environ[\'AWS_ACCESS_KEY_ID\'] = \'minioadmin\'\nos.environ[\'AWS_SECRET_ACCESS_KEY\'] = \'minioadmin\'\nos.environ[\'SPARK_LOCAL_IP\'] = \'127.0.0.1\'\n\nPOSTGRES_URL = "jdbc:postgresql://postgres:5432/***"\nPOSTGRES_PROPERTIES = {\n    "user": "***",\n    "password": "***",\n    "driver": "org.postgresql.Driver"\n}\n\nspark = SparkSession.builder \\\n    .appName("GoldLayerProcessing") \\\n    .config("spark.hadoop.fs.s3a.endpoint", "http://minio:9000") \\\n    .config("spark.hadoop.fs.s3a.access.key", "minioadmin") \\\n    .config("spark.hadoop.fs.s3a.secret.key", "minioadmin") \\\n    .config("spark.hadoop.fs.s3a.impl", "org.apache.hadoop.fs.s3a.S3AFileSystem") \\\n    .config("spark.jars.packages", \n            "org.apache.hadoop:hadoop-aws:3.3.4,"\n            "com.amazonaws:aws-java-sdk-s3:1.12.570,"\n            "org.postgresql:postgresql:42.7.1") \\\n    .config("spark.sql.warehouse.dir", "/tmp/spark-warehouse") \\\n    .getOrCreate()\n\nfrom minio import Minio\nclient = Minio(\'minio:9000\', access_key=\'minioadmin\', secret_key=\'minioadmin\', secure=False)\n\nif not client.bucket_exists(\'gold\'):\n    client.make_bucket(\'gold\')\n    print("Gold bucket created")\nelse:\n    print("Gold bucket already exists")\n\nSILVER_PATH = "s3a://silver"\nGOLD_PATH = "s3a://gold"\n\nprint("Spark session established and MinIO check completed.")\nspark.stop()\nPY\necho "Gold environment setup completed"']
[2025-10-21T21:26:52.637+0000] {subprocess.py:86} INFO - Output:
[2025-10-21T21:26:52.647+0000] {subprocess.py:93} INFO - Gold environment bootstrap (no package install). Running quick config check...
[2025-10-21T21:26:53.319+0000] {subprocess.py:93} INFO - JAVA_HOME is not set
[2025-10-21T21:26:53.394+0000] {subprocess.py:93} INFO - Traceback (most recent call last):
[2025-10-21T21:26:53.395+0000] {subprocess.py:93} INFO -   File "<stdin>", line 27, in <module>
[2025-10-21T21:26:53.395+0000] {subprocess.py:93} INFO -   File "/home/***/.local/lib/python3.12/site-packages/pyspark/sql/session.py", line 556, in getOrCreate
[2025-10-21T21:26:53.395+0000] {subprocess.py:93} INFO -     sc = SparkContext.getOrCreate(sparkConf)
[2025-10-21T21:26:53.396+0000] {subprocess.py:93} INFO -          ^^^^^^^^^^^^^^^^^^^^^^^^^^^^^^^^^^^
[2025-10-21T21:26:53.396+0000] {subprocess.py:93} INFO -   File "/home/***/.local/lib/python3.12/site-packages/pyspark/core/context.py", line 523, in getOrCreate
[2025-10-21T21:26:53.396+0000] {subprocess.py:93} INFO -     SparkContext(conf=conf or SparkConf())
[2025-10-21T21:26:53.396+0000] {subprocess.py:93} INFO -   File "/home/***/.local/lib/python3.12/site-packages/pyspark/core/context.py", line 205, in __init__
[2025-10-21T21:26:53.397+0000] {subprocess.py:93} INFO -     SparkContext._ensure_initialized(self, gateway=gateway, conf=conf)
[2025-10-21T21:26:53.397+0000] {subprocess.py:93} INFO -   File "/home/***/.local/lib/python3.12/site-packages/pyspark/core/context.py", line 444, in _ensure_initialized
[2025-10-21T21:26:53.397+0000] {subprocess.py:93} INFO -     SparkContext._gateway = gateway or launch_gateway(conf)
[2025-10-21T21:26:53.398+0000] {subprocess.py:93} INFO -                                        ^^^^^^^^^^^^^^^^^^^^
[2025-10-21T21:26:53.398+0000] {subprocess.py:93} INFO -   File "/home/***/.local/lib/python3.12/site-packages/pyspark/java_gateway.py", line 111, in launch_gateway
[2025-10-21T21:26:53.398+0000] {subprocess.py:93} INFO -     raise PySparkRuntimeError(
[2025-10-21T21:26:53.399+0000] {subprocess.py:93} INFO - pyspark.errors.exceptions.base.PySparkRuntimeError: [JAVA_GATEWAY_EXITED] Java gateway process exited before sending its port number.
[2025-10-21T21:26:53.434+0000] {subprocess.py:93} INFO - Gold environment setup completed
[2025-10-21T21:26:53.435+0000] {subprocess.py:97} INFO - Command exited with return code 0
[2025-10-21T21:26:53.436+0000] {taskinstance.py:441} INFO - ::group::Post task execution logs
[2025-10-21T21:26:53.457+0000] {taskinstance.py:1205} INFO - Marking task as SUCCESS. dag_id=gold_layer_aggregation, task_id=setup_gold_environment, execution_date=20251019T200000, start_date=20251021T212652, end_date=20251021T212653
[2025-10-21T21:26:53.503+0000] {local_task_job_runner.py:240} INFO - Task exited with return code 0
[2025-10-21T21:26:53.528+0000] {taskinstance.py:3482} INFO - 3 downstream tasks scheduled from follow-on schedule check
[2025-10-21T21:26:53.530+0000] {local_task_job_runner.py:222} INFO - ::endgroup::
