[2025-10-21T21:04:52.906+0000] {local_task_job_runner.py:120} INFO - ::group::Pre task execution logs
[2025-10-21T21:04:52.924+0000] {taskinstance.py:2073} INFO - Dependencies all met for dep_context=non-requeueable deps ti=<TaskInstance: bronze_layer_ingestion_simple.kaggle_ingestion manual__2025-10-21T21:04:49.503596+00:00 [queued]>
[2025-10-21T21:04:52.930+0000] {taskinstance.py:2073} INFO - Dependencies all met for dep_context=requeueable deps ti=<TaskInstance: bronze_layer_ingestion_simple.kaggle_ingestion manual__2025-10-21T21:04:49.503596+00:00 [queued]>
[2025-10-21T21:04:52.930+0000] {taskinstance.py:2303} INFO - Starting attempt 1 of 3
[2025-10-21T21:04:52.941+0000] {taskinstance.py:2327} INFO - Executing <Task(BashOperator): kaggle_ingestion> on 2025-10-21 21:04:49.503596+00:00
[2025-10-21T21:04:52.947+0000] {warnings.py:110} WARNING - /home/***/.local/lib/python3.12/site-packages/***/task/task_runner/standard_task_runner.py:61: DeprecationWarning: This process (pid=145) is multi-threaded, use of fork() may lead to deadlocks in the child.
  pid = os.fork()

[2025-10-21T21:04:52.949+0000] {standard_task_runner.py:63} INFO - Started process 147 to run task
[2025-10-21T21:04:52.949+0000] {standard_task_runner.py:90} INFO - Running: ['***', 'tasks', 'run', 'bronze_layer_ingestion_simple', 'kaggle_ingestion', 'manual__2025-10-21T21:04:49.503596+00:00', '--job-id', '33', '--raw', '--subdir', 'DAGS_FOLDER/bronze_dag_simple.py', '--cfg-path', '/tmp/tmpolpzgx4o']
[2025-10-21T21:04:52.950+0000] {standard_task_runner.py:91} INFO - Job 33: Subtask kaggle_ingestion
[2025-10-21T21:04:52.961+0000] {warnings.py:110} WARNING - /home/***/.local/lib/python3.12/site-packages/***/settings.py:195: DeprecationWarning: The sql_alchemy_conn option in [core] has been moved to the sql_alchemy_conn option in [database] - the old setting has been used, but please update your config.
  SQL_ALCHEMY_CONN = conf.get("database", "SQL_ALCHEMY_CONN")

[2025-10-21T21:04:52.987+0000] {task_command.py:426} INFO - Running <TaskInstance: bronze_layer_ingestion_simple.kaggle_ingestion manual__2025-10-21T21:04:49.503596+00:00 [running]> on host c8e73316fd62
[2025-10-21T21:04:53.059+0000] {taskinstance.py:2644} INFO - Exporting env vars: AIRFLOW_CTX_DAG_OWNER='afnan_khan' AIRFLOW_CTX_DAG_ID='bronze_layer_ingestion_simple' AIRFLOW_CTX_TASK_ID='kaggle_ingestion' AIRFLOW_CTX_EXECUTION_DATE='2025-10-21T21:04:49.503596+00:00' AIRFLOW_CTX_TRY_NUMBER='1' AIRFLOW_CTX_DAG_RUN_ID='manual__2025-10-21T21:04:49.503596+00:00'
[2025-10-21T21:04:53.061+0000] {taskinstance.py:430} INFO - ::endgroup::
[2025-10-21T21:04:53.071+0000] {subprocess.py:63} INFO - Tmp dir root location: /tmp
[2025-10-21T21:04:53.072+0000] {subprocess.py:75} INFO - Running command: ['/usr/bin/bash', '-c', '\n        echo "===== Running Kaggle Ingestion ====="\n        cd /opt/***/dags/bronze\n        export PYTHONPATH=/opt/***/dags/bronze:$PYTHONPATH\n        python3 kaggle_ingestion.py\n        ']
[2025-10-21T21:04:53.083+0000] {subprocess.py:86} INFO - Output:
[2025-10-21T21:04:53.085+0000] {subprocess.py:93} INFO - ===== Running Kaggle Ingestion =====
[2025-10-21T21:04:54.991+0000] {subprocess.py:93} INFO - INFO:__main__:Starting Kaggle data ingestion process
[2025-10-21T21:04:54.997+0000] {subprocess.py:93} INFO - INFO:__main__:Bucket bronze already exists
[2025-10-21T21:04:54.998+0000] {subprocess.py:93} INFO - INFO:__main__:Downloading dataset: olistbr/brazilian-ecommerce
[2025-10-21T21:05:12.955+0000] {subprocess.py:93} INFO - INFO:__main__:Dataset downloaded successfully
[2025-10-21T21:05:13.161+0000] {subprocess.py:93} INFO - INFO:__main__:Uploaded olist_customers_dataset.csv to kaggle_data/20251021_210512/olist_customers_dataset.csv
[2025-10-21T21:05:13.369+0000] {subprocess.py:93} INFO - INFO:__main__:Uploaded olist_order_reviews_dataset.csv to kaggle_data/20251021_210512/olist_order_reviews_dataset.csv
[2025-10-21T21:05:13.568+0000] {subprocess.py:93} INFO - INFO:__main__:Uploaded olist_order_items_dataset.csv to kaggle_data/20251021_210512/olist_order_items_dataset.csv
[2025-10-21T21:05:13.732+0000] {subprocess.py:93} INFO - INFO:__main__:Uploaded olist_order_payments_dataset.csv to kaggle_data/20251021_210512/olist_order_payments_dataset.csv
[2025-10-21T21:05:13.759+0000] {subprocess.py:93} INFO - INFO:__main__:Uploaded product_category_name_translation.csv to kaggle_data/20251021_210512/product_category_name_translation.csv
[2025-10-21T21:05:13.816+0000] {subprocess.py:93} INFO - INFO:__main__:Uploaded olist_products_dataset.csv to kaggle_data/20251021_210512/olist_products_dataset.csv
[2025-10-21T21:05:14.085+0000] {subprocess.py:93} INFO - INFO:__main__:Uploaded olist_orders_dataset.csv to kaggle_data/20251021_210512/olist_orders_dataset.csv
[2025-10-21T21:05:14.729+0000] {subprocess.py:93} INFO - INFO:__main__:Uploaded olist_geolocation_dataset.csv to kaggle_data/20251021_210512/olist_geolocation_dataset.csv
[2025-10-21T21:05:14.785+0000] {subprocess.py:93} INFO - INFO:__main__:Uploaded olist_sellers_dataset.csv to kaggle_data/20251021_210512/olist_sellers_dataset.csv
[2025-10-21T21:05:14.825+0000] {subprocess.py:93} INFO - INFO:__main__:Cleaned up temporary files
[2025-10-21T21:05:14.826+0000] {subprocess.py:93} INFO - INFO:__main__:Kaggle data ingestion completed successfully
[2025-10-21T21:05:14.826+0000] {subprocess.py:93} INFO - Dataset URL: https://www.kaggle.com/datasets/olistbr/brazilian-ecommerce
[2025-10-21T21:05:14.933+0000] {subprocess.py:97} INFO - Command exited with return code 0
[2025-10-21T21:05:14.934+0000] {taskinstance.py:441} INFO - ::group::Post task execution logs
[2025-10-21T21:05:14.956+0000] {taskinstance.py:1205} INFO - Marking task as SUCCESS. dag_id=bronze_layer_ingestion_simple, task_id=kaggle_ingestion, execution_date=20251021T210449, start_date=20251021T210452, end_date=20251021T210514
[2025-10-21T21:05:08.763+0000] {local_task_job_runner.py:240} INFO - Task exited with return code 0
[2025-10-21T21:05:08.777+0000] {taskinstance.py:3482} INFO - 0 downstream tasks scheduled from follow-on schedule check
[2025-10-21T21:05:08.779+0000] {local_task_job_runner.py:222} INFO - ::endgroup::
