[2025-10-24T11:49:54.823+0000] {local_task_job_runner.py:120} INFO - ::group::Pre task execution logs
[2025-10-24T11:49:54.837+0000] {taskinstance.py:2073} INFO - Dependencies all met for dep_context=non-requeueable deps ti=<TaskInstance: silver_layer_dag.setup_silver_environment manual__2025-10-24T11:49:52.975359+00:00 [queued]>
[2025-10-24T11:49:54.842+0000] {taskinstance.py:2073} INFO - Dependencies all met for dep_context=requeueable deps ti=<TaskInstance: silver_layer_dag.setup_silver_environment manual__2025-10-24T11:49:52.975359+00:00 [queued]>
[2025-10-24T11:49:54.843+0000] {taskinstance.py:2303} INFO - Starting attempt 1 of 2
[2025-10-24T11:49:54.853+0000] {taskinstance.py:2327} INFO - Executing <Task(BashOperator): setup_silver_environment> on 2025-10-24 11:49:52.975359+00:00
[2025-10-24T11:49:54.859+0000] {warnings.py:110} WARNING - /home/***/.local/lib/python3.12/site-packages/***/task/task_runner/standard_task_runner.py:61: DeprecationWarning: This process (pid=73) is multi-threaded, use of fork() may lead to deadlocks in the child.
  pid = os.fork()

[2025-10-24T11:49:54.861+0000] {standard_task_runner.py:63} INFO - Started process 74 to run task
[2025-10-24T11:49:54.860+0000] {standard_task_runner.py:90} INFO - Running: ['***', 'tasks', 'run', 'silver_layer_dag', 'setup_silver_environment', 'manual__2025-10-24T11:49:52.975359+00:00', '--job-id', '333', '--raw', '--subdir', 'DAGS_FOLDER/silver_layer_dag.py', '--cfg-path', '/tmp/tmplgzcc_87']
[2025-10-24T11:49:54.863+0000] {standard_task_runner.py:91} INFO - Job 333: Subtask setup_silver_environment
[2025-10-24T11:49:54.874+0000] {warnings.py:110} WARNING - /home/***/.local/lib/python3.12/site-packages/***/settings.py:195: DeprecationWarning: The sql_alchemy_conn option in [core] has been moved to the sql_alchemy_conn option in [database] - the old setting has been used, but please update your config.
  SQL_ALCHEMY_CONN = conf.get("database", "SQL_ALCHEMY_CONN")

[2025-10-24T11:49:54.902+0000] {task_command.py:426} INFO - Running <TaskInstance: silver_layer_dag.setup_silver_environment manual__2025-10-24T11:49:52.975359+00:00 [running]> on host 56a5bdb7792f
[2025-10-24T11:49:54.974+0000] {taskinstance.py:2644} INFO - Exporting env vars: AIRFLOW_CTX_DAG_OWNER='farheen_muzaffar' AIRFLOW_CTX_DAG_ID='silver_layer_dag' AIRFLOW_CTX_TASK_ID='setup_silver_environment' AIRFLOW_CTX_EXECUTION_DATE='2025-10-24T11:49:52.975359+00:00' AIRFLOW_CTX_TRY_NUMBER='1' AIRFLOW_CTX_DAG_RUN_ID='manual__2025-10-24T11:49:52.975359+00:00'
[2025-10-24T11:49:54.975+0000] {taskinstance.py:430} INFO - ::endgroup::
[2025-10-24T11:49:54.990+0000] {subprocess.py:63} INFO - Tmp dir root location: /tmp
[2025-10-24T11:49:54.992+0000] {subprocess.py:75} INFO - Running command: ['/usr/bin/bash', '-c', '\n        echo "===== Setting up Silver Layer Environment ====="\n        mkdir -p /opt/***/dags/silver\n        echo "✅ Silver environment ready."\n        ']
[2025-10-24T11:49:55.004+0000] {subprocess.py:86} INFO - Output:
[2025-10-24T11:49:55.006+0000] {subprocess.py:93} INFO - ===== Setting up Silver Layer Environment =====
[2025-10-24T11:49:55.011+0000] {subprocess.py:93} INFO - ✅ Silver environment ready.
[2025-10-24T11:49:55.011+0000] {subprocess.py:97} INFO - Command exited with return code 0
[2025-10-24T11:49:55.012+0000] {taskinstance.py:441} INFO - ::group::Post task execution logs
[2025-10-24T11:49:55.036+0000] {taskinstance.py:1205} INFO - Marking task as SUCCESS. dag_id=silver_layer_dag, task_id=setup_silver_environment, execution_date=20251024T114952, start_date=20251024T114954, end_date=20251024T114955
[2025-10-24T11:49:55.074+0000] {local_task_job_runner.py:240} INFO - Task exited with return code 0
[2025-10-24T11:49:55.096+0000] {taskinstance.py:3482} INFO - 1 downstream tasks scheduled from follow-on schedule check
[2025-10-24T11:49:55.099+0000] {local_task_job_runner.py:222} INFO - ::endgroup::
