[2025-10-24T13:13:50.052+0000] {local_task_job_runner.py:120} INFO - ::group::Pre task execution logs
[2025-10-24T13:13:50.067+0000] {taskinstance.py:2073} INFO - Dependencies all met for dep_context=non-requeueable deps ti=<TaskInstance: silver_layer_dag.trigger_gold manual__2025-10-24T13:13:31.306992+00:00 [queued]>
[2025-10-24T13:13:50.072+0000] {taskinstance.py:2073} INFO - Dependencies all met for dep_context=requeueable deps ti=<TaskInstance: silver_layer_dag.trigger_gold manual__2025-10-24T13:13:31.306992+00:00 [queued]>
[2025-10-24T13:13:50.072+0000] {taskinstance.py:2303} INFO - Starting attempt 1 of 2
[2025-10-24T13:13:50.083+0000] {taskinstance.py:2327} INFO - Executing <Task(TriggerDagRunOperator): trigger_gold> on 2025-10-24 13:13:31.306992+00:00
[2025-10-24T13:13:50.088+0000] {warnings.py:110} WARNING - /home/***/.local/lib/python3.12/site-packages/***/task/task_runner/standard_task_runner.py:61: DeprecationWarning: This process (pid=150) is multi-threaded, use of fork() may lead to deadlocks in the child.
  pid = os.fork()

[2025-10-24T13:13:50.090+0000] {standard_task_runner.py:63} INFO - Started process 151 to run task
[2025-10-24T13:13:50.090+0000] {standard_task_runner.py:90} INFO - Running: ['***', 'tasks', 'run', 'silver_layer_dag', 'trigger_gold', 'manual__2025-10-24T13:13:31.306992+00:00', '--job-id', '376', '--raw', '--subdir', 'DAGS_FOLDER/silver_layer_dag.py', '--cfg-path', '/tmp/tmpyjclic4a']
[2025-10-24T13:13:50.091+0000] {standard_task_runner.py:91} INFO - Job 376: Subtask trigger_gold
[2025-10-24T13:13:50.101+0000] {warnings.py:110} WARNING - /home/***/.local/lib/python3.12/site-packages/***/settings.py:195: DeprecationWarning: The sql_alchemy_conn option in [core] has been moved to the sql_alchemy_conn option in [database] - the old setting has been used, but please update your config.
  SQL_ALCHEMY_CONN = conf.get("database", "SQL_ALCHEMY_CONN")

[2025-10-24T13:13:50.126+0000] {task_command.py:426} INFO - Running <TaskInstance: silver_layer_dag.trigger_gold manual__2025-10-24T13:13:31.306992+00:00 [running]> on host 437b7e7e4559
[2025-10-24T13:13:50.187+0000] {taskinstance.py:2644} INFO - Exporting env vars: AIRFLOW_CTX_DAG_OWNER='farheen_muzaffar' AIRFLOW_CTX_DAG_ID='silver_layer_dag' AIRFLOW_CTX_TASK_ID='trigger_gold' AIRFLOW_CTX_EXECUTION_DATE='2025-10-24T13:13:31.306992+00:00' AIRFLOW_CTX_TRY_NUMBER='1' AIRFLOW_CTX_DAG_RUN_ID='manual__2025-10-24T13:13:31.306992+00:00'
[2025-10-24T13:13:50.187+0000] {taskinstance.py:430} INFO - ::endgroup::
[2025-10-24T13:13:50.252+0000] {taskinstance.py:441} INFO - ::group::Post task execution logs
[2025-10-24T13:13:50.259+0000] {taskinstance.py:1205} INFO - Marking task as SUCCESS. dag_id=silver_layer_dag, task_id=trigger_gold, execution_date=20251024T131331, start_date=20251024T131350, end_date=20251024T131350
[2025-10-24T13:13:50.303+0000] {local_task_job_runner.py:240} INFO - Task exited with return code 0
[2025-10-24T13:13:50.315+0000] {taskinstance.py:3482} INFO - 0 downstream tasks scheduled from follow-on schedule check
[2025-10-24T13:13:50.317+0000] {local_task_job_runner.py:222} INFO - ::endgroup::
