[2025-10-24T13:13:36.601+0000] {local_task_job_runner.py:120} INFO - ::group::Pre task execution logs
[2025-10-24T13:13:36.620+0000] {taskinstance.py:2073} INFO - Dependencies all met for dep_context=non-requeueable deps ti=<TaskInstance: silver_layer_dag.run_cleaning manual__2025-10-24T13:13:31.306992+00:00 [queued]>
[2025-10-24T13:13:36.624+0000] {taskinstance.py:2073} INFO - Dependencies all met for dep_context=requeueable deps ti=<TaskInstance: silver_layer_dag.run_cleaning manual__2025-10-24T13:13:31.306992+00:00 [queued]>
[2025-10-24T13:13:36.625+0000] {taskinstance.py:2303} INFO - Starting attempt 1 of 2
[2025-10-24T13:13:36.635+0000] {taskinstance.py:2327} INFO - Executing <Task(BashOperator): run_cleaning> on 2025-10-24 13:13:31.306992+00:00
[2025-10-24T13:13:36.640+0000] {warnings.py:110} WARNING - /home/***/.local/lib/python3.12/site-packages/***/task/task_runner/standard_task_runner.py:61: DeprecationWarning: This process (pid=79) is multi-threaded, use of fork() may lead to deadlocks in the child.
  pid = os.fork()

[2025-10-24T13:13:36.642+0000] {standard_task_runner.py:63} INFO - Started process 80 to run task
[2025-10-24T13:13:36.642+0000] {standard_task_runner.py:90} INFO - Running: ['***', 'tasks', 'run', 'silver_layer_dag', 'run_cleaning', 'manual__2025-10-24T13:13:31.306992+00:00', '--job-id', '374', '--raw', '--subdir', 'DAGS_FOLDER/silver_layer_dag.py', '--cfg-path', '/tmp/tmpxhpzjplf']
[2025-10-24T13:13:36.643+0000] {standard_task_runner.py:91} INFO - Job 374: Subtask run_cleaning
[2025-10-24T13:13:36.655+0000] {warnings.py:110} WARNING - /home/***/.local/lib/python3.12/site-packages/***/settings.py:195: DeprecationWarning: The sql_alchemy_conn option in [core] has been moved to the sql_alchemy_conn option in [database] - the old setting has been used, but please update your config.
  SQL_ALCHEMY_CONN = conf.get("database", "SQL_ALCHEMY_CONN")

[2025-10-24T13:13:36.681+0000] {task_command.py:426} INFO - Running <TaskInstance: silver_layer_dag.run_cleaning manual__2025-10-24T13:13:31.306992+00:00 [running]> on host 437b7e7e4559
[2025-10-24T13:13:36.740+0000] {taskinstance.py:2644} INFO - Exporting env vars: AIRFLOW_CTX_DAG_OWNER='farheen_muzaffar' AIRFLOW_CTX_DAG_ID='silver_layer_dag' AIRFLOW_CTX_TASK_ID='run_cleaning' AIRFLOW_CTX_EXECUTION_DATE='2025-10-24T13:13:31.306992+00:00' AIRFLOW_CTX_TRY_NUMBER='1' AIRFLOW_CTX_DAG_RUN_ID='manual__2025-10-24T13:13:31.306992+00:00'
[2025-10-24T13:13:36.741+0000] {taskinstance.py:430} INFO - ::endgroup::
[2025-10-24T13:13:36.750+0000] {subprocess.py:63} INFO - Tmp dir root location: /tmp
[2025-10-24T13:13:36.751+0000] {subprocess.py:75} INFO - Running command: ['/usr/bin/bash', '-c', '\n        echo "===== Running Silver Cleaning Script ====="\n        cd /opt/***/dags/silver\n        export PYTHONPATH=/opt/***/dags/silver:$PYTHONPATH\n        python3 silver_cleaning.py\n        ']
[2025-10-24T13:13:36.760+0000] {subprocess.py:86} INFO - Output:
[2025-10-24T13:13:36.761+0000] {subprocess.py:93} INFO - ===== Running Silver Cleaning Script =====
[2025-10-24T13:13:47.515+0000] {subprocess.py:93} INFO - Selected kaggle folder: 20251024_112739
[2025-10-24T13:13:47.515+0000] {subprocess.py:93} INFO - Selected api folders: ['20251024_112722']
[2025-10-24T13:13:47.516+0000] {subprocess.py:93} INFO - Attempting download: kaggle_data/20251024_112739/olist_customers_dataset.csv
[2025-10-24T13:13:47.516+0000] {subprocess.py:93} INFO - Uploading cleaned parquet to silver/kaggle/20251024_112739/olist_customers_cleaned.parquet ...
[2025-10-24T13:13:47.516+0000] {subprocess.py:93} INFO - Uploaded: kaggle/20251024_112739/olist_customers_cleaned.parquet
[2025-10-24T13:13:47.516+0000] {subprocess.py:93} INFO - Attempting download: kaggle_data/20251024_112739/olist_products_dataset.csv
[2025-10-24T13:13:47.517+0000] {subprocess.py:93} INFO - Uploading cleaned parquet to silver/kaggle/20251024_112739/olist_products_cleaned.parquet ...
[2025-10-24T13:13:47.517+0000] {subprocess.py:93} INFO - Uploaded: kaggle/20251024_112739/olist_products_cleaned.parquet
[2025-10-24T13:13:47.517+0000] {subprocess.py:93} INFO - Attempting download: kaggle_data/20251024_112739/olist_sellers_dataset.csv
[2025-10-24T13:13:47.518+0000] {subprocess.py:93} INFO - Uploading cleaned parquet to silver/kaggle/20251024_112739/olist_sellers_cleaned.parquet ...
[2025-10-24T13:13:47.518+0000] {subprocess.py:93} INFO - Uploaded: kaggle/20251024_112739/olist_sellers_cleaned.parquet
[2025-10-24T13:13:47.518+0000] {subprocess.py:93} INFO - Attempting download: kaggle_data/20251024_112739/olist_orders_dataset.csv
[2025-10-24T13:13:47.518+0000] {subprocess.py:93} INFO - Uploading cleaned parquet to silver/kaggle/20251024_112739/olist_orders_cleaned.parquet ...
[2025-10-24T13:13:47.519+0000] {subprocess.py:93} INFO - Uploaded: kaggle/20251024_112739/olist_orders_cleaned.parquet
[2025-10-24T13:13:47.519+0000] {subprocess.py:93} INFO - Attempting download: kaggle_data/20251024_112739/olist_order_items_dataset.csv
[2025-10-24T13:13:47.519+0000] {subprocess.py:93} INFO - Uploading cleaned parquet to silver/kaggle/20251024_112739/olist_order_items_cleaned.parquet ...
[2025-10-24T13:13:47.520+0000] {subprocess.py:93} INFO - Uploaded: kaggle/20251024_112739/olist_order_items_cleaned.parquet
[2025-10-24T13:13:47.520+0000] {subprocess.py:93} INFO - Attempting download: kaggle_data/20251024_112739/olist_order_payments_dataset.csv
[2025-10-24T13:13:47.520+0000] {subprocess.py:93} INFO - Uploading cleaned parquet to silver/kaggle/20251024_112739/olist_order_payments_cleaned.parquet ...
[2025-10-24T13:13:47.520+0000] {subprocess.py:93} INFO - Uploaded: kaggle/20251024_112739/olist_order_payments_cleaned.parquet
[2025-10-24T13:13:47.521+0000] {subprocess.py:93} INFO - Attempting download: kaggle_data/20251024_112739/olist_order_reviews_dataset.csv
[2025-10-24T13:13:47.521+0000] {subprocess.py:93} INFO - Uploading cleaned parquet to silver/kaggle/20251024_112739/olist_order_reviews_cleaned.parquet ...
[2025-10-24T13:13:47.521+0000] {subprocess.py:93} INFO - Uploaded: kaggle/20251024_112739/olist_order_reviews_cleaned.parquet
[2025-10-24T13:13:47.521+0000] {subprocess.py:93} INFO - Attempting download: kaggle_data/20251024_112739/olist_geolocation_dataset.csv
[2025-10-24T13:13:47.522+0000] {subprocess.py:93} INFO - Uploading cleaned parquet to silver/kaggle/20251024_112739/olist_geolocation_cleaned.parquet ...
[2025-10-24T13:13:47.522+0000] {subprocess.py:93} INFO - Uploaded: kaggle/20251024_112739/olist_geolocation_cleaned.parquet
[2025-10-24T13:13:47.522+0000] {subprocess.py:93} INFO - Attempting download: kaggle_data/20251024_112739/product_category_name_translation.csv
[2025-10-24T13:13:47.522+0000] {subprocess.py:93} INFO - Uploading cleaned parquet to silver/kaggle/20251024_112739/product_category_name_translation_cleaned.parquet ...
[2025-10-24T13:13:47.523+0000] {subprocess.py:93} INFO - Uploaded: kaggle/20251024_112739/product_category_name_translation_cleaned.parquet
[2025-10-24T13:13:47.523+0000] {subprocess.py:93} INFO - Attempting download: api_data/20251024_112722/products.json
[2025-10-24T13:13:47.523+0000] {subprocess.py:93} INFO - Uploading cleaned API parquet to silver/api/20251024_112722/api_products_cleaned.parquet ...
[2025-10-24T13:13:47.523+0000] {subprocess.py:93} INFO - Uploaded: api/20251024_112722/api_products_cleaned.parquet
[2025-10-24T13:13:47.524+0000] {subprocess.py:93} INFO - Attempting download: api_data/20251024_112722/users.json
[2025-10-24T13:13:47.524+0000] {subprocess.py:93} INFO - Uploading cleaned API parquet to silver/api/20251024_112722/api_users_cleaned.parquet ...
[2025-10-24T13:13:47.524+0000] {subprocess.py:93} INFO - Uploaded: api/20251024_112722/api_users_cleaned.parquet
[2025-10-24T13:13:47.524+0000] {subprocess.py:93} INFO - Silver cleaning finished successfully.
[2025-10-24T13:13:47.579+0000] {subprocess.py:97} INFO - Command exited with return code 0
[2025-10-24T13:13:47.579+0000] {taskinstance.py:441} INFO - ::group::Post task execution logs
[2025-10-24T13:13:47.600+0000] {taskinstance.py:1205} INFO - Marking task as SUCCESS. dag_id=silver_layer_dag, task_id=run_cleaning, execution_date=20251024T131331, start_date=20251024T131336, end_date=20251024T131347
[2025-10-24T13:13:47.624+0000] {local_task_job_runner.py:240} INFO - Task exited with return code 0
[2025-10-24T13:13:47.640+0000] {taskinstance.py:3482} INFO - 1 downstream tasks scheduled from follow-on schedule check
[2025-10-24T13:13:47.643+0000] {local_task_job_runner.py:222} INFO - ::endgroup::
