[2025-10-22T12:13:44.234+0000] {local_task_job_runner.py:120} INFO - ::group::Pre task execution logs
[2025-10-22T12:13:44.247+0000] {taskinstance.py:2073} INFO - Dependencies all met for dep_context=non-requeueable deps ti=<TaskInstance: bronze_dag_simple.kaggle_ingestion manual__2025-10-22T12:11:23.145267+00:00 [queued]>
[2025-10-22T12:13:44.251+0000] {taskinstance.py:2073} INFO - Dependencies all met for dep_context=requeueable deps ti=<TaskInstance: bronze_dag_simple.kaggle_ingestion manual__2025-10-22T12:11:23.145267+00:00 [queued]>
[2025-10-22T12:13:44.252+0000] {taskinstance.py:2303} INFO - Starting attempt 1 of 3
[2025-10-22T12:13:44.262+0000] {taskinstance.py:2327} INFO - Executing <Task(BashOperator): kaggle_ingestion> on 2025-10-22 12:11:23.145267+00:00
[2025-10-22T12:13:44.267+0000] {warnings.py:110} WARNING - /home/***/.local/lib/python3.12/site-packages/***/task/task_runner/standard_task_runner.py:61: DeprecationWarning: This process (pid=1696) is multi-threaded, use of fork() may lead to deadlocks in the child.
  pid = os.fork()

[2025-10-22T12:13:44.269+0000] {standard_task_runner.py:63} INFO - Started process 1698 to run task
[2025-10-22T12:13:44.269+0000] {standard_task_runner.py:90} INFO - Running: ['***', 'tasks', 'run', 'bronze_dag_simple', 'kaggle_ingestion', 'manual__2025-10-22T12:11:23.145267+00:00', '--job-id', '54', '--raw', '--subdir', 'DAGS_FOLDER/bronze_dag_simple.py', '--cfg-path', '/tmp/tmpzdjvtko0']
[2025-10-22T12:13:44.270+0000] {standard_task_runner.py:91} INFO - Job 54: Subtask kaggle_ingestion
[2025-10-22T12:13:44.281+0000] {warnings.py:110} WARNING - /home/***/.local/lib/python3.12/site-packages/***/settings.py:195: DeprecationWarning: The sql_alchemy_conn option in [core] has been moved to the sql_alchemy_conn option in [database] - the old setting has been used, but please update your config.
  SQL_ALCHEMY_CONN = conf.get("database", "SQL_ALCHEMY_CONN")

[2025-10-22T12:13:44.304+0000] {task_command.py:426} INFO - Running <TaskInstance: bronze_dag_simple.kaggle_ingestion manual__2025-10-22T12:11:23.145267+00:00 [running]> on host 106a2f4786f4
[2025-10-22T12:13:44.366+0000] {taskinstance.py:2644} INFO - Exporting env vars: AIRFLOW_CTX_DAG_OWNER='afnan_khan' AIRFLOW_CTX_DAG_ID='bronze_dag_simple' AIRFLOW_CTX_TASK_ID='kaggle_ingestion' AIRFLOW_CTX_EXECUTION_DATE='2025-10-22T12:11:23.145267+00:00' AIRFLOW_CTX_TRY_NUMBER='1' AIRFLOW_CTX_DAG_RUN_ID='manual__2025-10-22T12:11:23.145267+00:00'
[2025-10-22T12:13:44.367+0000] {taskinstance.py:430} INFO - ::endgroup::
[2025-10-22T12:13:44.376+0000] {subprocess.py:63} INFO - Tmp dir root location: /tmp
[2025-10-22T12:13:44.376+0000] {subprocess.py:75} INFO - Running command: ['/usr/bin/bash', '-c', '\n        echo "===== Running Kaggle Ingestion ====="\n        cd /opt/***/dags/bronze\n        export PYTHONPATH=/opt/***/dags/bronze:$PYTHONPATH\n        python3 kaggle_ingestion.py\n        ']
[2025-10-22T12:13:44.387+0000] {subprocess.py:86} INFO - Output:
[2025-10-22T12:13:44.388+0000] {subprocess.py:93} INFO - ===== Running Kaggle Ingestion =====
[2025-10-22T12:13:45.223+0000] {subprocess.py:93} INFO - INFO:__main__:Starting Kaggle data ingestion process
[2025-10-22T12:13:45.226+0000] {subprocess.py:93} INFO - INFO:__main__:Bucket bronze already exists
[2025-10-22T12:13:45.227+0000] {subprocess.py:93} INFO - INFO:__main__:Downloading dataset: olistbr/brazilian-ecommerce
[2025-10-22T12:13:29.298+0000] {subprocess.py:93} INFO - INFO:__main__:Dataset downloaded successfully
[2025-10-22T12:13:29.472+0000] {subprocess.py:93} INFO - INFO:__main__:Uploaded olist_customers_dataset.csv to kaggle_data/20251022_121329/olist_customers_dataset.csv
[2025-10-22T12:13:29.674+0000] {subprocess.py:93} INFO - INFO:__main__:Uploaded olist_order_reviews_dataset.csv to kaggle_data/20251022_121329/olist_order_reviews_dataset.csv
[2025-10-22T12:13:29.895+0000] {subprocess.py:93} INFO - INFO:__main__:Uploaded olist_order_items_dataset.csv to kaggle_data/20251022_121329/olist_order_items_dataset.csv
[2025-10-22T12:13:30.047+0000] {subprocess.py:93} INFO - INFO:__main__:Uploaded olist_order_payments_dataset.csv to kaggle_data/20251022_121329/olist_order_payments_dataset.csv
[2025-10-22T12:13:30.072+0000] {subprocess.py:93} INFO - INFO:__main__:Uploaded product_category_name_translation.csv to kaggle_data/20251022_121329/product_category_name_translation.csv
[2025-10-22T12:13:30.137+0000] {subprocess.py:93} INFO - INFO:__main__:Uploaded olist_products_dataset.csv to kaggle_data/20251022_121329/olist_products_dataset.csv
[2025-10-22T12:13:30.412+0000] {subprocess.py:93} INFO - INFO:__main__:Uploaded olist_orders_dataset.csv to kaggle_data/20251022_121329/olist_orders_dataset.csv
[2025-10-22T12:13:31.087+0000] {subprocess.py:93} INFO - INFO:__main__:Uploaded olist_geolocation_dataset.csv to kaggle_data/20251022_121329/olist_geolocation_dataset.csv
[2025-10-22T12:13:31.133+0000] {subprocess.py:93} INFO - INFO:__main__:Uploaded olist_sellers_dataset.csv to kaggle_data/20251022_121329/olist_sellers_dataset.csv
[2025-10-22T12:13:31.172+0000] {subprocess.py:93} INFO - INFO:__main__:Cleaned up temporary files
[2025-10-22T12:13:31.172+0000] {subprocess.py:93} INFO - INFO:__main__:Kaggle data ingestion completed successfully
[2025-10-22T12:13:31.173+0000] {subprocess.py:93} INFO - Dataset URL: https://www.kaggle.com/datasets/olistbr/brazilian-ecommerce
[2025-10-22T12:13:31.251+0000] {subprocess.py:97} INFO - Command exited with return code 0
[2025-10-22T12:13:31.252+0000] {taskinstance.py:441} INFO - ::group::Post task execution logs
[2025-10-22T12:13:31.276+0000] {taskinstance.py:1205} INFO - Marking task as SUCCESS. dag_id=bronze_dag_simple, task_id=kaggle_ingestion, execution_date=20251022T121123, start_date=20251022T121344, end_date=20251022T121331
[2025-10-22T12:13:31.318+0000] {local_task_job_runner.py:240} INFO - Task exited with return code 0
[2025-10-22T12:13:31.353+0000] {taskinstance.py:3482} INFO - 1 downstream tasks scheduled from follow-on schedule check
[2025-10-22T12:13:31.357+0000] {local_task_job_runner.py:222} INFO - ::endgroup::
