[2025-10-21T21:37:01.891+0000] {local_task_job_runner.py:120} INFO - ::group::Pre task execution logs
[2025-10-21T21:37:01.909+0000] {taskinstance.py:2073} INFO - Dependencies all met for dep_context=non-requeueable deps ti=<TaskInstance: gold_layer_aggregation.setup_gold_environment scheduled__2025-10-20T20:00:00+00:00 [queued]>
[2025-10-21T21:37:01.915+0000] {taskinstance.py:2073} INFO - Dependencies all met for dep_context=requeueable deps ti=<TaskInstance: gold_layer_aggregation.setup_gold_environment scheduled__2025-10-20T20:00:00+00:00 [queued]>
[2025-10-21T21:37:01.915+0000] {taskinstance.py:2303} INFO - Starting attempt 1 of 3
[2025-10-21T21:37:01.926+0000] {taskinstance.py:2327} INFO - Executing <Task(BashOperator): setup_gold_environment> on 2025-10-20 20:00:00+00:00
[2025-10-21T21:37:01.932+0000] {warnings.py:110} WARNING - /home/***/.local/lib/python3.12/site-packages/***/task/task_runner/standard_task_runner.py:61: DeprecationWarning: This process (pid=489) is multi-threaded, use of fork() may lead to deadlocks in the child.
  pid = os.fork()

[2025-10-21T21:37:01.934+0000] {standard_task_runner.py:63} INFO - Started process 490 to run task
[2025-10-21T21:37:01.934+0000] {standard_task_runner.py:90} INFO - Running: ['***', 'tasks', 'run', 'gold_layer_aggregation', 'setup_gold_environment', 'scheduled__2025-10-20T20:00:00+00:00', '--job-id', '47', '--raw', '--subdir', 'DAGS_FOLDER/gold_dag.py', '--cfg-path', '/tmp/tmp7en7ao4z']
[2025-10-21T21:37:01.936+0000] {standard_task_runner.py:91} INFO - Job 47: Subtask setup_gold_environment
[2025-10-21T21:37:01.947+0000] {warnings.py:110} WARNING - /home/***/.local/lib/python3.12/site-packages/***/settings.py:195: DeprecationWarning: The sql_alchemy_conn option in [core] has been moved to the sql_alchemy_conn option in [database] - the old setting has been used, but please update your config.
  SQL_ALCHEMY_CONN = conf.get("database", "SQL_ALCHEMY_CONN")

[2025-10-21T21:37:01.977+0000] {task_command.py:426} INFO - Running <TaskInstance: gold_layer_aggregation.setup_gold_environment scheduled__2025-10-20T20:00:00+00:00 [running]> on host c8e73316fd62
[2025-10-21T21:37:02.048+0000] {taskinstance.py:2644} INFO - Exporting env vars: AIRFLOW_CTX_DAG_OWNER='ghazal_e_ashar' AIRFLOW_CTX_DAG_ID='gold_layer_aggregation' AIRFLOW_CTX_TASK_ID='setup_gold_environment' AIRFLOW_CTX_EXECUTION_DATE='2025-10-20T20:00:00+00:00' AIRFLOW_CTX_TRY_NUMBER='1' AIRFLOW_CTX_DAG_RUN_ID='scheduled__2025-10-20T20:00:00+00:00'
[2025-10-21T21:37:02.048+0000] {taskinstance.py:430} INFO - ::endgroup::
[2025-10-21T21:37:02.058+0000] {subprocess.py:63} INFO - Tmp dir root location: /tmp
[2025-10-21T21:37:02.059+0000] {subprocess.py:75} INFO - Running command: ['/usr/bin/bash', '-c', '\necho "Gold environment bootstrap (no package install). Running quick config check..."\npython3 - <<\'PY\'\n\nimport os\nfrom pyspark.sql import SparkSession, functions as F\n\nos.environ[\'AWS_ACCESS_KEY_ID\'] = \'minioadmin\'\nos.environ[\'AWS_SECRET_ACCESS_KEY\'] = \'minioadmin\'\nos.environ[\'SPARK_LOCAL_IP\'] = \'127.0.0.1\'\n\nPOSTGRES_URL = "jdbc:postgresql://postgres:5432/***"\nPOSTGRES_PROPERTIES = {\n    "user": "***",\n    "password": "***",\n    "driver": "org.postgresql.Driver"\n}\n\nspark = SparkSession.builder \\\n    .appName("GoldLayerProcessing") \\\n    .config("spark.hadoop.fs.s3a.endpoint", "http://minio:9000") \\\n    .config("spark.hadoop.fs.s3a.access.key", "minioadmin") \\\n    .config("spark.hadoop.fs.s3a.secret.key", "minioadmin") \\\n    .config("spark.hadoop.fs.s3a.impl", "org.apache.hadoop.fs.s3a.S3AFileSystem") \\\n    .config("spark.jars.packages", \n            "org.apache.hadoop:hadoop-aws:3.3.4,"\n            "com.amazonaws:aws-java-sdk-s3:1.12.570,"\n            "org.postgresql:postgresql:42.7.1") \\\n    .config("spark.sql.warehouse.dir", "/tmp/spark-warehouse") \\\n    .getOrCreate()\n\nfrom minio import Minio\nclient = Minio(\'minio:9000\', access_key=\'minioadmin\', secret_key=\'minioadmin\', secure=False)\n\nif not client.bucket_exists(\'gold\'):\n    client.make_bucket(\'gold\')\n    print("Gold bucket created")\nelse:\n    print("Gold bucket already exists")\n\nSILVER_PATH = "s3a://silver"\nGOLD_PATH = "s3a://gold"\n\nprint("Spark session established and MinIO check completed.")\nspark.stop()\nPY\necho "Gold environment setup completed"']
[2025-10-21T21:37:02.071+0000] {subprocess.py:86} INFO - Output:
[2025-10-21T21:37:02.073+0000] {subprocess.py:93} INFO - Gold environment bootstrap (no package install). Running quick config check...
[2025-10-21T21:37:02.522+0000] {subprocess.py:93} INFO - JAVA_HOME is not set
[2025-10-21T21:37:02.606+0000] {subprocess.py:93} INFO - Traceback (most recent call last):
[2025-10-21T21:37:02.606+0000] {subprocess.py:93} INFO -   File "<stdin>", line 27, in <module>
[2025-10-21T21:37:02.606+0000] {subprocess.py:93} INFO -   File "/home/***/.local/lib/python3.12/site-packages/pyspark/sql/session.py", line 556, in getOrCreate
[2025-10-21T21:37:02.607+0000] {subprocess.py:93} INFO -     sc = SparkContext.getOrCreate(sparkConf)
[2025-10-21T21:37:02.607+0000] {subprocess.py:93} INFO -          ^^^^^^^^^^^^^^^^^^^^^^^^^^^^^^^^^^^
[2025-10-21T21:37:02.607+0000] {subprocess.py:93} INFO -   File "/home/***/.local/lib/python3.12/site-packages/pyspark/core/context.py", line 523, in getOrCreate
[2025-10-21T21:37:02.608+0000] {subprocess.py:93} INFO -     SparkContext(conf=conf or SparkConf())
[2025-10-21T21:37:02.608+0000] {subprocess.py:93} INFO -   File "/home/***/.local/lib/python3.12/site-packages/pyspark/core/context.py", line 205, in __init__
[2025-10-21T21:37:02.608+0000] {subprocess.py:93} INFO -     SparkContext._ensure_initialized(self, gateway=gateway, conf=conf)
[2025-10-21T21:37:02.608+0000] {subprocess.py:93} INFO -   File "/home/***/.local/lib/python3.12/site-packages/pyspark/core/context.py", line 444, in _ensure_initialized
[2025-10-21T21:37:02.609+0000] {subprocess.py:93} INFO -     SparkContext._gateway = gateway or launch_gateway(conf)
[2025-10-21T21:37:02.609+0000] {subprocess.py:93} INFO -                                        ^^^^^^^^^^^^^^^^^^^^
[2025-10-21T21:37:02.609+0000] {subprocess.py:93} INFO -   File "/home/***/.local/lib/python3.12/site-packages/pyspark/java_gateway.py", line 111, in launch_gateway
[2025-10-21T21:37:02.610+0000] {subprocess.py:93} INFO -     raise PySparkRuntimeError(
[2025-10-21T21:37:02.610+0000] {subprocess.py:93} INFO - pyspark.errors.exceptions.base.PySparkRuntimeError: [JAVA_GATEWAY_EXITED] Java gateway process exited before sending its port number.
[2025-10-21T21:37:02.642+0000] {subprocess.py:93} INFO - Gold environment setup completed
[2025-10-21T21:37:02.643+0000] {subprocess.py:97} INFO - Command exited with return code 0
[2025-10-21T21:37:02.644+0000] {taskinstance.py:441} INFO - ::group::Post task execution logs
[2025-10-21T21:37:02.664+0000] {taskinstance.py:1205} INFO - Marking task as SUCCESS. dag_id=gold_layer_aggregation, task_id=setup_gold_environment, execution_date=20251020T200000, start_date=20251021T213701, end_date=20251021T213702
[2025-10-21T21:37:02.709+0000] {local_task_job_runner.py:240} INFO - Task exited with return code 0
[2025-10-21T21:37:02.732+0000] {taskinstance.py:3482} INFO - 3 downstream tasks scheduled from follow-on schedule check
[2025-10-21T21:37:02.735+0000] {local_task_job_runner.py:222} INFO - ::endgroup::
[2025-10-22T09:38:46.750+0000] {local_task_job_runner.py:120} INFO - ::group::Pre task execution logs
[2025-10-22T09:38:46.770+0000] {taskinstance.py:2073} INFO - Dependencies all met for dep_context=non-requeueable deps ti=<TaskInstance: gold_layer_aggregation.setup_gold_environment scheduled__2025-10-20T20:00:00+00:00 [queued]>
[2025-10-22T09:38:46.777+0000] {taskinstance.py:2073} INFO - Dependencies all met for dep_context=requeueable deps ti=<TaskInstance: gold_layer_aggregation.setup_gold_environment scheduled__2025-10-20T20:00:00+00:00 [queued]>
[2025-10-22T09:38:46.777+0000] {taskinstance.py:2303} INFO - Starting attempt 1 of 3
[2025-10-22T09:38:46.790+0000] {taskinstance.py:2327} INFO - Executing <Task(BashOperator): setup_gold_environment> on 2025-10-20 20:00:00+00:00
[2025-10-22T09:38:46.798+0000] {warnings.py:110} WARNING - /home/***/.local/lib/python3.12/site-packages/***/task/task_runner/standard_task_runner.py:61: DeprecationWarning: This process (pid=147) is multi-threaded, use of fork() may lead to deadlocks in the child.
  pid = os.fork()

[2025-10-22T09:38:46.800+0000] {standard_task_runner.py:63} INFO - Started process 155 to run task
[2025-10-22T09:38:46.799+0000] {standard_task_runner.py:90} INFO - Running: ['***', 'tasks', 'run', 'gold_layer_aggregation', 'setup_gold_environment', 'scheduled__2025-10-20T20:00:00+00:00', '--job-id', '108', '--raw', '--subdir', 'DAGS_FOLDER/gold_dag.py', '--cfg-path', '/tmp/tmpuaxnq_9w']
[2025-10-22T09:38:46.802+0000] {standard_task_runner.py:91} INFO - Job 108: Subtask setup_gold_environment
[2025-10-22T09:38:46.815+0000] {warnings.py:110} WARNING - /home/***/.local/lib/python3.12/site-packages/***/settings.py:195: DeprecationWarning: The sql_alchemy_conn option in [core] has been moved to the sql_alchemy_conn option in [database] - the old setting has been used, but please update your config.
  SQL_ALCHEMY_CONN = conf.get("database", "SQL_ALCHEMY_CONN")

[2025-10-22T09:38:46.853+0000] {task_command.py:426} INFO - Running <TaskInstance: gold_layer_aggregation.setup_gold_environment scheduled__2025-10-20T20:00:00+00:00 [running]> on host 0586f0d5111d
[2025-10-22T09:38:46.930+0000] {taskinstance.py:2644} INFO - Exporting env vars: AIRFLOW_CTX_DAG_OWNER='ghazal_e_ashar' AIRFLOW_CTX_DAG_ID='gold_layer_aggregation' AIRFLOW_CTX_TASK_ID='setup_gold_environment' AIRFLOW_CTX_EXECUTION_DATE='2025-10-20T20:00:00+00:00' AIRFLOW_CTX_TRY_NUMBER='1' AIRFLOW_CTX_DAG_RUN_ID='scheduled__2025-10-20T20:00:00+00:00'
[2025-10-22T09:38:46.931+0000] {taskinstance.py:430} INFO - ::endgroup::
[2025-10-22T09:38:46.942+0000] {subprocess.py:63} INFO - Tmp dir root location: /tmp
[2025-10-22T09:38:46.944+0000] {subprocess.py:75} INFO - Running command: ['/usr/bin/bash', '-c', '\necho "Gold environment bootstrap (no package install). Running quick config check..."\npython3 - <<\'PY\'\n\nimport os\nfrom pyspark.sql import SparkSession, functions as F\n\nos.environ[\'AWS_ACCESS_KEY_ID\'] = \'minioadmin\'\nos.environ[\'AWS_SECRET_ACCESS_KEY\'] = \'minioadmin\'\nos.environ[\'SPARK_LOCAL_IP\'] = \'127.0.0.1\'\n\nPOSTGRES_URL = "jdbc:postgresql://postgres:5432/***"\nPOSTGRES_PROPERTIES = {\n    "user": "***",\n    "password": "***",\n    "driver": "org.postgresql.Driver"\n}\n\nspark = SparkSession.builder \\\n    .appName("GoldLayerProcessing") \\\n    .config("spark.hadoop.fs.s3a.endpoint", "http://minio:9000") \\\n    .config("spark.hadoop.fs.s3a.access.key", "minioadmin") \\\n    .config("spark.hadoop.fs.s3a.secret.key", "minioadmin") \\\n    .config("spark.hadoop.fs.s3a.impl", "org.apache.hadoop.fs.s3a.S3AFileSystem") \\\n    .config("spark.jars.packages", \n            "org.apache.hadoop:hadoop-aws:3.3.4,"\n            "com.amazonaws:aws-java-sdk-s3:1.12.570,"\n            "org.postgresql:postgresql:42.7.1") \\\n    .config("spark.sql.warehouse.dir", "/tmp/spark-warehouse") \\\n    .getOrCreate()\n\nfrom minio import Minio\nclient = Minio(\'minio:9000\', access_key=\'minioadmin\', secret_key=\'minioadmin\', secure=False)\n\nif not client.bucket_exists(\'gold\'):\n    client.make_bucket(\'gold\')\n    print("Gold bucket created")\nelse:\n    print("Gold bucket already exists")\n\nSILVER_PATH = "s3a://silver"\nGOLD_PATH = "s3a://gold"\n\nprint("Spark session established and MinIO check completed.")\nspark.stop()\nPY\necho "Gold environment setup completed"']
[2025-10-22T09:38:46.955+0000] {subprocess.py:86} INFO - Output:
[2025-10-22T09:38:46.957+0000] {subprocess.py:93} INFO - Gold environment bootstrap (no package install). Running quick config check...
[2025-10-22T09:38:47.561+0000] {subprocess.py:93} INFO - JAVA_HOME is not set
[2025-10-22T09:38:47.639+0000] {subprocess.py:93} INFO - Traceback (most recent call last):
[2025-10-22T09:38:47.640+0000] {subprocess.py:93} INFO -   File "<stdin>", line 27, in <module>
[2025-10-22T09:38:47.640+0000] {subprocess.py:93} INFO -   File "/home/***/.local/lib/python3.12/site-packages/pyspark/sql/session.py", line 556, in getOrCreate
[2025-10-22T09:38:47.640+0000] {subprocess.py:93} INFO -     sc = SparkContext.getOrCreate(sparkConf)
[2025-10-22T09:38:47.641+0000] {subprocess.py:93} INFO -          ^^^^^^^^^^^^^^^^^^^^^^^^^^^^^^^^^^^
[2025-10-22T09:38:47.641+0000] {subprocess.py:93} INFO -   File "/home/***/.local/lib/python3.12/site-packages/pyspark/core/context.py", line 523, in getOrCreate
[2025-10-22T09:38:47.641+0000] {subprocess.py:93} INFO -     SparkContext(conf=conf or SparkConf())
[2025-10-22T09:38:47.642+0000] {subprocess.py:93} INFO -   File "/home/***/.local/lib/python3.12/site-packages/pyspark/core/context.py", line 205, in __init__
[2025-10-22T09:38:47.642+0000] {subprocess.py:93} INFO -     SparkContext._ensure_initialized(self, gateway=gateway, conf=conf)
[2025-10-22T09:38:47.642+0000] {subprocess.py:93} INFO -   File "/home/***/.local/lib/python3.12/site-packages/pyspark/core/context.py", line 444, in _ensure_initialized
[2025-10-22T09:38:47.643+0000] {subprocess.py:93} INFO -     SparkContext._gateway = gateway or launch_gateway(conf)
[2025-10-22T09:38:47.643+0000] {subprocess.py:93} INFO -                                        ^^^^^^^^^^^^^^^^^^^^
[2025-10-22T09:38:47.643+0000] {subprocess.py:93} INFO -   File "/home/***/.local/lib/python3.12/site-packages/pyspark/java_gateway.py", line 111, in launch_gateway
[2025-10-22T09:38:47.644+0000] {subprocess.py:93} INFO -     raise PySparkRuntimeError(
[2025-10-22T09:38:47.644+0000] {subprocess.py:93} INFO - pyspark.errors.exceptions.base.PySparkRuntimeError: [JAVA_GATEWAY_EXITED] Java gateway process exited before sending its port number.
[2025-10-22T09:38:47.692+0000] {subprocess.py:93} INFO - Gold environment setup completed
[2025-10-22T09:38:47.692+0000] {subprocess.py:97} INFO - Command exited with return code 0
[2025-10-22T09:38:47.693+0000] {taskinstance.py:441} INFO - ::group::Post task execution logs
[2025-10-22T09:38:47.718+0000] {taskinstance.py:1205} INFO - Marking task as SUCCESS. dag_id=gold_layer_aggregation, task_id=setup_gold_environment, execution_date=20251020T200000, start_date=20251022T093846, end_date=20251022T093847
[2025-10-22T09:38:47.776+0000] {local_task_job_runner.py:240} INFO - Task exited with return code 0
[2025-10-22T09:38:47.812+0000] {taskinstance.py:3482} INFO - 3 downstream tasks scheduled from follow-on schedule check
[2025-10-22T09:38:47.814+0000] {local_task_job_runner.py:222} INFO - ::endgroup::
[2025-10-22T10:10:49.759+0000] {local_task_job_runner.py:120} INFO - ::group::Pre task execution logs
[2025-10-22T10:10:49.780+0000] {taskinstance.py:2073} INFO - Dependencies all met for dep_context=non-requeueable deps ti=<TaskInstance: gold_layer_aggregation.setup_gold_environment scheduled__2025-10-20T20:00:00+00:00 [queued]>
[2025-10-22T10:10:49.789+0000] {taskinstance.py:2073} INFO - Dependencies all met for dep_context=requeueable deps ti=<TaskInstance: gold_layer_aggregation.setup_gold_environment scheduled__2025-10-20T20:00:00+00:00 [queued]>
[2025-10-22T10:10:49.789+0000] {taskinstance.py:2303} INFO - Starting attempt 1 of 3
[2025-10-22T10:10:49.805+0000] {taskinstance.py:2327} INFO - Executing <Task(BashOperator): setup_gold_environment> on 2025-10-20 20:00:00+00:00
[2025-10-22T10:10:49.820+0000] {warnings.py:110} WARNING - /home/***/.local/lib/python3.12/site-packages/***/task/task_runner/standard_task_runner.py:61: DeprecationWarning: This process (pid=135) is multi-threaded, use of fork() may lead to deadlocks in the child.
  pid = os.fork()

[2025-10-22T10:10:49.822+0000] {standard_task_runner.py:63} INFO - Started process 136 to run task
[2025-10-22T10:10:49.818+0000] {standard_task_runner.py:90} INFO - Running: ['***', 'tasks', 'run', 'gold_layer_aggregation', 'setup_gold_environment', 'scheduled__2025-10-20T20:00:00+00:00', '--job-id', '6', '--raw', '--subdir', 'DAGS_FOLDER/gold_dag.py', '--cfg-path', '/tmp/tmpkbohjfod']
[2025-10-22T10:10:49.828+0000] {standard_task_runner.py:91} INFO - Job 6: Subtask setup_gold_environment
[2025-10-22T10:10:49.847+0000] {warnings.py:110} WARNING - /home/***/.local/lib/python3.12/site-packages/***/settings.py:195: DeprecationWarning: The sql_alchemy_conn option in [core] has been moved to the sql_alchemy_conn option in [database] - the old setting has been used, but please update your config.
  SQL_ALCHEMY_CONN = conf.get("database", "SQL_ALCHEMY_CONN")

[2025-10-22T10:10:49.906+0000] {task_command.py:426} INFO - Running <TaskInstance: gold_layer_aggregation.setup_gold_environment scheduled__2025-10-20T20:00:00+00:00 [running]> on host 7df8b8276d1d
[2025-10-22T10:10:50.034+0000] {taskinstance.py:2644} INFO - Exporting env vars: AIRFLOW_CTX_DAG_OWNER='ghazal_e_ashar' AIRFLOW_CTX_DAG_ID='gold_layer_aggregation' AIRFLOW_CTX_TASK_ID='setup_gold_environment' AIRFLOW_CTX_EXECUTION_DATE='2025-10-20T20:00:00+00:00' AIRFLOW_CTX_TRY_NUMBER='1' AIRFLOW_CTX_DAG_RUN_ID='scheduled__2025-10-20T20:00:00+00:00'
[2025-10-22T10:10:50.035+0000] {taskinstance.py:430} INFO - ::endgroup::
[2025-10-22T10:10:50.052+0000] {subprocess.py:63} INFO - Tmp dir root location: /tmp
[2025-10-22T10:10:50.054+0000] {subprocess.py:75} INFO - Running command: ['/usr/bin/bash', '-c', '\necho "Gold environment bootstrap (no package install). Running quick config check..."\npython3 - <<\'PY\'\n\nimport os\nfrom pyspark.sql import SparkSession, functions as F\n\nos.environ[\'AWS_ACCESS_KEY_ID\'] = \'minioadmin\'\nos.environ[\'AWS_SECRET_ACCESS_KEY\'] = \'minioadmin\'\nos.environ[\'SPARK_LOCAL_IP\'] = \'127.0.0.1\'\n\nPOSTGRES_URL = "jdbc:postgresql://postgres:5432/***"\nPOSTGRES_PROPERTIES = {\n    "user": "***",\n    "password": "***",\n    "driver": "org.postgresql.Driver"\n}\n\nspark = SparkSession.builder \\\n    .appName("GoldLayerProcessing") \\\n    .config("spark.hadoop.fs.s3a.endpoint", "http://minio:9000") \\\n    .config("spark.hadoop.fs.s3a.access.key", "minioadmin") \\\n    .config("spark.hadoop.fs.s3a.secret.key", "minioadmin") \\\n    .config("spark.hadoop.fs.s3a.impl", "org.apache.hadoop.fs.s3a.S3AFileSystem") \\\n    .config("spark.jars.packages", \n            "org.apache.hadoop:hadoop-aws:3.3.4,"\n            "com.amazonaws:aws-java-sdk-s3:1.12.570,"\n            "org.postgresql:postgresql:42.7.1") \\\n    .config("spark.sql.warehouse.dir", "/tmp/spark-warehouse") \\\n    .getOrCreate()\n\nfrom minio import Minio\nclient = Minio(\'minio:9000\', access_key=\'minioadmin\', secret_key=\'minioadmin\', secure=False)\n\nif not client.bucket_exists(\'gold\'):\n    client.make_bucket(\'gold\')\n    print("Gold bucket created")\nelse:\n    print("Gold bucket already exists")\n\nSILVER_PATH = "s3a://silver"\nGOLD_PATH = "s3a://gold"\n\nprint("Spark session established and MinIO check completed.")\nspark.stop()\nPY\necho "Gold environment setup completed"']
[2025-10-22T10:10:50.073+0000] {subprocess.py:86} INFO - Output:
[2025-10-22T10:10:50.075+0000] {subprocess.py:93} INFO - Gold environment bootstrap (no package install). Running quick config check...
[2025-10-22T10:10:50.719+0000] {subprocess.py:93} INFO - JAVA_HOME is not set
[2025-10-22T10:10:50.798+0000] {subprocess.py:93} INFO - Traceback (most recent call last):
[2025-10-22T10:10:50.798+0000] {subprocess.py:93} INFO -   File "<stdin>", line 27, in <module>
[2025-10-22T10:10:50.799+0000] {subprocess.py:93} INFO -   File "/home/***/.local/lib/python3.12/site-packages/pyspark/sql/session.py", line 556, in getOrCreate
[2025-10-22T10:10:50.799+0000] {subprocess.py:93} INFO -     sc = SparkContext.getOrCreate(sparkConf)
[2025-10-22T10:10:50.799+0000] {subprocess.py:93} INFO -          ^^^^^^^^^^^^^^^^^^^^^^^^^^^^^^^^^^^
[2025-10-22T10:10:50.800+0000] {subprocess.py:93} INFO -   File "/home/***/.local/lib/python3.12/site-packages/pyspark/core/context.py", line 523, in getOrCreate
[2025-10-22T10:10:50.800+0000] {subprocess.py:93} INFO -     SparkContext(conf=conf or SparkConf())
[2025-10-22T10:10:50.800+0000] {subprocess.py:93} INFO -   File "/home/***/.local/lib/python3.12/site-packages/pyspark/core/context.py", line 205, in __init__
[2025-10-22T10:10:50.801+0000] {subprocess.py:93} INFO -     SparkContext._ensure_initialized(self, gateway=gateway, conf=conf)
[2025-10-22T10:10:50.801+0000] {subprocess.py:93} INFO -   File "/home/***/.local/lib/python3.12/site-packages/pyspark/core/context.py", line 444, in _ensure_initialized
[2025-10-22T10:10:50.801+0000] {subprocess.py:93} INFO -     SparkContext._gateway = gateway or launch_gateway(conf)
[2025-10-22T10:10:50.802+0000] {subprocess.py:93} INFO -                                        ^^^^^^^^^^^^^^^^^^^^
[2025-10-22T10:10:50.802+0000] {subprocess.py:93} INFO -   File "/home/***/.local/lib/python3.12/site-packages/pyspark/java_gateway.py", line 111, in launch_gateway
[2025-10-22T10:10:50.803+0000] {subprocess.py:93} INFO -     raise PySparkRuntimeError(
[2025-10-22T10:10:50.803+0000] {subprocess.py:93} INFO - pyspark.errors.exceptions.base.PySparkRuntimeError: [JAVA_GATEWAY_EXITED] Java gateway process exited before sending its port number.
[2025-10-22T10:10:50.852+0000] {subprocess.py:93} INFO - Gold environment setup completed
[2025-10-22T10:10:50.852+0000] {subprocess.py:97} INFO - Command exited with return code 0
[2025-10-22T10:10:50.853+0000] {taskinstance.py:441} INFO - ::group::Post task execution logs
[2025-10-22T10:10:50.879+0000] {taskinstance.py:1205} INFO - Marking task as SUCCESS. dag_id=gold_layer_aggregation, task_id=setup_gold_environment, execution_date=20251020T200000, start_date=20251022T101049, end_date=20251022T101050
[2025-10-22T10:10:50.921+0000] {local_task_job_runner.py:240} INFO - Task exited with return code 0
[2025-10-22T10:10:50.945+0000] {taskinstance.py:3482} INFO - 3 downstream tasks scheduled from follow-on schedule check
[2025-10-22T10:10:50.948+0000] {local_task_job_runner.py:222} INFO - ::endgroup::
