[2025-10-21T19:26:51.330+0000] {local_task_job_runner.py:120} INFO - ::group::Pre task execution logs
[2025-10-21T19:26:51.347+0000] {taskinstance.py:2073} INFO - Dependencies all met for dep_context=non-requeueable deps ti=<TaskInstance: bronze_layer_ingestion_simple.api_ingestion manual__2025-10-21T19:02:58.743905+00:00 [queued]>
[2025-10-21T19:26:51.352+0000] {taskinstance.py:2073} INFO - Dependencies all met for dep_context=requeueable deps ti=<TaskInstance: bronze_layer_ingestion_simple.api_ingestion manual__2025-10-21T19:02:58.743905+00:00 [queued]>
[2025-10-21T19:26:51.352+0000] {taskinstance.py:2303} INFO - Starting attempt 1 of 3
[2025-10-21T19:26:51.363+0000] {taskinstance.py:2327} INFO - Executing <Task(BashOperator): api_ingestion> on 2025-10-21 19:02:58.743905+00:00
[2025-10-21T19:26:51.369+0000] {warnings.py:110} WARNING - /home/***/.local/lib/python3.12/site-packages/***/task/task_runner/standard_task_runner.py:61: DeprecationWarning: This process (pid=135) is multi-threaded, use of fork() may lead to deadlocks in the child.
  pid = os.fork()

[2025-10-21T19:26:51.370+0000] {standard_task_runner.py:63} INFO - Started process 137 to run task
[2025-10-21T19:26:51.371+0000] {standard_task_runner.py:90} INFO - Running: ['***', 'tasks', 'run', 'bronze_layer_ingestion_simple', 'api_ingestion', 'manual__2025-10-21T19:02:58.743905+00:00', '--job-id', '15', '--raw', '--subdir', 'DAGS_FOLDER/bronze_dag_simple.py', '--cfg-path', '/tmp/tmpq7kmmlq3']
[2025-10-21T19:26:51.374+0000] {standard_task_runner.py:91} INFO - Job 15: Subtask api_ingestion
[2025-10-21T19:26:51.388+0000] {warnings.py:110} WARNING - /home/***/.local/lib/python3.12/site-packages/***/settings.py:195: DeprecationWarning: The sql_alchemy_conn option in [core] has been moved to the sql_alchemy_conn option in [database] - the old setting has been used, but please update your config.
  SQL_ALCHEMY_CONN = conf.get("database", "SQL_ALCHEMY_CONN")

[2025-10-21T19:26:51.413+0000] {task_command.py:426} INFO - Running <TaskInstance: bronze_layer_ingestion_simple.api_ingestion manual__2025-10-21T19:02:58.743905+00:00 [running]> on host cf72a0a2e54c
[2025-10-21T19:26:51.475+0000] {taskinstance.py:2644} INFO - Exporting env vars: AIRFLOW_CTX_DAG_OWNER='afnan_khan' AIRFLOW_CTX_DAG_ID='bronze_layer_ingestion_simple' AIRFLOW_CTX_TASK_ID='api_ingestion' AIRFLOW_CTX_EXECUTION_DATE='2025-10-21T19:02:58.743905+00:00' AIRFLOW_CTX_TRY_NUMBER='1' AIRFLOW_CTX_DAG_RUN_ID='manual__2025-10-21T19:02:58.743905+00:00'
[2025-10-21T19:26:51.476+0000] {taskinstance.py:430} INFO - ::endgroup::
[2025-10-21T19:26:51.485+0000] {subprocess.py:63} INFO - Tmp dir root location: /tmp
[2025-10-21T19:26:51.486+0000] {subprocess.py:75} INFO - Running command: ['/usr/bin/bash', '-c', '\n    cd /opt/***/dags/bronze\n    export PYTHONPATH=/opt/***/dags/bronze:$PYTHONPATH\n    python3 api_ingestion.py\n    ']
[2025-10-21T19:26:51.495+0000] {subprocess.py:86} INFO - Output:
[2025-10-21T19:26:51.983+0000] {subprocess.py:93} INFO - INFO:__main__:Starting API data ingestion process
[2025-10-21T19:26:51.988+0000] {subprocess.py:93} INFO - INFO:__main__:Bucket bronze already exists
[2025-10-21T19:26:51.989+0000] {subprocess.py:93} INFO - INFO:__main__:Fetching data from products: https://dummyjson.com/products
[2025-10-21T19:26:52.422+0000] {subprocess.py:93} INFO - INFO:__main__:Successfully fetched products data
[2025-10-21T19:26:52.453+0000] {subprocess.py:93} INFO - INFO:__main__:Uploaded products data to api_data/20251021_192652/products.json
[2025-10-21T19:26:52.453+0000] {subprocess.py:93} INFO - INFO:__main__:Fetching data from users: https://dummyjson.com/users
[2025-10-21T19:26:52.805+0000] {subprocess.py:93} INFO - INFO:__main__:Successfully fetched users data
[2025-10-21T19:26:52.834+0000] {subprocess.py:93} INFO - INFO:__main__:Uploaded users data to api_data/20251021_192652/users.json
[2025-10-21T19:26:52.835+0000] {subprocess.py:93} INFO - INFO:__main__:API data ingestion completed successfully
[2025-10-21T19:26:52.853+0000] {subprocess.py:97} INFO - Command exited with return code 0
[2025-10-21T19:26:52.854+0000] {taskinstance.py:441} INFO - ::group::Post task execution logs
[2025-10-21T19:26:52.873+0000] {taskinstance.py:1205} INFO - Marking task as SUCCESS. dag_id=bronze_layer_ingestion_simple, task_id=api_ingestion, execution_date=20251021T190258, start_date=20251021T192651, end_date=20251021T192652
[2025-10-21T19:26:52.910+0000] {local_task_job_runner.py:240} INFO - Task exited with return code 0
[2025-10-21T19:26:52.927+0000] {taskinstance.py:3482} INFO - 0 downstream tasks scheduled from follow-on schedule check
[2025-10-21T19:26:52.930+0000] {local_task_job_runner.py:222} INFO - ::endgroup::
