[2025-10-22T18:00:01.243+0000] {local_task_job_runner.py:120} INFO - ::group::Pre task execution logs
[2025-10-22T18:00:01.260+0000] {taskinstance.py:2073} INFO - Dependencies all met for dep_context=non-requeueable deps ti=<TaskInstance: bronze_dag_simple.setup_environment scheduled__2025-10-21T18:00:00+00:00 [queued]>
[2025-10-22T18:00:01.264+0000] {taskinstance.py:2073} INFO - Dependencies all met for dep_context=requeueable deps ti=<TaskInstance: bronze_dag_simple.setup_environment scheduled__2025-10-21T18:00:00+00:00 [queued]>
[2025-10-22T18:00:01.265+0000] {taskinstance.py:2303} INFO - Starting attempt 1 of 3
[2025-10-22T18:00:01.274+0000] {taskinstance.py:2327} INFO - Executing <Task(BashOperator): setup_environment> on 2025-10-21 18:00:00+00:00
[2025-10-22T18:00:01.280+0000] {warnings.py:110} WARNING - /home/***/.local/lib/python3.12/site-packages/***/task/task_runner/standard_task_runner.py:61: DeprecationWarning: This process (pid=503) is multi-threaded, use of fork() may lead to deadlocks in the child.
  pid = os.fork()

[2025-10-22T18:00:01.281+0000] {standard_task_runner.py:63} INFO - Started process 504 to run task
[2025-10-22T18:00:01.281+0000] {standard_task_runner.py:90} INFO - Running: ['***', 'tasks', 'run', 'bronze_dag_simple', 'setup_environment', 'scheduled__2025-10-21T18:00:00+00:00', '--job-id', '270', '--raw', '--subdir', 'DAGS_FOLDER/bronze_dag_simple.py', '--cfg-path', '/tmp/tmplaphynu9']
[2025-10-22T18:00:01.283+0000] {standard_task_runner.py:91} INFO - Job 270: Subtask setup_environment
[2025-10-22T18:00:01.295+0000] {warnings.py:110} WARNING - /home/***/.local/lib/python3.12/site-packages/***/settings.py:195: DeprecationWarning: The sql_alchemy_conn option in [core] has been moved to the sql_alchemy_conn option in [database] - the old setting has been used, but please update your config.
  SQL_ALCHEMY_CONN = conf.get("database", "SQL_ALCHEMY_CONN")

[2025-10-22T18:00:01.322+0000] {task_command.py:426} INFO - Running <TaskInstance: bronze_dag_simple.setup_environment scheduled__2025-10-21T18:00:00+00:00 [running]> on host c3c22fb7a0df
[2025-10-22T18:00:01.388+0000] {taskinstance.py:2644} INFO - Exporting env vars: AIRFLOW_CTX_DAG_OWNER='afnan_khan' AIRFLOW_CTX_DAG_ID='bronze_dag_simple' AIRFLOW_CTX_TASK_ID='setup_environment' AIRFLOW_CTX_EXECUTION_DATE='2025-10-21T18:00:00+00:00' AIRFLOW_CTX_TRY_NUMBER='1' AIRFLOW_CTX_DAG_RUN_ID='scheduled__2025-10-21T18:00:00+00:00'
[2025-10-22T18:00:01.389+0000] {taskinstance.py:430} INFO - ::endgroup::
[2025-10-22T18:00:01.401+0000] {subprocess.py:63} INFO - Tmp dir root location: /tmp
[2025-10-22T18:00:01.402+0000] {subprocess.py:75} INFO - Running command: ['/usr/bin/bash', '-c', '\n        echo "===== Setting up environment ====="\n        echo "Tip: For production, install packages via Docker image (AIRFLOW__CORE__PIP_ADDITIONAL_REQUIREMENTS)."\n\n        # Ensure Kaggle credentials exist\n        if [ -f /opt/***/dags/kaggle.json ]; then\n            mkdir -p ~/.kaggle\n            cp /opt/***/dags/kaggle.json ~/.kaggle/kaggle.json\n            chmod 600 ~/.kaggle/kaggle.json\n            echo "✅ Kaggle credentials copied successfully."\n        else\n            echo "⚠️ kaggle.json NOT found at /opt/***/dags/kaggle.json — please add it if you need Kaggle downloads."\n        fi\n\n        echo "Verifying DAG folder structure..."\n        ls -la /opt/***/dags/bronze || true\n\n        echo "Testing package imports..."\n        python3 - <<\'PY\'\nimport sys\ntry:\n    import minio, requests\n    print("✅ Required packages found: minio, requests")\n    try:\n        import kaggle\n        print("✅ Kaggle module available")\n    except ImportError:\n        print("⚠️ Kaggle not installed (expected if not using Kaggle tasks)")\nexcept Exception as e:\n    print("❌ Package test failed:", e)\n    sys.exit(0)\nPY\n\n        echo "Environment setup complete."\n        ']
[2025-10-22T18:00:01.412+0000] {subprocess.py:86} INFO - Output:
[2025-10-22T18:00:01.421+0000] {subprocess.py:93} INFO - ===== Setting up environment =====
[2025-10-22T18:00:01.422+0000] {subprocess.py:93} INFO - Tip: For production, install packages via Docker image (AIRFLOW__CORE__PIP_ADDITIONAL_REQUIREMENTS).
[2025-10-22T18:00:01.446+0000] {subprocess.py:93} INFO - ✅ Kaggle credentials copied successfully.
[2025-10-22T18:00:01.447+0000] {subprocess.py:93} INFO - Verifying DAG folder structure...
[2025-10-22T18:00:01.458+0000] {subprocess.py:93} INFO - total 20
[2025-10-22T18:00:01.458+0000] {subprocess.py:93} INFO - drwxrwxrwx 1 root root 4096 Oct 20 20:31 .
[2025-10-22T18:00:01.459+0000] {subprocess.py:93} INFO - drwxrwxrwx 1 root root 4096 Oct 22 12:01 ..
[2025-10-22T18:00:01.459+0000] {subprocess.py:93} INFO - -rwxrwxrwx 1 root root 3242 Oct 20 20:17 README.md
[2025-10-22T18:00:01.459+0000] {subprocess.py:93} INFO - -rwxrwxrwx 1 root root 4227 Oct 20 20:17 api_ingestion.py
[2025-10-22T18:00:01.460+0000] {subprocess.py:93} INFO - -rwxrwxrwx 1 root root 4363 Oct 20 20:17 kaggle_ingestion.py
[2025-10-22T18:00:01.460+0000] {subprocess.py:93} INFO - Testing package imports...
[2025-10-22T18:00:02.123+0000] {subprocess.py:93} INFO - ✅ Required packages found: minio, requests
[2025-10-22T18:00:02.123+0000] {subprocess.py:93} INFO - ✅ Kaggle module available
[2025-10-22T18:00:02.153+0000] {subprocess.py:93} INFO - Environment setup complete.
[2025-10-22T18:00:02.154+0000] {subprocess.py:97} INFO - Command exited with return code 0
[2025-10-22T18:00:02.155+0000] {taskinstance.py:441} INFO - ::group::Post task execution logs
[2025-10-22T18:00:02.174+0000] {taskinstance.py:1205} INFO - Marking task as SUCCESS. dag_id=bronze_dag_simple, task_id=setup_environment, execution_date=20251021T180000, start_date=20251022T180001, end_date=20251022T180002
[2025-10-22T18:00:02.216+0000] {local_task_job_runner.py:240} INFO - Task exited with return code 0
[2025-10-22T18:00:02.235+0000] {taskinstance.py:3482} INFO - 2 downstream tasks scheduled from follow-on schedule check
[2025-10-22T18:00:02.237+0000] {local_task_job_runner.py:222} INFO - ::endgroup::
