[2025-10-22T13:48:27.253+0000] {local_task_job_runner.py:120} INFO - ::group::Pre task execution logs
[2025-10-22T13:48:27.269+0000] {taskinstance.py:2073} INFO - Dependencies all met for dep_context=non-requeueable deps ti=<TaskInstance: bronze_dag_simple.kaggle_ingestion manual__2025-10-22T13:26:28.834677+00:00 [queued]>
[2025-10-22T13:48:27.274+0000] {taskinstance.py:2073} INFO - Dependencies all met for dep_context=requeueable deps ti=<TaskInstance: bronze_dag_simple.kaggle_ingestion manual__2025-10-22T13:26:28.834677+00:00 [queued]>
[2025-10-22T13:48:27.275+0000] {taskinstance.py:2303} INFO - Starting attempt 3 of 3
[2025-10-22T13:48:27.286+0000] {taskinstance.py:2327} INFO - Executing <Task(BashOperator): kaggle_ingestion> on 2025-10-22 13:26:28.834677+00:00
[2025-10-22T13:48:27.291+0000] {warnings.py:110} WARNING - /home/***/.local/lib/python3.12/site-packages/***/task/task_runner/standard_task_runner.py:61: DeprecationWarning: This process (pid=79) is multi-threaded, use of fork() may lead to deadlocks in the child.
  pid = os.fork()

[2025-10-22T13:48:27.293+0000] {standard_task_runner.py:63} INFO - Started process 80 to run task
[2025-10-22T13:48:27.293+0000] {standard_task_runner.py:90} INFO - Running: ['***', 'tasks', 'run', 'bronze_dag_simple', 'kaggle_ingestion', 'manual__2025-10-22T13:26:28.834677+00:00', '--job-id', '156', '--raw', '--subdir', 'DAGS_FOLDER/bronze_dag_simple.py', '--cfg-path', '/tmp/tmp_wosocww']
[2025-10-22T13:48:27.295+0000] {standard_task_runner.py:91} INFO - Job 156: Subtask kaggle_ingestion
[2025-10-22T13:48:27.307+0000] {warnings.py:110} WARNING - /home/***/.local/lib/python3.12/site-packages/***/settings.py:195: DeprecationWarning: The sql_alchemy_conn option in [core] has been moved to the sql_alchemy_conn option in [database] - the old setting has been used, but please update your config.
  SQL_ALCHEMY_CONN = conf.get("database", "SQL_ALCHEMY_CONN")

[2025-10-22T13:48:27.333+0000] {task_command.py:426} INFO - Running <TaskInstance: bronze_dag_simple.kaggle_ingestion manual__2025-10-22T13:26:28.834677+00:00 [running]> on host 98e3baa252b2
[2025-10-22T13:48:27.397+0000] {taskinstance.py:2644} INFO - Exporting env vars: AIRFLOW_CTX_DAG_OWNER='afnan_khan' AIRFLOW_CTX_DAG_ID='bronze_dag_simple' AIRFLOW_CTX_TASK_ID='kaggle_ingestion' AIRFLOW_CTX_EXECUTION_DATE='2025-10-22T13:26:28.834677+00:00' AIRFLOW_CTX_TRY_NUMBER='3' AIRFLOW_CTX_DAG_RUN_ID='manual__2025-10-22T13:26:28.834677+00:00'
[2025-10-22T13:48:27.398+0000] {taskinstance.py:430} INFO - ::endgroup::
[2025-10-22T13:48:27.408+0000] {subprocess.py:63} INFO - Tmp dir root location: /tmp
[2025-10-22T13:48:27.409+0000] {subprocess.py:75} INFO - Running command: ['/usr/bin/bash', '-c', '\n        echo "===== Running Kaggle Ingestion ====="\n        cd /opt/***/dags/bronze\n        export PYTHONPATH=/opt/***/dags/bronze:$PYTHONPATH\n        python3 kaggle_ingestion.py\n        ']
[2025-10-22T13:48:27.419+0000] {subprocess.py:86} INFO - Output:
[2025-10-22T13:48:27.420+0000] {subprocess.py:93} INFO - ===== Running Kaggle Ingestion =====
[2025-10-22T13:48:28.394+0000] {subprocess.py:93} INFO - INFO:__main__:Starting Kaggle data ingestion process
[2025-10-22T13:48:28.399+0000] {subprocess.py:93} INFO - INFO:__main__:Bucket bronze already exists
[2025-10-22T13:48:28.400+0000] {subprocess.py:93} INFO - INFO:__main__:Downloading dataset: olistbr/brazilian-ecommerce
[2025-10-22T13:48:37.371+0000] {local_task_job_runner.py:310} WARNING - State of this instance has been externally set to None. Terminating instance.
[2025-10-22T13:48:37.372+0000] {local_task_job_runner.py:222} INFO - ::endgroup::
[2025-10-22T13:48:37.373+0000] {process_utils.py:132} INFO - Sending 15 to group 80. PIDs of all processes in the group: [81, 82, 80]
[2025-10-22T13:48:37.374+0000] {process_utils.py:87} INFO - Sending the signal 15 to group 80
[2025-10-22T13:48:37.374+0000] {taskinstance.py:2607} ERROR - Received SIGTERM. Terminating subprocesses.
[2025-10-22T13:48:37.375+0000] {subprocess.py:104} INFO - Sending SIGTERM signal to process group
[2025-10-22T13:48:37.375+0000] {taskinstance.py:441} INFO - ::group::Post task execution logs
[2025-10-22T13:48:37.385+0000] {taskinstance.py:2890} ERROR - Task failed with exception
Traceback (most recent call last):
  File "/home/airflow/.local/lib/python3.12/site-packages/airflow/models/taskinstance.py", line 465, in _execute_task
    result = _execute_callable(context=context, **execute_callable_kwargs)
             ^^^^^^^^^^^^^^^^^^^^^^^^^^^^^^^^^^^^^^^^^^^^^^^^^^^^^^^^^^^^^
  File "/home/airflow/.local/lib/python3.12/site-packages/airflow/models/taskinstance.py", line 432, in _execute_callable
    return execute_callable(context=context, **execute_callable_kwargs)
           ^^^^^^^^^^^^^^^^^^^^^^^^^^^^^^^^^^^^^^^^^^^^^^^^^^^^^^^^^^^^
  File "/home/airflow/.local/lib/python3.12/site-packages/airflow/models/baseoperator.py", line 400, in wrapper
    return func(self, *args, **kwargs)
           ^^^^^^^^^^^^^^^^^^^^^^^^^^^
  File "/home/airflow/.local/lib/python3.12/site-packages/airflow/operators/bash.py", line 234, in execute
    result = self.subprocess_hook.run_command(
             ^^^^^^^^^^^^^^^^^^^^^^^^^^^^^^^^^
  File "/home/airflow/.local/lib/python3.12/site-packages/airflow/hooks/subprocess.py", line 91, in run_command
    for raw_line in iter(self.sub_process.stdout.readline, b""):
  File "/home/airflow/.local/lib/python3.12/site-packages/airflow/models/taskinstance.py", line 2609, in signal_handler
    raise AirflowTaskTerminated("Task received SIGTERM signal")
airflow.exceptions.AirflowTaskTerminated: Task received SIGTERM signal
[2025-10-22T13:48:37.388+0000] {taskinstance.py:1205} INFO - Marking task as FAILED. dag_id=bronze_dag_simple, task_id=kaggle_ingestion, execution_date=20251022T132628, start_date=20251022T134827, end_date=20251022T134837
[2025-10-22T13:48:37.399+0000] {standard_task_runner.py:110} ERROR - Failed to execute job 156 for task kaggle_ingestion ((psycopg2.errors.ForeignKeyViolation) insert or update on table "task_fail" violates foreign key constraint "task_fail_ti_fkey"
DETAIL:  Key (dag_id, task_id, run_id, map_index)=(bronze_dag_simple, kaggle_ingestion, manual__2025-10-22T13:26:28.834677+00:00, -1) is not present in table "task_instance".

[SQL: INSERT INTO task_fail (task_id, dag_id, run_id, map_index, start_date, end_date, duration) VALUES (%(task_id)s, %(dag_id)s, %(run_id)s, %(map_index)s, %(start_date)s, %(end_date)s, %(duration)s) RETURNING task_fail.id]
[parameters: {'task_id': 'kaggle_ingestion', 'dag_id': 'bronze_dag_simple', 'run_id': 'manual__2025-10-22T13:26:28.834677+00:00', 'map_index': -1, 'start_date': datetime.datetime(2025, 10, 22, 13, 48, 27, 270159, tzinfo=Timezone('UTC')), 'end_date': datetime.datetime(2025, 10, 22, 13, 48, 37, 388324, tzinfo=Timezone('UTC')), 'duration': 10}]
(Background on this error at: https://sqlalche.me/e/14/gkpj); 80)
[2025-10-22T13:48:37.426+0000] {process_utils.py:80} INFO - Process psutil.Process(pid=80, status='terminated', exitcode=1, started='13:48:26') (80) terminated with exit code 1
[2025-10-22T13:48:37.427+0000] {process_utils.py:80} INFO - Process psutil.Process(pid=81, status='terminated', started='13:48:26') (81) terminated with exit code None
[2025-10-22T13:48:37.427+0000] {process_utils.py:80} INFO - Process psutil.Process(pid=82, status='terminated', started='13:48:26') (82) terminated with exit code None
