[2025-10-21T21:37:01.894+0000] {local_task_job_runner.py:120} INFO - ::group::Pre task execution logs
[2025-10-21T21:37:01.911+0000] {taskinstance.py:2073} INFO - Dependencies all met for dep_context=non-requeueable deps ti=<TaskInstance: gold_layer_aggregation.wait_for_silver_completion scheduled__2025-10-20T20:00:00+00:00 [queued]>
[2025-10-21T21:37:01.916+0000] {taskinstance.py:2073} INFO - Dependencies all met for dep_context=requeueable deps ti=<TaskInstance: gold_layer_aggregation.wait_for_silver_completion scheduled__2025-10-20T20:00:00+00:00 [queued]>
[2025-10-21T21:37:01.916+0000] {taskinstance.py:2303} INFO - Starting attempt 1 of 3
[2025-10-21T21:37:01.928+0000] {taskinstance.py:2327} INFO - Executing <Task(ExternalTaskSensor): wait_for_silver_completion> on 2025-10-20 20:00:00+00:00
[2025-10-21T21:37:01.935+0000] {warnings.py:110} WARNING - /home/***/.local/lib/python3.12/site-packages/***/task/task_runner/standard_task_runner.py:61: DeprecationWarning: This process (pid=488) is multi-threaded, use of fork() may lead to deadlocks in the child.
  pid = os.fork()

[2025-10-21T21:37:01.936+0000] {standard_task_runner.py:63} INFO - Started process 491 to run task
[2025-10-21T21:37:01.936+0000] {standard_task_runner.py:90} INFO - Running: ['***', 'tasks', 'run', 'gold_layer_aggregation', 'wait_for_silver_completion', 'scheduled__2025-10-20T20:00:00+00:00', '--job-id', '48', '--raw', '--subdir', 'DAGS_FOLDER/gold_dag.py', '--cfg-path', '/tmp/tmp6r0qqu1j']
[2025-10-21T21:37:01.938+0000] {standard_task_runner.py:91} INFO - Job 48: Subtask wait_for_silver_completion
[2025-10-21T21:37:01.949+0000] {warnings.py:110} WARNING - /home/***/.local/lib/python3.12/site-packages/***/settings.py:195: DeprecationWarning: The sql_alchemy_conn option in [core] has been moved to the sql_alchemy_conn option in [database] - the old setting has been used, but please update your config.
  SQL_ALCHEMY_CONN = conf.get("database", "SQL_ALCHEMY_CONN")

[2025-10-21T21:37:01.977+0000] {task_command.py:426} INFO - Running <TaskInstance: gold_layer_aggregation.wait_for_silver_completion scheduled__2025-10-20T20:00:00+00:00 [running]> on host c8e73316fd62
[2025-10-21T21:37:02.047+0000] {taskinstance.py:2644} INFO - Exporting env vars: AIRFLOW_CTX_DAG_OWNER='ghazal_e_ashar' AIRFLOW_CTX_DAG_ID='gold_layer_aggregation' AIRFLOW_CTX_TASK_ID='wait_for_silver_completion' AIRFLOW_CTX_EXECUTION_DATE='2025-10-20T20:00:00+00:00' AIRFLOW_CTX_TRY_NUMBER='1' AIRFLOW_CTX_DAG_RUN_ID='scheduled__2025-10-20T20:00:00+00:00'
[2025-10-21T21:37:02.047+0000] {taskinstance.py:430} INFO - ::endgroup::
[2025-10-21T21:37:02.058+0000] {baseoperator.py:399} WARNING - ExternalTaskSensor.execute cannot be called outside TaskInstance!
[2025-10-21T21:37:02.067+0000] {external_task.py:258} INFO - Poking for tasks ['generate_quality_report'] in dag silver_layer_cleaning_pyspark on 2025-10-20T20:00:00+00:00 ... 
[2025-10-21T21:37:02.068+0000] {warnings.py:110} WARNING - /home/***/.local/lib/python3.12/site-packages/***/utils/session.py:79: DeprecationWarning: This method is deprecated and will be removed in future.
  return func(*args, session=session, **kwargs)

[2025-10-21T21:37:02.076+0000] {taskinstance.py:441} INFO - ::group::Post task execution logs
[2025-10-21T21:37:02.091+0000] {taskinstance.py:2850} INFO - Rescheduling task, marking task as UP_FOR_RESCHEDULE
[2025-10-21T21:37:02.110+0000] {local_task_job_runner.py:240} INFO - Task exited with return code 0
[2025-10-21T21:37:02.123+0000] {taskinstance.py:3482} INFO - 0 downstream tasks scheduled from follow-on schedule check
[2025-10-21T21:37:02.126+0000] {local_task_job_runner.py:222} INFO - ::endgroup::
[2025-10-21T21:42:08.810+0000] {local_task_job_runner.py:120} INFO - ::group::Pre task execution logs
[2025-10-21T21:42:08.832+0000] {taskinstance.py:2073} INFO - Dependencies all met for dep_context=non-requeueable deps ti=<TaskInstance: gold_layer_aggregation.wait_for_silver_completion scheduled__2025-10-20T20:00:00+00:00 [queued]>
[2025-10-21T21:42:08.838+0000] {taskinstance.py:2073} INFO - Dependencies all met for dep_context=requeueable deps ti=<TaskInstance: gold_layer_aggregation.wait_for_silver_completion scheduled__2025-10-20T20:00:00+00:00 [queued]>
[2025-10-21T21:42:08.839+0000] {taskinstance.py:2303} INFO - Starting attempt 1 of 3
[2025-10-21T21:42:08.852+0000] {taskinstance.py:2327} INFO - Executing <Task(ExternalTaskSensor): wait_for_silver_completion> on 2025-10-20 20:00:00+00:00
[2025-10-21T21:42:08.861+0000] {warnings.py:110} WARNING - /home/***/.local/lib/python3.12/site-packages/***/task/task_runner/standard_task_runner.py:61: DeprecationWarning: This process (pid=609) is multi-threaded, use of fork() may lead to deadlocks in the child.
  pid = os.fork()

[2025-10-21T21:42:08.865+0000] {standard_task_runner.py:63} INFO - Started process 612 to run task
[2025-10-21T21:42:08.864+0000] {standard_task_runner.py:90} INFO - Running: ['***', 'tasks', 'run', 'gold_layer_aggregation', 'wait_for_silver_completion', 'scheduled__2025-10-20T20:00:00+00:00', '--job-id', '55', '--raw', '--subdir', 'DAGS_FOLDER/gold_dag.py', '--cfg-path', '/tmp/tmpomq2plo6']
[2025-10-21T21:42:08.867+0000] {standard_task_runner.py:91} INFO - Job 55: Subtask wait_for_silver_completion
[2025-10-21T21:42:08.881+0000] {warnings.py:110} WARNING - /home/***/.local/lib/python3.12/site-packages/***/settings.py:195: DeprecationWarning: The sql_alchemy_conn option in [core] has been moved to the sql_alchemy_conn option in [database] - the old setting has been used, but please update your config.
  SQL_ALCHEMY_CONN = conf.get("database", "SQL_ALCHEMY_CONN")

[2025-10-21T21:42:08.914+0000] {task_command.py:426} INFO - Running <TaskInstance: gold_layer_aggregation.wait_for_silver_completion scheduled__2025-10-20T20:00:00+00:00 [running]> on host c8e73316fd62
[2025-10-21T21:42:08.988+0000] {taskinstance.py:2644} INFO - Exporting env vars: AIRFLOW_CTX_DAG_OWNER='ghazal_e_ashar' AIRFLOW_CTX_DAG_ID='gold_layer_aggregation' AIRFLOW_CTX_TASK_ID='wait_for_silver_completion' AIRFLOW_CTX_EXECUTION_DATE='2025-10-20T20:00:00+00:00' AIRFLOW_CTX_TRY_NUMBER='1' AIRFLOW_CTX_DAG_RUN_ID='scheduled__2025-10-20T20:00:00+00:00'
[2025-10-21T21:42:08.989+0000] {taskinstance.py:430} INFO - ::endgroup::
[2025-10-21T21:42:09.002+0000] {baseoperator.py:399} WARNING - ExternalTaskSensor.execute cannot be called outside TaskInstance!
[2025-10-21T21:42:09.010+0000] {external_task.py:258} INFO - Poking for tasks ['generate_quality_report'] in dag silver_layer_cleaning_pyspark on 2025-10-20T20:00:00+00:00 ... 
[2025-10-21T21:42:09.011+0000] {warnings.py:110} WARNING - /home/***/.local/lib/python3.12/site-packages/***/utils/session.py:79: DeprecationWarning: This method is deprecated and will be removed in future.
  return func(*args, session=session, **kwargs)

[2025-10-21T21:42:09.020+0000] {taskinstance.py:441} INFO - ::group::Post task execution logs
[2025-10-21T21:42:09.037+0000] {taskinstance.py:2850} INFO - Rescheduling task, marking task as UP_FOR_RESCHEDULE
[2025-10-21T21:42:09.079+0000] {local_task_job_runner.py:240} INFO - Task exited with return code 0
[2025-10-21T21:42:09.094+0000] {taskinstance.py:3482} INFO - 0 downstream tasks scheduled from follow-on schedule check
[2025-10-21T21:42:09.096+0000] {local_task_job_runner.py:222} INFO - ::endgroup::
[2025-10-21T21:47:09.705+0000] {local_task_job_runner.py:120} INFO - ::group::Pre task execution logs
[2025-10-21T21:47:09.726+0000] {taskinstance.py:2073} INFO - Dependencies all met for dep_context=non-requeueable deps ti=<TaskInstance: gold_layer_aggregation.wait_for_silver_completion scheduled__2025-10-20T20:00:00+00:00 [queued]>
[2025-10-21T21:47:09.731+0000] {taskinstance.py:2073} INFO - Dependencies all met for dep_context=requeueable deps ti=<TaskInstance: gold_layer_aggregation.wait_for_silver_completion scheduled__2025-10-20T20:00:00+00:00 [queued]>
[2025-10-21T21:47:09.732+0000] {taskinstance.py:2303} INFO - Starting attempt 1 of 3
[2025-10-21T21:47:09.742+0000] {taskinstance.py:2327} INFO - Executing <Task(ExternalTaskSensor): wait_for_silver_completion> on 2025-10-20 20:00:00+00:00
[2025-10-21T21:47:09.749+0000] {warnings.py:110} WARNING - /home/***/.local/lib/python3.12/site-packages/***/task/task_runner/standard_task_runner.py:61: DeprecationWarning: This process (pid=691) is multi-threaded, use of fork() may lead to deadlocks in the child.
  pid = os.fork()

[2025-10-21T21:47:09.750+0000] {standard_task_runner.py:63} INFO - Started process 692 to run task
[2025-10-21T21:47:09.750+0000] {standard_task_runner.py:90} INFO - Running: ['***', 'tasks', 'run', 'gold_layer_aggregation', 'wait_for_silver_completion', 'scheduled__2025-10-20T20:00:00+00:00', '--job-id', '56', '--raw', '--subdir', 'DAGS_FOLDER/gold_dag.py', '--cfg-path', '/tmp/tmpx1ln0tbw']
[2025-10-21T21:47:09.752+0000] {standard_task_runner.py:91} INFO - Job 56: Subtask wait_for_silver_completion
[2025-10-21T21:47:09.764+0000] {warnings.py:110} WARNING - /home/***/.local/lib/python3.12/site-packages/***/settings.py:195: DeprecationWarning: The sql_alchemy_conn option in [core] has been moved to the sql_alchemy_conn option in [database] - the old setting has been used, but please update your config.
  SQL_ALCHEMY_CONN = conf.get("database", "SQL_ALCHEMY_CONN")

[2025-10-21T21:47:09.793+0000] {task_command.py:426} INFO - Running <TaskInstance: gold_layer_aggregation.wait_for_silver_completion scheduled__2025-10-20T20:00:00+00:00 [running]> on host c8e73316fd62
[2025-10-21T21:47:09.856+0000] {taskinstance.py:2644} INFO - Exporting env vars: AIRFLOW_CTX_DAG_OWNER='ghazal_e_ashar' AIRFLOW_CTX_DAG_ID='gold_layer_aggregation' AIRFLOW_CTX_TASK_ID='wait_for_silver_completion' AIRFLOW_CTX_EXECUTION_DATE='2025-10-20T20:00:00+00:00' AIRFLOW_CTX_TRY_NUMBER='1' AIRFLOW_CTX_DAG_RUN_ID='scheduled__2025-10-20T20:00:00+00:00'
[2025-10-21T21:47:09.857+0000] {taskinstance.py:430} INFO - ::endgroup::
[2025-10-21T21:47:09.871+0000] {baseoperator.py:399} WARNING - ExternalTaskSensor.execute cannot be called outside TaskInstance!
[2025-10-21T21:47:09.878+0000] {external_task.py:258} INFO - Poking for tasks ['generate_quality_report'] in dag silver_layer_cleaning_pyspark on 2025-10-20T20:00:00+00:00 ... 
[2025-10-21T21:47:09.879+0000] {warnings.py:110} WARNING - /home/***/.local/lib/python3.12/site-packages/***/utils/session.py:79: DeprecationWarning: This method is deprecated and will be removed in future.
  return func(*args, session=session, **kwargs)

[2025-10-21T21:47:09.885+0000] {taskinstance.py:441} INFO - ::group::Post task execution logs
[2025-10-21T21:47:09.899+0000] {taskinstance.py:2850} INFO - Rescheduling task, marking task as UP_FOR_RESCHEDULE
[2025-10-21T21:47:09.924+0000] {local_task_job_runner.py:240} INFO - Task exited with return code 0
[2025-10-21T21:47:09.937+0000] {taskinstance.py:3482} INFO - 0 downstream tasks scheduled from follow-on schedule check
[2025-10-21T21:47:09.939+0000] {local_task_job_runner.py:222} INFO - ::endgroup::
[2025-10-21T21:52:10.934+0000] {local_task_job_runner.py:120} INFO - ::group::Pre task execution logs
[2025-10-21T21:52:10.952+0000] {taskinstance.py:2073} INFO - Dependencies all met for dep_context=non-requeueable deps ti=<TaskInstance: gold_layer_aggregation.wait_for_silver_completion scheduled__2025-10-20T20:00:00+00:00 [queued]>
[2025-10-21T21:52:10.958+0000] {taskinstance.py:2073} INFO - Dependencies all met for dep_context=requeueable deps ti=<TaskInstance: gold_layer_aggregation.wait_for_silver_completion scheduled__2025-10-20T20:00:00+00:00 [queued]>
[2025-10-21T21:52:10.958+0000] {taskinstance.py:2303} INFO - Starting attempt 1 of 3
[2025-10-21T21:52:10.969+0000] {taskinstance.py:2327} INFO - Executing <Task(ExternalTaskSensor): wait_for_silver_completion> on 2025-10-20 20:00:00+00:00
[2025-10-21T21:52:10.976+0000] {warnings.py:110} WARNING - /home/***/.local/lib/python3.12/site-packages/***/task/task_runner/standard_task_runner.py:61: DeprecationWarning: This process (pid=782) is multi-threaded, use of fork() may lead to deadlocks in the child.
  pid = os.fork()

[2025-10-21T21:52:10.977+0000] {standard_task_runner.py:63} INFO - Started process 783 to run task
[2025-10-21T21:52:10.977+0000] {standard_task_runner.py:90} INFO - Running: ['***', 'tasks', 'run', 'gold_layer_aggregation', 'wait_for_silver_completion', 'scheduled__2025-10-20T20:00:00+00:00', '--job-id', '60', '--raw', '--subdir', 'DAGS_FOLDER/gold_dag.py', '--cfg-path', '/tmp/tmpbg6v5ul7']
[2025-10-21T21:52:10.979+0000] {standard_task_runner.py:91} INFO - Job 60: Subtask wait_for_silver_completion
[2025-10-21T21:52:10.991+0000] {warnings.py:110} WARNING - /home/***/.local/lib/python3.12/site-packages/***/settings.py:195: DeprecationWarning: The sql_alchemy_conn option in [core] has been moved to the sql_alchemy_conn option in [database] - the old setting has been used, but please update your config.
  SQL_ALCHEMY_CONN = conf.get("database", "SQL_ALCHEMY_CONN")

[2025-10-21T21:52:11.019+0000] {task_command.py:426} INFO - Running <TaskInstance: gold_layer_aggregation.wait_for_silver_completion scheduled__2025-10-20T20:00:00+00:00 [running]> on host c8e73316fd62
[2025-10-21T21:52:11.081+0000] {taskinstance.py:2644} INFO - Exporting env vars: AIRFLOW_CTX_DAG_OWNER='ghazal_e_ashar' AIRFLOW_CTX_DAG_ID='gold_layer_aggregation' AIRFLOW_CTX_TASK_ID='wait_for_silver_completion' AIRFLOW_CTX_EXECUTION_DATE='2025-10-20T20:00:00+00:00' AIRFLOW_CTX_TRY_NUMBER='1' AIRFLOW_CTX_DAG_RUN_ID='scheduled__2025-10-20T20:00:00+00:00'
[2025-10-21T21:52:11.081+0000] {taskinstance.py:430} INFO - ::endgroup::
[2025-10-21T21:52:11.094+0000] {baseoperator.py:399} WARNING - ExternalTaskSensor.execute cannot be called outside TaskInstance!
[2025-10-21T21:52:11.102+0000] {external_task.py:258} INFO - Poking for tasks ['generate_quality_report'] in dag silver_layer_cleaning_pyspark on 2025-10-20T20:00:00+00:00 ... 
[2025-10-21T21:52:11.102+0000] {warnings.py:110} WARNING - /home/***/.local/lib/python3.12/site-packages/***/utils/session.py:79: DeprecationWarning: This method is deprecated and will be removed in future.
  return func(*args, session=session, **kwargs)

[2025-10-21T21:52:11.109+0000] {taskinstance.py:441} INFO - ::group::Post task execution logs
[2025-10-21T21:52:11.123+0000] {taskinstance.py:2850} INFO - Rescheduling task, marking task as UP_FOR_RESCHEDULE
[2025-10-21T21:52:11.151+0000] {local_task_job_runner.py:240} INFO - Task exited with return code 0
[2025-10-21T21:52:11.164+0000] {taskinstance.py:3482} INFO - 0 downstream tasks scheduled from follow-on schedule check
[2025-10-21T21:52:11.166+0000] {local_task_job_runner.py:222} INFO - ::endgroup::
[2025-10-21T21:57:12.134+0000] {local_task_job_runner.py:120} INFO - ::group::Pre task execution logs
[2025-10-21T21:57:12.152+0000] {taskinstance.py:2073} INFO - Dependencies all met for dep_context=non-requeueable deps ti=<TaskInstance: gold_layer_aggregation.wait_for_silver_completion scheduled__2025-10-20T20:00:00+00:00 [queued]>
[2025-10-21T21:57:12.157+0000] {taskinstance.py:2073} INFO - Dependencies all met for dep_context=requeueable deps ti=<TaskInstance: gold_layer_aggregation.wait_for_silver_completion scheduled__2025-10-20T20:00:00+00:00 [queued]>
[2025-10-21T21:57:12.157+0000] {taskinstance.py:2303} INFO - Starting attempt 1 of 3
[2025-10-21T21:57:12.168+0000] {taskinstance.py:2327} INFO - Executing <Task(ExternalTaskSensor): wait_for_silver_completion> on 2025-10-20 20:00:00+00:00
[2025-10-21T21:57:12.174+0000] {warnings.py:110} WARNING - /home/***/.local/lib/python3.12/site-packages/***/task/task_runner/standard_task_runner.py:61: DeprecationWarning: This process (pid=784) is multi-threaded, use of fork() may lead to deadlocks in the child.
  pid = os.fork()

[2025-10-21T21:57:12.176+0000] {standard_task_runner.py:63} INFO - Started process 785 to run task
[2025-10-21T21:57:12.176+0000] {standard_task_runner.py:90} INFO - Running: ['***', 'tasks', 'run', 'gold_layer_aggregation', 'wait_for_silver_completion', 'scheduled__2025-10-20T20:00:00+00:00', '--job-id', '61', '--raw', '--subdir', 'DAGS_FOLDER/gold_dag.py', '--cfg-path', '/tmp/tmprw7yp78g']
[2025-10-21T21:57:12.178+0000] {standard_task_runner.py:91} INFO - Job 61: Subtask wait_for_silver_completion
[2025-10-21T21:57:12.189+0000] {warnings.py:110} WARNING - /home/***/.local/lib/python3.12/site-packages/***/settings.py:195: DeprecationWarning: The sql_alchemy_conn option in [core] has been moved to the sql_alchemy_conn option in [database] - the old setting has been used, but please update your config.
  SQL_ALCHEMY_CONN = conf.get("database", "SQL_ALCHEMY_CONN")

[2025-10-21T21:57:12.218+0000] {task_command.py:426} INFO - Running <TaskInstance: gold_layer_aggregation.wait_for_silver_completion scheduled__2025-10-20T20:00:00+00:00 [running]> on host c8e73316fd62
[2025-10-21T21:57:12.280+0000] {taskinstance.py:2644} INFO - Exporting env vars: AIRFLOW_CTX_DAG_OWNER='ghazal_e_ashar' AIRFLOW_CTX_DAG_ID='gold_layer_aggregation' AIRFLOW_CTX_TASK_ID='wait_for_silver_completion' AIRFLOW_CTX_EXECUTION_DATE='2025-10-20T20:00:00+00:00' AIRFLOW_CTX_TRY_NUMBER='1' AIRFLOW_CTX_DAG_RUN_ID='scheduled__2025-10-20T20:00:00+00:00'
[2025-10-21T21:57:12.281+0000] {taskinstance.py:430} INFO - ::endgroup::
[2025-10-21T21:57:12.291+0000] {baseoperator.py:399} WARNING - ExternalTaskSensor.execute cannot be called outside TaskInstance!
[2025-10-21T21:57:12.298+0000] {external_task.py:258} INFO - Poking for tasks ['generate_quality_report'] in dag silver_layer_cleaning_pyspark on 2025-10-20T20:00:00+00:00 ... 
[2025-10-21T21:57:12.299+0000] {warnings.py:110} WARNING - /home/***/.local/lib/python3.12/site-packages/***/utils/session.py:79: DeprecationWarning: This method is deprecated and will be removed in future.
  return func(*args, session=session, **kwargs)

[2025-10-21T21:57:12.306+0000] {taskinstance.py:441} INFO - ::group::Post task execution logs
[2025-10-21T21:57:12.320+0000] {taskinstance.py:2850} INFO - Rescheduling task, marking task as UP_FOR_RESCHEDULE
[2025-10-21T21:57:12.349+0000] {local_task_job_runner.py:240} INFO - Task exited with return code 0
[2025-10-21T21:57:12.362+0000] {taskinstance.py:3482} INFO - 0 downstream tasks scheduled from follow-on schedule check
[2025-10-21T21:57:12.365+0000] {local_task_job_runner.py:222} INFO - ::endgroup::
[2025-10-21T22:02:13.230+0000] {local_task_job_runner.py:120} INFO - ::group::Pre task execution logs
[2025-10-21T22:02:13.248+0000] {taskinstance.py:2073} INFO - Dependencies all met for dep_context=non-requeueable deps ti=<TaskInstance: gold_layer_aggregation.wait_for_silver_completion scheduled__2025-10-20T20:00:00+00:00 [queued]>
[2025-10-21T22:02:13.253+0000] {taskinstance.py:2073} INFO - Dependencies all met for dep_context=requeueable deps ti=<TaskInstance: gold_layer_aggregation.wait_for_silver_completion scheduled__2025-10-20T20:00:00+00:00 [queued]>
[2025-10-21T22:02:13.253+0000] {taskinstance.py:2303} INFO - Starting attempt 1 of 3
[2025-10-21T22:02:13.264+0000] {taskinstance.py:2327} INFO - Executing <Task(ExternalTaskSensor): wait_for_silver_completion> on 2025-10-20 20:00:00+00:00
[2025-10-21T22:02:13.270+0000] {warnings.py:110} WARNING - /home/***/.local/lib/python3.12/site-packages/***/task/task_runner/standard_task_runner.py:61: DeprecationWarning: This process (pid=786) is multi-threaded, use of fork() may lead to deadlocks in the child.
  pid = os.fork()

[2025-10-21T22:02:13.272+0000] {standard_task_runner.py:63} INFO - Started process 787 to run task
[2025-10-21T22:02:13.272+0000] {standard_task_runner.py:90} INFO - Running: ['***', 'tasks', 'run', 'gold_layer_aggregation', 'wait_for_silver_completion', 'scheduled__2025-10-20T20:00:00+00:00', '--job-id', '62', '--raw', '--subdir', 'DAGS_FOLDER/gold_dag.py', '--cfg-path', '/tmp/tmpvn5jsuup']
[2025-10-21T22:02:13.274+0000] {standard_task_runner.py:91} INFO - Job 62: Subtask wait_for_silver_completion
[2025-10-21T22:02:13.285+0000] {warnings.py:110} WARNING - /home/***/.local/lib/python3.12/site-packages/***/settings.py:195: DeprecationWarning: The sql_alchemy_conn option in [core] has been moved to the sql_alchemy_conn option in [database] - the old setting has been used, but please update your config.
  SQL_ALCHEMY_CONN = conf.get("database", "SQL_ALCHEMY_CONN")

[2025-10-21T22:02:13.315+0000] {task_command.py:426} INFO - Running <TaskInstance: gold_layer_aggregation.wait_for_silver_completion scheduled__2025-10-20T20:00:00+00:00 [running]> on host c8e73316fd62
[2025-10-21T22:02:13.380+0000] {taskinstance.py:2644} INFO - Exporting env vars: AIRFLOW_CTX_DAG_OWNER='ghazal_e_ashar' AIRFLOW_CTX_DAG_ID='gold_layer_aggregation' AIRFLOW_CTX_TASK_ID='wait_for_silver_completion' AIRFLOW_CTX_EXECUTION_DATE='2025-10-20T20:00:00+00:00' AIRFLOW_CTX_TRY_NUMBER='1' AIRFLOW_CTX_DAG_RUN_ID='scheduled__2025-10-20T20:00:00+00:00'
[2025-10-21T22:02:13.381+0000] {taskinstance.py:430} INFO - ::endgroup::
[2025-10-21T22:02:13.391+0000] {baseoperator.py:399} WARNING - ExternalTaskSensor.execute cannot be called outside TaskInstance!
[2025-10-21T22:02:13.400+0000] {external_task.py:258} INFO - Poking for tasks ['generate_quality_report'] in dag silver_layer_cleaning_pyspark on 2025-10-20T20:00:00+00:00 ... 
[2025-10-21T22:02:13.400+0000] {warnings.py:110} WARNING - /home/***/.local/lib/python3.12/site-packages/***/utils/session.py:79: DeprecationWarning: This method is deprecated and will be removed in future.
  return func(*args, session=session, **kwargs)

[2025-10-21T22:02:13.407+0000] {taskinstance.py:441} INFO - ::group::Post task execution logs
[2025-10-21T22:02:13.422+0000] {taskinstance.py:2850} INFO - Rescheduling task, marking task as UP_FOR_RESCHEDULE
[2025-10-21T22:02:13.445+0000] {local_task_job_runner.py:240} INFO - Task exited with return code 0
[2025-10-21T22:02:13.458+0000] {taskinstance.py:3482} INFO - 0 downstream tasks scheduled from follow-on schedule check
[2025-10-21T22:02:13.460+0000] {local_task_job_runner.py:222} INFO - ::endgroup::
[2025-10-21T22:07:14.088+0000] {local_task_job_runner.py:120} INFO - ::group::Pre task execution logs
[2025-10-21T22:07:14.105+0000] {taskinstance.py:2073} INFO - Dependencies all met for dep_context=non-requeueable deps ti=<TaskInstance: gold_layer_aggregation.wait_for_silver_completion scheduled__2025-10-20T20:00:00+00:00 [queued]>
[2025-10-21T22:07:14.110+0000] {taskinstance.py:2073} INFO - Dependencies all met for dep_context=requeueable deps ti=<TaskInstance: gold_layer_aggregation.wait_for_silver_completion scheduled__2025-10-20T20:00:00+00:00 [queued]>
[2025-10-21T22:07:14.110+0000] {taskinstance.py:2303} INFO - Starting attempt 1 of 3
[2025-10-21T22:07:14.121+0000] {taskinstance.py:2327} INFO - Executing <Task(ExternalTaskSensor): wait_for_silver_completion> on 2025-10-20 20:00:00+00:00
[2025-10-21T22:07:14.127+0000] {warnings.py:110} WARNING - /home/***/.local/lib/python3.12/site-packages/***/task/task_runner/standard_task_runner.py:61: DeprecationWarning: This process (pid=788) is multi-threaded, use of fork() may lead to deadlocks in the child.
  pid = os.fork()

[2025-10-21T22:07:14.128+0000] {standard_task_runner.py:63} INFO - Started process 789 to run task
[2025-10-21T22:07:14.129+0000] {standard_task_runner.py:90} INFO - Running: ['***', 'tasks', 'run', 'gold_layer_aggregation', 'wait_for_silver_completion', 'scheduled__2025-10-20T20:00:00+00:00', '--job-id', '63', '--raw', '--subdir', 'DAGS_FOLDER/gold_dag.py', '--cfg-path', '/tmp/tmppehfo1az']
[2025-10-21T22:07:14.131+0000] {standard_task_runner.py:91} INFO - Job 63: Subtask wait_for_silver_completion
[2025-10-21T22:07:14.142+0000] {warnings.py:110} WARNING - /home/***/.local/lib/python3.12/site-packages/***/settings.py:195: DeprecationWarning: The sql_alchemy_conn option in [core] has been moved to the sql_alchemy_conn option in [database] - the old setting has been used, but please update your config.
  SQL_ALCHEMY_CONN = conf.get("database", "SQL_ALCHEMY_CONN")

[2025-10-21T22:07:14.171+0000] {task_command.py:426} INFO - Running <TaskInstance: gold_layer_aggregation.wait_for_silver_completion scheduled__2025-10-20T20:00:00+00:00 [running]> on host c8e73316fd62
[2025-10-21T22:07:14.233+0000] {taskinstance.py:2644} INFO - Exporting env vars: AIRFLOW_CTX_DAG_OWNER='ghazal_e_ashar' AIRFLOW_CTX_DAG_ID='gold_layer_aggregation' AIRFLOW_CTX_TASK_ID='wait_for_silver_completion' AIRFLOW_CTX_EXECUTION_DATE='2025-10-20T20:00:00+00:00' AIRFLOW_CTX_TRY_NUMBER='1' AIRFLOW_CTX_DAG_RUN_ID='scheduled__2025-10-20T20:00:00+00:00'
[2025-10-21T22:07:14.234+0000] {taskinstance.py:430} INFO - ::endgroup::
[2025-10-21T22:07:14.245+0000] {baseoperator.py:399} WARNING - ExternalTaskSensor.execute cannot be called outside TaskInstance!
[2025-10-21T22:07:14.252+0000] {external_task.py:258} INFO - Poking for tasks ['generate_quality_report'] in dag silver_layer_cleaning_pyspark on 2025-10-20T20:00:00+00:00 ... 
[2025-10-21T22:07:14.253+0000] {warnings.py:110} WARNING - /home/***/.local/lib/python3.12/site-packages/***/utils/session.py:79: DeprecationWarning: This method is deprecated and will be removed in future.
  return func(*args, session=session, **kwargs)

[2025-10-21T22:07:14.260+0000] {taskinstance.py:441} INFO - ::group::Post task execution logs
[2025-10-21T22:07:14.273+0000] {taskinstance.py:2850} INFO - Rescheduling task, marking task as UP_FOR_RESCHEDULE
[2025-10-21T22:07:14.302+0000] {local_task_job_runner.py:240} INFO - Task exited with return code 0
[2025-10-21T22:07:14.315+0000] {taskinstance.py:3482} INFO - 0 downstream tasks scheduled from follow-on schedule check
[2025-10-21T22:07:14.318+0000] {local_task_job_runner.py:222} INFO - ::endgroup::
