[2025-10-24T11:27:57.304+0000] {local_task_job_runner.py:120} INFO - ::group::Pre task execution logs
[2025-10-24T11:27:57.319+0000] {taskinstance.py:2073} INFO - Dependencies all met for dep_context=non-requeueable deps ti=<TaskInstance: silver_layer_dag.trigger_gold manual__2025-10-24T11:27:43.745194+00:00 [queued]>
[2025-10-24T11:27:57.323+0000] {taskinstance.py:2073} INFO - Dependencies all met for dep_context=requeueable deps ti=<TaskInstance: silver_layer_dag.trigger_gold manual__2025-10-24T11:27:43.745194+00:00 [queued]>
[2025-10-24T11:27:57.324+0000] {taskinstance.py:2303} INFO - Starting attempt 1 of 2
[2025-10-24T11:27:57.333+0000] {taskinstance.py:2327} INFO - Executing <Task(TriggerDagRunOperator): trigger_gold> on 2025-10-24 11:27:43.745194+00:00
[2025-10-24T11:27:57.338+0000] {warnings.py:110} WARNING - /home/***/.local/lib/python3.12/site-packages/***/task/task_runner/standard_task_runner.py:61: DeprecationWarning: This process (pid=193) is multi-threaded, use of fork() may lead to deadlocks in the child.
  pid = os.fork()

[2025-10-24T11:27:57.340+0000] {standard_task_runner.py:63} INFO - Started process 194 to run task
[2025-10-24T11:27:57.340+0000] {standard_task_runner.py:90} INFO - Running: ['***', 'tasks', 'run', 'silver_layer_dag', 'trigger_gold', 'manual__2025-10-24T11:27:43.745194+00:00', '--job-id', '321', '--raw', '--subdir', 'DAGS_FOLDER/silver_layer_dag.py', '--cfg-path', '/tmp/tmp23naivtx']
[2025-10-24T11:27:57.341+0000] {standard_task_runner.py:91} INFO - Job 321: Subtask trigger_gold
[2025-10-24T11:27:57.352+0000] {warnings.py:110} WARNING - /home/***/.local/lib/python3.12/site-packages/***/settings.py:195: DeprecationWarning: The sql_alchemy_conn option in [core] has been moved to the sql_alchemy_conn option in [database] - the old setting has been used, but please update your config.
  SQL_ALCHEMY_CONN = conf.get("database", "SQL_ALCHEMY_CONN")

[2025-10-24T11:27:57.377+0000] {task_command.py:426} INFO - Running <TaskInstance: silver_layer_dag.trigger_gold manual__2025-10-24T11:27:43.745194+00:00 [running]> on host 56a5bdb7792f
[2025-10-24T11:27:57.436+0000] {taskinstance.py:2644} INFO - Exporting env vars: AIRFLOW_CTX_DAG_OWNER='farheen_muzaffar' AIRFLOW_CTX_DAG_ID='silver_layer_dag' AIRFLOW_CTX_TASK_ID='trigger_gold' AIRFLOW_CTX_EXECUTION_DATE='2025-10-24T11:27:43.745194+00:00' AIRFLOW_CTX_TRY_NUMBER='1' AIRFLOW_CTX_DAG_RUN_ID='manual__2025-10-24T11:27:43.745194+00:00'
[2025-10-24T11:27:57.437+0000] {taskinstance.py:430} INFO - ::endgroup::
[2025-10-24T11:27:57.454+0000] {taskinstance.py:441} INFO - ::group::Post task execution logs
[2025-10-24T11:27:57.461+0000] {taskinstance.py:2890} ERROR - Task failed with exception
Traceback (most recent call last):
  File "/home/airflow/.local/lib/python3.12/site-packages/airflow/models/taskinstance.py", line 465, in _execute_task
    result = _execute_callable(context=context, **execute_callable_kwargs)
             ^^^^^^^^^^^^^^^^^^^^^^^^^^^^^^^^^^^^^^^^^^^^^^^^^^^^^^^^^^^^^
  File "/home/airflow/.local/lib/python3.12/site-packages/airflow/models/taskinstance.py", line 432, in _execute_callable
    return execute_callable(context=context, **execute_callable_kwargs)
           ^^^^^^^^^^^^^^^^^^^^^^^^^^^^^^^^^^^^^^^^^^^^^^^^^^^^^^^^^^^^
  File "/home/airflow/.local/lib/python3.12/site-packages/airflow/models/baseoperator.py", line 400, in wrapper
    return func(self, *args, **kwargs)
           ^^^^^^^^^^^^^^^^^^^^^^^^^^^
  File "/home/airflow/.local/lib/python3.12/site-packages/airflow/operators/trigger_dagrun.py", line 165, in execute
    dag_run = trigger_dag(
              ^^^^^^^^^^^^
  File "/home/airflow/.local/lib/python3.12/site-packages/airflow/api/common/trigger_dag.py", line 123, in trigger_dag
    raise DagNotFound(f"Dag id {dag_id} not found in DagModel")
airflow.exceptions.DagNotFound: Dag id gold_layer_dag not found in DagModel
[2025-10-24T11:27:57.464+0000] {taskinstance.py:1205} INFO - Marking task as UP_FOR_RETRY. dag_id=silver_layer_dag, task_id=trigger_gold, execution_date=20251024T112743, start_date=20251024T112757, end_date=20251024T112757
[2025-10-24T11:27:57.474+0000] {standard_task_runner.py:110} ERROR - Failed to execute job 321 for task trigger_gold (Dag id gold_layer_dag not found in DagModel; 194)
[2025-10-24T11:27:57.513+0000] {local_task_job_runner.py:240} INFO - Task exited with return code 1
[2025-10-24T11:27:57.524+0000] {taskinstance.py:3482} INFO - 0 downstream tasks scheduled from follow-on schedule check
[2025-10-24T11:27:57.527+0000] {local_task_job_runner.py:222} INFO - ::endgroup::
