[2025-10-22T10:24:19.325+0000] {local_task_job_runner.py:120} INFO - ::group::Pre task execution logs
[2025-10-22T10:24:19.342+0000] {taskinstance.py:2073} INFO - Dependencies all met for dep_context=non-requeueable deps ti=<TaskInstance: silver_layer_cleaning_pyspark.setup_silver_environment scheduled__2025-10-20T19:00:00+00:00 [queued]>
[2025-10-22T10:24:19.347+0000] {taskinstance.py:2073} INFO - Dependencies all met for dep_context=requeueable deps ti=<TaskInstance: silver_layer_cleaning_pyspark.setup_silver_environment scheduled__2025-10-20T19:00:00+00:00 [queued]>
[2025-10-22T10:24:19.348+0000] {taskinstance.py:2303} INFO - Starting attempt 3 of 3
[2025-10-22T10:24:19.359+0000] {taskinstance.py:2327} INFO - Executing <Task(BashOperator): setup_silver_environment> on 2025-10-20 19:00:00+00:00
[2025-10-22T10:24:19.365+0000] {warnings.py:110} WARNING - /home/***/.local/lib/python3.12/site-packages/***/task/task_runner/standard_task_runner.py:61: DeprecationWarning: This process (pid=716) is multi-threaded, use of fork() may lead to deadlocks in the child.
  pid = os.fork()

[2025-10-22T10:24:19.366+0000] {standard_task_runner.py:63} INFO - Started process 717 to run task
[2025-10-22T10:24:19.367+0000] {standard_task_runner.py:90} INFO - Running: ['***', 'tasks', 'run', 'silver_layer_cleaning_pyspark', 'setup_silver_environment', 'scheduled__2025-10-20T19:00:00+00:00', '--job-id', '29', '--raw', '--subdir', 'DAGS_FOLDER/silver_layer_dag.py', '--cfg-path', '/tmp/tmp4sgmj6w0']
[2025-10-22T10:24:19.369+0000] {standard_task_runner.py:91} INFO - Job 29: Subtask setup_silver_environment
[2025-10-22T10:24:19.381+0000] {warnings.py:110} WARNING - /home/***/.local/lib/python3.12/site-packages/***/settings.py:195: DeprecationWarning: The sql_alchemy_conn option in [core] has been moved to the sql_alchemy_conn option in [database] - the old setting has been used, but please update your config.
  SQL_ALCHEMY_CONN = conf.get("database", "SQL_ALCHEMY_CONN")

[2025-10-22T10:24:19.411+0000] {task_command.py:426} INFO - Running <TaskInstance: silver_layer_cleaning_pyspark.setup_silver_environment scheduled__2025-10-20T19:00:00+00:00 [running]> on host 7df8b8276d1d
[2025-10-22T10:24:19.477+0000] {taskinstance.py:2644} INFO - Exporting env vars: AIRFLOW_CTX_DAG_OWNER='farheen_muzaffar' AIRFLOW_CTX_DAG_ID='silver_layer_cleaning_pyspark' AIRFLOW_CTX_TASK_ID='setup_silver_environment' AIRFLOW_CTX_EXECUTION_DATE='2025-10-20T19:00:00+00:00' AIRFLOW_CTX_TRY_NUMBER='3' AIRFLOW_CTX_DAG_RUN_ID='scheduled__2025-10-20T19:00:00+00:00'
[2025-10-22T10:24:19.478+0000] {taskinstance.py:430} INFO - ::endgroup::
[2025-10-22T10:24:19.489+0000] {subprocess.py:63} INFO - Tmp dir root location: /tmp
[2025-10-22T10:24:19.490+0000] {subprocess.py:75} INFO - Running command: ['/usr/bin/bash', '-c', '\n    echo "Setting up Silver layer environment..."\n    python3 -m pip install --no-cache-dir pyspark==3.5.1 minio==7.2.8\n    python3 -c \'\nimport os\nfrom pyspark.sql import SparkSession, functions as F\nfrom pyspark.sql.types import StringType, IntegerType, FloatType\n\nos.environ[\'"\'"\'AWS_ACCESS_KEY_ID\'"\'"\'] = \'"\'"\'minioadmin\'"\'"\'\nos.environ[\'"\'"\'AWS_SECRET_ACCESS_KEY\'"\'"\'] = \'"\'"\'minioadmin\'"\'"\'\nos.environ[\'"\'"\'SPARK_LOCAL_IP\'"\'"\'] = \'"\'"\'127.0.0.1\'"\'"\'\n\nspark = SparkSession.builder \\\n    .appName("SilverLayerProcessing") \\\n    .config("spark.hadoop.fs.s3a.endpoint", "http://minio:9000") \\\n    .config("spark.hadoop.fs.s3a.access.key", "minioadmin") \\\n    .config("spark.hadoop.fs.s3a.secret.key", "minioadmin") \\\n    .config("spark.hadoop.fs.s3a.impl", "org.apache.hadoop.fs.s3a.S3AFileSystem") \\\n    .config("spark.jars.packages", "org.apache.hadoop:hadoop-aws:3.3.4,com.amazonaws:aws-java-sdk-s3:1.12.570") \\\n    .getOrCreate()\n\nfrom minio import Minio\nclient = Minio(\'"\'"\'minio:9000\'"\'"\', access_key=\'"\'"\'minioadmin\'"\'"\', secret_key=\'"\'"\'minioadmin\'"\'"\', secure=False)\nif not client.bucket_exists(\'"\'"\'silver\'"\'"\'):\n    client.make_bucket(\'"\'"\'silver\'"\'"\')\n    print(\'"\'"\'✅ Created silver bucket\'"\'"\')\nelse:\n    print(\'"\'"\'✅ Silver bucket already exists\'"\'"\')\n\nBRONZE_PATH = "s3a://bronze"\nSILVER_PATH = "s3a://silver"\n\'\n    ']
[2025-10-22T10:24:19.501+0000] {subprocess.py:86} INFO - Output:
[2025-10-22T10:24:19.502+0000] {subprocess.py:93} INFO - Setting up Silver layer environment...
[2025-10-22T10:24:20.352+0000] {subprocess.py:93} INFO - Requirement already satisfied: pyspark==3.5.1 in /home/***/.local/lib/python3.12/site-packages (3.5.1)
[2025-10-22T10:24:20.353+0000] {subprocess.py:93} INFO - Requirement already satisfied: minio==7.2.8 in /home/***/.local/lib/python3.12/site-packages (7.2.8)
[2025-10-22T10:24:20.363+0000] {subprocess.py:93} INFO - Requirement already satisfied: py4j==0.10.9.7 in /home/***/.local/lib/python3.12/site-packages (from pyspark==3.5.1) (0.10.9.7)
[2025-10-22T10:24:20.366+0000] {subprocess.py:93} INFO - Requirement already satisfied: certifi in /home/***/.local/lib/python3.12/site-packages (from minio==7.2.8) (2024.2.2)
[2025-10-22T10:24:20.368+0000] {subprocess.py:93} INFO - Requirement already satisfied: urllib3 in /home/***/.local/lib/python3.12/site-packages (from minio==7.2.8) (1.26.18)
[2025-10-22T10:24:20.369+0000] {subprocess.py:93} INFO - Requirement already satisfied: argon2-cffi in /home/***/.local/lib/python3.12/site-packages (from minio==7.2.8) (25.1.0)
[2025-10-22T10:24:20.369+0000] {subprocess.py:93} INFO - Requirement already satisfied: pycryptodome in /home/***/.local/lib/python3.12/site-packages (from minio==7.2.8) (3.23.0)
[2025-10-22T10:24:20.370+0000] {subprocess.py:93} INFO - Requirement already satisfied: typing-extensions in /home/***/.local/lib/python3.12/site-packages (from minio==7.2.8) (4.11.0)
[2025-10-22T10:24:20.372+0000] {subprocess.py:93} INFO - Requirement already satisfied: argon2-cffi-bindings in /home/***/.local/lib/python3.12/site-packages (from argon2-cffi->minio==7.2.8) (25.1.0)
[2025-10-22T10:24:20.399+0000] {subprocess.py:93} INFO - Requirement already satisfied: cffi>=1.0.1 in /home/***/.local/lib/python3.12/site-packages (from argon2-cffi-bindings->argon2-cffi->minio==7.2.8) (1.16.0)
[2025-10-22T10:24:20.401+0000] {subprocess.py:93} INFO - Requirement already satisfied: pycparser in /home/***/.local/lib/python3.12/site-packages (from cffi>=1.0.1->argon2-cffi-bindings->argon2-cffi->minio==7.2.8) (2.22)
[2025-10-22T10:24:22.418+0000] {subprocess.py:93} INFO - 
[2025-10-22T10:24:22.419+0000] {subprocess.py:93} INFO - [notice] A new release of pip is available: 24.0 -> 25.2
[2025-10-22T10:24:22.419+0000] {subprocess.py:93} INFO - [notice] To update, run: pip install --upgrade pip
[2025-10-22T10:24:22.882+0000] {subprocess.py:93} INFO - /home/***/.local/lib/python3.12/site-packages/pyspark/bin/load-spark-env.sh: line 68: ps: command not found
[2025-10-22T10:24:22.883+0000] {subprocess.py:93} INFO - JAVA_HOME is not set
[2025-10-22T10:24:22.968+0000] {subprocess.py:93} INFO - Traceback (most recent call last):
[2025-10-22T10:24:22.969+0000] {subprocess.py:93} INFO -   File "<string>", line 17, in <module>
[2025-10-22T10:24:22.969+0000] {subprocess.py:93} INFO -   File "/home/***/.local/lib/python3.12/site-packages/pyspark/sql/session.py", line 497, in getOrCreate
[2025-10-22T10:24:22.969+0000] {subprocess.py:93} INFO -     sc = SparkContext.getOrCreate(sparkConf)
[2025-10-22T10:24:22.970+0000] {subprocess.py:93} INFO -          ^^^^^^^^^^^^^^^^^^^^^^^^^^^^^^^^^^^
[2025-10-22T10:24:22.970+0000] {subprocess.py:93} INFO -   File "/home/***/.local/lib/python3.12/site-packages/pyspark/context.py", line 515, in getOrCreate
[2025-10-22T10:24:22.970+0000] {subprocess.py:93} INFO -     SparkContext(conf=conf or SparkConf())
[2025-10-22T10:24:22.971+0000] {subprocess.py:93} INFO -   File "/home/***/.local/lib/python3.12/site-packages/pyspark/context.py", line 201, in __init__
[2025-10-22T10:24:22.971+0000] {subprocess.py:93} INFO -     SparkContext._ensure_initialized(self, gateway=gateway, conf=conf)
[2025-10-22T10:24:22.971+0000] {subprocess.py:93} INFO -   File "/home/***/.local/lib/python3.12/site-packages/pyspark/context.py", line 436, in _ensure_initialized
[2025-10-22T10:24:22.971+0000] {subprocess.py:93} INFO -     SparkContext._gateway = gateway or launch_gateway(conf)
[2025-10-22T10:24:22.972+0000] {subprocess.py:93} INFO -                                        ^^^^^^^^^^^^^^^^^^^^
[2025-10-22T10:24:22.972+0000] {subprocess.py:93} INFO -   File "/home/***/.local/lib/python3.12/site-packages/pyspark/java_gateway.py", line 107, in launch_gateway
[2025-10-22T10:24:22.972+0000] {subprocess.py:93} INFO -     raise PySparkRuntimeError(
[2025-10-22T10:24:22.973+0000] {subprocess.py:93} INFO - pyspark.errors.exceptions.base.PySparkRuntimeError: [JAVA_GATEWAY_EXITED] Java gateway process exited before sending its port number.
[2025-10-22T10:24:23.001+0000] {subprocess.py:97} INFO - Command exited with return code 1
[2025-10-22T10:24:23.001+0000] {taskinstance.py:441} INFO - ::group::Post task execution logs
[2025-10-22T10:24:23.011+0000] {taskinstance.py:2890} ERROR - Task failed with exception
Traceback (most recent call last):
  File "/home/airflow/.local/lib/python3.12/site-packages/airflow/models/taskinstance.py", line 465, in _execute_task
    result = _execute_callable(context=context, **execute_callable_kwargs)
             ^^^^^^^^^^^^^^^^^^^^^^^^^^^^^^^^^^^^^^^^^^^^^^^^^^^^^^^^^^^^^
  File "/home/airflow/.local/lib/python3.12/site-packages/airflow/models/taskinstance.py", line 432, in _execute_callable
    return execute_callable(context=context, **execute_callable_kwargs)
           ^^^^^^^^^^^^^^^^^^^^^^^^^^^^^^^^^^^^^^^^^^^^^^^^^^^^^^^^^^^^
  File "/home/airflow/.local/lib/python3.12/site-packages/airflow/models/baseoperator.py", line 400, in wrapper
    return func(self, *args, **kwargs)
           ^^^^^^^^^^^^^^^^^^^^^^^^^^^
  File "/home/airflow/.local/lib/python3.12/site-packages/airflow/operators/bash.py", line 243, in execute
    raise AirflowException(
airflow.exceptions.AirflowException: Bash command failed. The command returned a non-zero exit code 1.
[2025-10-22T10:24:23.014+0000] {taskinstance.py:1205} INFO - Marking task as FAILED. dag_id=silver_layer_cleaning_pyspark, task_id=setup_silver_environment, execution_date=20251020T190000, start_date=20251022T102419, end_date=20251022T102423
[2025-10-22T10:24:23.025+0000] {standard_task_runner.py:110} ERROR - Failed to execute job 29 for task setup_silver_environment (Bash command failed. The command returned a non-zero exit code 1.; 717)
[2025-10-22T10:24:23.069+0000] {local_task_job_runner.py:240} INFO - Task exited with return code 1
[2025-10-22T10:24:23.088+0000] {taskinstance.py:3482} INFO - 0 downstream tasks scheduled from follow-on schedule check
[2025-10-22T10:24:23.093+0000] {local_task_job_runner.py:222} INFO - ::endgroup::
