[2025-10-22T09:09:52.823+0000] {local_task_job_runner.py:120} INFO - ::group::Pre task execution logs
[2025-10-22T09:09:52.839+0000] {taskinstance.py:2073} INFO - Dependencies all met for dep_context=non-requeueable deps ti=<TaskInstance: silver_layer_cleaning_pyspark.setup_silver_environment scheduled__2025-10-20T19:00:00+00:00 [queued]>
[2025-10-22T09:09:52.844+0000] {taskinstance.py:2073} INFO - Dependencies all met for dep_context=requeueable deps ti=<TaskInstance: silver_layer_cleaning_pyspark.setup_silver_environment scheduled__2025-10-20T19:00:00+00:00 [queued]>
[2025-10-22T09:09:52.844+0000] {taskinstance.py:2303} INFO - Starting attempt 1 of 3
[2025-10-22T09:09:52.856+0000] {taskinstance.py:2327} INFO - Executing <Task(BashOperator): setup_silver_environment> on 2025-10-20 19:00:00+00:00
[2025-10-22T09:09:52.862+0000] {warnings.py:110} WARNING - /home/***/.local/lib/python3.12/site-packages/***/task/task_runner/standard_task_runner.py:61: DeprecationWarning: This process (pid=74) is multi-threaded, use of fork() may lead to deadlocks in the child.
  pid = os.fork()

[2025-10-22T09:09:52.864+0000] {standard_task_runner.py:63} INFO - Started process 75 to run task
[2025-10-22T09:09:52.863+0000] {standard_task_runner.py:90} INFO - Running: ['***', 'tasks', 'run', 'silver_layer_cleaning_pyspark', 'setup_silver_environment', 'scheduled__2025-10-20T19:00:00+00:00', '--job-id', '98', '--raw', '--subdir', 'DAGS_FOLDER/silver_layer_dag.py', '--cfg-path', '/tmp/tmp_r1dr7h2']
[2025-10-22T09:09:52.865+0000] {standard_task_runner.py:91} INFO - Job 98: Subtask setup_silver_environment
[2025-10-22T09:09:52.875+0000] {warnings.py:110} WARNING - /home/***/.local/lib/python3.12/site-packages/***/settings.py:195: DeprecationWarning: The sql_alchemy_conn option in [core] has been moved to the sql_alchemy_conn option in [database] - the old setting has been used, but please update your config.
  SQL_ALCHEMY_CONN = conf.get("database", "SQL_ALCHEMY_CONN")

[2025-10-22T09:09:52.900+0000] {task_command.py:426} INFO - Running <TaskInstance: silver_layer_cleaning_pyspark.setup_silver_environment scheduled__2025-10-20T19:00:00+00:00 [running]> on host c8e73316fd62
[2025-10-22T09:09:52.961+0000] {taskinstance.py:2644} INFO - Exporting env vars: AIRFLOW_CTX_DAG_OWNER='farheen_muzaffar' AIRFLOW_CTX_DAG_ID='silver_layer_cleaning_pyspark' AIRFLOW_CTX_TASK_ID='setup_silver_environment' AIRFLOW_CTX_EXECUTION_DATE='2025-10-20T19:00:00+00:00' AIRFLOW_CTX_TRY_NUMBER='1' AIRFLOW_CTX_DAG_RUN_ID='scheduled__2025-10-20T19:00:00+00:00'
[2025-10-22T09:09:52.962+0000] {taskinstance.py:430} INFO - ::endgroup::
[2025-10-22T09:09:52.975+0000] {subprocess.py:63} INFO - Tmp dir root location: /tmp
[2025-10-22T09:09:52.976+0000] {subprocess.py:75} INFO - Running command: ['/usr/bin/bash', '-c', '\n    echo "Setting up Silver layer environment..."\n    python3 -m pip install --no-cache-dir pyspark==3.5.1 minio==7.2.8\n    python3 -c \'\nimport os\nfrom pyspark.sql import SparkSession, functions as F\nfrom pyspark.sql.types import StringType, IntegerType, FloatType\n\nos.environ[\'"\'"\'AWS_ACCESS_KEY_ID\'"\'"\'] = \'"\'"\'minioadmin\'"\'"\'\nos.environ[\'"\'"\'AWS_SECRET_ACCESS_KEY\'"\'"\'] = \'"\'"\'minioadmin\'"\'"\'\nos.environ[\'"\'"\'SPARK_LOCAL_IP\'"\'"\'] = \'"\'"\'127.0.0.1\'"\'"\'\n\nspark = SparkSession.builder \\\n    .appName("SilverLayerProcessing") \\\n    .config("spark.hadoop.fs.s3a.endpoint", "http://minio:9000") \\\n    .config("spark.hadoop.fs.s3a.access.key", "minioadmin") \\\n    .config("spark.hadoop.fs.s3a.secret.key", "minioadmin") \\\n    .config("spark.hadoop.fs.s3a.impl", "org.apache.hadoop.fs.s3a.S3AFileSystem") \\\n    .config("spark.jars.packages", "org.apache.hadoop:hadoop-aws:3.3.4,com.amazonaws:aws-java-sdk-s3:1.12.570") \\\n    .getOrCreate()\n\nfrom minio import Minio\nclient = Minio(\'"\'"\'minio:9000\'"\'"\', access_key=\'"\'"\'minioadmin\'"\'"\', secret_key=\'"\'"\'minioadmin\'"\'"\', secure=False)\nif not client.bucket_exists(\'"\'"\'silver\'"\'"\'):\n    client.make_bucket(\'"\'"\'silver\'"\'"\')\n    print(\'"\'"\'✅ Created silver bucket\'"\'"\')\nelse:\n    print(\'"\'"\'✅ Silver bucket already exists\'"\'"\')\n\nBRONZE_PATH = "s3a://bronze"\nSILVER_PATH = "s3a://silver"\n\'\n    ']
[2025-10-22T09:09:52.985+0000] {subprocess.py:86} INFO - Output:
[2025-10-22T09:09:52.987+0000] {subprocess.py:93} INFO - Setting up Silver layer environment...
[2025-10-22T09:09:35.552+0000] {subprocess.py:93} INFO - Collecting pyspark==3.5.1
[2025-10-22T09:09:35.913+0000] {subprocess.py:93} INFO -   Downloading pyspark-3.5.1.tar.gz (317.0 MB)
[2025-10-22T09:15:28.309+0000] {local_task_job_runner.py:124} ERROR - Received SIGTERM. Terminating subprocesses
[2025-10-22T09:15:28.327+0000] {process_utils.py:132} INFO - Sending 15 to group 75. PIDs of all processes in the group: [76, 77, 75]
[2025-10-22T09:15:28.336+0000] {process_utils.py:87} INFO - Sending the signal 15 to group 75
[2025-10-22T09:15:28.372+0000] {taskinstance.py:2607} ERROR - Received SIGTERM. Terminating subprocesses.
[2025-10-22T09:15:28.374+0000] {subprocess.py:104} INFO - Sending SIGTERM signal to process group
[2025-10-22T09:15:28.391+0000] {taskinstance.py:441} INFO - ::group::Post task execution logs
[2025-10-22T09:15:28.410+0000] {taskinstance.py:2890} ERROR - Task failed with exception
Traceback (most recent call last):
  File "/home/airflow/.local/lib/python3.12/site-packages/airflow/models/taskinstance.py", line 465, in _execute_task
    result = _execute_callable(context=context, **execute_callable_kwargs)
             ^^^^^^^^^^^^^^^^^^^^^^^^^^^^^^^^^^^^^^^^^^^^^^^^^^^^^^^^^^^^^
  File "/home/airflow/.local/lib/python3.12/site-packages/airflow/models/taskinstance.py", line 432, in _execute_callable
    return execute_callable(context=context, **execute_callable_kwargs)
           ^^^^^^^^^^^^^^^^^^^^^^^^^^^^^^^^^^^^^^^^^^^^^^^^^^^^^^^^^^^^
  File "/home/airflow/.local/lib/python3.12/site-packages/airflow/models/baseoperator.py", line 400, in wrapper
    return func(self, *args, **kwargs)
           ^^^^^^^^^^^^^^^^^^^^^^^^^^^
  File "/home/airflow/.local/lib/python3.12/site-packages/airflow/operators/bash.py", line 234, in execute
    result = self.subprocess_hook.run_command(
             ^^^^^^^^^^^^^^^^^^^^^^^^^^^^^^^^^
  File "/home/airflow/.local/lib/python3.12/site-packages/airflow/hooks/subprocess.py", line 91, in run_command
    for raw_line in iter(self.sub_process.stdout.readline, b""):
  File "/home/airflow/.local/lib/python3.12/site-packages/airflow/models/taskinstance.py", line 2609, in signal_handler
    raise AirflowTaskTerminated("Task received SIGTERM signal")
airflow.exceptions.AirflowTaskTerminated: Task received SIGTERM signal
[2025-10-22T09:15:28.833+0000] {taskinstance.py:1205} INFO - Marking task as UP_FOR_RETRY. dag_id=silver_layer_cleaning_pyspark, task_id=setup_silver_environment, execution_date=20251020T190000, start_date=20251022T090952, end_date=20251022T091528
[2025-10-22T09:15:29.047+0000] {process_utils.py:80} INFO - Process psutil.Process(pid=77, status='terminated', started='09:09:52') (77) terminated with exit code None
[2025-10-22T09:15:29.416+0000] {process_utils.py:80} INFO - Process psutil.Process(pid=75, status='terminated', exitcode=2, started='09:09:52') (75) terminated with exit code 2
[2025-10-22T09:15:29.418+0000] {process_utils.py:80} INFO - Process psutil.Process(pid=76, status='terminated', started='09:09:52') (76) terminated with exit code None
[2025-10-22T09:15:29.422+0000] {local_task_job_runner.py:240} INFO - Task exited with return code 143
[2025-10-22T09:15:29.496+0000] {taskinstance.py:3482} INFO - 0 downstream tasks scheduled from follow-on schedule check
[2025-10-22T09:15:31.642+0000] {local_task_job_runner.py:124} ERROR - Received SIGTERM. Terminating subprocesses
[2025-10-22T09:15:31.642+0000] {local_task_job_runner.py:240} INFO - Task exited with return code 143
[2025-10-22T09:38:48.903+0000] {local_task_job_runner.py:120} INFO - ::group::Pre task execution logs
[2025-10-22T09:38:48.959+0000] {taskinstance.py:2073} INFO - Dependencies all met for dep_context=non-requeueable deps ti=<TaskInstance: silver_layer_cleaning_pyspark.setup_silver_environment scheduled__2025-10-20T19:00:00+00:00 [queued]>
[2025-10-22T09:38:48.978+0000] {taskinstance.py:2073} INFO - Dependencies all met for dep_context=requeueable deps ti=<TaskInstance: silver_layer_cleaning_pyspark.setup_silver_environment scheduled__2025-10-20T19:00:00+00:00 [queued]>
[2025-10-22T09:38:48.979+0000] {taskinstance.py:2303} INFO - Starting attempt 1 of 3
[2025-10-22T09:38:48.998+0000] {taskinstance.py:2327} INFO - Executing <Task(BashOperator): setup_silver_environment> on 2025-10-20 19:00:00+00:00
[2025-10-22T09:38:49.011+0000] {warnings.py:110} WARNING - /home/***/.local/lib/python3.12/site-packages/***/task/task_runner/standard_task_runner.py:61: DeprecationWarning: This process (pid=173) is multi-threaded, use of fork() may lead to deadlocks in the child.
  pid = os.fork()

[2025-10-22T09:38:49.020+0000] {standard_task_runner.py:63} INFO - Started process 192 to run task
[2025-10-22T09:38:49.017+0000] {standard_task_runner.py:90} INFO - Running: ['***', 'tasks', 'run', 'silver_layer_cleaning_pyspark', 'setup_silver_environment', 'scheduled__2025-10-20T19:00:00+00:00', '--job-id', '111', '--raw', '--subdir', 'DAGS_FOLDER/silver_layer_dag.py', '--cfg-path', '/tmp/tmpfbiqbe5x']
[2025-10-22T09:38:49.024+0000] {standard_task_runner.py:91} INFO - Job 111: Subtask setup_silver_environment
[2025-10-22T09:38:49.057+0000] {warnings.py:110} WARNING - /home/***/.local/lib/python3.12/site-packages/***/settings.py:195: DeprecationWarning: The sql_alchemy_conn option in [core] has been moved to the sql_alchemy_conn option in [database] - the old setting has been used, but please update your config.
  SQL_ALCHEMY_CONN = conf.get("database", "SQL_ALCHEMY_CONN")

[2025-10-22T09:38:49.140+0000] {task_command.py:426} INFO - Running <TaskInstance: silver_layer_cleaning_pyspark.setup_silver_environment scheduled__2025-10-20T19:00:00+00:00 [running]> on host 0586f0d5111d
[2025-10-22T09:38:49.287+0000] {taskinstance.py:2644} INFO - Exporting env vars: AIRFLOW_CTX_DAG_OWNER='farheen_muzaffar' AIRFLOW_CTX_DAG_ID='silver_layer_cleaning_pyspark' AIRFLOW_CTX_TASK_ID='setup_silver_environment' AIRFLOW_CTX_EXECUTION_DATE='2025-10-20T19:00:00+00:00' AIRFLOW_CTX_TRY_NUMBER='1' AIRFLOW_CTX_DAG_RUN_ID='scheduled__2025-10-20T19:00:00+00:00'
[2025-10-22T09:38:49.289+0000] {taskinstance.py:430} INFO - ::endgroup::
[2025-10-22T09:38:49.339+0000] {subprocess.py:63} INFO - Tmp dir root location: /tmp
[2025-10-22T09:38:49.343+0000] {subprocess.py:75} INFO - Running command: ['/usr/bin/bash', '-c', '\n    echo "Setting up Silver layer environment..."\n    python3 -m pip install --no-cache-dir pyspark==3.5.1 minio==7.2.8\n    python3 -c \'\nimport os\nfrom pyspark.sql import SparkSession, functions as F\nfrom pyspark.sql.types import StringType, IntegerType, FloatType\n\nos.environ[\'"\'"\'AWS_ACCESS_KEY_ID\'"\'"\'] = \'"\'"\'minioadmin\'"\'"\'\nos.environ[\'"\'"\'AWS_SECRET_ACCESS_KEY\'"\'"\'] = \'"\'"\'minioadmin\'"\'"\'\nos.environ[\'"\'"\'SPARK_LOCAL_IP\'"\'"\'] = \'"\'"\'127.0.0.1\'"\'"\'\n\nspark = SparkSession.builder \\\n    .appName("SilverLayerProcessing") \\\n    .config("spark.hadoop.fs.s3a.endpoint", "http://minio:9000") \\\n    .config("spark.hadoop.fs.s3a.access.key", "minioadmin") \\\n    .config("spark.hadoop.fs.s3a.secret.key", "minioadmin") \\\n    .config("spark.hadoop.fs.s3a.impl", "org.apache.hadoop.fs.s3a.S3AFileSystem") \\\n    .config("spark.jars.packages", "org.apache.hadoop:hadoop-aws:3.3.4,com.amazonaws:aws-java-sdk-s3:1.12.570") \\\n    .getOrCreate()\n\nfrom minio import Minio\nclient = Minio(\'"\'"\'minio:9000\'"\'"\', access_key=\'"\'"\'minioadmin\'"\'"\', secret_key=\'"\'"\'minioadmin\'"\'"\', secure=False)\nif not client.bucket_exists(\'"\'"\'silver\'"\'"\'):\n    client.make_bucket(\'"\'"\'silver\'"\'"\')\n    print(\'"\'"\'✅ Created silver bucket\'"\'"\')\nelse:\n    print(\'"\'"\'✅ Silver bucket already exists\'"\'"\')\n\nBRONZE_PATH = "s3a://bronze"\nSILVER_PATH = "s3a://silver"\n\'\n    ']
[2025-10-22T09:38:49.367+0000] {subprocess.py:86} INFO - Output:
[2025-10-22T09:38:49.371+0000] {subprocess.py:93} INFO - Setting up Silver layer environment...
[2025-10-22T09:38:51.341+0000] {subprocess.py:93} INFO - Collecting pyspark==3.5.1
[2025-10-22T09:38:51.499+0000] {subprocess.py:93} INFO -   Downloading pyspark-3.5.1.tar.gz (317.0 MB)
[2025-10-22T09:41:00.777+0000] {subprocess.py:93} INFO -      ━━━━━━━━━━━━━━━━━━━━━━━━━━━━━━━━━━━━━━━ 317.0/317.0 MB 2.7 MB/s eta 0:00:00
[2025-10-22T09:41:04.591+0000] {subprocess.py:93} INFO -   Installing build dependencies: started
[2025-10-22T09:41:08.544+0000] {subprocess.py:93} INFO -   Installing build dependencies: finished with status 'done'
[2025-10-22T09:41:08.545+0000] {subprocess.py:93} INFO -   Getting requirements to build wheel: started
[2025-10-22T09:41:09.017+0000] {subprocess.py:93} INFO -   Getting requirements to build wheel: finished with status 'done'
[2025-10-22T09:41:09.019+0000] {subprocess.py:93} INFO -   Preparing metadata (pyproject.toml): started
[2025-10-22T09:41:09.505+0000] {subprocess.py:93} INFO -   Preparing metadata (pyproject.toml): finished with status 'done'
[2025-10-22T09:41:09.601+0000] {subprocess.py:93} INFO - Collecting minio==7.2.8
[2025-10-22T09:41:09.647+0000] {subprocess.py:93} INFO -   Downloading minio-7.2.8-py3-none-any.whl.metadata (6.5 kB)
[2025-10-22T09:41:09.718+0000] {subprocess.py:93} INFO - Collecting py4j==0.10.9.7 (from pyspark==3.5.1)
[2025-10-22T09:41:09.763+0000] {subprocess.py:93} INFO -   Downloading py4j-0.10.9.7-py2.py3-none-any.whl.metadata (1.5 kB)
[2025-10-22T09:41:09.767+0000] {subprocess.py:93} INFO - Requirement already satisfied: certifi in /home/***/.local/lib/python3.12/site-packages (from minio==7.2.8) (2024.2.2)
[2025-10-22T09:41:09.770+0000] {subprocess.py:93} INFO - Requirement already satisfied: urllib3 in /home/***/.local/lib/python3.12/site-packages (from minio==7.2.8) (1.26.18)
[2025-10-22T09:41:09.770+0000] {subprocess.py:93} INFO - Requirement already satisfied: argon2-cffi in /home/***/.local/lib/python3.12/site-packages (from minio==7.2.8) (25.1.0)
[2025-10-22T09:41:09.771+0000] {subprocess.py:93} INFO - Requirement already satisfied: pycryptodome in /home/***/.local/lib/python3.12/site-packages (from minio==7.2.8) (3.23.0)
[2025-10-22T09:41:09.772+0000] {subprocess.py:93} INFO - Requirement already satisfied: typing-extensions in /home/***/.local/lib/python3.12/site-packages (from minio==7.2.8) (4.11.0)
[2025-10-22T09:41:09.774+0000] {subprocess.py:93} INFO - Requirement already satisfied: argon2-cffi-bindings in /home/***/.local/lib/python3.12/site-packages (from argon2-cffi->minio==7.2.8) (25.1.0)
[2025-10-22T09:41:09.793+0000] {subprocess.py:93} INFO - Requirement already satisfied: cffi>=1.0.1 in /home/***/.local/lib/python3.12/site-packages (from argon2-cffi-bindings->argon2-cffi->minio==7.2.8) (1.16.0)
[2025-10-22T09:41:09.795+0000] {subprocess.py:93} INFO - Requirement already satisfied: pycparser in /home/***/.local/lib/python3.12/site-packages (from cffi>=1.0.1->argon2-cffi-bindings->argon2-cffi->minio==7.2.8) (2.22)
[2025-10-22T09:41:09.841+0000] {subprocess.py:93} INFO - Downloading minio-7.2.8-py3-none-any.whl (93 kB)
[2025-10-22T09:41:09.868+0000] {subprocess.py:93} INFO -    ━━━━━━━━━━━━━━━━━━━━━━━━━━━━━━━━━━━━━━━━ 93.5/93.5 kB 3.8 MB/s eta 0:00:00
[2025-10-22T09:41:09.913+0000] {subprocess.py:93} INFO - Downloading py4j-0.10.9.7-py2.py3-none-any.whl (200 kB)
[2025-10-22T09:41:09.974+0000] {subprocess.py:93} INFO -    ━━━━━━━━━━━━━━━━━━━━━━━━━━━━━━━━━━━━━━━━ 200.5/200.5 kB 3.3 MB/s eta 0:00:00
[2025-10-22T09:41:09.980+0000] {subprocess.py:93} INFO - Building wheels for collected packages: pyspark
[2025-10-22T09:41:09.983+0000] {subprocess.py:93} INFO -   Building wheel for pyspark (pyproject.toml): started
[2025-10-22T09:41:23.722+0000] {subprocess.py:93} INFO -   Building wheel for pyspark (pyproject.toml): finished with status 'done'
[2025-10-22T09:41:23.940+0000] {subprocess.py:93} INFO -   Created wheel for pyspark: filename=pyspark-3.5.1-py2.py3-none-any.whl size=317488550 sha256=ea5f48afbdd0f5c8541ffff303d4cd60eeab030550101c764eb7144c9e481ead
[2025-10-22T09:41:23.940+0000] {subprocess.py:93} INFO -   Stored in directory: /tmp/pip-ephem-wheel-cache-sts9faxx/wheels/b1/91/5f/283b53010a8016a4ff1c4a1edd99bbe73afacb099645b5471b
[2025-10-22T09:41:23.945+0000] {subprocess.py:93} INFO - Successfully built pyspark
[2025-10-22T09:41:25.684+0000] {subprocess.py:93} INFO - Installing collected packages: py4j, pyspark, minio
[2025-10-22T09:41:25.684+0000] {subprocess.py:93} INFO -   Attempting uninstall: py4j
[2025-10-22T09:41:25.787+0000] {subprocess.py:93} INFO -     Found existing installation: py4j 0.10.9.9
[2025-10-22T09:41:25.792+0000] {subprocess.py:93} INFO -     Uninstalling py4j-0.10.9.9:
[2025-10-22T09:41:25.796+0000] {subprocess.py:93} INFO -       Successfully uninstalled py4j-0.10.9.9
[2025-10-22T09:41:25.873+0000] {subprocess.py:93} INFO -   Attempting uninstall: pyspark
[2025-10-22T09:41:25.984+0000] {subprocess.py:93} INFO -     Found existing installation: pyspark 4.0.1
[2025-10-22T09:41:26.071+0000] {subprocess.py:93} INFO -     Uninstalling pyspark-4.0.1:
[2025-10-22T09:41:26.111+0000] {subprocess.py:93} INFO -       Successfully uninstalled pyspark-4.0.1
[2025-10-22T09:41:28.667+0000] {subprocess.py:93} INFO -   Attempting uninstall: minio
[2025-10-22T09:41:28.784+0000] {subprocess.py:93} INFO -     Found existing installation: minio 7.2.18
[2025-10-22T09:41:28.788+0000] {subprocess.py:93} INFO -     Uninstalling minio-7.2.18:
[2025-10-22T09:41:28.790+0000] {subprocess.py:93} INFO -       Successfully uninstalled minio-7.2.18
[2025-10-22T09:41:29.200+0000] {subprocess.py:93} INFO - Successfully installed minio-7.2.8 py4j-0.10.9.7 pyspark-3.5.1
[2025-10-22T09:41:29.561+0000] {subprocess.py:93} INFO - 
[2025-10-22T09:41:29.561+0000] {subprocess.py:93} INFO - [notice] A new release of pip is available: 24.0 -> 25.2
[2025-10-22T09:41:29.562+0000] {subprocess.py:93} INFO - [notice] To update, run: pip install --upgrade pip
[2025-10-22T09:41:30.499+0000] {subprocess.py:93} INFO - /home/***/.local/lib/python3.12/site-packages/pyspark/bin/load-spark-env.sh: line 68: ps: command not found
[2025-10-22T09:41:30.500+0000] {subprocess.py:93} INFO - JAVA_HOME is not set
[2025-10-22T09:41:30.581+0000] {subprocess.py:93} INFO - Traceback (most recent call last):
[2025-10-22T09:41:30.582+0000] {subprocess.py:93} INFO -   File "<string>", line 17, in <module>
[2025-10-22T09:41:30.582+0000] {subprocess.py:93} INFO -   File "/home/***/.local/lib/python3.12/site-packages/pyspark/sql/session.py", line 497, in getOrCreate
[2025-10-22T09:41:30.583+0000] {subprocess.py:93} INFO -     sc = SparkContext.getOrCreate(sparkConf)
[2025-10-22T09:41:30.583+0000] {subprocess.py:93} INFO -          ^^^^^^^^^^^^^^^^^^^^^^^^^^^^^^^^^^^
[2025-10-22T09:41:30.583+0000] {subprocess.py:93} INFO -   File "/home/***/.local/lib/python3.12/site-packages/pyspark/context.py", line 515, in getOrCreate
[2025-10-22T09:41:30.583+0000] {subprocess.py:93} INFO -     SparkContext(conf=conf or SparkConf())
[2025-10-22T09:41:30.584+0000] {subprocess.py:93} INFO -   File "/home/***/.local/lib/python3.12/site-packages/pyspark/context.py", line 201, in __init__
[2025-10-22T09:41:30.584+0000] {subprocess.py:93} INFO -     SparkContext._ensure_initialized(self, gateway=gateway, conf=conf)
[2025-10-22T09:41:30.584+0000] {subprocess.py:93} INFO -   File "/home/***/.local/lib/python3.12/site-packages/pyspark/context.py", line 436, in _ensure_initialized
[2025-10-22T09:41:30.585+0000] {subprocess.py:93} INFO -     SparkContext._gateway = gateway or launch_gateway(conf)
[2025-10-22T09:41:30.585+0000] {subprocess.py:93} INFO -                                        ^^^^^^^^^^^^^^^^^^^^
[2025-10-22T09:41:30.585+0000] {subprocess.py:93} INFO -   File "/home/***/.local/lib/python3.12/site-packages/pyspark/java_gateway.py", line 107, in launch_gateway
[2025-10-22T09:41:30.586+0000] {subprocess.py:93} INFO -     raise PySparkRuntimeError(
[2025-10-22T09:41:30.586+0000] {subprocess.py:93} INFO - pyspark.errors.exceptions.base.PySparkRuntimeError: [JAVA_GATEWAY_EXITED] Java gateway process exited before sending its port number.
[2025-10-22T09:41:30.618+0000] {subprocess.py:97} INFO - Command exited with return code 1
[2025-10-22T09:41:30.620+0000] {taskinstance.py:441} INFO - ::group::Post task execution logs
[2025-10-22T09:41:30.631+0000] {taskinstance.py:2890} ERROR - Task failed with exception
Traceback (most recent call last):
  File "/home/airflow/.local/lib/python3.12/site-packages/airflow/models/taskinstance.py", line 465, in _execute_task
    result = _execute_callable(context=context, **execute_callable_kwargs)
             ^^^^^^^^^^^^^^^^^^^^^^^^^^^^^^^^^^^^^^^^^^^^^^^^^^^^^^^^^^^^^
  File "/home/airflow/.local/lib/python3.12/site-packages/airflow/models/taskinstance.py", line 432, in _execute_callable
    return execute_callable(context=context, **execute_callable_kwargs)
           ^^^^^^^^^^^^^^^^^^^^^^^^^^^^^^^^^^^^^^^^^^^^^^^^^^^^^^^^^^^^
  File "/home/airflow/.local/lib/python3.12/site-packages/airflow/models/baseoperator.py", line 400, in wrapper
    return func(self, *args, **kwargs)
           ^^^^^^^^^^^^^^^^^^^^^^^^^^^
  File "/home/airflow/.local/lib/python3.12/site-packages/airflow/operators/bash.py", line 243, in execute
    raise AirflowException(
airflow.exceptions.AirflowException: Bash command failed. The command returned a non-zero exit code 1.
[2025-10-22T09:41:30.639+0000] {taskinstance.py:1205} INFO - Marking task as UP_FOR_RETRY. dag_id=silver_layer_cleaning_pyspark, task_id=setup_silver_environment, execution_date=20251020T190000, start_date=20251022T093848, end_date=20251022T094130
[2025-10-22T09:41:30.652+0000] {standard_task_runner.py:110} ERROR - Failed to execute job 111 for task setup_silver_environment (Bash command failed. The command returned a non-zero exit code 1.; 192)
[2025-10-22T09:41:30.692+0000] {local_task_job_runner.py:240} INFO - Task exited with return code 1
[2025-10-22T09:41:30.714+0000] {taskinstance.py:3482} INFO - 0 downstream tasks scheduled from follow-on schedule check
[2025-10-22T09:41:30.716+0000] {local_task_job_runner.py:222} INFO - ::endgroup::
[2025-10-22T10:10:51.223+0000] {local_task_job_runner.py:120} INFO - ::group::Pre task execution logs
[2025-10-22T10:10:51.241+0000] {taskinstance.py:2073} INFO - Dependencies all met for dep_context=non-requeueable deps ti=<TaskInstance: silver_layer_cleaning_pyspark.setup_silver_environment scheduled__2025-10-20T19:00:00+00:00 [queued]>
[2025-10-22T10:10:51.247+0000] {taskinstance.py:2073} INFO - Dependencies all met for dep_context=requeueable deps ti=<TaskInstance: silver_layer_cleaning_pyspark.setup_silver_environment scheduled__2025-10-20T19:00:00+00:00 [queued]>
[2025-10-22T10:10:51.247+0000] {taskinstance.py:2303} INFO - Starting attempt 1 of 3
[2025-10-22T10:10:51.262+0000] {taskinstance.py:2327} INFO - Executing <Task(BashOperator): setup_silver_environment> on 2025-10-20 19:00:00+00:00
[2025-10-22T10:10:51.268+0000] {warnings.py:110} WARNING - /home/***/.local/lib/python3.12/site-packages/***/task/task_runner/standard_task_runner.py:61: DeprecationWarning: This process (pid=162) is multi-threaded, use of fork() may lead to deadlocks in the child.
  pid = os.fork()

[2025-10-22T10:10:51.270+0000] {standard_task_runner.py:63} INFO - Started process 163 to run task
[2025-10-22T10:10:51.270+0000] {standard_task_runner.py:90} INFO - Running: ['***', 'tasks', 'run', 'silver_layer_cleaning_pyspark', 'setup_silver_environment', 'scheduled__2025-10-20T19:00:00+00:00', '--job-id', '7', '--raw', '--subdir', 'DAGS_FOLDER/silver_layer_dag.py', '--cfg-path', '/tmp/tmpp3ptsm7x']
[2025-10-22T10:10:51.272+0000] {standard_task_runner.py:91} INFO - Job 7: Subtask setup_silver_environment
[2025-10-22T10:10:51.293+0000] {warnings.py:110} WARNING - /home/***/.local/lib/python3.12/site-packages/***/settings.py:195: DeprecationWarning: The sql_alchemy_conn option in [core] has been moved to the sql_alchemy_conn option in [database] - the old setting has been used, but please update your config.
  SQL_ALCHEMY_CONN = conf.get("database", "SQL_ALCHEMY_CONN")

[2025-10-22T10:10:51.323+0000] {task_command.py:426} INFO - Running <TaskInstance: silver_layer_cleaning_pyspark.setup_silver_environment scheduled__2025-10-20T19:00:00+00:00 [running]> on host 7df8b8276d1d
[2025-10-22T10:10:51.392+0000] {taskinstance.py:2644} INFO - Exporting env vars: AIRFLOW_CTX_DAG_OWNER='farheen_muzaffar' AIRFLOW_CTX_DAG_ID='silver_layer_cleaning_pyspark' AIRFLOW_CTX_TASK_ID='setup_silver_environment' AIRFLOW_CTX_EXECUTION_DATE='2025-10-20T19:00:00+00:00' AIRFLOW_CTX_TRY_NUMBER='1' AIRFLOW_CTX_DAG_RUN_ID='scheduled__2025-10-20T19:00:00+00:00'
[2025-10-22T10:10:51.393+0000] {taskinstance.py:430} INFO - ::endgroup::
[2025-10-22T10:10:51.405+0000] {subprocess.py:63} INFO - Tmp dir root location: /tmp
[2025-10-22T10:10:51.406+0000] {subprocess.py:75} INFO - Running command: ['/usr/bin/bash', '-c', '\n    echo "Setting up Silver layer environment..."\n    python3 -m pip install --no-cache-dir pyspark==3.5.1 minio==7.2.8\n    python3 -c \'\nimport os\nfrom pyspark.sql import SparkSession, functions as F\nfrom pyspark.sql.types import StringType, IntegerType, FloatType\n\nos.environ[\'"\'"\'AWS_ACCESS_KEY_ID\'"\'"\'] = \'"\'"\'minioadmin\'"\'"\'\nos.environ[\'"\'"\'AWS_SECRET_ACCESS_KEY\'"\'"\'] = \'"\'"\'minioadmin\'"\'"\'\nos.environ[\'"\'"\'SPARK_LOCAL_IP\'"\'"\'] = \'"\'"\'127.0.0.1\'"\'"\'\n\nspark = SparkSession.builder \\\n    .appName("SilverLayerProcessing") \\\n    .config("spark.hadoop.fs.s3a.endpoint", "http://minio:9000") \\\n    .config("spark.hadoop.fs.s3a.access.key", "minioadmin") \\\n    .config("spark.hadoop.fs.s3a.secret.key", "minioadmin") \\\n    .config("spark.hadoop.fs.s3a.impl", "org.apache.hadoop.fs.s3a.S3AFileSystem") \\\n    .config("spark.jars.packages", "org.apache.hadoop:hadoop-aws:3.3.4,com.amazonaws:aws-java-sdk-s3:1.12.570") \\\n    .getOrCreate()\n\nfrom minio import Minio\nclient = Minio(\'"\'"\'minio:9000\'"\'"\', access_key=\'"\'"\'minioadmin\'"\'"\', secret_key=\'"\'"\'minioadmin\'"\'"\', secure=False)\nif not client.bucket_exists(\'"\'"\'silver\'"\'"\'):\n    client.make_bucket(\'"\'"\'silver\'"\'"\')\n    print(\'"\'"\'✅ Created silver bucket\'"\'"\')\nelse:\n    print(\'"\'"\'✅ Silver bucket already exists\'"\'"\')\n\nBRONZE_PATH = "s3a://bronze"\nSILVER_PATH = "s3a://silver"\n\'\n    ']
[2025-10-22T10:10:51.419+0000] {subprocess.py:86} INFO - Output:
[2025-10-22T10:10:51.420+0000] {subprocess.py:93} INFO - Setting up Silver layer environment...
[2025-10-22T10:10:54.372+0000] {subprocess.py:93} INFO - Collecting pyspark==3.5.1
[2025-10-22T10:10:54.537+0000] {subprocess.py:93} INFO -   Downloading pyspark-3.5.1.tar.gz (317.0 MB)
[2025-10-22T10:13:45.372+0000] {subprocess.py:93} INFO -      ━━━━━━━━━━━━━━━━━━━━━━━━━━━━━━━━━━━━━━━ 317.0/317.0 MB 2.0 MB/s eta 0:00:00
[2025-10-22T10:13:48.457+0000] {subprocess.py:93} INFO -   Installing build dependencies: started
[2025-10-22T10:13:52.591+0000] {subprocess.py:93} INFO -   Installing build dependencies: finished with status 'done'
[2025-10-22T10:13:52.592+0000] {subprocess.py:93} INFO -   Getting requirements to build wheel: started
[2025-10-22T10:13:53.014+0000] {subprocess.py:93} INFO -   Getting requirements to build wheel: finished with status 'done'
[2025-10-22T10:13:53.015+0000] {subprocess.py:93} INFO -   Preparing metadata (pyproject.toml): started
[2025-10-22T10:13:53.440+0000] {subprocess.py:93} INFO -   Preparing metadata (pyproject.toml): finished with status 'done'
[2025-10-22T10:13:53.593+0000] {subprocess.py:93} INFO - Collecting minio==7.2.8
[2025-10-22T10:13:53.636+0000] {subprocess.py:93} INFO -   Downloading minio-7.2.8-py3-none-any.whl.metadata (6.5 kB)
[2025-10-22T10:13:53.721+0000] {subprocess.py:93} INFO - Collecting py4j==0.10.9.7 (from pyspark==3.5.1)
[2025-10-22T10:13:53.761+0000] {subprocess.py:93} INFO -   Downloading py4j-0.10.9.7-py2.py3-none-any.whl.metadata (1.5 kB)
[2025-10-22T10:13:53.765+0000] {subprocess.py:93} INFO - Requirement already satisfied: certifi in /home/***/.local/lib/python3.12/site-packages (from minio==7.2.8) (2024.2.2)
[2025-10-22T10:13:53.767+0000] {subprocess.py:93} INFO - Requirement already satisfied: urllib3 in /home/***/.local/lib/python3.12/site-packages (from minio==7.2.8) (1.26.18)
[2025-10-22T10:13:53.768+0000] {subprocess.py:93} INFO - Requirement already satisfied: argon2-cffi in /home/***/.local/lib/python3.12/site-packages (from minio==7.2.8) (25.1.0)
[2025-10-22T10:13:53.769+0000] {subprocess.py:93} INFO - Requirement already satisfied: pycryptodome in /home/***/.local/lib/python3.12/site-packages (from minio==7.2.8) (3.23.0)
[2025-10-22T10:13:53.769+0000] {subprocess.py:93} INFO - Requirement already satisfied: typing-extensions in /home/***/.local/lib/python3.12/site-packages (from minio==7.2.8) (4.11.0)
[2025-10-22T10:13:53.772+0000] {subprocess.py:93} INFO - Requirement already satisfied: argon2-cffi-bindings in /home/***/.local/lib/python3.12/site-packages (from argon2-cffi->minio==7.2.8) (25.1.0)
[2025-10-22T10:13:53.789+0000] {subprocess.py:93} INFO - Requirement already satisfied: cffi>=1.0.1 in /home/***/.local/lib/python3.12/site-packages (from argon2-cffi-bindings->argon2-cffi->minio==7.2.8) (1.16.0)
[2025-10-22T10:13:53.790+0000] {subprocess.py:93} INFO - Requirement already satisfied: pycparser in /home/***/.local/lib/python3.12/site-packages (from cffi>=1.0.1->argon2-cffi-bindings->argon2-cffi->minio==7.2.8) (2.22)
[2025-10-22T10:13:53.833+0000] {subprocess.py:93} INFO - Downloading minio-7.2.8-py3-none-any.whl (93 kB)
[2025-10-22T10:13:53.893+0000] {subprocess.py:93} INFO -    ━━━━━━━━━━━━━━━━━━━━━━━━━━━━━━━━━━━━━━━━ 93.5/93.5 kB 1.6 MB/s eta 0:00:00
[2025-10-22T10:13:53.934+0000] {subprocess.py:93} INFO - Downloading py4j-0.10.9.7-py2.py3-none-any.whl (200 kB)
[2025-10-22T10:13:54.060+0000] {subprocess.py:93} INFO -    ━━━━━━━━━━━━━━━━━━━━━━━━━━━━━━━━━━━━━━━━ 200.5/200.5 kB 1.6 MB/s eta 0:00:00
[2025-10-22T10:13:54.066+0000] {subprocess.py:93} INFO - Building wheels for collected packages: pyspark
[2025-10-22T10:13:54.069+0000] {subprocess.py:93} INFO -   Building wheel for pyspark (pyproject.toml): started
[2025-10-22T10:14:07.583+0000] {subprocess.py:93} INFO -   Building wheel for pyspark (pyproject.toml): finished with status 'done'
[2025-10-22T10:14:07.748+0000] {subprocess.py:93} INFO -   Created wheel for pyspark: filename=pyspark-3.5.1-py2.py3-none-any.whl size=317488550 sha256=f16fc047494deb4e5fe080208002d0e1da48d9b89ed132047233c19f148ed92d
[2025-10-22T10:14:07.749+0000] {subprocess.py:93} INFO -   Stored in directory: /tmp/pip-ephem-wheel-cache-kde3j4_g/wheels/b1/91/5f/283b53010a8016a4ff1c4a1edd99bbe73afacb099645b5471b
[2025-10-22T10:14:07.753+0000] {subprocess.py:93} INFO - Successfully built pyspark
[2025-10-22T10:14:09.337+0000] {subprocess.py:93} INFO - Installing collected packages: py4j, pyspark, minio
[2025-10-22T10:14:09.337+0000] {subprocess.py:93} INFO -   Attempting uninstall: py4j
[2025-10-22T10:14:09.437+0000] {subprocess.py:93} INFO -     Found existing installation: py4j 0.10.9.9
[2025-10-22T10:14:09.442+0000] {subprocess.py:93} INFO -     Uninstalling py4j-0.10.9.9:
[2025-10-22T10:14:09.444+0000] {subprocess.py:93} INFO -       Successfully uninstalled py4j-0.10.9.9
[2025-10-22T10:14:09.513+0000] {subprocess.py:93} INFO -   Attempting uninstall: pyspark
[2025-10-22T10:14:09.612+0000] {subprocess.py:93} INFO -     Found existing installation: pyspark 4.0.1
[2025-10-22T10:14:09.664+0000] {subprocess.py:93} INFO -     Uninstalling pyspark-4.0.1:
[2025-10-22T10:14:09.681+0000] {subprocess.py:93} INFO -       Successfully uninstalled pyspark-4.0.1
[2025-10-22T10:14:11.943+0000] {subprocess.py:93} INFO -   Attempting uninstall: minio
[2025-10-22T10:14:12.049+0000] {subprocess.py:93} INFO -     Found existing installation: minio 7.2.18
[2025-10-22T10:14:12.053+0000] {subprocess.py:93} INFO -     Uninstalling minio-7.2.18:
[2025-10-22T10:14:12.054+0000] {subprocess.py:93} INFO -       Successfully uninstalled minio-7.2.18
[2025-10-22T10:14:12.406+0000] {subprocess.py:93} INFO - Successfully installed minio-7.2.8 py4j-0.10.9.7 pyspark-3.5.1
[2025-10-22T10:14:12.742+0000] {subprocess.py:93} INFO - 
[2025-10-22T10:14:12.742+0000] {subprocess.py:93} INFO - [notice] A new release of pip is available: 24.0 -> 25.2
[2025-10-22T10:14:12.743+0000] {subprocess.py:93} INFO - [notice] To update, run: pip install --upgrade pip
[2025-10-22T10:14:13.531+0000] {subprocess.py:93} INFO - /home/***/.local/lib/python3.12/site-packages/pyspark/bin/load-spark-env.sh: line 68: ps: command not found
[2025-10-22T10:14:13.532+0000] {subprocess.py:93} INFO - JAVA_HOME is not set
[2025-10-22T10:14:13.616+0000] {subprocess.py:93} INFO - Traceback (most recent call last):
[2025-10-22T10:14:13.616+0000] {subprocess.py:93} INFO -   File "<string>", line 17, in <module>
[2025-10-22T10:14:13.616+0000] {subprocess.py:93} INFO -   File "/home/***/.local/lib/python3.12/site-packages/pyspark/sql/session.py", line 497, in getOrCreate
[2025-10-22T10:14:13.617+0000] {subprocess.py:93} INFO -     sc = SparkContext.getOrCreate(sparkConf)
[2025-10-22T10:14:13.617+0000] {subprocess.py:93} INFO -          ^^^^^^^^^^^^^^^^^^^^^^^^^^^^^^^^^^^
[2025-10-22T10:14:13.617+0000] {subprocess.py:93} INFO -   File "/home/***/.local/lib/python3.12/site-packages/pyspark/context.py", line 515, in getOrCreate
[2025-10-22T10:14:13.617+0000] {subprocess.py:93} INFO -     SparkContext(conf=conf or SparkConf())
[2025-10-22T10:14:13.617+0000] {subprocess.py:93} INFO -   File "/home/***/.local/lib/python3.12/site-packages/pyspark/context.py", line 201, in __init__
[2025-10-22T10:14:13.618+0000] {subprocess.py:93} INFO -     SparkContext._ensure_initialized(self, gateway=gateway, conf=conf)
[2025-10-22T10:14:13.618+0000] {subprocess.py:93} INFO -   File "/home/***/.local/lib/python3.12/site-packages/pyspark/context.py", line 436, in _ensure_initialized
[2025-10-22T10:14:13.618+0000] {subprocess.py:93} INFO -     SparkContext._gateway = gateway or launch_gateway(conf)
[2025-10-22T10:14:13.618+0000] {subprocess.py:93} INFO -                                        ^^^^^^^^^^^^^^^^^^^^
[2025-10-22T10:14:13.619+0000] {subprocess.py:93} INFO -   File "/home/***/.local/lib/python3.12/site-packages/pyspark/java_gateway.py", line 107, in launch_gateway
[2025-10-22T10:14:13.619+0000] {subprocess.py:93} INFO -     raise PySparkRuntimeError(
[2025-10-22T10:14:13.619+0000] {subprocess.py:93} INFO - pyspark.errors.exceptions.base.PySparkRuntimeError: [JAVA_GATEWAY_EXITED] Java gateway process exited before sending its port number.
[2025-10-22T10:14:13.646+0000] {subprocess.py:97} INFO - Command exited with return code 1
[2025-10-22T10:14:13.647+0000] {taskinstance.py:441} INFO - ::group::Post task execution logs
[2025-10-22T10:14:13.656+0000] {taskinstance.py:2890} ERROR - Task failed with exception
Traceback (most recent call last):
  File "/home/airflow/.local/lib/python3.12/site-packages/airflow/models/taskinstance.py", line 465, in _execute_task
    result = _execute_callable(context=context, **execute_callable_kwargs)
             ^^^^^^^^^^^^^^^^^^^^^^^^^^^^^^^^^^^^^^^^^^^^^^^^^^^^^^^^^^^^^
  File "/home/airflow/.local/lib/python3.12/site-packages/airflow/models/taskinstance.py", line 432, in _execute_callable
    return execute_callable(context=context, **execute_callable_kwargs)
           ^^^^^^^^^^^^^^^^^^^^^^^^^^^^^^^^^^^^^^^^^^^^^^^^^^^^^^^^^^^^
  File "/home/airflow/.local/lib/python3.12/site-packages/airflow/models/baseoperator.py", line 400, in wrapper
    return func(self, *args, **kwargs)
           ^^^^^^^^^^^^^^^^^^^^^^^^^^^
  File "/home/airflow/.local/lib/python3.12/site-packages/airflow/operators/bash.py", line 243, in execute
    raise AirflowException(
airflow.exceptions.AirflowException: Bash command failed. The command returned a non-zero exit code 1.
[2025-10-22T10:14:13.659+0000] {taskinstance.py:1205} INFO - Marking task as UP_FOR_RETRY. dag_id=silver_layer_cleaning_pyspark, task_id=setup_silver_environment, execution_date=20251020T190000, start_date=20251022T101051, end_date=20251022T101413
[2025-10-22T10:14:13.672+0000] {standard_task_runner.py:110} ERROR - Failed to execute job 7 for task setup_silver_environment (Bash command failed. The command returned a non-zero exit code 1.; 163)
[2025-10-22T10:14:13.718+0000] {local_task_job_runner.py:240} INFO - Task exited with return code 1
[2025-10-22T10:14:13.736+0000] {taskinstance.py:3482} INFO - 0 downstream tasks scheduled from follow-on schedule check
[2025-10-22T10:14:13.738+0000] {local_task_job_runner.py:222} INFO - ::endgroup::
