[2025-10-22T09:35:44.228+0000] {local_task_job_runner.py:120} INFO - ::group::Pre task execution logs
[2025-10-22T09:35:44.251+0000] {taskinstance.py:2073} INFO - Dependencies all met for dep_context=non-requeueable deps ti=<TaskInstance: silver_layer_cleaning_pyspark.setup_silver_environment scheduled__2025-10-20T19:00:00+00:00 [queued]>
[2025-10-22T09:35:44.257+0000] {taskinstance.py:2073} INFO - Dependencies all met for dep_context=requeueable deps ti=<TaskInstance: silver_layer_cleaning_pyspark.setup_silver_environment scheduled__2025-10-20T19:00:00+00:00 [queued]>
[2025-10-22T09:35:44.257+0000] {taskinstance.py:2303} INFO - Starting attempt 2 of 3
[2025-10-22T09:35:44.269+0000] {taskinstance.py:2327} INFO - Executing <Task(BashOperator): setup_silver_environment> on 2025-10-20 19:00:00+00:00
[2025-10-22T09:35:44.275+0000] {warnings.py:110} WARNING - /home/***/.local/lib/python3.12/site-packages/***/task/task_runner/standard_task_runner.py:61: DeprecationWarning: This process (pid=103) is multi-threaded, use of fork() may lead to deadlocks in the child.
  pid = os.fork()

[2025-10-22T09:35:44.277+0000] {standard_task_runner.py:63} INFO - Started process 104 to run task
[2025-10-22T09:35:44.278+0000] {standard_task_runner.py:90} INFO - Running: ['***', 'tasks', 'run', 'silver_layer_cleaning_pyspark', 'setup_silver_environment', 'scheduled__2025-10-20T19:00:00+00:00', '--job-id', '106', '--raw', '--subdir', 'DAGS_FOLDER/silver_layer_dag.py', '--cfg-path', '/tmp/tmpxapvgyh9']
[2025-10-22T09:35:44.280+0000] {standard_task_runner.py:91} INFO - Job 106: Subtask setup_silver_environment
[2025-10-22T09:35:44.295+0000] {warnings.py:110} WARNING - /home/***/.local/lib/python3.12/site-packages/***/settings.py:195: DeprecationWarning: The sql_alchemy_conn option in [core] has been moved to the sql_alchemy_conn option in [database] - the old setting has been used, but please update your config.
  SQL_ALCHEMY_CONN = conf.get("database", "SQL_ALCHEMY_CONN")

[2025-10-22T09:35:44.335+0000] {task_command.py:426} INFO - Running <TaskInstance: silver_layer_cleaning_pyspark.setup_silver_environment scheduled__2025-10-20T19:00:00+00:00 [running]> on host 0586f0d5111d
[2025-10-22T09:35:44.412+0000] {taskinstance.py:2644} INFO - Exporting env vars: AIRFLOW_CTX_DAG_OWNER='farheen_muzaffar' AIRFLOW_CTX_DAG_ID='silver_layer_cleaning_pyspark' AIRFLOW_CTX_TASK_ID='setup_silver_environment' AIRFLOW_CTX_EXECUTION_DATE='2025-10-20T19:00:00+00:00' AIRFLOW_CTX_TRY_NUMBER='2' AIRFLOW_CTX_DAG_RUN_ID='scheduled__2025-10-20T19:00:00+00:00'
[2025-10-22T09:35:44.413+0000] {taskinstance.py:430} INFO - ::endgroup::
[2025-10-22T09:35:44.439+0000] {subprocess.py:63} INFO - Tmp dir root location: /tmp
[2025-10-22T09:35:44.441+0000] {subprocess.py:75} INFO - Running command: ['/usr/bin/bash', '-c', '\n    echo "Setting up Silver layer environment..."\n    python3 -m pip install --no-cache-dir pyspark==3.5.1 minio==7.2.8\n    python3 -c \'\nimport os\nfrom pyspark.sql import SparkSession, functions as F\nfrom pyspark.sql.types import StringType, IntegerType, FloatType\n\nos.environ[\'"\'"\'AWS_ACCESS_KEY_ID\'"\'"\'] = \'"\'"\'minioadmin\'"\'"\'\nos.environ[\'"\'"\'AWS_SECRET_ACCESS_KEY\'"\'"\'] = \'"\'"\'minioadmin\'"\'"\'\nos.environ[\'"\'"\'SPARK_LOCAL_IP\'"\'"\'] = \'"\'"\'127.0.0.1\'"\'"\'\n\nspark = SparkSession.builder \\\n    .appName("SilverLayerProcessing") \\\n    .config("spark.hadoop.fs.s3a.endpoint", "http://minio:9000") \\\n    .config("spark.hadoop.fs.s3a.access.key", "minioadmin") \\\n    .config("spark.hadoop.fs.s3a.secret.key", "minioadmin") \\\n    .config("spark.hadoop.fs.s3a.impl", "org.apache.hadoop.fs.s3a.S3AFileSystem") \\\n    .config("spark.jars.packages", "org.apache.hadoop:hadoop-aws:3.3.4,com.amazonaws:aws-java-sdk-s3:1.12.570") \\\n    .getOrCreate()\n\nfrom minio import Minio\nclient = Minio(\'"\'"\'minio:9000\'"\'"\', access_key=\'"\'"\'minioadmin\'"\'"\', secret_key=\'"\'"\'minioadmin\'"\'"\', secure=False)\nif not client.bucket_exists(\'"\'"\'silver\'"\'"\'):\n    client.make_bucket(\'"\'"\'silver\'"\'"\')\n    print(\'"\'"\'✅ Created silver bucket\'"\'"\')\nelse:\n    print(\'"\'"\'✅ Silver bucket already exists\'"\'"\')\n\nBRONZE_PATH = "s3a://bronze"\nSILVER_PATH = "s3a://silver"\n\'\n    ']
[2025-10-22T09:35:44.453+0000] {subprocess.py:86} INFO - Output:
[2025-10-22T09:35:44.456+0000] {subprocess.py:93} INFO - Setting up Silver layer environment...
[2025-10-22T09:35:45.627+0000] {subprocess.py:93} INFO - Collecting pyspark==3.5.1
[2025-10-22T09:35:45.799+0000] {subprocess.py:93} INFO -   Downloading pyspark-3.5.1.tar.gz (317.0 MB)
[2025-10-22T09:37:50.472+0000] {subprocess.py:93} INFO -      ━━━━━━━━━━━━━━━━━━━━━━━━━━━━━━━━━━━━━━━ 317.0/317.0 MB 4.5 MB/s eta 0:00:00
[2025-10-22T09:37:53.815+0000] {subprocess.py:93} INFO -   Installing build dependencies: started
[2025-10-22T09:37:57.585+0000] {subprocess.py:93} INFO -   Installing build dependencies: finished with status 'done'
[2025-10-22T09:37:57.586+0000] {subprocess.py:93} INFO -   Getting requirements to build wheel: started
[2025-10-22T09:37:58.134+0000] {subprocess.py:93} INFO -   Getting requirements to build wheel: finished with status 'done'
[2025-10-22T09:37:58.135+0000] {subprocess.py:93} INFO -   Preparing metadata (pyproject.toml): started
[2025-10-22T09:37:58.573+0000] {subprocess.py:93} INFO -   Preparing metadata (pyproject.toml): finished with status 'done'
[2025-10-22T09:37:58.659+0000] {subprocess.py:93} INFO - Collecting minio==7.2.8
[2025-10-22T09:37:58.704+0000] {subprocess.py:93} INFO -   Downloading minio-7.2.8-py3-none-any.whl.metadata (6.5 kB)
[2025-10-22T09:37:58.766+0000] {subprocess.py:93} INFO - Collecting py4j==0.10.9.7 (from pyspark==3.5.1)
[2025-10-22T09:37:58.809+0000] {subprocess.py:93} INFO -   Downloading py4j-0.10.9.7-py2.py3-none-any.whl.metadata (1.5 kB)
[2025-10-22T09:37:58.814+0000] {subprocess.py:93} INFO - Requirement already satisfied: certifi in /home/***/.local/lib/python3.12/site-packages (from minio==7.2.8) (2024.2.2)
[2025-10-22T09:37:58.816+0000] {subprocess.py:93} INFO - Requirement already satisfied: urllib3 in /home/***/.local/lib/python3.12/site-packages (from minio==7.2.8) (1.26.18)
[2025-10-22T09:37:58.816+0000] {subprocess.py:93} INFO - Requirement already satisfied: argon2-cffi in /home/***/.local/lib/python3.12/site-packages (from minio==7.2.8) (25.1.0)
[2025-10-22T09:37:58.817+0000] {subprocess.py:93} INFO - Requirement already satisfied: pycryptodome in /home/***/.local/lib/python3.12/site-packages (from minio==7.2.8) (3.23.0)
[2025-10-22T09:37:58.818+0000] {subprocess.py:93} INFO - Requirement already satisfied: typing-extensions in /home/***/.local/lib/python3.12/site-packages (from minio==7.2.8) (4.11.0)
[2025-10-22T09:37:58.820+0000] {subprocess.py:93} INFO - Requirement already satisfied: argon2-cffi-bindings in /home/***/.local/lib/python3.12/site-packages (from argon2-cffi->minio==7.2.8) (25.1.0)
[2025-10-22T09:37:58.837+0000] {subprocess.py:93} INFO - Requirement already satisfied: cffi>=1.0.1 in /home/***/.local/lib/python3.12/site-packages (from argon2-cffi-bindings->argon2-cffi->minio==7.2.8) (1.16.0)
[2025-10-22T09:37:58.839+0000] {subprocess.py:93} INFO - Requirement already satisfied: pycparser in /home/***/.local/lib/python3.12/site-packages (from cffi>=1.0.1->argon2-cffi-bindings->argon2-cffi->minio==7.2.8) (2.22)
[2025-10-22T09:37:58.885+0000] {subprocess.py:93} INFO - Downloading minio-7.2.8-py3-none-any.whl (93 kB)
[2025-10-22T09:37:58.900+0000] {subprocess.py:93} INFO -    ━━━━━━━━━━━━━━━━━━━━━━━━━━━━━━━━━━━━━━━━ 93.5/93.5 kB 6.9 MB/s eta 0:00:00
[2025-10-22T09:37:58.943+0000] {subprocess.py:93} INFO - Downloading py4j-0.10.9.7-py2.py3-none-any.whl (200 kB)
[2025-10-22T09:37:58.968+0000] {subprocess.py:93} INFO -    ━━━━━━━━━━━━━━━━━━━━━━━━━━━━━━━━━━━━━━━━ 200.5/200.5 kB 8.4 MB/s eta 0:00:00
[2025-10-22T09:37:58.974+0000] {subprocess.py:93} INFO - Building wheels for collected packages: pyspark
[2025-10-22T09:37:58.977+0000] {subprocess.py:93} INFO -   Building wheel for pyspark (pyproject.toml): started
[2025-10-22T09:38:15.456+0000] {local_task_job_runner.py:310} WARNING - State of this instance has been externally set to None. Terminating instance.
[2025-10-22T09:38:15.457+0000] {local_task_job_runner.py:222} INFO - ::endgroup::
[2025-10-22T09:38:15.460+0000] {process_utils.py:132} INFO - Sending 15 to group 104. PIDs of all processes in the group: [105, 106, 145, 104]
[2025-10-22T09:38:15.460+0000] {process_utils.py:87} INFO - Sending the signal 15 to group 104
[2025-10-22T09:38:15.461+0000] {taskinstance.py:2607} ERROR - Received SIGTERM. Terminating subprocesses.
[2025-10-22T09:38:15.461+0000] {subprocess.py:104} INFO - Sending SIGTERM signal to process group
[2025-10-22T09:38:15.462+0000] {taskinstance.py:441} INFO - ::group::Post task execution logs
[2025-10-22T09:38:15.474+0000] {process_utils.py:80} INFO - Process psutil.Process(pid=106, status='terminated', started='09:35:43') (106) terminated with exit code None
[2025-10-22T09:38:15.475+0000] {process_utils.py:80} INFO - Process psutil.Process(pid=145, status='terminated', started='09:37:51') (145) terminated with exit code None
[2025-10-22T09:38:15.477+0000] {taskinstance.py:2890} ERROR - Task failed with exception
Traceback (most recent call last):
  File "/home/airflow/.local/lib/python3.12/site-packages/airflow/models/taskinstance.py", line 465, in _execute_task
    result = _execute_callable(context=context, **execute_callable_kwargs)
             ^^^^^^^^^^^^^^^^^^^^^^^^^^^^^^^^^^^^^^^^^^^^^^^^^^^^^^^^^^^^^
  File "/home/airflow/.local/lib/python3.12/site-packages/airflow/models/taskinstance.py", line 432, in _execute_callable
    return execute_callable(context=context, **execute_callable_kwargs)
           ^^^^^^^^^^^^^^^^^^^^^^^^^^^^^^^^^^^^^^^^^^^^^^^^^^^^^^^^^^^^
  File "/home/airflow/.local/lib/python3.12/site-packages/airflow/models/baseoperator.py", line 400, in wrapper
    return func(self, *args, **kwargs)
           ^^^^^^^^^^^^^^^^^^^^^^^^^^^
  File "/home/airflow/.local/lib/python3.12/site-packages/airflow/operators/bash.py", line 234, in execute
    result = self.subprocess_hook.run_command(
             ^^^^^^^^^^^^^^^^^^^^^^^^^^^^^^^^^
  File "/home/airflow/.local/lib/python3.12/site-packages/airflow/hooks/subprocess.py", line 91, in run_command
    for raw_line in iter(self.sub_process.stdout.readline, b""):
  File "/home/airflow/.local/lib/python3.12/site-packages/airflow/models/taskinstance.py", line 2609, in signal_handler
    raise AirflowTaskTerminated("Task received SIGTERM signal")
airflow.exceptions.AirflowTaskTerminated: Task received SIGTERM signal
[2025-10-22T09:38:15.483+0000] {taskinstance.py:1205} INFO - Marking task as FAILED. dag_id=silver_layer_cleaning_pyspark, task_id=setup_silver_environment, execution_date=20251020T190000, start_date=20251022T093544, end_date=20251022T093815
[2025-10-22T09:38:15.497+0000] {standard_task_runner.py:110} ERROR - Failed to execute job 106 for task setup_silver_environment ((psycopg2.errors.ForeignKeyViolation) insert or update on table "task_fail" violates foreign key constraint "task_fail_ti_fkey"
DETAIL:  Key (dag_id, task_id, run_id, map_index)=(silver_layer_cleaning_pyspark, setup_silver_environment, scheduled__2025-10-20T19:00:00+00:00, -1) is not present in table "task_instance".

[SQL: INSERT INTO task_fail (task_id, dag_id, run_id, map_index, start_date, end_date, duration) VALUES (%(task_id)s, %(dag_id)s, %(run_id)s, %(map_index)s, %(start_date)s, %(end_date)s, %(duration)s) RETURNING task_fail.id]
[parameters: {'task_id': 'setup_silver_environment', 'dag_id': 'silver_layer_cleaning_pyspark', 'run_id': 'scheduled__2025-10-20T19:00:00+00:00', 'map_index': -1, 'start_date': datetime.datetime(2025, 10, 22, 9, 35, 44, 252193, tzinfo=Timezone('UTC')), 'end_date': datetime.datetime(2025, 10, 22, 9, 38, 15, 482280, tzinfo=Timezone('UTC')), 'duration': 151}]
(Background on this error at: https://sqlalche.me/e/14/gkpj); 104)
[2025-10-22T09:38:15.528+0000] {process_utils.py:80} INFO - Process psutil.Process(pid=104, status='terminated', exitcode=1, started='09:35:43') (104) terminated with exit code 1
[2025-10-22T09:38:15.528+0000] {process_utils.py:80} INFO - Process psutil.Process(pid=105, status='terminated', started='09:35:43') (105) terminated with exit code None
[2025-10-22T09:46:31.156+0000] {local_task_job_runner.py:120} INFO - ::group::Pre task execution logs
[2025-10-22T09:46:31.175+0000] {taskinstance.py:2073} INFO - Dependencies all met for dep_context=non-requeueable deps ti=<TaskInstance: silver_layer_cleaning_pyspark.setup_silver_environment scheduled__2025-10-20T19:00:00+00:00 [queued]>
[2025-10-22T09:46:31.181+0000] {taskinstance.py:2073} INFO - Dependencies all met for dep_context=requeueable deps ti=<TaskInstance: silver_layer_cleaning_pyspark.setup_silver_environment scheduled__2025-10-20T19:00:00+00:00 [queued]>
[2025-10-22T09:46:31.181+0000] {taskinstance.py:2303} INFO - Starting attempt 2 of 3
[2025-10-22T09:46:31.193+0000] {taskinstance.py:2327} INFO - Executing <Task(BashOperator): setup_silver_environment> on 2025-10-20 19:00:00+00:00
[2025-10-22T09:46:31.199+0000] {warnings.py:110} WARNING - /home/***/.local/lib/python3.12/site-packages/***/task/task_runner/standard_task_runner.py:61: DeprecationWarning: This process (pid=524) is multi-threaded, use of fork() may lead to deadlocks in the child.
  pid = os.fork()

[2025-10-22T09:46:31.201+0000] {standard_task_runner.py:63} INFO - Started process 525 to run task
[2025-10-22T09:46:31.201+0000] {standard_task_runner.py:90} INFO - Running: ['***', 'tasks', 'run', 'silver_layer_cleaning_pyspark', 'setup_silver_environment', 'scheduled__2025-10-20T19:00:00+00:00', '--job-id', '125', '--raw', '--subdir', 'DAGS_FOLDER/silver_layer_dag.py', '--cfg-path', '/tmp/tmpjsns4smr']
[2025-10-22T09:46:31.203+0000] {standard_task_runner.py:91} INFO - Job 125: Subtask setup_silver_environment
[2025-10-22T09:46:31.215+0000] {warnings.py:110} WARNING - /home/***/.local/lib/python3.12/site-packages/***/settings.py:195: DeprecationWarning: The sql_alchemy_conn option in [core] has been moved to the sql_alchemy_conn option in [database] - the old setting has been used, but please update your config.
  SQL_ALCHEMY_CONN = conf.get("database", "SQL_ALCHEMY_CONN")

[2025-10-22T09:46:31.244+0000] {task_command.py:426} INFO - Running <TaskInstance: silver_layer_cleaning_pyspark.setup_silver_environment scheduled__2025-10-20T19:00:00+00:00 [running]> on host 0586f0d5111d
[2025-10-22T09:46:31.307+0000] {taskinstance.py:2644} INFO - Exporting env vars: AIRFLOW_CTX_DAG_OWNER='farheen_muzaffar' AIRFLOW_CTX_DAG_ID='silver_layer_cleaning_pyspark' AIRFLOW_CTX_TASK_ID='setup_silver_environment' AIRFLOW_CTX_EXECUTION_DATE='2025-10-20T19:00:00+00:00' AIRFLOW_CTX_TRY_NUMBER='2' AIRFLOW_CTX_DAG_RUN_ID='scheduled__2025-10-20T19:00:00+00:00'
[2025-10-22T09:46:31.307+0000] {taskinstance.py:430} INFO - ::endgroup::
[2025-10-22T09:46:31.318+0000] {subprocess.py:63} INFO - Tmp dir root location: /tmp
[2025-10-22T09:46:31.319+0000] {subprocess.py:75} INFO - Running command: ['/usr/bin/bash', '-c', '\n    echo "Setting up Silver layer environment..."\n    python3 -m pip install --no-cache-dir pyspark==3.5.1 minio==7.2.8\n    python3 -c \'\nimport os\nfrom pyspark.sql import SparkSession, functions as F\nfrom pyspark.sql.types import StringType, IntegerType, FloatType\n\nos.environ[\'"\'"\'AWS_ACCESS_KEY_ID\'"\'"\'] = \'"\'"\'minioadmin\'"\'"\'\nos.environ[\'"\'"\'AWS_SECRET_ACCESS_KEY\'"\'"\'] = \'"\'"\'minioadmin\'"\'"\'\nos.environ[\'"\'"\'SPARK_LOCAL_IP\'"\'"\'] = \'"\'"\'127.0.0.1\'"\'"\'\n\nspark = SparkSession.builder \\\n    .appName("SilverLayerProcessing") \\\n    .config("spark.hadoop.fs.s3a.endpoint", "http://minio:9000") \\\n    .config("spark.hadoop.fs.s3a.access.key", "minioadmin") \\\n    .config("spark.hadoop.fs.s3a.secret.key", "minioadmin") \\\n    .config("spark.hadoop.fs.s3a.impl", "org.apache.hadoop.fs.s3a.S3AFileSystem") \\\n    .config("spark.jars.packages", "org.apache.hadoop:hadoop-aws:3.3.4,com.amazonaws:aws-java-sdk-s3:1.12.570") \\\n    .getOrCreate()\n\nfrom minio import Minio\nclient = Minio(\'"\'"\'minio:9000\'"\'"\', access_key=\'"\'"\'minioadmin\'"\'"\', secret_key=\'"\'"\'minioadmin\'"\'"\', secure=False)\nif not client.bucket_exists(\'"\'"\'silver\'"\'"\'):\n    client.make_bucket(\'"\'"\'silver\'"\'"\')\n    print(\'"\'"\'✅ Created silver bucket\'"\'"\')\nelse:\n    print(\'"\'"\'✅ Silver bucket already exists\'"\'"\')\n\nBRONZE_PATH = "s3a://bronze"\nSILVER_PATH = "s3a://silver"\n\'\n    ']
[2025-10-22T09:46:31.331+0000] {subprocess.py:86} INFO - Output:
[2025-10-22T09:46:31.333+0000] {subprocess.py:93} INFO - Setting up Silver layer environment...
[2025-10-22T09:46:32.265+0000] {subprocess.py:93} INFO - Requirement already satisfied: pyspark==3.5.1 in /home/***/.local/lib/python3.12/site-packages (3.5.1)
[2025-10-22T09:46:32.266+0000] {subprocess.py:93} INFO - Requirement already satisfied: minio==7.2.8 in /home/***/.local/lib/python3.12/site-packages (7.2.8)
[2025-10-22T09:46:32.278+0000] {subprocess.py:93} INFO - Requirement already satisfied: py4j==0.10.9.7 in /home/***/.local/lib/python3.12/site-packages (from pyspark==3.5.1) (0.10.9.7)
[2025-10-22T09:46:32.283+0000] {subprocess.py:93} INFO - Requirement already satisfied: certifi in /home/***/.local/lib/python3.12/site-packages (from minio==7.2.8) (2024.2.2)
[2025-10-22T09:46:32.285+0000] {subprocess.py:93} INFO - Requirement already satisfied: urllib3 in /home/***/.local/lib/python3.12/site-packages (from minio==7.2.8) (1.26.18)
[2025-10-22T09:46:32.285+0000] {subprocess.py:93} INFO - Requirement already satisfied: argon2-cffi in /home/***/.local/lib/python3.12/site-packages (from minio==7.2.8) (25.1.0)
[2025-10-22T09:46:32.286+0000] {subprocess.py:93} INFO - Requirement already satisfied: pycryptodome in /home/***/.local/lib/python3.12/site-packages (from minio==7.2.8) (3.23.0)
[2025-10-22T09:46:32.287+0000] {subprocess.py:93} INFO - Requirement already satisfied: typing-extensions in /home/***/.local/lib/python3.12/site-packages (from minio==7.2.8) (4.11.0)
[2025-10-22T09:46:32.289+0000] {subprocess.py:93} INFO - Requirement already satisfied: argon2-cffi-bindings in /home/***/.local/lib/python3.12/site-packages (from argon2-cffi->minio==7.2.8) (25.1.0)
[2025-10-22T09:46:32.322+0000] {subprocess.py:93} INFO - Requirement already satisfied: cffi>=1.0.1 in /home/***/.local/lib/python3.12/site-packages (from argon2-cffi-bindings->argon2-cffi->minio==7.2.8) (1.16.0)
[2025-10-22T09:46:32.323+0000] {subprocess.py:93} INFO - Requirement already satisfied: pycparser in /home/***/.local/lib/python3.12/site-packages (from cffi>=1.0.1->argon2-cffi-bindings->argon2-cffi->minio==7.2.8) (2.22)
[2025-10-22T09:46:34.369+0000] {subprocess.py:93} INFO - 
[2025-10-22T09:46:34.369+0000] {subprocess.py:93} INFO - [notice] A new release of pip is available: 24.0 -> 25.2
[2025-10-22T09:46:34.370+0000] {subprocess.py:93} INFO - [notice] To update, run: pip install --upgrade pip
[2025-10-22T09:46:34.795+0000] {subprocess.py:93} INFO - /home/***/.local/lib/python3.12/site-packages/pyspark/bin/load-spark-env.sh: line 68: ps: command not found
[2025-10-22T09:46:34.796+0000] {subprocess.py:93} INFO - JAVA_HOME is not set
[2025-10-22T09:46:34.882+0000] {subprocess.py:93} INFO - Traceback (most recent call last):
[2025-10-22T09:46:34.883+0000] {subprocess.py:93} INFO -   File "<string>", line 17, in <module>
[2025-10-22T09:46:34.883+0000] {subprocess.py:93} INFO -   File "/home/***/.local/lib/python3.12/site-packages/pyspark/sql/session.py", line 497, in getOrCreate
[2025-10-22T09:46:34.883+0000] {subprocess.py:93} INFO -     sc = SparkContext.getOrCreate(sparkConf)
[2025-10-22T09:46:34.884+0000] {subprocess.py:93} INFO -          ^^^^^^^^^^^^^^^^^^^^^^^^^^^^^^^^^^^
[2025-10-22T09:46:34.884+0000] {subprocess.py:93} INFO -   File "/home/***/.local/lib/python3.12/site-packages/pyspark/context.py", line 515, in getOrCreate
[2025-10-22T09:46:34.884+0000] {subprocess.py:93} INFO -     SparkContext(conf=conf or SparkConf())
[2025-10-22T09:46:34.885+0000] {subprocess.py:93} INFO -   File "/home/***/.local/lib/python3.12/site-packages/pyspark/context.py", line 201, in __init__
[2025-10-22T09:46:34.885+0000] {subprocess.py:93} INFO -     SparkContext._ensure_initialized(self, gateway=gateway, conf=conf)
[2025-10-22T09:46:34.885+0000] {subprocess.py:93} INFO -   File "/home/***/.local/lib/python3.12/site-packages/pyspark/context.py", line 436, in _ensure_initialized
[2025-10-22T09:46:34.885+0000] {subprocess.py:93} INFO -     SparkContext._gateway = gateway or launch_gateway(conf)
[2025-10-22T09:46:34.886+0000] {subprocess.py:93} INFO -                                        ^^^^^^^^^^^^^^^^^^^^
[2025-10-22T09:46:34.886+0000] {subprocess.py:93} INFO -   File "/home/***/.local/lib/python3.12/site-packages/pyspark/java_gateway.py", line 107, in launch_gateway
[2025-10-22T09:46:34.886+0000] {subprocess.py:93} INFO -     raise PySparkRuntimeError(
[2025-10-22T09:46:34.886+0000] {subprocess.py:93} INFO - pyspark.errors.exceptions.base.PySparkRuntimeError: [JAVA_GATEWAY_EXITED] Java gateway process exited before sending its port number.
[2025-10-22T09:46:34.916+0000] {subprocess.py:97} INFO - Command exited with return code 1
[2025-10-22T09:46:34.917+0000] {taskinstance.py:441} INFO - ::group::Post task execution logs
[2025-10-22T09:46:34.925+0000] {taskinstance.py:2890} ERROR - Task failed with exception
Traceback (most recent call last):
  File "/home/airflow/.local/lib/python3.12/site-packages/airflow/models/taskinstance.py", line 465, in _execute_task
    result = _execute_callable(context=context, **execute_callable_kwargs)
             ^^^^^^^^^^^^^^^^^^^^^^^^^^^^^^^^^^^^^^^^^^^^^^^^^^^^^^^^^^^^^
  File "/home/airflow/.local/lib/python3.12/site-packages/airflow/models/taskinstance.py", line 432, in _execute_callable
    return execute_callable(context=context, **execute_callable_kwargs)
           ^^^^^^^^^^^^^^^^^^^^^^^^^^^^^^^^^^^^^^^^^^^^^^^^^^^^^^^^^^^^
  File "/home/airflow/.local/lib/python3.12/site-packages/airflow/models/baseoperator.py", line 400, in wrapper
    return func(self, *args, **kwargs)
           ^^^^^^^^^^^^^^^^^^^^^^^^^^^
  File "/home/airflow/.local/lib/python3.12/site-packages/airflow/operators/bash.py", line 243, in execute
    raise AirflowException(
airflow.exceptions.AirflowException: Bash command failed. The command returned a non-zero exit code 1.
[2025-10-22T09:46:34.929+0000] {taskinstance.py:1205} INFO - Marking task as UP_FOR_RETRY. dag_id=silver_layer_cleaning_pyspark, task_id=setup_silver_environment, execution_date=20251020T190000, start_date=20251022T094631, end_date=20251022T094634
[2025-10-22T09:46:34.939+0000] {standard_task_runner.py:110} ERROR - Failed to execute job 125 for task setup_silver_environment (Bash command failed. The command returned a non-zero exit code 1.; 525)
[2025-10-22T09:46:34.984+0000] {local_task_job_runner.py:240} INFO - Task exited with return code 1
[2025-10-22T09:46:35.003+0000] {taskinstance.py:3482} INFO - 0 downstream tasks scheduled from follow-on schedule check
[2025-10-22T09:46:35.005+0000] {local_task_job_runner.py:222} INFO - ::endgroup::
[2025-10-22T10:19:14.330+0000] {local_task_job_runner.py:120} INFO - ::group::Pre task execution logs
[2025-10-22T10:19:14.347+0000] {taskinstance.py:2073} INFO - Dependencies all met for dep_context=non-requeueable deps ti=<TaskInstance: silver_layer_cleaning_pyspark.setup_silver_environment scheduled__2025-10-20T19:00:00+00:00 [queued]>
[2025-10-22T10:19:14.352+0000] {taskinstance.py:2073} INFO - Dependencies all met for dep_context=requeueable deps ti=<TaskInstance: silver_layer_cleaning_pyspark.setup_silver_environment scheduled__2025-10-20T19:00:00+00:00 [queued]>
[2025-10-22T10:19:14.353+0000] {taskinstance.py:2303} INFO - Starting attempt 2 of 3
[2025-10-22T10:19:14.363+0000] {taskinstance.py:2327} INFO - Executing <Task(BashOperator): setup_silver_environment> on 2025-10-20 19:00:00+00:00
[2025-10-22T10:19:14.369+0000] {warnings.py:110} WARNING - /home/***/.local/lib/python3.12/site-packages/***/task/task_runner/standard_task_runner.py:61: DeprecationWarning: This process (pid=481) is multi-threaded, use of fork() may lead to deadlocks in the child.
  pid = os.fork()

[2025-10-22T10:19:14.370+0000] {standard_task_runner.py:63} INFO - Started process 482 to run task
[2025-10-22T10:19:14.371+0000] {standard_task_runner.py:90} INFO - Running: ['***', 'tasks', 'run', 'silver_layer_cleaning_pyspark', 'setup_silver_environment', 'scheduled__2025-10-20T19:00:00+00:00', '--job-id', '21', '--raw', '--subdir', 'DAGS_FOLDER/silver_layer_dag.py', '--cfg-path', '/tmp/tmpoyt5tday']
[2025-10-22T10:19:14.372+0000] {standard_task_runner.py:91} INFO - Job 21: Subtask setup_silver_environment
[2025-10-22T10:19:14.385+0000] {warnings.py:110} WARNING - /home/***/.local/lib/python3.12/site-packages/***/settings.py:195: DeprecationWarning: The sql_alchemy_conn option in [core] has been moved to the sql_alchemy_conn option in [database] - the old setting has been used, but please update your config.
  SQL_ALCHEMY_CONN = conf.get("database", "SQL_ALCHEMY_CONN")

[2025-10-22T10:19:14.414+0000] {task_command.py:426} INFO - Running <TaskInstance: silver_layer_cleaning_pyspark.setup_silver_environment scheduled__2025-10-20T19:00:00+00:00 [running]> on host 7df8b8276d1d
[2025-10-22T10:19:14.475+0000] {taskinstance.py:2644} INFO - Exporting env vars: AIRFLOW_CTX_DAG_OWNER='farheen_muzaffar' AIRFLOW_CTX_DAG_ID='silver_layer_cleaning_pyspark' AIRFLOW_CTX_TASK_ID='setup_silver_environment' AIRFLOW_CTX_EXECUTION_DATE='2025-10-20T19:00:00+00:00' AIRFLOW_CTX_TRY_NUMBER='2' AIRFLOW_CTX_DAG_RUN_ID='scheduled__2025-10-20T19:00:00+00:00'
[2025-10-22T10:19:14.477+0000] {taskinstance.py:430} INFO - ::endgroup::
[2025-10-22T10:19:14.488+0000] {subprocess.py:63} INFO - Tmp dir root location: /tmp
[2025-10-22T10:19:14.490+0000] {subprocess.py:75} INFO - Running command: ['/usr/bin/bash', '-c', '\n    echo "Setting up Silver layer environment..."\n    python3 -m pip install --no-cache-dir pyspark==3.5.1 minio==7.2.8\n    python3 -c \'\nimport os\nfrom pyspark.sql import SparkSession, functions as F\nfrom pyspark.sql.types import StringType, IntegerType, FloatType\n\nos.environ[\'"\'"\'AWS_ACCESS_KEY_ID\'"\'"\'] = \'"\'"\'minioadmin\'"\'"\'\nos.environ[\'"\'"\'AWS_SECRET_ACCESS_KEY\'"\'"\'] = \'"\'"\'minioadmin\'"\'"\'\nos.environ[\'"\'"\'SPARK_LOCAL_IP\'"\'"\'] = \'"\'"\'127.0.0.1\'"\'"\'\n\nspark = SparkSession.builder \\\n    .appName("SilverLayerProcessing") \\\n    .config("spark.hadoop.fs.s3a.endpoint", "http://minio:9000") \\\n    .config("spark.hadoop.fs.s3a.access.key", "minioadmin") \\\n    .config("spark.hadoop.fs.s3a.secret.key", "minioadmin") \\\n    .config("spark.hadoop.fs.s3a.impl", "org.apache.hadoop.fs.s3a.S3AFileSystem") \\\n    .config("spark.jars.packages", "org.apache.hadoop:hadoop-aws:3.3.4,com.amazonaws:aws-java-sdk-s3:1.12.570") \\\n    .getOrCreate()\n\nfrom minio import Minio\nclient = Minio(\'"\'"\'minio:9000\'"\'"\', access_key=\'"\'"\'minioadmin\'"\'"\', secret_key=\'"\'"\'minioadmin\'"\'"\', secure=False)\nif not client.bucket_exists(\'"\'"\'silver\'"\'"\'):\n    client.make_bucket(\'"\'"\'silver\'"\'"\')\n    print(\'"\'"\'✅ Created silver bucket\'"\'"\')\nelse:\n    print(\'"\'"\'✅ Silver bucket already exists\'"\'"\')\n\nBRONZE_PATH = "s3a://bronze"\nSILVER_PATH = "s3a://silver"\n\'\n    ']
[2025-10-22T10:19:14.500+0000] {subprocess.py:86} INFO - Output:
[2025-10-22T10:19:14.502+0000] {subprocess.py:93} INFO - Setting up Silver layer environment...
[2025-10-22T10:19:15.368+0000] {subprocess.py:93} INFO - Requirement already satisfied: pyspark==3.5.1 in /home/***/.local/lib/python3.12/site-packages (3.5.1)
[2025-10-22T10:19:15.369+0000] {subprocess.py:93} INFO - Requirement already satisfied: minio==7.2.8 in /home/***/.local/lib/python3.12/site-packages (7.2.8)
[2025-10-22T10:19:15.379+0000] {subprocess.py:93} INFO - Requirement already satisfied: py4j==0.10.9.7 in /home/***/.local/lib/python3.12/site-packages (from pyspark==3.5.1) (0.10.9.7)
[2025-10-22T10:19:15.382+0000] {subprocess.py:93} INFO - Requirement already satisfied: certifi in /home/***/.local/lib/python3.12/site-packages (from minio==7.2.8) (2024.2.2)
[2025-10-22T10:19:15.384+0000] {subprocess.py:93} INFO - Requirement already satisfied: urllib3 in /home/***/.local/lib/python3.12/site-packages (from minio==7.2.8) (1.26.18)
[2025-10-22T10:19:15.385+0000] {subprocess.py:93} INFO - Requirement already satisfied: argon2-cffi in /home/***/.local/lib/python3.12/site-packages (from minio==7.2.8) (25.1.0)
[2025-10-22T10:19:15.385+0000] {subprocess.py:93} INFO - Requirement already satisfied: pycryptodome in /home/***/.local/lib/python3.12/site-packages (from minio==7.2.8) (3.23.0)
[2025-10-22T10:19:15.386+0000] {subprocess.py:93} INFO - Requirement already satisfied: typing-extensions in /home/***/.local/lib/python3.12/site-packages (from minio==7.2.8) (4.11.0)
[2025-10-22T10:19:15.388+0000] {subprocess.py:93} INFO - Requirement already satisfied: argon2-cffi-bindings in /home/***/.local/lib/python3.12/site-packages (from argon2-cffi->minio==7.2.8) (25.1.0)
[2025-10-22T10:19:15.417+0000] {subprocess.py:93} INFO - Requirement already satisfied: cffi>=1.0.1 in /home/***/.local/lib/python3.12/site-packages (from argon2-cffi-bindings->argon2-cffi->minio==7.2.8) (1.16.0)
[2025-10-22T10:19:15.418+0000] {subprocess.py:93} INFO - Requirement already satisfied: pycparser in /home/***/.local/lib/python3.12/site-packages (from cffi>=1.0.1->argon2-cffi-bindings->argon2-cffi->minio==7.2.8) (2.22)
[2025-10-22T10:19:17.417+0000] {subprocess.py:93} INFO - 
[2025-10-22T10:19:17.417+0000] {subprocess.py:93} INFO - [notice] A new release of pip is available: 24.0 -> 25.2
[2025-10-22T10:19:17.418+0000] {subprocess.py:93} INFO - [notice] To update, run: pip install --upgrade pip
[2025-10-22T10:19:17.874+0000] {subprocess.py:93} INFO - /home/***/.local/lib/python3.12/site-packages/pyspark/bin/load-spark-env.sh: line 68: ps: command not found
[2025-10-22T10:19:17.875+0000] {subprocess.py:93} INFO - JAVA_HOME is not set
[2025-10-22T10:19:17.960+0000] {subprocess.py:93} INFO - Traceback (most recent call last):
[2025-10-22T10:19:17.960+0000] {subprocess.py:93} INFO -   File "<string>", line 17, in <module>
[2025-10-22T10:19:17.961+0000] {subprocess.py:93} INFO -   File "/home/***/.local/lib/python3.12/site-packages/pyspark/sql/session.py", line 497, in getOrCreate
[2025-10-22T10:19:17.961+0000] {subprocess.py:93} INFO -     sc = SparkContext.getOrCreate(sparkConf)
[2025-10-22T10:19:17.961+0000] {subprocess.py:93} INFO -          ^^^^^^^^^^^^^^^^^^^^^^^^^^^^^^^^^^^
[2025-10-22T10:19:17.962+0000] {subprocess.py:93} INFO -   File "/home/***/.local/lib/python3.12/site-packages/pyspark/context.py", line 515, in getOrCreate
[2025-10-22T10:19:17.962+0000] {subprocess.py:93} INFO -     SparkContext(conf=conf or SparkConf())
[2025-10-22T10:19:17.962+0000] {subprocess.py:93} INFO -   File "/home/***/.local/lib/python3.12/site-packages/pyspark/context.py", line 201, in __init__
[2025-10-22T10:19:17.962+0000] {subprocess.py:93} INFO -     SparkContext._ensure_initialized(self, gateway=gateway, conf=conf)
[2025-10-22T10:19:17.963+0000] {subprocess.py:93} INFO -   File "/home/***/.local/lib/python3.12/site-packages/pyspark/context.py", line 436, in _ensure_initialized
[2025-10-22T10:19:17.963+0000] {subprocess.py:93} INFO -     SparkContext._gateway = gateway or launch_gateway(conf)
[2025-10-22T10:19:17.963+0000] {subprocess.py:93} INFO -                                        ^^^^^^^^^^^^^^^^^^^^
[2025-10-22T10:19:17.964+0000] {subprocess.py:93} INFO -   File "/home/***/.local/lib/python3.12/site-packages/pyspark/java_gateway.py", line 107, in launch_gateway
[2025-10-22T10:19:17.964+0000] {subprocess.py:93} INFO -     raise PySparkRuntimeError(
[2025-10-22T10:19:17.964+0000] {subprocess.py:93} INFO - pyspark.errors.exceptions.base.PySparkRuntimeError: [JAVA_GATEWAY_EXITED] Java gateway process exited before sending its port number.
[2025-10-22T10:19:17.991+0000] {subprocess.py:97} INFO - Command exited with return code 1
[2025-10-22T10:19:17.991+0000] {taskinstance.py:441} INFO - ::group::Post task execution logs
[2025-10-22T10:19:18.001+0000] {taskinstance.py:2890} ERROR - Task failed with exception
Traceback (most recent call last):
  File "/home/airflow/.local/lib/python3.12/site-packages/airflow/models/taskinstance.py", line 465, in _execute_task
    result = _execute_callable(context=context, **execute_callable_kwargs)
             ^^^^^^^^^^^^^^^^^^^^^^^^^^^^^^^^^^^^^^^^^^^^^^^^^^^^^^^^^^^^^
  File "/home/airflow/.local/lib/python3.12/site-packages/airflow/models/taskinstance.py", line 432, in _execute_callable
    return execute_callable(context=context, **execute_callable_kwargs)
           ^^^^^^^^^^^^^^^^^^^^^^^^^^^^^^^^^^^^^^^^^^^^^^^^^^^^^^^^^^^^
  File "/home/airflow/.local/lib/python3.12/site-packages/airflow/models/baseoperator.py", line 400, in wrapper
    return func(self, *args, **kwargs)
           ^^^^^^^^^^^^^^^^^^^^^^^^^^^
  File "/home/airflow/.local/lib/python3.12/site-packages/airflow/operators/bash.py", line 243, in execute
    raise AirflowException(
airflow.exceptions.AirflowException: Bash command failed. The command returned a non-zero exit code 1.
[2025-10-22T10:19:18.004+0000] {taskinstance.py:1205} INFO - Marking task as UP_FOR_RETRY. dag_id=silver_layer_cleaning_pyspark, task_id=setup_silver_environment, execution_date=20251020T190000, start_date=20251022T101914, end_date=20251022T101918
[2025-10-22T10:19:18.015+0000] {standard_task_runner.py:110} ERROR - Failed to execute job 21 for task setup_silver_environment (Bash command failed. The command returned a non-zero exit code 1.; 482)
[2025-10-22T10:19:18.033+0000] {local_task_job_runner.py:240} INFO - Task exited with return code 1
[2025-10-22T10:19:18.051+0000] {taskinstance.py:3482} INFO - 0 downstream tasks scheduled from follow-on schedule check
[2025-10-22T10:19:18.054+0000] {local_task_job_runner.py:222} INFO - ::endgroup::
