[2025-10-21T21:47:10.745+0000] {local_task_job_runner.py:120} INFO - ::group::Pre task execution logs
[2025-10-21T21:47:10.762+0000] {taskinstance.py:2073} INFO - Dependencies all met for dep_context=non-requeueable deps ti=<TaskInstance: gold_layer_aggregation.create_dim_products scheduled__2025-10-20T20:00:00+00:00 [queued]>
[2025-10-21T21:47:10.768+0000] {taskinstance.py:2073} INFO - Dependencies all met for dep_context=requeueable deps ti=<TaskInstance: gold_layer_aggregation.create_dim_products scheduled__2025-10-20T20:00:00+00:00 [queued]>
[2025-10-21T21:47:10.768+0000] {taskinstance.py:2303} INFO - Starting attempt 3 of 3
[2025-10-21T21:47:10.780+0000] {taskinstance.py:2327} INFO - Executing <Task(BashOperator): create_dim_products> on 2025-10-20 20:00:00+00:00
[2025-10-21T21:47:10.786+0000] {warnings.py:110} WARNING - /home/***/.local/lib/python3.12/site-packages/***/task/task_runner/standard_task_runner.py:61: DeprecationWarning: This process (pid=694) is multi-threaded, use of fork() may lead to deadlocks in the child.
  pid = os.fork()

[2025-10-21T21:47:10.788+0000] {standard_task_runner.py:63} INFO - Started process 698 to run task
[2025-10-21T21:47:10.788+0000] {standard_task_runner.py:90} INFO - Running: ['***', 'tasks', 'run', 'gold_layer_aggregation', 'create_dim_products', 'scheduled__2025-10-20T20:00:00+00:00', '--job-id', '59', '--raw', '--subdir', 'DAGS_FOLDER/gold_dag.py', '--cfg-path', '/tmp/tmpiosjb57x']
[2025-10-21T21:47:10.790+0000] {standard_task_runner.py:91} INFO - Job 59: Subtask create_dim_products
[2025-10-21T21:47:10.802+0000] {warnings.py:110} WARNING - /home/***/.local/lib/python3.12/site-packages/***/settings.py:195: DeprecationWarning: The sql_alchemy_conn option in [core] has been moved to the sql_alchemy_conn option in [database] - the old setting has been used, but please update your config.
  SQL_ALCHEMY_CONN = conf.get("database", "SQL_ALCHEMY_CONN")

[2025-10-21T21:47:10.833+0000] {task_command.py:426} INFO - Running <TaskInstance: gold_layer_aggregation.create_dim_products scheduled__2025-10-20T20:00:00+00:00 [running]> on host c8e73316fd62
[2025-10-21T21:47:10.899+0000] {taskinstance.py:2644} INFO - Exporting env vars: AIRFLOW_CTX_DAG_OWNER='ghazal_e_ashar' AIRFLOW_CTX_DAG_ID='gold_layer_aggregation' AIRFLOW_CTX_TASK_ID='create_dim_products' AIRFLOW_CTX_EXECUTION_DATE='2025-10-20T20:00:00+00:00' AIRFLOW_CTX_TRY_NUMBER='3' AIRFLOW_CTX_DAG_RUN_ID='scheduled__2025-10-20T20:00:00+00:00'
[2025-10-21T21:47:10.899+0000] {taskinstance.py:430} INFO - ::endgroup::
[2025-10-21T21:47:10.911+0000] {subprocess.py:63} INFO - Tmp dir root location: /tmp
[2025-10-21T21:47:10.912+0000] {subprocess.py:75} INFO - Running command: ['/usr/bin/bash', '-c', '\necho "Creating dim_products..."\npython3 - <<\'PY\'\n\nimport os\nfrom pyspark.sql import SparkSession, functions as F\n\nos.environ[\'AWS_ACCESS_KEY_ID\'] = \'minioadmin\'\nos.environ[\'AWS_SECRET_ACCESS_KEY\'] = \'minioadmin\'\nos.environ[\'SPARK_LOCAL_IP\'] = \'127.0.0.1\'\n\nPOSTGRES_URL = "jdbc:postgresql://postgres:5432/***"\nPOSTGRES_PROPERTIES = {\n    "user": "***",\n    "password": "***",\n    "driver": "org.postgresql.Driver"\n}\n\nspark = SparkSession.builder \\\n    .appName("GoldLayerProcessing") \\\n    .config("spark.hadoop.fs.s3a.endpoint", "http://minio:9000") \\\n    .config("spark.hadoop.fs.s3a.access.key", "minioadmin") \\\n    .config("spark.hadoop.fs.s3a.secret.key", "minioadmin") \\\n    .config("spark.hadoop.fs.s3a.impl", "org.apache.hadoop.fs.s3a.S3AFileSystem") \\\n    .config("spark.jars.packages", \n            "org.apache.hadoop:hadoop-aws:3.3.4,"\n            "com.amazonaws:aws-java-sdk-s3:1.12.570,"\n            "org.postgresql:postgresql:42.7.1") \\\n    .config("spark.sql.warehouse.dir", "/tmp/spark-warehouse") \\\n    .getOrCreate()\n\nfrom minio import Minio\nclient = Minio(\'minio:9000\', access_key=\'minioadmin\', secret_key=\'minioadmin\', secure=False)\n\nif not client.bucket_exists(\'gold\'):\n    client.make_bucket(\'gold\')\n    print("Gold bucket created")\nelse:\n    print("Gold bucket already exists")\n\nSILVER_PATH = "s3a://silver"\nGOLD_PATH = "s3a://gold"\n\n\ntry:\n    df_products = spark.read.option(\'header\', \'true\').csv(f\'{SILVER_PATH}/products/products_cleaned_pyspark.csv\')\n    df_products = df_products.withColumn(\'price\', F.col(\'price\').cast(\'double\'))\n\n    dim_products = df_products.select(\n        F.col(\'id\').alias(\'product_id\'),\n        F.col(\'title\').alias(\'product_name\'),\n        \'description\', \'category\', \'brand\', \'price\', \'price_category\'\n    ).distinct()\n\n    print(f\'Writing dim_products to {GOLD_PATH}/dimensions/dim_products\')\n    dim_products.write.mode(\'overwrite\').parquet(f\'{GOLD_PATH}/dimensions/dim_products\')\n    dim_products.write.jdbc(url=POSTGRES_URL, table=\'dim_products\', mode=\'overwrite\', properties=POSTGRES_PROPERTIES)\n    print(\'dim_products loaded to Postgres\')\nexcept Exception as e:\n    print("Error in create_dim_products:", e)\n    raise\nfinally:\n    spark.stop()\nPY']
[2025-10-21T21:47:10.931+0000] {subprocess.py:86} INFO - Output:
[2025-10-21T21:47:10.937+0000] {subprocess.py:93} INFO - Creating dim_products...
[2025-10-21T21:47:11.604+0000] {subprocess.py:93} INFO - JAVA_HOME is not set
[2025-10-21T21:47:11.685+0000] {subprocess.py:93} INFO - Traceback (most recent call last):
[2025-10-21T21:47:11.686+0000] {subprocess.py:93} INFO -   File "<stdin>", line 27, in <module>
[2025-10-21T21:47:11.690+0000] {subprocess.py:93} INFO -   File "/home/***/.local/lib/python3.12/site-packages/pyspark/sql/session.py", line 556, in getOrCreate
[2025-10-21T21:47:11.691+0000] {subprocess.py:93} INFO -     sc = SparkContext.getOrCreate(sparkConf)
[2025-10-21T21:47:11.691+0000] {subprocess.py:93} INFO -          ^^^^^^^^^^^^^^^^^^^^^^^^^^^^^^^^^^^
[2025-10-21T21:47:11.692+0000] {subprocess.py:93} INFO -   File "/home/***/.local/lib/python3.12/site-packages/pyspark/core/context.py", line 523, in getOrCreate
[2025-10-21T21:47:11.692+0000] {subprocess.py:93} INFO -     SparkContext(conf=conf or SparkConf())
[2025-10-21T21:47:11.692+0000] {subprocess.py:93} INFO -   File "/home/***/.local/lib/python3.12/site-packages/pyspark/core/context.py", line 205, in __init__
[2025-10-21T21:47:11.693+0000] {subprocess.py:93} INFO -     SparkContext._ensure_initialized(self, gateway=gateway, conf=conf)
[2025-10-21T21:47:11.693+0000] {subprocess.py:93} INFO -   File "/home/***/.local/lib/python3.12/site-packages/pyspark/core/context.py", line 444, in _ensure_initialized
[2025-10-21T21:47:11.693+0000] {subprocess.py:93} INFO -     SparkContext._gateway = gateway or launch_gateway(conf)
[2025-10-21T21:47:11.694+0000] {subprocess.py:93} INFO -                                        ^^^^^^^^^^^^^^^^^^^^
[2025-10-21T21:47:11.694+0000] {subprocess.py:93} INFO -   File "/home/***/.local/lib/python3.12/site-packages/pyspark/java_gateway.py", line 111, in launch_gateway
[2025-10-21T21:47:11.694+0000] {subprocess.py:93} INFO -     raise PySparkRuntimeError(
[2025-10-21T21:47:11.695+0000] {subprocess.py:93} INFO - pyspark.errors.exceptions.base.PySparkRuntimeError: [JAVA_GATEWAY_EXITED] Java gateway process exited before sending its port number.
[2025-10-21T21:47:11.745+0000] {subprocess.py:97} INFO - Command exited with return code 1
[2025-10-21T21:47:11.746+0000] {taskinstance.py:441} INFO - ::group::Post task execution logs
[2025-10-21T21:47:11.756+0000] {taskinstance.py:2890} ERROR - Task failed with exception
Traceback (most recent call last):
  File "/home/airflow/.local/lib/python3.12/site-packages/airflow/models/taskinstance.py", line 465, in _execute_task
    result = _execute_callable(context=context, **execute_callable_kwargs)
             ^^^^^^^^^^^^^^^^^^^^^^^^^^^^^^^^^^^^^^^^^^^^^^^^^^^^^^^^^^^^^
  File "/home/airflow/.local/lib/python3.12/site-packages/airflow/models/taskinstance.py", line 432, in _execute_callable
    return execute_callable(context=context, **execute_callable_kwargs)
           ^^^^^^^^^^^^^^^^^^^^^^^^^^^^^^^^^^^^^^^^^^^^^^^^^^^^^^^^^^^^
  File "/home/airflow/.local/lib/python3.12/site-packages/airflow/models/baseoperator.py", line 400, in wrapper
    return func(self, *args, **kwargs)
           ^^^^^^^^^^^^^^^^^^^^^^^^^^^
  File "/home/airflow/.local/lib/python3.12/site-packages/airflow/operators/bash.py", line 243, in execute
    raise AirflowException(
airflow.exceptions.AirflowException: Bash command failed. The command returned a non-zero exit code 1.
[2025-10-21T21:47:11.762+0000] {taskinstance.py:1205} INFO - Marking task as FAILED. dag_id=gold_layer_aggregation, task_id=create_dim_products, execution_date=20251020T200000, start_date=20251021T214710, end_date=20251021T214711
[2025-10-21T21:47:11.778+0000] {standard_task_runner.py:110} ERROR - Failed to execute job 59 for task create_dim_products (Bash command failed. The command returned a non-zero exit code 1.; 698)
[2025-10-21T21:47:11.804+0000] {local_task_job_runner.py:240} INFO - Task exited with return code 1
[2025-10-21T21:47:11.843+0000] {taskinstance.py:3482} INFO - 0 downstream tasks scheduled from follow-on schedule check
[2025-10-21T21:47:11.846+0000] {local_task_job_runner.py:222} INFO - ::endgroup::
[2025-10-22T09:49:37.891+0000] {local_task_job_runner.py:120} INFO - ::group::Pre task execution logs
[2025-10-22T09:49:37.914+0000] {taskinstance.py:2073} INFO - Dependencies all met for dep_context=non-requeueable deps ti=<TaskInstance: gold_layer_aggregation.create_dim_products scheduled__2025-10-20T20:00:00+00:00 [queued]>
[2025-10-22T09:49:37.920+0000] {taskinstance.py:2073} INFO - Dependencies all met for dep_context=requeueable deps ti=<TaskInstance: gold_layer_aggregation.create_dim_products scheduled__2025-10-20T20:00:00+00:00 [queued]>
[2025-10-22T09:49:37.920+0000] {taskinstance.py:2303} INFO - Starting attempt 3 of 3
[2025-10-22T09:49:37.934+0000] {taskinstance.py:2327} INFO - Executing <Task(BashOperator): create_dim_products> on 2025-10-20 20:00:00+00:00
[2025-10-22T09:49:37.942+0000] {warnings.py:110} WARNING - /home/***/.local/lib/python3.12/site-packages/***/task/task_runner/standard_task_runner.py:61: DeprecationWarning: This process (pid=572) is multi-threaded, use of fork() may lead to deadlocks in the child.
  pid = os.fork()

[2025-10-22T09:49:37.943+0000] {standard_task_runner.py:90} INFO - Running: ['***', 'tasks', 'run', 'gold_layer_aggregation', 'create_dim_products', 'scheduled__2025-10-20T20:00:00+00:00', '--job-id', '128', '--raw', '--subdir', 'DAGS_FOLDER/gold_dag.py', '--cfg-path', '/tmp/tmpp8k0o7xy']
[2025-10-22T09:49:37.946+0000] {standard_task_runner.py:63} INFO - Started process 577 to run task
[2025-10-22T09:49:37.946+0000] {standard_task_runner.py:91} INFO - Job 128: Subtask create_dim_products
[2025-10-22T09:49:37.964+0000] {warnings.py:110} WARNING - /home/***/.local/lib/python3.12/site-packages/***/settings.py:195: DeprecationWarning: The sql_alchemy_conn option in [core] has been moved to the sql_alchemy_conn option in [database] - the old setting has been used, but please update your config.
  SQL_ALCHEMY_CONN = conf.get("database", "SQL_ALCHEMY_CONN")

[2025-10-22T09:49:37.997+0000] {task_command.py:426} INFO - Running <TaskInstance: gold_layer_aggregation.create_dim_products scheduled__2025-10-20T20:00:00+00:00 [running]> on host 0586f0d5111d
[2025-10-22T09:49:38.068+0000] {taskinstance.py:2644} INFO - Exporting env vars: AIRFLOW_CTX_DAG_OWNER='ghazal_e_ashar' AIRFLOW_CTX_DAG_ID='gold_layer_aggregation' AIRFLOW_CTX_TASK_ID='create_dim_products' AIRFLOW_CTX_EXECUTION_DATE='2025-10-20T20:00:00+00:00' AIRFLOW_CTX_TRY_NUMBER='3' AIRFLOW_CTX_DAG_RUN_ID='scheduled__2025-10-20T20:00:00+00:00'
[2025-10-22T09:49:38.069+0000] {taskinstance.py:430} INFO - ::endgroup::
[2025-10-22T09:49:38.081+0000] {subprocess.py:63} INFO - Tmp dir root location: /tmp
[2025-10-22T09:49:38.082+0000] {subprocess.py:75} INFO - Running command: ['/usr/bin/bash', '-c', '\necho "Creating dim_products..."\npython3 - <<\'PY\'\n\nimport os\nfrom pyspark.sql import SparkSession, functions as F\n\nos.environ[\'AWS_ACCESS_KEY_ID\'] = \'minioadmin\'\nos.environ[\'AWS_SECRET_ACCESS_KEY\'] = \'minioadmin\'\nos.environ[\'SPARK_LOCAL_IP\'] = \'127.0.0.1\'\n\nPOSTGRES_URL = "jdbc:postgresql://postgres:5432/***"\nPOSTGRES_PROPERTIES = {\n    "user": "***",\n    "password": "***",\n    "driver": "org.postgresql.Driver"\n}\n\nspark = SparkSession.builder \\\n    .appName("GoldLayerProcessing") \\\n    .config("spark.hadoop.fs.s3a.endpoint", "http://minio:9000") \\\n    .config("spark.hadoop.fs.s3a.access.key", "minioadmin") \\\n    .config("spark.hadoop.fs.s3a.secret.key", "minioadmin") \\\n    .config("spark.hadoop.fs.s3a.impl", "org.apache.hadoop.fs.s3a.S3AFileSystem") \\\n    .config("spark.jars.packages", \n            "org.apache.hadoop:hadoop-aws:3.3.4,"\n            "com.amazonaws:aws-java-sdk-s3:1.12.570,"\n            "org.postgresql:postgresql:42.7.1") \\\n    .config("spark.sql.warehouse.dir", "/tmp/spark-warehouse") \\\n    .getOrCreate()\n\nfrom minio import Minio\nclient = Minio(\'minio:9000\', access_key=\'minioadmin\', secret_key=\'minioadmin\', secure=False)\n\nif not client.bucket_exists(\'gold\'):\n    client.make_bucket(\'gold\')\n    print("Gold bucket created")\nelse:\n    print("Gold bucket already exists")\n\nSILVER_PATH = "s3a://silver"\nGOLD_PATH = "s3a://gold"\n\n\ntry:\n    df_products = spark.read.option(\'header\', \'true\').csv(f\'{SILVER_PATH}/products/products_cleaned_pyspark.csv\')\n    df_products = df_products.withColumn(\'price\', F.col(\'price\').cast(\'double\'))\n\n    dim_products = df_products.select(\n        F.col(\'id\').alias(\'product_id\'),\n        F.col(\'title\').alias(\'product_name\'),\n        \'description\', \'category\', \'brand\', \'price\', \'price_category\'\n    ).distinct()\n\n    print(f\'Writing dim_products to {GOLD_PATH}/dimensions/dim_products\')\n    dim_products.write.mode(\'overwrite\').parquet(f\'{GOLD_PATH}/dimensions/dim_products\')\n    dim_products.write.jdbc(url=POSTGRES_URL, table=\'dim_products\', mode=\'overwrite\', properties=POSTGRES_PROPERTIES)\n    print(\'dim_products loaded to Postgres\')\nexcept Exception as e:\n    print("Error in create_dim_products:", e)\n    raise\nfinally:\n    spark.stop()\nPY']
[2025-10-22T09:49:38.095+0000] {subprocess.py:86} INFO - Output:
[2025-10-22T09:49:38.097+0000] {subprocess.py:93} INFO - Creating dim_products...
[2025-10-22T09:49:38.585+0000] {subprocess.py:93} INFO - /home/***/.local/lib/python3.12/site-packages/pyspark/bin/load-spark-env.sh: line 68: ps: command not found
[2025-10-22T09:49:38.587+0000] {subprocess.py:93} INFO - JAVA_HOME is not set
[2025-10-22T09:49:38.671+0000] {subprocess.py:93} INFO - Traceback (most recent call last):
[2025-10-22T09:49:38.671+0000] {subprocess.py:93} INFO -   File "<stdin>", line 27, in <module>
[2025-10-22T09:49:38.672+0000] {subprocess.py:93} INFO -   File "/home/***/.local/lib/python3.12/site-packages/pyspark/sql/session.py", line 497, in getOrCreate
[2025-10-22T09:49:38.672+0000] {subprocess.py:93} INFO -     sc = SparkContext.getOrCreate(sparkConf)
[2025-10-22T09:49:38.672+0000] {subprocess.py:93} INFO -          ^^^^^^^^^^^^^^^^^^^^^^^^^^^^^^^^^^^
[2025-10-22T09:49:38.673+0000] {subprocess.py:93} INFO -   File "/home/***/.local/lib/python3.12/site-packages/pyspark/context.py", line 515, in getOrCreate
[2025-10-22T09:49:38.673+0000] {subprocess.py:93} INFO -     SparkContext(conf=conf or SparkConf())
[2025-10-22T09:49:38.673+0000] {subprocess.py:93} INFO -   File "/home/***/.local/lib/python3.12/site-packages/pyspark/context.py", line 201, in __init__
[2025-10-22T09:49:38.674+0000] {subprocess.py:93} INFO -     SparkContext._ensure_initialized(self, gateway=gateway, conf=conf)
[2025-10-22T09:49:38.674+0000] {subprocess.py:93} INFO -   File "/home/***/.local/lib/python3.12/site-packages/pyspark/context.py", line 436, in _ensure_initialized
[2025-10-22T09:49:38.674+0000] {subprocess.py:93} INFO -     SparkContext._gateway = gateway or launch_gateway(conf)
[2025-10-22T09:49:38.674+0000] {subprocess.py:93} INFO -                                        ^^^^^^^^^^^^^^^^^^^^
[2025-10-22T09:49:38.675+0000] {subprocess.py:93} INFO -   File "/home/***/.local/lib/python3.12/site-packages/pyspark/java_gateway.py", line 107, in launch_gateway
[2025-10-22T09:49:38.675+0000] {subprocess.py:93} INFO -     raise PySparkRuntimeError(
[2025-10-22T09:49:38.675+0000] {subprocess.py:93} INFO - pyspark.errors.exceptions.base.PySparkRuntimeError: [JAVA_GATEWAY_EXITED] Java gateway process exited before sending its port number.
[2025-10-22T09:49:38.708+0000] {subprocess.py:97} INFO - Command exited with return code 1
[2025-10-22T09:49:38.709+0000] {taskinstance.py:441} INFO - ::group::Post task execution logs
[2025-10-22T09:49:38.718+0000] {taskinstance.py:2890} ERROR - Task failed with exception
Traceback (most recent call last):
  File "/home/airflow/.local/lib/python3.12/site-packages/airflow/models/taskinstance.py", line 465, in _execute_task
    result = _execute_callable(context=context, **execute_callable_kwargs)
             ^^^^^^^^^^^^^^^^^^^^^^^^^^^^^^^^^^^^^^^^^^^^^^^^^^^^^^^^^^^^^
  File "/home/airflow/.local/lib/python3.12/site-packages/airflow/models/taskinstance.py", line 432, in _execute_callable
    return execute_callable(context=context, **execute_callable_kwargs)
           ^^^^^^^^^^^^^^^^^^^^^^^^^^^^^^^^^^^^^^^^^^^^^^^^^^^^^^^^^^^^
  File "/home/airflow/.local/lib/python3.12/site-packages/airflow/models/baseoperator.py", line 400, in wrapper
    return func(self, *args, **kwargs)
           ^^^^^^^^^^^^^^^^^^^^^^^^^^^
  File "/home/airflow/.local/lib/python3.12/site-packages/airflow/operators/bash.py", line 243, in execute
    raise AirflowException(
airflow.exceptions.AirflowException: Bash command failed. The command returned a non-zero exit code 1.
[2025-10-22T09:49:38.721+0000] {taskinstance.py:1205} INFO - Marking task as FAILED. dag_id=gold_layer_aggregation, task_id=create_dim_products, execution_date=20251020T200000, start_date=20251022T094937, end_date=20251022T094938
[2025-10-22T09:49:38.739+0000] {standard_task_runner.py:110} ERROR - Failed to execute job 128 for task create_dim_products (Bash command failed. The command returned a non-zero exit code 1.; 577)
[2025-10-22T09:49:38.762+0000] {local_task_job_runner.py:240} INFO - Task exited with return code 1
[2025-10-22T09:49:38.802+0000] {taskinstance.py:3482} INFO - 0 downstream tasks scheduled from follow-on schedule check
[2025-10-22T09:49:38.805+0000] {local_task_job_runner.py:222} INFO - ::endgroup::
[2025-10-22T10:20:56.564+0000] {local_task_job_runner.py:120} INFO - ::group::Pre task execution logs
[2025-10-22T10:20:56.581+0000] {taskinstance.py:2073} INFO - Dependencies all met for dep_context=non-requeueable deps ti=<TaskInstance: gold_layer_aggregation.create_dim_products scheduled__2025-10-20T20:00:00+00:00 [queued]>
[2025-10-22T10:20:56.587+0000] {taskinstance.py:2073} INFO - Dependencies all met for dep_context=requeueable deps ti=<TaskInstance: gold_layer_aggregation.create_dim_products scheduled__2025-10-20T20:00:00+00:00 [queued]>
[2025-10-22T10:20:56.587+0000] {taskinstance.py:2303} INFO - Starting attempt 3 of 3
[2025-10-22T10:20:56.598+0000] {taskinstance.py:2327} INFO - Executing <Task(BashOperator): create_dim_products> on 2025-10-20 20:00:00+00:00
[2025-10-22T10:20:56.605+0000] {warnings.py:110} WARNING - /home/***/.local/lib/python3.12/site-packages/***/task/task_runner/standard_task_runner.py:61: DeprecationWarning: This process (pid=526) is multi-threaded, use of fork() may lead to deadlocks in the child.
  pid = os.fork()

[2025-10-22T10:20:56.607+0000] {standard_task_runner.py:63} INFO - Started process 528 to run task
[2025-10-22T10:20:56.607+0000] {standard_task_runner.py:90} INFO - Running: ['***', 'tasks', 'run', 'gold_layer_aggregation', 'create_dim_products', 'scheduled__2025-10-20T20:00:00+00:00', '--job-id', '23', '--raw', '--subdir', 'DAGS_FOLDER/gold_dag.py', '--cfg-path', '/tmp/tmpme872rxk']
[2025-10-22T10:20:56.609+0000] {standard_task_runner.py:91} INFO - Job 23: Subtask create_dim_products
[2025-10-22T10:20:56.622+0000] {warnings.py:110} WARNING - /home/***/.local/lib/python3.12/site-packages/***/settings.py:195: DeprecationWarning: The sql_alchemy_conn option in [core] has been moved to the sql_alchemy_conn option in [database] - the old setting has been used, but please update your config.
  SQL_ALCHEMY_CONN = conf.get("database", "SQL_ALCHEMY_CONN")

[2025-10-22T10:20:56.655+0000] {task_command.py:426} INFO - Running <TaskInstance: gold_layer_aggregation.create_dim_products scheduled__2025-10-20T20:00:00+00:00 [running]> on host 7df8b8276d1d
[2025-10-22T10:20:56.724+0000] {taskinstance.py:2644} INFO - Exporting env vars: AIRFLOW_CTX_DAG_OWNER='ghazal_e_ashar' AIRFLOW_CTX_DAG_ID='gold_layer_aggregation' AIRFLOW_CTX_TASK_ID='create_dim_products' AIRFLOW_CTX_EXECUTION_DATE='2025-10-20T20:00:00+00:00' AIRFLOW_CTX_TRY_NUMBER='3' AIRFLOW_CTX_DAG_RUN_ID='scheduled__2025-10-20T20:00:00+00:00'
[2025-10-22T10:20:56.725+0000] {taskinstance.py:430} INFO - ::endgroup::
[2025-10-22T10:20:56.736+0000] {subprocess.py:63} INFO - Tmp dir root location: /tmp
[2025-10-22T10:20:56.737+0000] {subprocess.py:75} INFO - Running command: ['/usr/bin/bash', '-c', '\necho "Creating dim_products..."\npython3 - <<\'PY\'\n\nimport os\nfrom pyspark.sql import SparkSession, functions as F\n\nos.environ[\'AWS_ACCESS_KEY_ID\'] = \'minioadmin\'\nos.environ[\'AWS_SECRET_ACCESS_KEY\'] = \'minioadmin\'\nos.environ[\'SPARK_LOCAL_IP\'] = \'127.0.0.1\'\n\nPOSTGRES_URL = "jdbc:postgresql://postgres:5432/***"\nPOSTGRES_PROPERTIES = {\n    "user": "***",\n    "password": "***",\n    "driver": "org.postgresql.Driver"\n}\n\nspark = SparkSession.builder \\\n    .appName("GoldLayerProcessing") \\\n    .config("spark.hadoop.fs.s3a.endpoint", "http://minio:9000") \\\n    .config("spark.hadoop.fs.s3a.access.key", "minioadmin") \\\n    .config("spark.hadoop.fs.s3a.secret.key", "minioadmin") \\\n    .config("spark.hadoop.fs.s3a.impl", "org.apache.hadoop.fs.s3a.S3AFileSystem") \\\n    .config("spark.jars.packages", \n            "org.apache.hadoop:hadoop-aws:3.3.4,"\n            "com.amazonaws:aws-java-sdk-s3:1.12.570,"\n            "org.postgresql:postgresql:42.7.1") \\\n    .config("spark.sql.warehouse.dir", "/tmp/spark-warehouse") \\\n    .getOrCreate()\n\nfrom minio import Minio\nclient = Minio(\'minio:9000\', access_key=\'minioadmin\', secret_key=\'minioadmin\', secure=False)\n\nif not client.bucket_exists(\'gold\'):\n    client.make_bucket(\'gold\')\n    print("Gold bucket created")\nelse:\n    print("Gold bucket already exists")\n\nSILVER_PATH = "s3a://silver"\nGOLD_PATH = "s3a://gold"\n\n\ntry:\n    df_products = spark.read.option(\'header\', \'true\').csv(f\'{SILVER_PATH}/products/products_cleaned_pyspark.csv\')\n    df_products = df_products.withColumn(\'price\', F.col(\'price\').cast(\'double\'))\n\n    dim_products = df_products.select(\n        F.col(\'id\').alias(\'product_id\'),\n        F.col(\'title\').alias(\'product_name\'),\n        \'description\', \'category\', \'brand\', \'price\', \'price_category\'\n    ).distinct()\n\n    print(f\'Writing dim_products to {GOLD_PATH}/dimensions/dim_products\')\n    dim_products.write.mode(\'overwrite\').parquet(f\'{GOLD_PATH}/dimensions/dim_products\')\n    dim_products.write.jdbc(url=POSTGRES_URL, table=\'dim_products\', mode=\'overwrite\', properties=POSTGRES_PROPERTIES)\n    print(\'dim_products loaded to Postgres\')\nexcept Exception as e:\n    print("Error in create_dim_products:", e)\n    raise\nfinally:\n    spark.stop()\nPY']
[2025-10-22T10:20:56.749+0000] {subprocess.py:86} INFO - Output:
[2025-10-22T10:20:56.750+0000] {subprocess.py:93} INFO - Creating dim_products...
[2025-10-22T10:20:57.209+0000] {subprocess.py:93} INFO - /home/***/.local/lib/python3.12/site-packages/pyspark/bin/load-spark-env.sh: line 68: ps: command not found
[2025-10-22T10:20:57.210+0000] {subprocess.py:93} INFO - JAVA_HOME is not set
[2025-10-22T10:20:57.291+0000] {subprocess.py:93} INFO - Traceback (most recent call last):
[2025-10-22T10:20:57.292+0000] {subprocess.py:93} INFO -   File "<stdin>", line 27, in <module>
[2025-10-22T10:20:57.292+0000] {subprocess.py:93} INFO -   File "/home/***/.local/lib/python3.12/site-packages/pyspark/sql/session.py", line 497, in getOrCreate
[2025-10-22T10:20:57.293+0000] {subprocess.py:93} INFO -     sc = SparkContext.getOrCreate(sparkConf)
[2025-10-22T10:20:57.293+0000] {subprocess.py:93} INFO -          ^^^^^^^^^^^^^^^^^^^^^^^^^^^^^^^^^^^
[2025-10-22T10:20:57.293+0000] {subprocess.py:93} INFO -   File "/home/***/.local/lib/python3.12/site-packages/pyspark/context.py", line 515, in getOrCreate
[2025-10-22T10:20:57.294+0000] {subprocess.py:93} INFO -     SparkContext(conf=conf or SparkConf())
[2025-10-22T10:20:57.294+0000] {subprocess.py:93} INFO -   File "/home/***/.local/lib/python3.12/site-packages/pyspark/context.py", line 201, in __init__
[2025-10-22T10:20:57.295+0000] {subprocess.py:93} INFO -     SparkContext._ensure_initialized(self, gateway=gateway, conf=conf)
[2025-10-22T10:20:57.295+0000] {subprocess.py:93} INFO -   File "/home/***/.local/lib/python3.12/site-packages/pyspark/context.py", line 436, in _ensure_initialized
[2025-10-22T10:20:57.295+0000] {subprocess.py:93} INFO -     SparkContext._gateway = gateway or launch_gateway(conf)
[2025-10-22T10:20:57.296+0000] {subprocess.py:93} INFO -                                        ^^^^^^^^^^^^^^^^^^^^
[2025-10-22T10:20:57.296+0000] {subprocess.py:93} INFO -   File "/home/***/.local/lib/python3.12/site-packages/pyspark/java_gateway.py", line 107, in launch_gateway
[2025-10-22T10:20:57.296+0000] {subprocess.py:93} INFO -     raise PySparkRuntimeError(
[2025-10-22T10:20:57.297+0000] {subprocess.py:93} INFO - pyspark.errors.exceptions.base.PySparkRuntimeError: [JAVA_GATEWAY_EXITED] Java gateway process exited before sending its port number.
[2025-10-22T10:20:57.337+0000] {subprocess.py:97} INFO - Command exited with return code 1
[2025-10-22T10:20:57.337+0000] {taskinstance.py:441} INFO - ::group::Post task execution logs
[2025-10-22T10:20:57.347+0000] {taskinstance.py:2890} ERROR - Task failed with exception
Traceback (most recent call last):
  File "/home/airflow/.local/lib/python3.12/site-packages/airflow/models/taskinstance.py", line 465, in _execute_task
    result = _execute_callable(context=context, **execute_callable_kwargs)
             ^^^^^^^^^^^^^^^^^^^^^^^^^^^^^^^^^^^^^^^^^^^^^^^^^^^^^^^^^^^^^
  File "/home/airflow/.local/lib/python3.12/site-packages/airflow/models/taskinstance.py", line 432, in _execute_callable
    return execute_callable(context=context, **execute_callable_kwargs)
           ^^^^^^^^^^^^^^^^^^^^^^^^^^^^^^^^^^^^^^^^^^^^^^^^^^^^^^^^^^^^
  File "/home/airflow/.local/lib/python3.12/site-packages/airflow/models/baseoperator.py", line 400, in wrapper
    return func(self, *args, **kwargs)
           ^^^^^^^^^^^^^^^^^^^^^^^^^^^
  File "/home/airflow/.local/lib/python3.12/site-packages/airflow/operators/bash.py", line 243, in execute
    raise AirflowException(
airflow.exceptions.AirflowException: Bash command failed. The command returned a non-zero exit code 1.
[2025-10-22T10:20:57.352+0000] {taskinstance.py:1205} INFO - Marking task as FAILED. dag_id=gold_layer_aggregation, task_id=create_dim_products, execution_date=20251020T200000, start_date=20251022T102056, end_date=20251022T102057
[2025-10-22T10:20:57.362+0000] {standard_task_runner.py:110} ERROR - Failed to execute job 23 for task create_dim_products (Bash command failed. The command returned a non-zero exit code 1.; 528)
[2025-10-22T10:20:57.382+0000] {local_task_job_runner.py:240} INFO - Task exited with return code 1
[2025-10-22T10:20:57.410+0000] {taskinstance.py:3482} INFO - 0 downstream tasks scheduled from follow-on schedule check
[2025-10-22T10:20:57.415+0000] {local_task_job_runner.py:222} INFO - ::endgroup::
