[2025-10-21T21:42:08.808+0000] {local_task_job_runner.py:120} INFO - ::group::Pre task execution logs
[2025-10-21T21:42:08.830+0000] {taskinstance.py:2073} INFO - Dependencies all met for dep_context=non-requeueable deps ti=<TaskInstance: gold_layer_aggregation.create_dim_products scheduled__2025-10-20T20:00:00+00:00 [queued]>
[2025-10-21T21:42:08.837+0000] {taskinstance.py:2073} INFO - Dependencies all met for dep_context=requeueable deps ti=<TaskInstance: gold_layer_aggregation.create_dim_products scheduled__2025-10-20T20:00:00+00:00 [queued]>
[2025-10-21T21:42:08.838+0000] {taskinstance.py:2303} INFO - Starting attempt 2 of 3
[2025-10-21T21:42:08.852+0000] {taskinstance.py:2327} INFO - Executing <Task(BashOperator): create_dim_products> on 2025-10-20 20:00:00+00:00
[2025-10-21T21:42:08.861+0000] {warnings.py:110} WARNING - /home/***/.local/lib/python3.12/site-packages/***/task/task_runner/standard_task_runner.py:61: DeprecationWarning: This process (pid=607) is multi-threaded, use of fork() may lead to deadlocks in the child.
  pid = os.fork()

[2025-10-21T21:42:08.865+0000] {standard_task_runner.py:63} INFO - Started process 611 to run task
[2025-10-21T21:42:08.863+0000] {standard_task_runner.py:90} INFO - Running: ['***', 'tasks', 'run', 'gold_layer_aggregation', 'create_dim_products', 'scheduled__2025-10-20T20:00:00+00:00', '--job-id', '52', '--raw', '--subdir', 'DAGS_FOLDER/gold_dag.py', '--cfg-path', '/tmp/tmpv_4nokur']
[2025-10-21T21:42:08.866+0000] {standard_task_runner.py:91} INFO - Job 52: Subtask create_dim_products
[2025-10-21T21:42:08.881+0000] {warnings.py:110} WARNING - /home/***/.local/lib/python3.12/site-packages/***/settings.py:195: DeprecationWarning: The sql_alchemy_conn option in [core] has been moved to the sql_alchemy_conn option in [database] - the old setting has been used, but please update your config.
  SQL_ALCHEMY_CONN = conf.get("database", "SQL_ALCHEMY_CONN")

[2025-10-21T21:42:08.914+0000] {task_command.py:426} INFO - Running <TaskInstance: gold_layer_aggregation.create_dim_products scheduled__2025-10-20T20:00:00+00:00 [running]> on host c8e73316fd62
[2025-10-21T21:42:08.987+0000] {taskinstance.py:2644} INFO - Exporting env vars: AIRFLOW_CTX_DAG_OWNER='ghazal_e_ashar' AIRFLOW_CTX_DAG_ID='gold_layer_aggregation' AIRFLOW_CTX_TASK_ID='create_dim_products' AIRFLOW_CTX_EXECUTION_DATE='2025-10-20T20:00:00+00:00' AIRFLOW_CTX_TRY_NUMBER='2' AIRFLOW_CTX_DAG_RUN_ID='scheduled__2025-10-20T20:00:00+00:00'
[2025-10-21T21:42:08.988+0000] {taskinstance.py:430} INFO - ::endgroup::
[2025-10-21T21:42:09.002+0000] {subprocess.py:63} INFO - Tmp dir root location: /tmp
[2025-10-21T21:42:09.004+0000] {subprocess.py:75} INFO - Running command: ['/usr/bin/bash', '-c', '\necho "Creating dim_products..."\npython3 - <<\'PY\'\n\nimport os\nfrom pyspark.sql import SparkSession, functions as F\n\nos.environ[\'AWS_ACCESS_KEY_ID\'] = \'minioadmin\'\nos.environ[\'AWS_SECRET_ACCESS_KEY\'] = \'minioadmin\'\nos.environ[\'SPARK_LOCAL_IP\'] = \'127.0.0.1\'\n\nPOSTGRES_URL = "jdbc:postgresql://postgres:5432/***"\nPOSTGRES_PROPERTIES = {\n    "user": "***",\n    "password": "***",\n    "driver": "org.postgresql.Driver"\n}\n\nspark = SparkSession.builder \\\n    .appName("GoldLayerProcessing") \\\n    .config("spark.hadoop.fs.s3a.endpoint", "http://minio:9000") \\\n    .config("spark.hadoop.fs.s3a.access.key", "minioadmin") \\\n    .config("spark.hadoop.fs.s3a.secret.key", "minioadmin") \\\n    .config("spark.hadoop.fs.s3a.impl", "org.apache.hadoop.fs.s3a.S3AFileSystem") \\\n    .config("spark.jars.packages", \n            "org.apache.hadoop:hadoop-aws:3.3.4,"\n            "com.amazonaws:aws-java-sdk-s3:1.12.570,"\n            "org.postgresql:postgresql:42.7.1") \\\n    .config("spark.sql.warehouse.dir", "/tmp/spark-warehouse") \\\n    .getOrCreate()\n\nfrom minio import Minio\nclient = Minio(\'minio:9000\', access_key=\'minioadmin\', secret_key=\'minioadmin\', secure=False)\n\nif not client.bucket_exists(\'gold\'):\n    client.make_bucket(\'gold\')\n    print("Gold bucket created")\nelse:\n    print("Gold bucket already exists")\n\nSILVER_PATH = "s3a://silver"\nGOLD_PATH = "s3a://gold"\n\n\ntry:\n    df_products = spark.read.option(\'header\', \'true\').csv(f\'{SILVER_PATH}/products/products_cleaned_pyspark.csv\')\n    df_products = df_products.withColumn(\'price\', F.col(\'price\').cast(\'double\'))\n\n    dim_products = df_products.select(\n        F.col(\'id\').alias(\'product_id\'),\n        F.col(\'title\').alias(\'product_name\'),\n        \'description\', \'category\', \'brand\', \'price\', \'price_category\'\n    ).distinct()\n\n    print(f\'Writing dim_products to {GOLD_PATH}/dimensions/dim_products\')\n    dim_products.write.mode(\'overwrite\').parquet(f\'{GOLD_PATH}/dimensions/dim_products\')\n    dim_products.write.jdbc(url=POSTGRES_URL, table=\'dim_products\', mode=\'overwrite\', properties=POSTGRES_PROPERTIES)\n    print(\'dim_products loaded to Postgres\')\nexcept Exception as e:\n    print("Error in create_dim_products:", e)\n    raise\nfinally:\n    spark.stop()\nPY']
[2025-10-21T21:42:09.016+0000] {subprocess.py:86} INFO - Output:
[2025-10-21T21:42:09.023+0000] {subprocess.py:93} INFO - Creating dim_products...
[2025-10-21T21:42:09.647+0000] {subprocess.py:93} INFO - JAVA_HOME is not set
[2025-10-21T21:42:09.728+0000] {subprocess.py:93} INFO - Traceback (most recent call last):
[2025-10-21T21:42:09.729+0000] {subprocess.py:93} INFO -   File "<stdin>", line 27, in <module>
[2025-10-21T21:42:09.729+0000] {subprocess.py:93} INFO -   File "/home/***/.local/lib/python3.12/site-packages/pyspark/sql/session.py", line 556, in getOrCreate
[2025-10-21T21:42:09.730+0000] {subprocess.py:93} INFO -     sc = SparkContext.getOrCreate(sparkConf)
[2025-10-21T21:42:09.730+0000] {subprocess.py:93} INFO -          ^^^^^^^^^^^^^^^^^^^^^^^^^^^^^^^^^^^
[2025-10-21T21:42:09.731+0000] {subprocess.py:93} INFO -   File "/home/***/.local/lib/python3.12/site-packages/pyspark/core/context.py", line 523, in getOrCreate
[2025-10-21T21:42:09.731+0000] {subprocess.py:93} INFO -     SparkContext(conf=conf or SparkConf())
[2025-10-21T21:42:09.731+0000] {subprocess.py:93} INFO -   File "/home/***/.local/lib/python3.12/site-packages/pyspark/core/context.py", line 205, in __init__
[2025-10-21T21:42:09.731+0000] {subprocess.py:93} INFO -     SparkContext._ensure_initialized(self, gateway=gateway, conf=conf)
[2025-10-21T21:42:09.732+0000] {subprocess.py:93} INFO -   File "/home/***/.local/lib/python3.12/site-packages/pyspark/core/context.py", line 444, in _ensure_initialized
[2025-10-21T21:42:09.732+0000] {subprocess.py:93} INFO -     SparkContext._gateway = gateway or launch_gateway(conf)
[2025-10-21T21:42:09.732+0000] {subprocess.py:93} INFO -                                        ^^^^^^^^^^^^^^^^^^^^
[2025-10-21T21:42:09.733+0000] {subprocess.py:93} INFO -   File "/home/***/.local/lib/python3.12/site-packages/pyspark/java_gateway.py", line 111, in launch_gateway
[2025-10-21T21:42:09.733+0000] {subprocess.py:93} INFO -     raise PySparkRuntimeError(
[2025-10-21T21:42:09.733+0000] {subprocess.py:93} INFO - pyspark.errors.exceptions.base.PySparkRuntimeError: [JAVA_GATEWAY_EXITED] Java gateway process exited before sending its port number.
[2025-10-21T21:42:09.781+0000] {subprocess.py:97} INFO - Command exited with return code 1
[2025-10-21T21:42:09.782+0000] {taskinstance.py:441} INFO - ::group::Post task execution logs
[2025-10-21T21:42:09.792+0000] {taskinstance.py:2890} ERROR - Task failed with exception
Traceback (most recent call last):
  File "/home/airflow/.local/lib/python3.12/site-packages/airflow/models/taskinstance.py", line 465, in _execute_task
    result = _execute_callable(context=context, **execute_callable_kwargs)
             ^^^^^^^^^^^^^^^^^^^^^^^^^^^^^^^^^^^^^^^^^^^^^^^^^^^^^^^^^^^^^
  File "/home/airflow/.local/lib/python3.12/site-packages/airflow/models/taskinstance.py", line 432, in _execute_callable
    return execute_callable(context=context, **execute_callable_kwargs)
           ^^^^^^^^^^^^^^^^^^^^^^^^^^^^^^^^^^^^^^^^^^^^^^^^^^^^^^^^^^^^
  File "/home/airflow/.local/lib/python3.12/site-packages/airflow/models/baseoperator.py", line 400, in wrapper
    return func(self, *args, **kwargs)
           ^^^^^^^^^^^^^^^^^^^^^^^^^^^
  File "/home/airflow/.local/lib/python3.12/site-packages/airflow/operators/bash.py", line 243, in execute
    raise AirflowException(
airflow.exceptions.AirflowException: Bash command failed. The command returned a non-zero exit code 1.
[2025-10-21T21:42:09.797+0000] {taskinstance.py:1205} INFO - Marking task as UP_FOR_RETRY. dag_id=gold_layer_aggregation, task_id=create_dim_products, execution_date=20251020T200000, start_date=20251021T214208, end_date=20251021T214209
[2025-10-21T21:42:09.823+0000] {standard_task_runner.py:110} ERROR - Failed to execute job 52 for task create_dim_products (Bash command failed. The command returned a non-zero exit code 1.; 611)
[2025-10-21T21:42:09.841+0000] {local_task_job_runner.py:240} INFO - Task exited with return code 1
[2025-10-21T21:42:09.890+0000] {taskinstance.py:3482} INFO - 0 downstream tasks scheduled from follow-on schedule check
[2025-10-21T21:42:09.893+0000] {local_task_job_runner.py:222} INFO - ::endgroup::
[2025-10-22T09:44:23.282+0000] {local_task_job_runner.py:120} INFO - ::group::Pre task execution logs
[2025-10-22T09:44:23.302+0000] {taskinstance.py:2073} INFO - Dependencies all met for dep_context=non-requeueable deps ti=<TaskInstance: gold_layer_aggregation.create_dim_products scheduled__2025-10-20T20:00:00+00:00 [queued]>
[2025-10-22T09:44:23.308+0000] {taskinstance.py:2073} INFO - Dependencies all met for dep_context=requeueable deps ti=<TaskInstance: gold_layer_aggregation.create_dim_products scheduled__2025-10-20T20:00:00+00:00 [queued]>
[2025-10-22T09:44:23.308+0000] {taskinstance.py:2303} INFO - Starting attempt 2 of 3
[2025-10-22T09:44:23.322+0000] {taskinstance.py:2327} INFO - Executing <Task(BashOperator): create_dim_products> on 2025-10-20 20:00:00+00:00
[2025-10-22T09:44:23.331+0000] {warnings.py:110} WARNING - /home/***/.local/lib/python3.12/site-packages/***/task/task_runner/standard_task_runner.py:61: DeprecationWarning: This process (pid=445) is multi-threaded, use of fork() may lead to deadlocks in the child.
  pid = os.fork()

[2025-10-22T09:44:23.333+0000] {standard_task_runner.py:63} INFO - Started process 448 to run task
[2025-10-22T09:44:23.333+0000] {standard_task_runner.py:90} INFO - Running: ['***', 'tasks', 'run', 'gold_layer_aggregation', 'create_dim_products', 'scheduled__2025-10-20T20:00:00+00:00', '--job-id', '124', '--raw', '--subdir', 'DAGS_FOLDER/gold_dag.py', '--cfg-path', '/tmp/tmpjg53anhs']
[2025-10-22T09:44:23.335+0000] {standard_task_runner.py:91} INFO - Job 124: Subtask create_dim_products
[2025-10-22T09:44:23.348+0000] {warnings.py:110} WARNING - /home/***/.local/lib/python3.12/site-packages/***/settings.py:195: DeprecationWarning: The sql_alchemy_conn option in [core] has been moved to the sql_alchemy_conn option in [database] - the old setting has been used, but please update your config.
  SQL_ALCHEMY_CONN = conf.get("database", "SQL_ALCHEMY_CONN")

[2025-10-22T09:44:23.383+0000] {task_command.py:426} INFO - Running <TaskInstance: gold_layer_aggregation.create_dim_products scheduled__2025-10-20T20:00:00+00:00 [running]> on host 0586f0d5111d
[2025-10-22T09:44:23.454+0000] {taskinstance.py:2644} INFO - Exporting env vars: AIRFLOW_CTX_DAG_OWNER='ghazal_e_ashar' AIRFLOW_CTX_DAG_ID='gold_layer_aggregation' AIRFLOW_CTX_TASK_ID='create_dim_products' AIRFLOW_CTX_EXECUTION_DATE='2025-10-20T20:00:00+00:00' AIRFLOW_CTX_TRY_NUMBER='2' AIRFLOW_CTX_DAG_RUN_ID='scheduled__2025-10-20T20:00:00+00:00'
[2025-10-22T09:44:23.455+0000] {taskinstance.py:430} INFO - ::endgroup::
[2025-10-22T09:44:23.466+0000] {subprocess.py:63} INFO - Tmp dir root location: /tmp
[2025-10-22T09:44:23.468+0000] {subprocess.py:75} INFO - Running command: ['/usr/bin/bash', '-c', '\necho "Creating dim_products..."\npython3 - <<\'PY\'\n\nimport os\nfrom pyspark.sql import SparkSession, functions as F\n\nos.environ[\'AWS_ACCESS_KEY_ID\'] = \'minioadmin\'\nos.environ[\'AWS_SECRET_ACCESS_KEY\'] = \'minioadmin\'\nos.environ[\'SPARK_LOCAL_IP\'] = \'127.0.0.1\'\n\nPOSTGRES_URL = "jdbc:postgresql://postgres:5432/***"\nPOSTGRES_PROPERTIES = {\n    "user": "***",\n    "password": "***",\n    "driver": "org.postgresql.Driver"\n}\n\nspark = SparkSession.builder \\\n    .appName("GoldLayerProcessing") \\\n    .config("spark.hadoop.fs.s3a.endpoint", "http://minio:9000") \\\n    .config("spark.hadoop.fs.s3a.access.key", "minioadmin") \\\n    .config("spark.hadoop.fs.s3a.secret.key", "minioadmin") \\\n    .config("spark.hadoop.fs.s3a.impl", "org.apache.hadoop.fs.s3a.S3AFileSystem") \\\n    .config("spark.jars.packages", \n            "org.apache.hadoop:hadoop-aws:3.3.4,"\n            "com.amazonaws:aws-java-sdk-s3:1.12.570,"\n            "org.postgresql:postgresql:42.7.1") \\\n    .config("spark.sql.warehouse.dir", "/tmp/spark-warehouse") \\\n    .getOrCreate()\n\nfrom minio import Minio\nclient = Minio(\'minio:9000\', access_key=\'minioadmin\', secret_key=\'minioadmin\', secure=False)\n\nif not client.bucket_exists(\'gold\'):\n    client.make_bucket(\'gold\')\n    print("Gold bucket created")\nelse:\n    print("Gold bucket already exists")\n\nSILVER_PATH = "s3a://silver"\nGOLD_PATH = "s3a://gold"\n\n\ntry:\n    df_products = spark.read.option(\'header\', \'true\').csv(f\'{SILVER_PATH}/products/products_cleaned_pyspark.csv\')\n    df_products = df_products.withColumn(\'price\', F.col(\'price\').cast(\'double\'))\n\n    dim_products = df_products.select(\n        F.col(\'id\').alias(\'product_id\'),\n        F.col(\'title\').alias(\'product_name\'),\n        \'description\', \'category\', \'brand\', \'price\', \'price_category\'\n    ).distinct()\n\n    print(f\'Writing dim_products to {GOLD_PATH}/dimensions/dim_products\')\n    dim_products.write.mode(\'overwrite\').parquet(f\'{GOLD_PATH}/dimensions/dim_products\')\n    dim_products.write.jdbc(url=POSTGRES_URL, table=\'dim_products\', mode=\'overwrite\', properties=POSTGRES_PROPERTIES)\n    print(\'dim_products loaded to Postgres\')\nexcept Exception as e:\n    print("Error in create_dim_products:", e)\n    raise\nfinally:\n    spark.stop()\nPY']
[2025-10-22T09:44:23.479+0000] {subprocess.py:86} INFO - Output:
[2025-10-22T09:44:23.481+0000] {subprocess.py:93} INFO - Creating dim_products...
[2025-10-22T09:44:23.952+0000] {subprocess.py:93} INFO - /home/***/.local/lib/python3.12/site-packages/pyspark/bin/load-spark-env.sh: line 68: ps: command not found
[2025-10-22T09:44:23.954+0000] {subprocess.py:93} INFO - JAVA_HOME is not set
[2025-10-22T09:44:24.038+0000] {subprocess.py:93} INFO - Traceback (most recent call last):
[2025-10-22T09:44:24.039+0000] {subprocess.py:93} INFO -   File "<stdin>", line 27, in <module>
[2025-10-22T09:44:24.039+0000] {subprocess.py:93} INFO -   File "/home/***/.local/lib/python3.12/site-packages/pyspark/sql/session.py", line 497, in getOrCreate
[2025-10-22T09:44:24.039+0000] {subprocess.py:93} INFO -     sc = SparkContext.getOrCreate(sparkConf)
[2025-10-22T09:44:24.040+0000] {subprocess.py:93} INFO -          ^^^^^^^^^^^^^^^^^^^^^^^^^^^^^^^^^^^
[2025-10-22T09:44:24.040+0000] {subprocess.py:93} INFO -   File "/home/***/.local/lib/python3.12/site-packages/pyspark/context.py", line 515, in getOrCreate
[2025-10-22T09:44:24.040+0000] {subprocess.py:93} INFO -     SparkContext(conf=conf or SparkConf())
[2025-10-22T09:44:24.041+0000] {subprocess.py:93} INFO -   File "/home/***/.local/lib/python3.12/site-packages/pyspark/context.py", line 201, in __init__
[2025-10-22T09:44:24.041+0000] {subprocess.py:93} INFO -     SparkContext._ensure_initialized(self, gateway=gateway, conf=conf)
[2025-10-22T09:44:24.041+0000] {subprocess.py:93} INFO -   File "/home/***/.local/lib/python3.12/site-packages/pyspark/context.py", line 436, in _ensure_initialized
[2025-10-22T09:44:24.042+0000] {subprocess.py:93} INFO -     SparkContext._gateway = gateway or launch_gateway(conf)
[2025-10-22T09:44:24.042+0000] {subprocess.py:93} INFO -                                        ^^^^^^^^^^^^^^^^^^^^
[2025-10-22T09:44:24.042+0000] {subprocess.py:93} INFO -   File "/home/***/.local/lib/python3.12/site-packages/pyspark/java_gateway.py", line 107, in launch_gateway
[2025-10-22T09:44:24.043+0000] {subprocess.py:93} INFO -     raise PySparkRuntimeError(
[2025-10-22T09:44:24.043+0000] {subprocess.py:93} INFO - pyspark.errors.exceptions.base.PySparkRuntimeError: [JAVA_GATEWAY_EXITED] Java gateway process exited before sending its port number.
[2025-10-22T09:44:24.085+0000] {subprocess.py:97} INFO - Command exited with return code 1
[2025-10-22T09:44:24.086+0000] {taskinstance.py:441} INFO - ::group::Post task execution logs
[2025-10-22T09:44:24.095+0000] {taskinstance.py:2890} ERROR - Task failed with exception
Traceback (most recent call last):
  File "/home/airflow/.local/lib/python3.12/site-packages/airflow/models/taskinstance.py", line 465, in _execute_task
    result = _execute_callable(context=context, **execute_callable_kwargs)
             ^^^^^^^^^^^^^^^^^^^^^^^^^^^^^^^^^^^^^^^^^^^^^^^^^^^^^^^^^^^^^
  File "/home/airflow/.local/lib/python3.12/site-packages/airflow/models/taskinstance.py", line 432, in _execute_callable
    return execute_callable(context=context, **execute_callable_kwargs)
           ^^^^^^^^^^^^^^^^^^^^^^^^^^^^^^^^^^^^^^^^^^^^^^^^^^^^^^^^^^^^
  File "/home/airflow/.local/lib/python3.12/site-packages/airflow/models/baseoperator.py", line 400, in wrapper
    return func(self, *args, **kwargs)
           ^^^^^^^^^^^^^^^^^^^^^^^^^^^
  File "/home/airflow/.local/lib/python3.12/site-packages/airflow/operators/bash.py", line 243, in execute
    raise AirflowException(
airflow.exceptions.AirflowException: Bash command failed. The command returned a non-zero exit code 1.
[2025-10-22T09:44:24.098+0000] {taskinstance.py:1205} INFO - Marking task as UP_FOR_RETRY. dag_id=gold_layer_aggregation, task_id=create_dim_products, execution_date=20251020T200000, start_date=20251022T094423, end_date=20251022T094424
[2025-10-22T09:44:24.117+0000] {standard_task_runner.py:110} ERROR - Failed to execute job 124 for task create_dim_products (Bash command failed. The command returned a non-zero exit code 1.; 448)
[2025-10-22T09:44:24.149+0000] {local_task_job_runner.py:240} INFO - Task exited with return code 1
[2025-10-22T09:44:24.181+0000] {taskinstance.py:3482} INFO - 0 downstream tasks scheduled from follow-on schedule check
[2025-10-22T09:44:24.184+0000] {local_task_job_runner.py:222} INFO - ::endgroup::
[2025-10-22T10:15:55.106+0000] {local_task_job_runner.py:120} INFO - ::group::Pre task execution logs
[2025-10-22T10:15:55.124+0000] {taskinstance.py:2073} INFO - Dependencies all met for dep_context=non-requeueable deps ti=<TaskInstance: gold_layer_aggregation.create_dim_products scheduled__2025-10-20T20:00:00+00:00 [queued]>
[2025-10-22T10:15:55.129+0000] {taskinstance.py:2073} INFO - Dependencies all met for dep_context=requeueable deps ti=<TaskInstance: gold_layer_aggregation.create_dim_products scheduled__2025-10-20T20:00:00+00:00 [queued]>
[2025-10-22T10:15:55.130+0000] {taskinstance.py:2303} INFO - Starting attempt 2 of 3
[2025-10-22T10:15:55.143+0000] {taskinstance.py:2327} INFO - Executing <Task(BashOperator): create_dim_products> on 2025-10-20 20:00:00+00:00
[2025-10-22T10:15:55.149+0000] {warnings.py:110} WARNING - /home/***/.local/lib/python3.12/site-packages/***/task/task_runner/standard_task_runner.py:61: DeprecationWarning: This process (pid=398) is multi-threaded, use of fork() may lead to deadlocks in the child.
  pid = os.fork()

[2025-10-22T10:15:55.151+0000] {standard_task_runner.py:63} INFO - Started process 402 to run task
[2025-10-22T10:15:55.151+0000] {standard_task_runner.py:90} INFO - Running: ['***', 'tasks', 'run', 'gold_layer_aggregation', 'create_dim_products', 'scheduled__2025-10-20T20:00:00+00:00', '--job-id', '19', '--raw', '--subdir', 'DAGS_FOLDER/gold_dag.py', '--cfg-path', '/tmp/tmpz1cvumsq']
[2025-10-22T10:15:55.153+0000] {standard_task_runner.py:91} INFO - Job 19: Subtask create_dim_products
[2025-10-22T10:15:55.165+0000] {warnings.py:110} WARNING - /home/***/.local/lib/python3.12/site-packages/***/settings.py:195: DeprecationWarning: The sql_alchemy_conn option in [core] has been moved to the sql_alchemy_conn option in [database] - the old setting has been used, but please update your config.
  SQL_ALCHEMY_CONN = conf.get("database", "SQL_ALCHEMY_CONN")

[2025-10-22T10:15:55.195+0000] {task_command.py:426} INFO - Running <TaskInstance: gold_layer_aggregation.create_dim_products scheduled__2025-10-20T20:00:00+00:00 [running]> on host 7df8b8276d1d
[2025-10-22T10:15:55.261+0000] {taskinstance.py:2644} INFO - Exporting env vars: AIRFLOW_CTX_DAG_OWNER='ghazal_e_ashar' AIRFLOW_CTX_DAG_ID='gold_layer_aggregation' AIRFLOW_CTX_TASK_ID='create_dim_products' AIRFLOW_CTX_EXECUTION_DATE='2025-10-20T20:00:00+00:00' AIRFLOW_CTX_TRY_NUMBER='2' AIRFLOW_CTX_DAG_RUN_ID='scheduled__2025-10-20T20:00:00+00:00'
[2025-10-22T10:15:55.262+0000] {taskinstance.py:430} INFO - ::endgroup::
[2025-10-22T10:15:55.273+0000] {subprocess.py:63} INFO - Tmp dir root location: /tmp
[2025-10-22T10:15:55.274+0000] {subprocess.py:75} INFO - Running command: ['/usr/bin/bash', '-c', '\necho "Creating dim_products..."\npython3 - <<\'PY\'\n\nimport os\nfrom pyspark.sql import SparkSession, functions as F\n\nos.environ[\'AWS_ACCESS_KEY_ID\'] = \'minioadmin\'\nos.environ[\'AWS_SECRET_ACCESS_KEY\'] = \'minioadmin\'\nos.environ[\'SPARK_LOCAL_IP\'] = \'127.0.0.1\'\n\nPOSTGRES_URL = "jdbc:postgresql://postgres:5432/***"\nPOSTGRES_PROPERTIES = {\n    "user": "***",\n    "password": "***",\n    "driver": "org.postgresql.Driver"\n}\n\nspark = SparkSession.builder \\\n    .appName("GoldLayerProcessing") \\\n    .config("spark.hadoop.fs.s3a.endpoint", "http://minio:9000") \\\n    .config("spark.hadoop.fs.s3a.access.key", "minioadmin") \\\n    .config("spark.hadoop.fs.s3a.secret.key", "minioadmin") \\\n    .config("spark.hadoop.fs.s3a.impl", "org.apache.hadoop.fs.s3a.S3AFileSystem") \\\n    .config("spark.jars.packages", \n            "org.apache.hadoop:hadoop-aws:3.3.4,"\n            "com.amazonaws:aws-java-sdk-s3:1.12.570,"\n            "org.postgresql:postgresql:42.7.1") \\\n    .config("spark.sql.warehouse.dir", "/tmp/spark-warehouse") \\\n    .getOrCreate()\n\nfrom minio import Minio\nclient = Minio(\'minio:9000\', access_key=\'minioadmin\', secret_key=\'minioadmin\', secure=False)\n\nif not client.bucket_exists(\'gold\'):\n    client.make_bucket(\'gold\')\n    print("Gold bucket created")\nelse:\n    print("Gold bucket already exists")\n\nSILVER_PATH = "s3a://silver"\nGOLD_PATH = "s3a://gold"\n\n\ntry:\n    df_products = spark.read.option(\'header\', \'true\').csv(f\'{SILVER_PATH}/products/products_cleaned_pyspark.csv\')\n    df_products = df_products.withColumn(\'price\', F.col(\'price\').cast(\'double\'))\n\n    dim_products = df_products.select(\n        F.col(\'id\').alias(\'product_id\'),\n        F.col(\'title\').alias(\'product_name\'),\n        \'description\', \'category\', \'brand\', \'price\', \'price_category\'\n    ).distinct()\n\n    print(f\'Writing dim_products to {GOLD_PATH}/dimensions/dim_products\')\n    dim_products.write.mode(\'overwrite\').parquet(f\'{GOLD_PATH}/dimensions/dim_products\')\n    dim_products.write.jdbc(url=POSTGRES_URL, table=\'dim_products\', mode=\'overwrite\', properties=POSTGRES_PROPERTIES)\n    print(\'dim_products loaded to Postgres\')\nexcept Exception as e:\n    print("Error in create_dim_products:", e)\n    raise\nfinally:\n    spark.stop()\nPY']
[2025-10-22T10:15:55.284+0000] {subprocess.py:86} INFO - Output:
[2025-10-22T10:15:55.286+0000] {subprocess.py:93} INFO - Creating dim_products...
[2025-10-22T10:15:55.713+0000] {subprocess.py:93} INFO - /home/***/.local/lib/python3.12/site-packages/pyspark/bin/load-spark-env.sh: line 68: ps: command not found
[2025-10-22T10:15:55.714+0000] {subprocess.py:93} INFO - JAVA_HOME is not set
[2025-10-22T10:15:55.798+0000] {subprocess.py:93} INFO - Traceback (most recent call last):
[2025-10-22T10:15:55.799+0000] {subprocess.py:93} INFO -   File "<stdin>", line 27, in <module>
[2025-10-22T10:15:55.799+0000] {subprocess.py:93} INFO -   File "/home/***/.local/lib/python3.12/site-packages/pyspark/sql/session.py", line 497, in getOrCreate
[2025-10-22T10:15:55.800+0000] {subprocess.py:93} INFO -     sc = SparkContext.getOrCreate(sparkConf)
[2025-10-22T10:15:55.800+0000] {subprocess.py:93} INFO -          ^^^^^^^^^^^^^^^^^^^^^^^^^^^^^^^^^^^
[2025-10-22T10:15:55.800+0000] {subprocess.py:93} INFO -   File "/home/***/.local/lib/python3.12/site-packages/pyspark/context.py", line 515, in getOrCreate
[2025-10-22T10:15:55.801+0000] {subprocess.py:93} INFO -     SparkContext(conf=conf or SparkConf())
[2025-10-22T10:15:55.801+0000] {subprocess.py:93} INFO -   File "/home/***/.local/lib/python3.12/site-packages/pyspark/context.py", line 201, in __init__
[2025-10-22T10:15:55.801+0000] {subprocess.py:93} INFO -     SparkContext._ensure_initialized(self, gateway=gateway, conf=conf)
[2025-10-22T10:15:55.801+0000] {subprocess.py:93} INFO -   File "/home/***/.local/lib/python3.12/site-packages/pyspark/context.py", line 436, in _ensure_initialized
[2025-10-22T10:15:55.802+0000] {subprocess.py:93} INFO -     SparkContext._gateway = gateway or launch_gateway(conf)
[2025-10-22T10:15:55.802+0000] {subprocess.py:93} INFO -                                        ^^^^^^^^^^^^^^^^^^^^
[2025-10-22T10:15:55.802+0000] {subprocess.py:93} INFO -   File "/home/***/.local/lib/python3.12/site-packages/pyspark/java_gateway.py", line 107, in launch_gateway
[2025-10-22T10:15:55.803+0000] {subprocess.py:93} INFO -     raise PySparkRuntimeError(
[2025-10-22T10:15:55.803+0000] {subprocess.py:93} INFO - pyspark.errors.exceptions.base.PySparkRuntimeError: [JAVA_GATEWAY_EXITED] Java gateway process exited before sending its port number.
[2025-10-22T10:15:55.852+0000] {subprocess.py:97} INFO - Command exited with return code 1
[2025-10-22T10:15:55.853+0000] {taskinstance.py:441} INFO - ::group::Post task execution logs
[2025-10-22T10:15:55.863+0000] {taskinstance.py:2890} ERROR - Task failed with exception
Traceback (most recent call last):
  File "/home/airflow/.local/lib/python3.12/site-packages/airflow/models/taskinstance.py", line 465, in _execute_task
    result = _execute_callable(context=context, **execute_callable_kwargs)
             ^^^^^^^^^^^^^^^^^^^^^^^^^^^^^^^^^^^^^^^^^^^^^^^^^^^^^^^^^^^^^
  File "/home/airflow/.local/lib/python3.12/site-packages/airflow/models/taskinstance.py", line 432, in _execute_callable
    return execute_callable(context=context, **execute_callable_kwargs)
           ^^^^^^^^^^^^^^^^^^^^^^^^^^^^^^^^^^^^^^^^^^^^^^^^^^^^^^^^^^^^
  File "/home/airflow/.local/lib/python3.12/site-packages/airflow/models/baseoperator.py", line 400, in wrapper
    return func(self, *args, **kwargs)
           ^^^^^^^^^^^^^^^^^^^^^^^^^^^
  File "/home/airflow/.local/lib/python3.12/site-packages/airflow/operators/bash.py", line 243, in execute
    raise AirflowException(
airflow.exceptions.AirflowException: Bash command failed. The command returned a non-zero exit code 1.
[2025-10-22T10:15:55.868+0000] {taskinstance.py:1205} INFO - Marking task as UP_FOR_RETRY. dag_id=gold_layer_aggregation, task_id=create_dim_products, execution_date=20251020T200000, start_date=20251022T101555, end_date=20251022T101555
[2025-10-22T10:15:55.881+0000] {standard_task_runner.py:110} ERROR - Failed to execute job 19 for task create_dim_products (Bash command failed. The command returned a non-zero exit code 1.; 402)
[2025-10-22T10:15:55.926+0000] {local_task_job_runner.py:240} INFO - Task exited with return code 1
[2025-10-22T10:15:55.950+0000] {taskinstance.py:3482} INFO - 0 downstream tasks scheduled from follow-on schedule check
[2025-10-22T10:15:55.953+0000] {local_task_job_runner.py:222} INFO - ::endgroup::
