[2025-10-22T12:29:13.362+0000] {local_task_job_runner.py:120} INFO - ::group::Pre task execution logs
[2025-10-22T12:29:13.379+0000] {taskinstance.py:2073} INFO - Dependencies all met for dep_context=non-requeueable deps ti=<TaskInstance: silver_layer_dag.clean_customer_data manual__2025-10-22T12:12:34.171923+00:00 [queued]>
[2025-10-22T12:29:13.385+0000] {taskinstance.py:2073} INFO - Dependencies all met for dep_context=requeueable deps ti=<TaskInstance: silver_layer_dag.clean_customer_data manual__2025-10-22T12:12:34.171923+00:00 [queued]>
[2025-10-22T12:29:13.385+0000] {taskinstance.py:2303} INFO - Starting attempt 2 of 2
[2025-10-22T12:29:13.396+0000] {taskinstance.py:2327} INFO - Executing <Task(BashOperator): clean_customer_data> on 2025-10-22 12:12:34.171923+00:00
[2025-10-22T12:29:13.403+0000] {warnings.py:110} WARNING - /home/***/.local/lib/python3.12/site-packages/***/task/task_runner/standard_task_runner.py:61: DeprecationWarning: This process (pid=6096) is multi-threaded, use of fork() may lead to deadlocks in the child.
  pid = os.fork()

[2025-10-22T12:29:13.404+0000] {standard_task_runner.py:63} INFO - Started process 6098 to run task
[2025-10-22T12:29:13.404+0000] {standard_task_runner.py:90} INFO - Running: ['***', 'tasks', 'run', 'silver_layer_dag', 'clean_customer_data', 'manual__2025-10-22T12:12:34.171923+00:00', '--job-id', '77', '--raw', '--subdir', 'DAGS_FOLDER/silver_layer_dag.py', '--cfg-path', '/tmp/tmp32szg2ru']
[2025-10-22T12:29:13.406+0000] {standard_task_runner.py:91} INFO - Job 77: Subtask clean_customer_data
[2025-10-22T12:29:13.418+0000] {warnings.py:110} WARNING - /home/***/.local/lib/python3.12/site-packages/***/settings.py:195: DeprecationWarning: The sql_alchemy_conn option in [core] has been moved to the sql_alchemy_conn option in [database] - the old setting has been used, but please update your config.
  SQL_ALCHEMY_CONN = conf.get("database", "SQL_ALCHEMY_CONN")

[2025-10-22T12:29:13.445+0000] {task_command.py:426} INFO - Running <TaskInstance: silver_layer_dag.clean_customer_data manual__2025-10-22T12:12:34.171923+00:00 [running]> on host 106a2f4786f4
[2025-10-22T12:29:13.504+0000] {taskinstance.py:2644} INFO - Exporting env vars: AIRFLOW_CTX_DAG_OWNER='data_team' AIRFLOW_CTX_DAG_ID='silver_layer_dag' AIRFLOW_CTX_TASK_ID='clean_customer_data' AIRFLOW_CTX_EXECUTION_DATE='2025-10-22T12:12:34.171923+00:00' AIRFLOW_CTX_TRY_NUMBER='2' AIRFLOW_CTX_DAG_RUN_ID='manual__2025-10-22T12:12:34.171923+00:00'
[2025-10-22T12:29:13.505+0000] {taskinstance.py:430} INFO - ::endgroup::
[2025-10-22T12:29:13.515+0000] {subprocess.py:63} INFO - Tmp dir root location: /tmp
[2025-10-22T12:29:13.516+0000] {subprocess.py:75} INFO - Running command: ['/usr/bin/bash', '-c', '\necho "== Clean customer data =="\npython3 - <<\'PY\'\n\nimport os\nfrom pyspark.sql import SparkSession, functions as F\nfrom pyspark.sql.types import StringType, FloatType\n\n# set credentials and local ip inside runtime process\nos.environ[\'AWS_ACCESS_KEY_ID\'] = \'minioadmin\'\nos.environ[\'AWS_SECRET_ACCESS_KEY\'] = \'minioadmin\'\nos.environ[\'SPARK_LOCAL_IP\'] = \'127.0.0.1\'\n\n# create spark session (packages used to access s3a and aws jars)\nspark = SparkSession.builder \\\n    .appName("SilverLayerProcessing") \\\n    .config("spark.hadoop.fs.s3a.endpoint", "http://minio:9000") \\\n    .config("spark.hadoop.fs.s3a.access.key", "minioadmin") \\\n    .config("spark.hadoop.fs.s3a.secret.key", "minioadmin") \\\n    .config("spark.hadoop.fs.s3a.impl", "org.apache.hadoop.fs.s3a.S3AFileSystem") \\\n    .config("spark.jars.packages", "org.apache.hadoop:hadoop-aws:3.3.4,com.amazonaws:aws-java-sdk-s3:1.12.570") \\\n    .getOrCreate()\n\nfrom minio import Minio\nclient = Minio("minio:9000", access_key="minioadmin", secret_key="minioadmin", secure=False)\n\n# ensure buckets exist (idempotent)\nfor b in ["bronze", "silver"]:\n    try:\n        if not client.bucket_exists(b):\n            client.make_bucket(b)\n    except Exception as e:\n        # keep going; bucket checks often fail if MinIO not yet fully ready — error will surface when reading\n        print("minio bucket check:", e)\n\n# define s3a paths\nBRONZE_PATH = "s3a://bronze"\nSILVER_PATH = "s3a://silver"\n\ntry:\n    df = spark.read.option("header", "true").csv(f"{BRONZE_PATH}/customers/customers.csv")\n    print("Raw customers rows:", df.count())\n\n    df_cleaned = df.dropDuplicates(["id"])         .na.drop(subset=["id", "email"])         .withColumn("firstName", F.coalesce(F.col("firstName"), F.lit("Unknown")))         .withColumn("lastName", F.coalesce(F.col("lastName"), F.lit("Unknown")))         .withColumn("phone", F.coalesce(F.col("phone"), F.lit("Not Provided")))         .withColumn("email", F.lower(F.trim(F.col("email"))))         .withColumn("phone", F.regexp_replace(F.col("phone").cast(StringType()), r"[^0-9+]", ""))         .withColumn("email_valid", F.col("email").rlike(r".+@.+\\..+"))         .withColumn("phone_valid", F.length(F.col("phone")) >= 10)\n\n    df_cleaned.write.mode("overwrite").option("header", "true").csv(f"{SILVER_PATH}/customers/customers_cleaned_pyspark.csv")\n    print("✅ Customers cleaned and saved.")\nexcept Exception as e:\n    print("Error cleaning customers:", e)\n    raise\nfinally:\n    spark.stop()\nPY']
[2025-10-22T12:29:13.528+0000] {subprocess.py:86} INFO - Output:
[2025-10-22T12:29:13.529+0000] {subprocess.py:93} INFO - == Clean customer data ==
[2025-10-22T12:29:14.264+0000] {subprocess.py:93} INFO - WARNING: Using incubator modules: jdk.incubator.vector
[2025-10-22T12:29:15.306+0000] {subprocess.py:93} INFO - :: loading settings :: url = jar:file:/home/***/.local/lib/python3.12/site-packages/pyspark/jars/ivy-2.5.3.jar!/org/apache/ivy/core/settings/ivysettings.xml
[2025-10-22T12:29:15.388+0000] {subprocess.py:93} INFO - Ivy Default Cache set to: /home/***/.ivy2.5.2/cache
[2025-10-22T12:29:15.389+0000] {subprocess.py:93} INFO - The jars for the packages stored in: /home/***/.ivy2.5.2/jars
[2025-10-22T12:29:15.392+0000] {subprocess.py:93} INFO - org.apache.hadoop#hadoop-aws added as a dependency
[2025-10-22T12:29:15.395+0000] {subprocess.py:93} INFO - com.amazonaws#aws-java-sdk-s3 added as a dependency
[2025-10-22T12:29:15.395+0000] {subprocess.py:93} INFO - :: resolving dependencies :: org.apache.spark#spark-submit-parent-81c03df6-c90c-4ba9-8881-17b1c55fa1a8;1.0
[2025-10-22T12:29:15.395+0000] {subprocess.py:93} INFO - 	confs: [default]
[2025-10-22T12:29:15.543+0000] {subprocess.py:93} INFO - 	found org.apache.hadoop#hadoop-aws;3.3.4 in spark-list
[2025-10-22T12:29:15.574+0000] {subprocess.py:93} INFO - 	found com.amazonaws#aws-java-sdk-bundle;1.12.262 in central
[2025-10-22T12:29:15.608+0000] {subprocess.py:93} INFO - 	found org.wildfly.openssl#wildfly-openssl;1.0.7.Final in central
[2025-10-22T12:29:15.629+0000] {subprocess.py:93} INFO - 	found com.amazonaws#aws-java-sdk-s3;1.12.570 in central
[2025-10-22T12:29:15.662+0000] {subprocess.py:93} INFO - 	found com.amazonaws#aws-java-sdk-kms;1.12.570 in central
[2025-10-22T12:29:15.691+0000] {subprocess.py:93} INFO - 	found com.amazonaws#aws-java-sdk-core;1.12.570 in spark-list
[2025-10-22T12:29:15.723+0000] {subprocess.py:93} INFO - 	found commons-logging#commons-logging;1.1.3 in central
[2025-10-22T12:29:15.747+0000] {subprocess.py:93} INFO - 	found commons-codec#commons-codec;1.15 in central
[2025-10-22T12:29:15.769+0000] {subprocess.py:93} INFO - 	found org.apache.httpcomponents#httpclient;4.5.13 in central
[2025-10-22T12:29:15.793+0000] {subprocess.py:93} INFO - 	found org.apache.httpcomponents#httpcore;4.4.13 in spark-list
[2025-10-22T12:29:15.813+0000] {subprocess.py:93} INFO - 	found software.amazon.ion#ion-java;1.0.2 in central
[2025-10-22T12:29:15.841+0000] {subprocess.py:93} INFO - 	found com.fasterxml.jackson.core#jackson-databind;2.12.7.1 in spark-list
[2025-10-22T12:29:15.871+0000] {subprocess.py:93} INFO - 	found com.fasterxml.jackson.core#jackson-annotations;2.12.7 in central
[2025-10-22T12:29:15.902+0000] {subprocess.py:93} INFO - 	found com.fasterxml.jackson.core#jackson-core;2.12.7 in central
[2025-10-22T12:29:15.933+0000] {subprocess.py:93} INFO - 	found com.fasterxml.jackson.dataformat#jackson-dataformat-cbor;2.12.6 in central
[2025-10-22T12:29:15.962+0000] {subprocess.py:93} INFO - 	found joda-time#joda-time;2.8.1 in central
[2025-10-22T12:29:16.004+0000] {subprocess.py:93} INFO - 	found com.amazonaws#jmespath-java;1.12.570 in central
[2025-10-22T12:29:16.060+0000] {subprocess.py:93} INFO - :: resolution report :: resolve 632ms :: artifacts dl 35ms
[2025-10-22T12:29:16.061+0000] {subprocess.py:93} INFO - 	:: modules in use:
[2025-10-22T12:29:16.062+0000] {subprocess.py:93} INFO - 	com.amazonaws#aws-java-sdk-bundle;1.12.262 from central in [default]
[2025-10-22T12:29:16.062+0000] {subprocess.py:93} INFO - 	com.amazonaws#aws-java-sdk-core;1.12.570 from spark-list in [default]
[2025-10-22T12:29:16.063+0000] {subprocess.py:93} INFO - 	com.amazonaws#aws-java-sdk-kms;1.12.570 from central in [default]
[2025-10-22T12:29:16.063+0000] {subprocess.py:93} INFO - 	com.amazonaws#aws-java-sdk-s3;1.12.570 from central in [default]
[2025-10-22T12:29:16.063+0000] {subprocess.py:93} INFO - 	com.amazonaws#jmespath-java;1.12.570 from central in [default]
[2025-10-22T12:29:16.064+0000] {subprocess.py:93} INFO - 	com.fasterxml.jackson.core#jackson-annotations;2.12.7 from central in [default]
[2025-10-22T12:29:16.064+0000] {subprocess.py:93} INFO - 	com.fasterxml.jackson.core#jackson-core;2.12.7 from central in [default]
[2025-10-22T12:29:16.065+0000] {subprocess.py:93} INFO - 	com.fasterxml.jackson.core#jackson-databind;2.12.7.1 from spark-list in [default]
[2025-10-22T12:29:16.065+0000] {subprocess.py:93} INFO - 	com.fasterxml.jackson.dataformat#jackson-dataformat-cbor;2.12.6 from central in [default]
[2025-10-22T12:29:16.066+0000] {subprocess.py:93} INFO - 	commons-codec#commons-codec;1.15 from central in [default]
[2025-10-22T12:29:16.066+0000] {subprocess.py:93} INFO - 	commons-logging#commons-logging;1.1.3 from central in [default]
[2025-10-22T12:29:16.067+0000] {subprocess.py:93} INFO - 	joda-time#joda-time;2.8.1 from central in [default]
[2025-10-22T12:29:16.067+0000] {subprocess.py:93} INFO - 	org.apache.hadoop#hadoop-aws;3.3.4 from spark-list in [default]
[2025-10-22T12:29:16.068+0000] {subprocess.py:93} INFO - 	org.apache.httpcomponents#httpclient;4.5.13 from central in [default]
[2025-10-22T12:29:16.068+0000] {subprocess.py:93} INFO - 	org.apache.httpcomponents#httpcore;4.4.13 from spark-list in [default]
[2025-10-22T12:29:16.069+0000] {subprocess.py:93} INFO - 	org.wildfly.openssl#wildfly-openssl;1.0.7.Final from central in [default]
[2025-10-22T12:29:16.069+0000] {subprocess.py:93} INFO - 	software.amazon.ion#ion-java;1.0.2 from central in [default]
[2025-10-22T12:29:16.069+0000] {subprocess.py:93} INFO - 	:: evicted modules:
[2025-10-22T12:29:16.070+0000] {subprocess.py:93} INFO - 	commons-logging#commons-logging;1.2 by [commons-logging#commons-logging;1.1.3] in [default]
[2025-10-22T12:29:16.070+0000] {subprocess.py:93} INFO - 	commons-codec#commons-codec;1.11 by [commons-codec#commons-codec;1.15] in [default]
[2025-10-22T12:29:16.071+0000] {subprocess.py:93} INFO - 	com.fasterxml.jackson.core#jackson-databind;2.12.6 by [com.fasterxml.jackson.core#jackson-databind;2.12.7.1] in [default]
[2025-10-22T12:29:16.071+0000] {subprocess.py:93} INFO - 	com.fasterxml.jackson.core#jackson-core;2.12.6 by [com.fasterxml.jackson.core#jackson-core;2.12.7] in [default]
[2025-10-22T12:29:16.071+0000] {subprocess.py:93} INFO - 	---------------------------------------------------------------------
[2025-10-22T12:29:16.072+0000] {subprocess.py:93} INFO - 	|                  |            modules            ||   artifacts   |
[2025-10-22T12:29:16.072+0000] {subprocess.py:93} INFO - 	|       conf       | number| search|dwnlded|evicted|| number|dwnlded|
[2025-10-22T12:29:16.075+0000] {subprocess.py:93} INFO - 	---------------------------------------------------------------------
[2025-10-22T12:29:16.076+0000] {subprocess.py:93} INFO - 	|      default     |   21  |   0   |   0   |   4   ||   17  |   0   |
[2025-10-22T12:29:16.076+0000] {subprocess.py:93} INFO - 	---------------------------------------------------------------------
[2025-10-22T12:29:16.077+0000] {subprocess.py:93} INFO - :: retrieving :: org.apache.spark#spark-submit-parent-81c03df6-c90c-4ba9-8881-17b1c55fa1a8
[2025-10-22T12:29:16.077+0000] {subprocess.py:93} INFO - 	confs: [default]
[2025-10-22T12:29:16.088+0000] {subprocess.py:93} INFO - 	0 artifacts copied, 17 already retrieved (0kB/12ms)
[2025-10-22T12:29:16.393+0000] {subprocess.py:93} INFO - 25/10/22 12:29:16 WARN NativeCodeLoader: Unable to load native-hadoop library for your platform... using builtin-java classes where applicable
[2025-10-22T12:29:16.668+0000] {subprocess.py:93} INFO - Using Spark's default log4j profile: org/apache/spark/log4j2-defaults.properties
[2025-10-22T12:29:16.669+0000] {subprocess.py:93} INFO - Setting default log level to "WARN".
[2025-10-22T12:29:16.669+0000] {subprocess.py:93} INFO - To adjust logging level use sc.setLogLevel(newLevel). For SparkR, use setLogLevel(newLevel).
[2025-10-22T12:29:17.619+0000] {subprocess.py:93} INFO - 25/10/22 12:29:17 WARN Utils: Service 'SparkUI' could not bind on port 4040. Attempting port 4041.
[2025-10-22T12:29:17.619+0000] {subprocess.py:93} INFO - 25/10/22 12:29:17 WARN Utils: Service 'SparkUI' could not bind on port 4041. Attempting port 4042.
[2025-10-22T12:29:33.433+0000] {subprocess.py:93} INFO - Traceback (most recent call last):
[2025-10-22T12:29:33.434+0000] {subprocess.py:93} INFO -   File "<stdin>", line 19, in <module>
[2025-10-22T12:29:33.434+0000] {subprocess.py:93} INFO -   File "/home/***/.local/lib/python3.12/site-packages/pyspark/sql/session.py", line 556, in getOrCreate
[2025-10-22T12:29:33.435+0000] {subprocess.py:93} INFO -   File "/home/***/.local/lib/python3.12/site-packages/pyspark/core/context.py", line 523, in getOrCreate
[2025-10-22T12:29:33.435+0000] {subprocess.py:93} INFO -   File "/home/***/.local/lib/python3.12/site-packages/pyspark/core/context.py", line 207, in __init__
[2025-10-22T12:29:33.436+0000] {subprocess.py:93} INFO -   File "/home/***/.local/lib/python3.12/site-packages/pyspark/core/context.py", line 300, in _do_init
[2025-10-22T12:29:33.436+0000] {subprocess.py:93} INFO -   File "/home/***/.local/lib/python3.12/site-packages/pyspark/core/context.py", line 429, in _initialize_context
[2025-10-22T12:29:33.437+0000] {subprocess.py:93} INFO -   File "/home/***/.local/lib/python3.12/site-packages/py4j/java_gateway.py", line 1627, in __call__
[2025-10-22T12:29:33.437+0000] {subprocess.py:93} INFO -   File "/home/***/.local/lib/python3.12/site-packages/py4j/protocol.py", line 327, in get_return_value
[2025-10-22T12:29:33.889+0000] {subprocess.py:93} INFO - py4j.protocol.Py4JJavaError: <exception str() failed>
[2025-10-22T12:29:33.995+0000] {subprocess.py:97} INFO - Command exited with return code 1
[2025-10-22T12:29:33.996+0000] {taskinstance.py:441} INFO - ::group::Post task execution logs
[2025-10-22T12:29:33.997+0000] {taskinstance.py:2890} ERROR - Task failed with exception
Traceback (most recent call last):
  File "/home/airflow/.local/lib/python3.12/site-packages/airflow/models/taskinstance.py", line 465, in _execute_task
    result = _execute_callable(context=context, **execute_callable_kwargs)
             ^^^^^^^^^^^^^^^^^^^^^^^^^^^^^^^^^^^^^^^^^^^^^^^^^^^^^^^^^^^^^
  File "/home/airflow/.local/lib/python3.12/site-packages/airflow/models/taskinstance.py", line 432, in _execute_callable
    return execute_callable(context=context, **execute_callable_kwargs)
           ^^^^^^^^^^^^^^^^^^^^^^^^^^^^^^^^^^^^^^^^^^^^^^^^^^^^^^^^^^^^
  File "/home/airflow/.local/lib/python3.12/site-packages/airflow/models/baseoperator.py", line 400, in wrapper
  File "/home/airflow/.local/lib/python3.12/site-packages/airflow/operators/bash.py", line 234, in execute
  File "/home/airflow/.local/lib/python3.12/site-packages/airflow/hooks/subprocess.py", line 64, in run_command
  File "/usr/local/lib/python3.12/contextlib.py", line 610, in __exit__
  File "/usr/local/lib/python3.12/contextlib.py", line 595, in __exit__
  File "/usr/local/lib/python3.12/tempfile.py", line 946, in __exit__
  File "/usr/local/lib/python3.12/tempfile.py", line 950, in cleanup
  File "/usr/local/lib/python3.12/tempfile.py", line 930, in _rmtree
  File "/usr/local/lib/python3.12/shutil.py", line 796, in rmtree
  File "/usr/local/lib/python3.12/shutil.py", line 794, in rmtree
OSError: [Errno 5] Input/output error: '/tmp/airflowtmpbhichuz_'
[2025-10-22T12:29:34.029+0000] {standard_task_runner.py:110} ERROR - Failed to execute job 77 for task clean_customer_data ((psycopg2.OperationalError) could not translate host name "postgres" to address: Temporary failure in name resolution

(Background on this error at: https://sqlalche.me/e/14/e3q8); 6098)
[2025-10-22T12:29:34.103+0000] {job.py:218} ERROR - Job heartbeat got an exception
Traceback (most recent call last):
  File "/home/airflow/.local/lib/python3.12/site-packages/sqlalchemy/engine/base.py", line 3371, in _wrap_pool_connect
  File "/home/airflow/.local/lib/python3.12/site-packages/sqlalchemy/pool/base.py", line 327, in connect
  File "/home/airflow/.local/lib/python3.12/site-packages/sqlalchemy/pool/base.py", line 894, in _checkout
  File "/home/airflow/.local/lib/python3.12/site-packages/sqlalchemy/pool/base.py", line 493, in checkout
  File "/home/airflow/.local/lib/python3.12/site-packages/sqlalchemy/pool/impl.py", line 256, in _do_get
  File "/home/airflow/.local/lib/python3.12/site-packages/sqlalchemy/pool/base.py", line 273, in _create_connection
  File "/home/airflow/.local/lib/python3.12/site-packages/sqlalchemy/pool/base.py", line 388, in __init__
  File "/home/airflow/.local/lib/python3.12/site-packages/sqlalchemy/pool/base.py", line 690, in __connect
  File "/home/airflow/.local/lib/python3.12/site-packages/sqlalchemy/util/langhelpers.py", line 70, in __exit__
  File "/home/airflow/.local/lib/python3.12/site-packages/sqlalchemy/util/compat.py", line 211, in raise_
  File "/home/airflow/.local/lib/python3.12/site-packages/sqlalchemy/pool/base.py", line 686, in __connect
  File "/home/airflow/.local/lib/python3.12/site-packages/sqlalchemy/engine/create.py", line 574, in connect
  File "/home/airflow/.local/lib/python3.12/site-packages/sqlalchemy/engine/default.py", line 598, in connect
  File "/home/airflow/.local/lib/python3.12/site-packages/psycopg2/__init__.py", line 122, in connect
psycopg2.OperationalError: could not translate host name "postgres" to address: Temporary failure in name resolution


The above exception was the direct cause of the following exception:

Traceback (most recent call last):
  File "/home/airflow/.local/lib/python3.12/site-packages/airflow/jobs/job.py", line 207, in heartbeat
  File "/home/airflow/.local/lib/python3.12/site-packages/airflow/api_internal/internal_api_call.py", line 115, in wrapper
  File "/home/airflow/.local/lib/python3.12/site-packages/airflow/utils/session.py", line 76, in wrapper
  File "/home/airflow/.local/lib/python3.12/site-packages/airflow/utils/retries.py", line 89, in wrapped_function
  File "/home/airflow/.local/lib/python3.12/site-packages/tenacity/__init__.py", line 347, in __iter__
  File "/home/airflow/.local/lib/python3.12/site-packages/tenacity/__init__.py", line 325, in iter
  File "/home/airflow/.local/lib/python3.12/site-packages/tenacity/__init__.py", line 158, in reraise
  File "/usr/local/lib/python3.12/concurrent/futures/_base.py", line 449, in result
  File "/usr/local/lib/python3.12/concurrent/futures/_base.py", line 401, in __get_result
  File "/home/airflow/.local/lib/python3.12/site-packages/airflow/utils/retries.py", line 98, in wrapped_function
  File "/home/airflow/.local/lib/python3.12/site-packages/airflow/jobs/job.py", line 355, in _update_heartbeat
  File "/home/airflow/.local/lib/python3.12/site-packages/sqlalchemy/orm/session.py", line 1747, in scalar
  File "/home/airflow/.local/lib/python3.12/site-packages/sqlalchemy/orm/session.py", line 1716, in execute
  File "/home/airflow/.local/lib/python3.12/site-packages/sqlalchemy/orm/session.py", line 1555, in _connection_for_bind
  File "/home/airflow/.local/lib/python3.12/site-packages/sqlalchemy/orm/session.py", line 750, in _connection_for_bind
  File "/home/airflow/.local/lib/python3.12/site-packages/sqlalchemy/future/engine.py", line 412, in connect
  File "/home/airflow/.local/lib/python3.12/site-packages/sqlalchemy/engine/base.py", line 3325, in connect
  File "/home/airflow/.local/lib/python3.12/site-packages/sqlalchemy/engine/base.py", line 96, in __init__
  File "/home/airflow/.local/lib/python3.12/site-packages/sqlalchemy/engine/base.py", line 3404, in raw_connection
  File "/home/airflow/.local/lib/python3.12/site-packages/sqlalchemy/engine/base.py", line 3374, in _wrap_pool_connect
  File "/home/airflow/.local/lib/python3.12/site-packages/sqlalchemy/engine/base.py", line 2208, in _handle_dbapi_exception_noconnection
  File "/home/airflow/.local/lib/python3.12/site-packages/sqlalchemy/util/compat.py", line 211, in raise_
  File "/home/airflow/.local/lib/python3.12/site-packages/sqlalchemy/engine/base.py", line 3371, in _wrap_pool_connect
  File "/home/airflow/.local/lib/python3.12/site-packages/sqlalchemy/pool/base.py", line 327, in connect
  File "/home/airflow/.local/lib/python3.12/site-packages/sqlalchemy/pool/base.py", line 894, in _checkout
  File "/home/airflow/.local/lib/python3.12/site-packages/sqlalchemy/pool/base.py", line 493, in checkout
  File "/home/airflow/.local/lib/python3.12/site-packages/sqlalchemy/pool/impl.py", line 256, in _do_get
  File "/home/airflow/.local/lib/python3.12/site-packages/sqlalchemy/pool/base.py", line 273, in _create_connection
  File "/home/airflow/.local/lib/python3.12/site-packages/sqlalchemy/pool/base.py", line 388, in __init__
  File "/home/airflow/.local/lib/python3.12/site-packages/sqlalchemy/pool/base.py", line 690, in __connect
  File "/home/airflow/.local/lib/python3.12/site-packages/sqlalchemy/util/langhelpers.py", line 70, in __exit__
  File "/home/airflow/.local/lib/python3.12/site-packages/sqlalchemy/util/compat.py", line 211, in raise_
  File "/home/airflow/.local/lib/python3.12/site-packages/sqlalchemy/pool/base.py", line 686, in __connect
  File "/home/airflow/.local/lib/python3.12/site-packages/sqlalchemy/engine/create.py", line 574, in connect
  File "/home/airflow/.local/lib/python3.12/site-packages/sqlalchemy/engine/default.py", line 598, in connect
  File "/home/airflow/.local/lib/python3.12/site-packages/psycopg2/__init__.py", line 122, in connect
sqlalchemy.exc.OperationalError: (psycopg2.OperationalError) could not translate host name "postgres" to address: Temporary failure in name resolution

(Background on this error at: https://sqlalche.me/e/14/e3q8)
[2025-10-22T12:29:34.119+0000] {job.py:226} ERROR - Job heartbeat failed with error. Scheduler is in unhealthy state
[2025-10-22T12:29:34.119+0000] {local_task_job_runner.py:240} INFO - Task exited with return code 1
[2025-10-22T12:29:34.120+0000] {taskinstance.py:3488} INFO - Skipping mini scheduling run due to exception: None
Traceback (most recent call last):
  File "/home/airflow/.local/lib/python3.12/site-packages/sqlalchemy/engine/base.py", line 3371, in _wrap_pool_connect
  File "/home/airflow/.local/lib/python3.12/site-packages/sqlalchemy/pool/base.py", line 327, in connect
  File "/home/airflow/.local/lib/python3.12/site-packages/sqlalchemy/pool/base.py", line 894, in _checkout
  File "/home/airflow/.local/lib/python3.12/site-packages/sqlalchemy/pool/base.py", line 493, in checkout
  File "/home/airflow/.local/lib/python3.12/site-packages/sqlalchemy/pool/impl.py", line 256, in _do_get
  File "/home/airflow/.local/lib/python3.12/site-packages/sqlalchemy/pool/base.py", line 273, in _create_connection
  File "/home/airflow/.local/lib/python3.12/site-packages/sqlalchemy/pool/base.py", line 388, in __init__
  File "/home/airflow/.local/lib/python3.12/site-packages/sqlalchemy/pool/base.py", line 690, in __connect
  File "/home/airflow/.local/lib/python3.12/site-packages/sqlalchemy/util/langhelpers.py", line 70, in __exit__
  File "/home/airflow/.local/lib/python3.12/site-packages/sqlalchemy/util/compat.py", line 211, in raise_
  File "/home/airflow/.local/lib/python3.12/site-packages/sqlalchemy/pool/base.py", line 686, in __connect
  File "/home/airflow/.local/lib/python3.12/site-packages/sqlalchemy/engine/create.py", line 574, in connect
  File "/home/airflow/.local/lib/python3.12/site-packages/sqlalchemy/engine/default.py", line 598, in connect
  File "/home/airflow/.local/lib/python3.12/site-packages/psycopg2/__init__.py", line 122, in connect
psycopg2.OperationalError: could not translate host name "postgres" to address: Temporary failure in name resolution


The above exception was the direct cause of the following exception:

Traceback (most recent call last):
  File "/home/airflow/.local/lib/python3.12/site-packages/airflow/models/taskinstance.py", line 3442, in _schedule_downstream_tasks
    ).one()
      ^^^^^
  File "/home/airflow/.local/lib/python3.12/site-packages/sqlalchemy/orm/query.py", line 2870, in one
  File "/home/airflow/.local/lib/python3.12/site-packages/sqlalchemy/orm/query.py", line 2916, in _iter
  File "/home/airflow/.local/lib/python3.12/site-packages/sqlalchemy/orm/session.py", line 1716, in execute
  File "/home/airflow/.local/lib/python3.12/site-packages/sqlalchemy/orm/session.py", line 1555, in _connection_for_bind
  File "/home/airflow/.local/lib/python3.12/site-packages/sqlalchemy/orm/session.py", line 750, in _connection_for_bind
  File "/home/airflow/.local/lib/python3.12/site-packages/sqlalchemy/future/engine.py", line 412, in connect
  File "/home/airflow/.local/lib/python3.12/site-packages/sqlalchemy/engine/base.py", line 3325, in connect
  File "/home/airflow/.local/lib/python3.12/site-packages/sqlalchemy/engine/base.py", line 96, in __init__
  File "/home/airflow/.local/lib/python3.12/site-packages/sqlalchemy/engine/base.py", line 3404, in raw_connection
  File "/home/airflow/.local/lib/python3.12/site-packages/sqlalchemy/engine/base.py", line 3374, in _wrap_pool_connect
  File "/home/airflow/.local/lib/python3.12/site-packages/sqlalchemy/engine/base.py", line 2208, in _handle_dbapi_exception_noconnection
  File "/home/airflow/.local/lib/python3.12/site-packages/sqlalchemy/util/compat.py", line 211, in raise_
  File "/home/airflow/.local/lib/python3.12/site-packages/sqlalchemy/engine/base.py", line 3371, in _wrap_pool_connect
  File "/home/airflow/.local/lib/python3.12/site-packages/sqlalchemy/pool/base.py", line 327, in connect
  File "/home/airflow/.local/lib/python3.12/site-packages/sqlalchemy/pool/base.py", line 894, in _checkout
  File "/home/airflow/.local/lib/python3.12/site-packages/sqlalchemy/pool/base.py", line 493, in checkout
  File "/home/airflow/.local/lib/python3.12/site-packages/sqlalchemy/pool/impl.py", line 256, in _do_get
  File "/home/airflow/.local/lib/python3.12/site-packages/sqlalchemy/pool/base.py", line 273, in _create_connection
  File "/home/airflow/.local/lib/python3.12/site-packages/sqlalchemy/pool/base.py", line 388, in __init__
  File "/home/airflow/.local/lib/python3.12/site-packages/sqlalchemy/pool/base.py", line 690, in __connect
  File "/home/airflow/.local/lib/python3.12/site-packages/sqlalchemy/util/langhelpers.py", line 70, in __exit__
  File "/home/airflow/.local/lib/python3.12/site-packages/sqlalchemy/util/compat.py", line 211, in raise_
  File "/home/airflow/.local/lib/python3.12/site-packages/sqlalchemy/pool/base.py", line 686, in __connect
  File "/home/airflow/.local/lib/python3.12/site-packages/sqlalchemy/engine/create.py", line 574, in connect
  File "/home/airflow/.local/lib/python3.12/site-packages/sqlalchemy/engine/default.py", line 598, in connect
  File "/home/airflow/.local/lib/python3.12/site-packages/psycopg2/__init__.py", line 122, in connect
sqlalchemy.exc.OperationalError: (psycopg2.OperationalError) could not translate host name "postgres" to address: Temporary failure in name resolution

(Background on this error at: https://sqlalche.me/e/14/e3q8)
[2025-10-22T12:29:34.122+0000] {local_task_job_runner.py:222} INFO - ::endgroup::
