[2025-10-21T19:03:00.133+0000] {local_task_job_runner.py:120} INFO - ::group::Pre task execution logs
[2025-10-21T19:03:00.152+0000] {taskinstance.py:2073} INFO - Dependencies all met for dep_context=non-requeueable deps ti=<TaskInstance: bronze_layer_ingestion_simple.setup_environment scheduled__2025-10-20T18:00:00+00:00 [queued]>
[2025-10-21T19:03:00.158+0000] {taskinstance.py:2073} INFO - Dependencies all met for dep_context=requeueable deps ti=<TaskInstance: bronze_layer_ingestion_simple.setup_environment scheduled__2025-10-20T18:00:00+00:00 [queued]>
[2025-10-21T19:03:00.158+0000] {taskinstance.py:2303} INFO - Starting attempt 1 of 3
[2025-10-21T19:03:00.169+0000] {taskinstance.py:2327} INFO - Executing <Task(BashOperator): setup_environment> on 2025-10-20 18:00:00+00:00
[2025-10-21T19:03:00.176+0000] {warnings.py:110} WARNING - /home/***/.local/lib/python3.12/site-packages/***/task/task_runner/standard_task_runner.py:61: DeprecationWarning: This process (pid=56) is multi-threaded, use of fork() may lead to deadlocks in the child.
  pid = os.fork()

[2025-10-21T19:03:00.178+0000] {standard_task_runner.py:63} INFO - Started process 57 to run task
[2025-10-21T19:03:00.178+0000] {standard_task_runner.py:90} INFO - Running: ['***', 'tasks', 'run', 'bronze_layer_ingestion_simple', 'setup_environment', 'scheduled__2025-10-20T18:00:00+00:00', '--job-id', '3', '--raw', '--subdir', 'DAGS_FOLDER/bronze_dag_simple.py', '--cfg-path', '/tmp/tmpppk9e3sm']
[2025-10-21T19:03:00.180+0000] {standard_task_runner.py:91} INFO - Job 3: Subtask setup_environment
[2025-10-21T19:03:00.193+0000] {warnings.py:110} WARNING - /home/***/.local/lib/python3.12/site-packages/***/settings.py:195: DeprecationWarning: The sql_alchemy_conn option in [core] has been moved to the sql_alchemy_conn option in [database] - the old setting has been used, but please update your config.
  SQL_ALCHEMY_CONN = conf.get("database", "SQL_ALCHEMY_CONN")

[2025-10-21T19:03:00.227+0000] {task_command.py:426} INFO - Running <TaskInstance: bronze_layer_ingestion_simple.setup_environment scheduled__2025-10-20T18:00:00+00:00 [running]> on host 47d8b2d9b60c
[2025-10-21T19:03:00.301+0000] {taskinstance.py:2644} INFO - Exporting env vars: AIRFLOW_CTX_DAG_OWNER='afnan_khan' AIRFLOW_CTX_DAG_ID='bronze_layer_ingestion_simple' AIRFLOW_CTX_TASK_ID='setup_environment' AIRFLOW_CTX_EXECUTION_DATE='2025-10-20T18:00:00+00:00' AIRFLOW_CTX_TRY_NUMBER='1' AIRFLOW_CTX_DAG_RUN_ID='scheduled__2025-10-20T18:00:00+00:00'
[2025-10-21T19:03:00.302+0000] {taskinstance.py:430} INFO - ::endgroup::
[2025-10-21T19:03:00.323+0000] {subprocess.py:63} INFO - Tmp dir root location: /tmp
[2025-10-21T19:03:00.324+0000] {subprocess.py:75} INFO - Running command: ['/usr/bin/bash', '-c', '\n    echo "Setting up environment..."\n    echo "Note: production-ready fix -> install packages via Docker image (_PIP_ADDITIONAL_REQUIREMENTS) instead of runtime pip."\n\n    # Ensure Kaggle credentials\n    if [ -f /opt/***/dags/kaggle.json ]; then\n      mkdir -p ~/.kaggle\n      cp /opt/***/dags/kaggle.json ~/.kaggle/kaggle.json\n      chmod 600 ~/.kaggle/kaggle.json\n      echo "Kaggle credentials copied"\n    else\n      echo "kaggle.json NOT found at /opt/***/dags/kaggle.json — if you need Kaggle, add it to ./dags/"\n    fi\n\n    # Basic verification (no pip installs here — prefer building image)\n    echo "Listing /opt/***/dags/bronze"\n    ls -la /opt/***/dags/bronze || true\n\n    python3 - <<\'PY\'\nimport os, sys\ntry:\n    import kaggle, minio, requests\n    print("kaggle, minio, requests available")\nexcept Exception as e:\n    print("Some packages are missing:", e)\n    # do not attempt to pip install in DAG; instead rebuild image or set _PIP_ADDITIONAL_REQUIREMENTS\n    sys.exit(0)\nPY\n\n    echo "Environment setup step finished"\n    ']
[2025-10-21T19:03:00.336+0000] {subprocess.py:86} INFO - Output:
[2025-10-21T19:03:00.338+0000] {subprocess.py:93} INFO - Setting up environment...
[2025-10-21T19:03:00.338+0000] {subprocess.py:93} INFO - Note: production-ready fix -> install packages via Docker image (_PIP_ADDITIONAL_REQUIREMENTS) instead of runtime pip.
[2025-10-21T19:03:00.352+0000] {subprocess.py:93} INFO - Kaggle credentials copied
[2025-10-21T19:03:00.353+0000] {subprocess.py:93} INFO - Listing /opt/***/dags/bronze
[2025-10-21T19:03:00.363+0000] {subprocess.py:93} INFO - total 20
[2025-10-21T19:03:00.364+0000] {subprocess.py:93} INFO - drwxrwxrwx 1 root root 4096 Oct 20 20:31 .
[2025-10-21T19:03:00.364+0000] {subprocess.py:93} INFO - drwxrwxrwx 1 root root 4096 Oct 21 19:00 ..
[2025-10-21T19:03:00.364+0000] {subprocess.py:93} INFO - -rwxrwxrwx 1 root root 3242 Oct 20 20:17 README.md
[2025-10-21T19:03:00.365+0000] {subprocess.py:93} INFO - -rwxrwxrwx 1 root root 4227 Oct 20 20:17 api_ingestion.py
[2025-10-21T19:03:00.365+0000] {subprocess.py:93} INFO - -rwxrwxrwx 1 root root 4363 Oct 20 20:17 kaggle_ingestion.py
[2025-10-21T19:03:00.393+0000] {subprocess.py:93} INFO - Some packages are missing: No module named 'kaggle'
[2025-10-21T19:03:00.395+0000] {subprocess.py:93} INFO - Environment setup step finished
[2025-10-21T19:03:00.396+0000] {subprocess.py:97} INFO - Command exited with return code 0
[2025-10-21T19:03:00.397+0000] {taskinstance.py:441} INFO - ::group::Post task execution logs
[2025-10-21T19:03:00.418+0000] {taskinstance.py:1205} INFO - Marking task as SUCCESS. dag_id=bronze_layer_ingestion_simple, task_id=setup_environment, execution_date=20251020T180000, start_date=20251021T190300, end_date=20251021T190300
[2025-10-21T19:03:00.472+0000] {local_task_job_runner.py:240} INFO - Task exited with return code 0
[2025-10-21T19:03:00.493+0000] {taskinstance.py:3482} INFO - 2 downstream tasks scheduled from follow-on schedule check
[2025-10-21T19:03:00.496+0000] {local_task_job_runner.py:222} INFO - ::endgroup::
[2025-10-22T09:38:46.234+0000] {local_task_job_runner.py:120} INFO - ::group::Pre task execution logs
[2025-10-22T09:38:46.263+0000] {taskinstance.py:2073} INFO - Dependencies all met for dep_context=non-requeueable deps ti=<TaskInstance: bronze_layer_ingestion_simple.setup_environment scheduled__2025-10-20T18:00:00+00:00 [queued]>
[2025-10-22T09:38:46.269+0000] {taskinstance.py:2073} INFO - Dependencies all met for dep_context=requeueable deps ti=<TaskInstance: bronze_layer_ingestion_simple.setup_environment scheduled__2025-10-20T18:00:00+00:00 [queued]>
[2025-10-22T09:38:46.270+0000] {taskinstance.py:2303} INFO - Starting attempt 1 of 3
[2025-10-22T09:38:46.282+0000] {taskinstance.py:2327} INFO - Executing <Task(BashOperator): setup_environment> on 2025-10-20 18:00:00+00:00
[2025-10-22T09:38:46.289+0000] {warnings.py:110} WARNING - /home/***/.local/lib/python3.12/site-packages/***/task/task_runner/standard_task_runner.py:61: DeprecationWarning: This process (pid=146) is multi-threaded, use of fork() may lead to deadlocks in the child.
  pid = os.fork()

[2025-10-22T09:38:46.291+0000] {standard_task_runner.py:63} INFO - Started process 148 to run task
[2025-10-22T09:38:46.290+0000] {standard_task_runner.py:90} INFO - Running: ['***', 'tasks', 'run', 'bronze_layer_ingestion_simple', 'setup_environment', 'scheduled__2025-10-20T18:00:00+00:00', '--job-id', '107', '--raw', '--subdir', 'DAGS_FOLDER/bronze_dag_simple.py', '--cfg-path', '/tmp/tmpagmyutuw']
[2025-10-22T09:38:46.293+0000] {standard_task_runner.py:91} INFO - Job 107: Subtask setup_environment
[2025-10-22T09:38:46.307+0000] {warnings.py:110} WARNING - /home/***/.local/lib/python3.12/site-packages/***/settings.py:195: DeprecationWarning: The sql_alchemy_conn option in [core] has been moved to the sql_alchemy_conn option in [database] - the old setting has been used, but please update your config.
  SQL_ALCHEMY_CONN = conf.get("database", "SQL_ALCHEMY_CONN")

[2025-10-22T09:38:46.340+0000] {task_command.py:426} INFO - Running <TaskInstance: bronze_layer_ingestion_simple.setup_environment scheduled__2025-10-20T18:00:00+00:00 [running]> on host 0586f0d5111d
[2025-10-22T09:38:46.416+0000] {taskinstance.py:2644} INFO - Exporting env vars: AIRFLOW_CTX_DAG_OWNER='afnan_khan' AIRFLOW_CTX_DAG_ID='bronze_layer_ingestion_simple' AIRFLOW_CTX_TASK_ID='setup_environment' AIRFLOW_CTX_EXECUTION_DATE='2025-10-20T18:00:00+00:00' AIRFLOW_CTX_TRY_NUMBER='1' AIRFLOW_CTX_DAG_RUN_ID='scheduled__2025-10-20T18:00:00+00:00'
[2025-10-22T09:38:46.417+0000] {taskinstance.py:430} INFO - ::endgroup::
[2025-10-22T09:38:46.432+0000] {subprocess.py:63} INFO - Tmp dir root location: /tmp
[2025-10-22T09:38:46.433+0000] {subprocess.py:75} INFO - Running command: ['/usr/bin/bash', '-c', '\n        echo "===== Setting up environment ====="\n        echo "Tip: For production, install packages via Docker image (AIRFLOW__CORE__PIP_ADDITIONAL_REQUIREMENTS)."\n\n        # Ensure Kaggle credentials exist\n        if [ -f /opt/***/dags/kaggle.json ]; then\n            mkdir -p ~/.kaggle\n            cp /opt/***/dags/kaggle.json ~/.kaggle/kaggle.json\n            chmod 600 ~/.kaggle/kaggle.json\n            echo "✅ Kaggle credentials copied successfully."\n        else\n            echo "⚠️ kaggle.json NOT found at /opt/***/dags/kaggle.json — please add it if you need Kaggle downloads."\n        fi\n\n        echo "Verifying DAG folder structure..."\n        ls -la /opt/***/dags/bronze || true\n\n        echo "Testing package imports..."\n        python3 - <<\'PY\'\nimport sys\ntry:\n    import minio, requests\n    print("✅ Required packages found: minio, requests")\n    try:\n        import kaggle\n        print("✅ Kaggle module available")\n    except ImportError:\n        print("⚠️ Kaggle not installed (expected if not using Kaggle tasks)")\nexcept Exception as e:\n    print("❌ Package test failed:", e)\n    sys.exit(0)\nPY\n\n        echo "Environment setup complete."\n        ']
[2025-10-22T09:38:46.445+0000] {subprocess.py:86} INFO - Output:
[2025-10-22T09:38:46.449+0000] {subprocess.py:93} INFO - ===== Setting up environment =====
[2025-10-22T09:38:46.449+0000] {subprocess.py:93} INFO - Tip: For production, install packages via Docker image (AIRFLOW__CORE__PIP_ADDITIONAL_REQUIREMENTS).
[2025-10-22T09:38:46.465+0000] {subprocess.py:93} INFO - ✅ Kaggle credentials copied successfully.
[2025-10-22T09:38:46.466+0000] {subprocess.py:93} INFO - Verifying DAG folder structure...
[2025-10-22T09:38:46.476+0000] {subprocess.py:93} INFO - total 20
[2025-10-22T09:38:46.476+0000] {subprocess.py:93} INFO - drwxrwxrwx 1 root root 4096 Oct 20 20:31 .
[2025-10-22T09:38:46.476+0000] {subprocess.py:93} INFO - drwxrwxrwx 1 root root 4096 Oct 21 19:00 ..
[2025-10-22T09:38:46.477+0000] {subprocess.py:93} INFO - -rwxrwxrwx 1 root root 3242 Oct 20 20:17 README.md
[2025-10-22T09:38:46.477+0000] {subprocess.py:93} INFO - -rwxrwxrwx 1 root root 4227 Oct 20 20:17 api_ingestion.py
[2025-10-22T09:38:46.477+0000] {subprocess.py:93} INFO - -rwxrwxrwx 1 root root 4363 Oct 20 20:17 kaggle_ingestion.py
[2025-10-22T09:38:46.478+0000] {subprocess.py:93} INFO - Testing package imports...
[2025-10-22T09:38:47.251+0000] {subprocess.py:93} INFO - ✅ Required packages found: minio, requests
[2025-10-22T09:38:47.257+0000] {subprocess.py:93} INFO - ✅ Kaggle module available
[2025-10-22T09:38:47.298+0000] {subprocess.py:93} INFO - Environment setup complete.
[2025-10-22T09:38:47.299+0000] {subprocess.py:97} INFO - Command exited with return code 0
[2025-10-22T09:38:47.300+0000] {taskinstance.py:441} INFO - ::group::Post task execution logs
[2025-10-22T09:38:47.343+0000] {taskinstance.py:1205} INFO - Marking task as SUCCESS. dag_id=bronze_layer_ingestion_simple, task_id=setup_environment, execution_date=20251020T180000, start_date=20251022T093846, end_date=20251022T093847
[2025-10-22T09:38:47.388+0000] {local_task_job_runner.py:240} INFO - Task exited with return code 0
[2025-10-22T09:38:47.414+0000] {taskinstance.py:3482} INFO - 2 downstream tasks scheduled from follow-on schedule check
[2025-10-22T09:38:47.416+0000] {local_task_job_runner.py:222} INFO - ::endgroup::
[2025-10-22T10:10:45.395+0000] {local_task_job_runner.py:120} INFO - ::group::Pre task execution logs
[2025-10-22T10:10:45.413+0000] {taskinstance.py:2073} INFO - Dependencies all met for dep_context=non-requeueable deps ti=<TaskInstance: bronze_layer_ingestion_simple.setup_environment scheduled__2025-10-20T18:00:00+00:00 [queued]>
[2025-10-22T10:10:45.419+0000] {taskinstance.py:2073} INFO - Dependencies all met for dep_context=requeueable deps ti=<TaskInstance: bronze_layer_ingestion_simple.setup_environment scheduled__2025-10-20T18:00:00+00:00 [queued]>
[2025-10-22T10:10:45.419+0000] {taskinstance.py:2303} INFO - Starting attempt 1 of 3
[2025-10-22T10:10:45.429+0000] {taskinstance.py:2327} INFO - Executing <Task(BashOperator): setup_environment> on 2025-10-20 18:00:00+00:00
[2025-10-22T10:10:45.435+0000] {warnings.py:110} WARNING - /home/***/.local/lib/python3.12/site-packages/***/task/task_runner/standard_task_runner.py:61: DeprecationWarning: This process (pid=103) is multi-threaded, use of fork() may lead to deadlocks in the child.
  pid = os.fork()

[2025-10-22T10:10:45.437+0000] {standard_task_runner.py:63} INFO - Started process 104 to run task
[2025-10-22T10:10:45.437+0000] {standard_task_runner.py:90} INFO - Running: ['***', 'tasks', 'run', 'bronze_layer_ingestion_simple', 'setup_environment', 'scheduled__2025-10-20T18:00:00+00:00', '--job-id', '3', '--raw', '--subdir', 'DAGS_FOLDER/bronze_dag_simple.py', '--cfg-path', '/tmp/tmpl3ro4jup']
[2025-10-22T10:10:45.440+0000] {standard_task_runner.py:91} INFO - Job 3: Subtask setup_environment
[2025-10-22T10:10:45.456+0000] {warnings.py:110} WARNING - /home/***/.local/lib/python3.12/site-packages/***/settings.py:195: DeprecationWarning: The sql_alchemy_conn option in [core] has been moved to the sql_alchemy_conn option in [database] - the old setting has been used, but please update your config.
  SQL_ALCHEMY_CONN = conf.get("database", "SQL_ALCHEMY_CONN")

[2025-10-22T10:10:45.486+0000] {task_command.py:426} INFO - Running <TaskInstance: bronze_layer_ingestion_simple.setup_environment scheduled__2025-10-20T18:00:00+00:00 [running]> on host 7df8b8276d1d
[2025-10-22T10:10:45.559+0000] {taskinstance.py:2644} INFO - Exporting env vars: AIRFLOW_CTX_DAG_OWNER='afnan_khan' AIRFLOW_CTX_DAG_ID='bronze_layer_ingestion_simple' AIRFLOW_CTX_TASK_ID='setup_environment' AIRFLOW_CTX_EXECUTION_DATE='2025-10-20T18:00:00+00:00' AIRFLOW_CTX_TRY_NUMBER='1' AIRFLOW_CTX_DAG_RUN_ID='scheduled__2025-10-20T18:00:00+00:00'
[2025-10-22T10:10:45.560+0000] {taskinstance.py:430} INFO - ::endgroup::
[2025-10-22T10:10:45.582+0000] {subprocess.py:63} INFO - Tmp dir root location: /tmp
[2025-10-22T10:10:45.583+0000] {subprocess.py:75} INFO - Running command: ['/usr/bin/bash', '-c', '\n        echo "===== Setting up environment ====="\n        echo "Tip: For production, install packages via Docker image (AIRFLOW__CORE__PIP_ADDITIONAL_REQUIREMENTS)."\n\n        # Ensure Kaggle credentials exist\n        if [ -f /opt/***/dags/kaggle.json ]; then\n            mkdir -p ~/.kaggle\n            cp /opt/***/dags/kaggle.json ~/.kaggle/kaggle.json\n            chmod 600 ~/.kaggle/kaggle.json\n            echo "✅ Kaggle credentials copied successfully."\n        else\n            echo "⚠️ kaggle.json NOT found at /opt/***/dags/kaggle.json — please add it if you need Kaggle downloads."\n        fi\n\n        echo "Verifying DAG folder structure..."\n        ls -la /opt/***/dags/bronze || true\n\n        echo "Testing package imports..."\n        python3 - <<\'PY\'\nimport sys\ntry:\n    import minio, requests\n    print("✅ Required packages found: minio, requests")\n    try:\n        import kaggle\n        print("✅ Kaggle module available")\n    except ImportError:\n        print("⚠️ Kaggle not installed (expected if not using Kaggle tasks)")\nexcept Exception as e:\n    print("❌ Package test failed:", e)\n    sys.exit(0)\nPY\n\n        echo "Environment setup complete."\n        ']
[2025-10-22T10:10:45.594+0000] {subprocess.py:86} INFO - Output:
[2025-10-22T10:10:45.597+0000] {subprocess.py:93} INFO - ===== Setting up environment =====
[2025-10-22T10:10:45.597+0000] {subprocess.py:93} INFO - Tip: For production, install packages via Docker image (AIRFLOW__CORE__PIP_ADDITIONAL_REQUIREMENTS).
[2025-10-22T10:10:45.610+0000] {subprocess.py:93} INFO - ✅ Kaggle credentials copied successfully.
[2025-10-22T10:10:45.610+0000] {subprocess.py:93} INFO - Verifying DAG folder structure...
[2025-10-22T10:10:45.619+0000] {subprocess.py:93} INFO - total 20
[2025-10-22T10:10:45.619+0000] {subprocess.py:93} INFO - drwxrwxrwx 1 root root 4096 Oct 20 20:31 .
[2025-10-22T10:10:45.620+0000] {subprocess.py:93} INFO - drwxrwxrwx 1 root root 4096 Oct 21 19:00 ..
[2025-10-22T10:10:45.620+0000] {subprocess.py:93} INFO - -rwxrwxrwx 1 root root 3242 Oct 20 20:17 README.md
[2025-10-22T10:10:45.620+0000] {subprocess.py:93} INFO - -rwxrwxrwx 1 root root 4227 Oct 20 20:17 api_ingestion.py
[2025-10-22T10:10:45.620+0000] {subprocess.py:93} INFO - -rwxrwxrwx 1 root root 4363 Oct 20 20:17 kaggle_ingestion.py
[2025-10-22T10:10:45.621+0000] {subprocess.py:93} INFO - Testing package imports...
[2025-10-22T10:10:46.323+0000] {subprocess.py:93} INFO - ✅ Required packages found: minio, requests
[2025-10-22T10:10:46.324+0000] {subprocess.py:93} INFO - ✅ Kaggle module available
[2025-10-22T10:10:46.357+0000] {subprocess.py:93} INFO - Environment setup complete.
[2025-10-22T10:10:46.357+0000] {subprocess.py:97} INFO - Command exited with return code 0
[2025-10-22T10:10:46.358+0000] {taskinstance.py:441} INFO - ::group::Post task execution logs
[2025-10-22T10:10:46.381+0000] {taskinstance.py:1205} INFO - Marking task as SUCCESS. dag_id=bronze_layer_ingestion_simple, task_id=setup_environment, execution_date=20251020T180000, start_date=20251022T101045, end_date=20251022T101046
[2025-10-22T10:10:46.412+0000] {local_task_job_runner.py:240} INFO - Task exited with return code 0
[2025-10-22T10:10:46.434+0000] {taskinstance.py:3482} INFO - 2 downstream tasks scheduled from follow-on schedule check
[2025-10-22T10:10:46.437+0000] {local_task_job_runner.py:222} INFO - ::endgroup::
