[2025-10-22T15:35:53.485+0000] {local_task_job_runner.py:120} INFO - ::group::Pre task execution logs
[2025-10-22T15:35:53.519+0000] {taskinstance.py:2073} INFO - Dependencies all met for dep_context=non-requeueable deps ti=<TaskInstance: silver_layer_dag.clean_orders manual__2025-10-22T15:30:48.949440+00:00 [queued]>
[2025-10-22T15:35:53.528+0000] {taskinstance.py:2073} INFO - Dependencies all met for dep_context=requeueable deps ti=<TaskInstance: silver_layer_dag.clean_orders manual__2025-10-22T15:30:48.949440+00:00 [queued]>
[2025-10-22T15:35:53.529+0000] {taskinstance.py:2303} INFO - Starting attempt 2 of 2
[2025-10-22T15:35:53.545+0000] {taskinstance.py:2327} INFO - Executing <Task(PythonOperator): clean_orders> on 2025-10-22 15:30:48.949440+00:00
[2025-10-22T15:35:53.557+0000] {warnings.py:110} WARNING - /home/***/.local/lib/python3.12/site-packages/***/task/task_runner/standard_task_runner.py:61: DeprecationWarning: This process (pid=1962) is multi-threaded, use of fork() may lead to deadlocks in the child.
  pid = os.fork()

[2025-10-22T15:35:53.560+0000] {standard_task_runner.py:63} INFO - Started process 1965 to run task
[2025-10-22T15:35:53.559+0000] {standard_task_runner.py:90} INFO - Running: ['***', 'tasks', 'run', 'silver_layer_dag', 'clean_orders', 'manual__2025-10-22T15:30:48.949440+00:00', '--job-id', '242', '--raw', '--subdir', 'DAGS_FOLDER/silver_layer_dag.py', '--cfg-path', '/tmp/tmpqmiwjti5']
[2025-10-22T15:35:53.562+0000] {standard_task_runner.py:91} INFO - Job 242: Subtask clean_orders
[2025-10-22T15:35:53.584+0000] {warnings.py:110} WARNING - /home/***/.local/lib/python3.12/site-packages/***/settings.py:195: DeprecationWarning: The sql_alchemy_conn option in [core] has been moved to the sql_alchemy_conn option in [database] - the old setting has been used, but please update your config.
  SQL_ALCHEMY_CONN = conf.get("database", "SQL_ALCHEMY_CONN")

[2025-10-22T15:35:53.632+0000] {task_command.py:426} INFO - Running <TaskInstance: silver_layer_dag.clean_orders manual__2025-10-22T15:30:48.949440+00:00 [running]> on host 98e3baa252b2
[2025-10-22T15:35:54.220+0000] {taskinstance.py:2644} INFO - Exporting env vars: AIRFLOW_CTX_DAG_OWNER='data_team' AIRFLOW_CTX_DAG_ID='silver_layer_dag' AIRFLOW_CTX_TASK_ID='clean_orders' AIRFLOW_CTX_EXECUTION_DATE='2025-10-22T15:30:48.949440+00:00' AIRFLOW_CTX_TRY_NUMBER='2' AIRFLOW_CTX_DAG_RUN_ID='manual__2025-10-22T15:30:48.949440+00:00'
[2025-10-22T15:35:54.221+0000] {taskinstance.py:430} INFO - ::endgroup::
[2025-10-22T15:35:54.546+0000] {silver_layer_dag.py:130} INFO - No common timestamp folder across prefixes.
[2025-10-22T15:35:54.547+0000] {taskinstance.py:441} INFO - ::group::Post task execution logs
[2025-10-22T15:35:54.547+0000] {taskinstance.py:2890} ERROR - Task failed with exception
Traceback (most recent call last):
  File "/home/airflow/.local/lib/python3.12/site-packages/airflow/models/taskinstance.py", line 465, in _execute_task
    result = _execute_callable(context=context, **execute_callable_kwargs)
             ^^^^^^^^^^^^^^^^^^^^^^^^^^^^^^^^^^^^^^^^^^^^^^^^^^^^^^^^^^^^^
  File "/home/airflow/.local/lib/python3.12/site-packages/airflow/models/taskinstance.py", line 432, in _execute_callable
    return execute_callable(context=context, **execute_callable_kwargs)
           ^^^^^^^^^^^^^^^^^^^^^^^^^^^^^^^^^^^^^^^^^^^^^^^^^^^^^^^^^^^^
  File "/home/airflow/.local/lib/python3.12/site-packages/airflow/models/baseoperator.py", line 400, in wrapper
    return func(self, *args, **kwargs)
           ^^^^^^^^^^^^^^^^^^^^^^^^^^^
  File "/home/airflow/.local/lib/python3.12/site-packages/airflow/operators/python.py", line 235, in execute
    return_value = self.execute_callable()
                   ^^^^^^^^^^^^^^^^^^^^^^^
  File "/home/airflow/.local/lib/python3.12/site-packages/airflow/operators/python.py", line 252, in execute_callable
    return self.python_callable(*self.op_args, **self.op_kwargs)
           ^^^^^^^^^^^^^^^^^^^^^^^^^^^^^^^^^^^^^^^^^^^^^^^^^^^^^
  File "/opt/airflow/dags/silver_layer_dag.py", line 244, in process_dataset
    raise RuntimeError("No common latest timestamp available across bronze prefixes. Aborting Silver run.")
RuntimeError: No common latest timestamp available across bronze prefixes. Aborting Silver run.
[2025-10-22T15:35:54.565+0000] {taskinstance.py:1205} INFO - Marking task as FAILED. dag_id=silver_layer_dag, task_id=clean_orders, execution_date=20251022T153048, start_date=20251022T153553, end_date=20251022T153554
[2025-10-22T15:35:54.583+0000] {standard_task_runner.py:110} ERROR - Failed to execute job 242 for task clean_orders (No common latest timestamp available across bronze prefixes. Aborting Silver run.; 1965)
[2025-10-22T15:35:54.619+0000] {local_task_job_runner.py:240} INFO - Task exited with return code 1
[2025-10-22T15:35:54.645+0000] {taskinstance.py:3482} INFO - 0 downstream tasks scheduled from follow-on schedule check
[2025-10-22T15:35:54.651+0000] {local_task_job_runner.py:222} INFO - ::endgroup::
