[2025-10-24T13:13:54.997+0000] {local_task_job_runner.py:120} INFO - ::group::Pre task execution logs
[2025-10-24T13:13:55.012+0000] {taskinstance.py:2073} INFO - Dependencies all met for dep_context=non-requeueable deps ti=<TaskInstance: gold_layer_dag.build_gold_tables manual__2025-10-24T13:13:50.196307+00:00 [queued]>
[2025-10-24T13:13:55.018+0000] {taskinstance.py:2073} INFO - Dependencies all met for dep_context=requeueable deps ti=<TaskInstance: gold_layer_dag.build_gold_tables manual__2025-10-24T13:13:50.196307+00:00 [queued]>
[2025-10-24T13:13:55.018+0000] {taskinstance.py:2303} INFO - Starting attempt 1 of 2
[2025-10-24T13:13:55.028+0000] {taskinstance.py:2327} INFO - Executing <Task(PythonOperator): build_gold_tables> on 2025-10-24 13:13:50.196307+00:00
[2025-10-24T13:13:55.035+0000] {warnings.py:110} WARNING - /home/***/.local/lib/python3.12/site-packages/***/task/task_runner/standard_task_runner.py:61: DeprecationWarning: This process (pid=152) is multi-threaded, use of fork() may lead to deadlocks in the child.
  pid = os.fork()

[2025-10-24T13:13:55.037+0000] {standard_task_runner.py:63} INFO - Started process 154 to run task
[2025-10-24T13:13:55.037+0000] {standard_task_runner.py:90} INFO - Running: ['***', 'tasks', 'run', 'gold_layer_dag', 'build_gold_tables', 'manual__2025-10-24T13:13:50.196307+00:00', '--job-id', '377', '--raw', '--subdir', 'DAGS_FOLDER/gold_layer_dag.py', '--cfg-path', '/tmp/tmpm8afvb8v']
[2025-10-24T13:13:55.037+0000] {standard_task_runner.py:91} INFO - Job 377: Subtask build_gold_tables
[2025-10-24T13:13:55.049+0000] {warnings.py:110} WARNING - /home/***/.local/lib/python3.12/site-packages/***/settings.py:195: DeprecationWarning: The sql_alchemy_conn option in [core] has been moved to the sql_alchemy_conn option in [database] - the old setting has been used, but please update your config.
  SQL_ALCHEMY_CONN = conf.get("database", "SQL_ALCHEMY_CONN")

[2025-10-24T13:13:55.088+0000] {task_command.py:426} INFO - Running <TaskInstance: gold_layer_dag.build_gold_tables manual__2025-10-24T13:13:50.196307+00:00 [running]> on host 437b7e7e4559
[2025-10-24T13:13:55.159+0000] {taskinstance.py:2644} INFO - Exporting env vars: AIRFLOW_CTX_DAG_OWNER='gold_layer' AIRFLOW_CTX_DAG_ID='gold_layer_dag' AIRFLOW_CTX_TASK_ID='build_gold_tables' AIRFLOW_CTX_EXECUTION_DATE='2025-10-24T13:13:50.196307+00:00' AIRFLOW_CTX_TRY_NUMBER='1' AIRFLOW_CTX_DAG_RUN_ID='manual__2025-10-24T13:13:50.196307+00:00'
[2025-10-24T13:13:55.161+0000] {taskinstance.py:430} INFO - ::endgroup::
[2025-10-24T13:13:55.241+0000] {logging_mixin.py:188} INFO - Using silver kaggle folder: 20251024_112739
[2025-10-24T13:13:55.242+0000] {logging_mixin.py:188} INFO - Using silver api folder: 20251024_112739
[2025-10-24T13:13:56.282+0000] {logging_mixin.py:188} INFO - Info: API silver file missing api/20251024_112739/api_users_cleaned.parquet: S3 operation failed; code: NoSuchKey, message: The specified key does not exist., resource: /silver/api/20251024_112739/api_users_cleaned.parquet, request_id: 18716F99F321F72B, host_id: dd9025bab4ad464b049177c95eb6ebf374d3b3fd1af9251148b658df7ac2e3e8, bucket_name: silver, object_name: api/20251024_112739/api_users_cleaned.parquet
[2025-10-24T13:13:56.740+0000] {warnings.py:110} WARNING - /opt/***/dags/gold_layer_dag.py:269: FutureWarning: The behavior of DataFrame concatenation with empty or all-NA entries is deprecated. In a future version, this will no longer exclude empty or all-NA columns when determining the result dtypes. To retain the old behavior, exclude the relevant entries before the concat operation.
  product_master = pd.concat(product_rows, ignore_index=True, sort=False)

[2025-10-24T13:13:57.759+0000] {logging_mixin.py:188} INFO - Wrote: gold/20251024_131357/sales_summary.parquet
[2025-10-24T13:13:57.869+0000] {logging_mixin.py:188} INFO - Wrote: gold/20251024_131357/user_profile.parquet
[2025-10-24T13:13:57.975+0000] {logging_mixin.py:188} INFO - Wrote: gold/20251024_131357/product_master.parquet
[2025-10-24T13:13:57.976+0000] {logging_mixin.py:188} INFO - Gold layer processing completed. Gold prefix: gold/20251024_131357/
[2025-10-24T13:13:58.016+0000] {python.py:237} INFO - Done. Returned value was: None
[2025-10-24T13:13:58.017+0000] {taskinstance.py:441} INFO - ::group::Post task execution logs
[2025-10-24T13:13:58.024+0000] {taskinstance.py:1205} INFO - Marking task as SUCCESS. dag_id=gold_layer_dag, task_id=build_gold_tables, execution_date=20251024T131350, start_date=20251024T131355, end_date=20251024T131358
[2025-10-24T13:13:58.096+0000] {local_task_job_runner.py:240} INFO - Task exited with return code 0
[2025-10-24T13:13:58.108+0000] {taskinstance.py:3482} INFO - 0 downstream tasks scheduled from follow-on schedule check
[2025-10-24T13:13:58.110+0000] {local_task_job_runner.py:222} INFO - ::endgroup::
