[2025-10-22T13:31:17.437+0000] {local_task_job_runner.py:120} INFO - ::group::Pre task execution logs
[2025-10-22T13:31:17.453+0000] {taskinstance.py:2073} INFO - Dependencies all met for dep_context=non-requeueable deps ti=<TaskInstance: bronze_dag_simple.kaggle_ingestion manual__2025-10-22T13:25:43.422579+00:00 [queued]>
[2025-10-22T13:31:17.458+0000] {taskinstance.py:2073} INFO - Dependencies all met for dep_context=requeueable deps ti=<TaskInstance: bronze_dag_simple.kaggle_ingestion manual__2025-10-22T13:25:43.422579+00:00 [queued]>
[2025-10-22T13:31:17.458+0000] {taskinstance.py:2303} INFO - Starting attempt 2 of 3
[2025-10-22T13:31:17.469+0000] {taskinstance.py:2327} INFO - Executing <Task(BashOperator): kaggle_ingestion> on 2025-10-22 13:25:43.422579+00:00
[2025-10-22T13:31:17.476+0000] {warnings.py:110} WARNING - /home/***/.local/lib/python3.12/site-packages/***/task/task_runner/standard_task_runner.py:61: DeprecationWarning: This process (pid=396) is multi-threaded, use of fork() may lead to deadlocks in the child.
  pid = os.fork()

[2025-10-22T13:31:17.478+0000] {standard_task_runner.py:63} INFO - Started process 397 to run task
[2025-10-22T13:31:17.477+0000] {standard_task_runner.py:90} INFO - Running: ['***', 'tasks', 'run', 'bronze_dag_simple', 'kaggle_ingestion', 'manual__2025-10-22T13:25:43.422579+00:00', '--job-id', '128', '--raw', '--subdir', 'DAGS_FOLDER/bronze_dag_simple.py', '--cfg-path', '/tmp/tmp_ajspkcc']
[2025-10-22T13:31:17.479+0000] {standard_task_runner.py:91} INFO - Job 128: Subtask kaggle_ingestion
[2025-10-22T13:31:17.491+0000] {warnings.py:110} WARNING - /home/***/.local/lib/python3.12/site-packages/***/settings.py:195: DeprecationWarning: The sql_alchemy_conn option in [core] has been moved to the sql_alchemy_conn option in [database] - the old setting has been used, but please update your config.
  SQL_ALCHEMY_CONN = conf.get("database", "SQL_ALCHEMY_CONN")

[2025-10-22T13:31:17.518+0000] {task_command.py:426} INFO - Running <TaskInstance: bronze_dag_simple.kaggle_ingestion manual__2025-10-22T13:25:43.422579+00:00 [running]> on host 98e3baa252b2
[2025-10-22T13:31:17.584+0000] {taskinstance.py:2644} INFO - Exporting env vars: AIRFLOW_CTX_DAG_OWNER='afnan_khan' AIRFLOW_CTX_DAG_ID='bronze_dag_simple' AIRFLOW_CTX_TASK_ID='kaggle_ingestion' AIRFLOW_CTX_EXECUTION_DATE='2025-10-22T13:25:43.422579+00:00' AIRFLOW_CTX_TRY_NUMBER='2' AIRFLOW_CTX_DAG_RUN_ID='manual__2025-10-22T13:25:43.422579+00:00'
[2025-10-22T13:31:17.585+0000] {taskinstance.py:430} INFO - ::endgroup::
[2025-10-22T13:31:17.597+0000] {subprocess.py:63} INFO - Tmp dir root location: /tmp
[2025-10-22T13:31:17.598+0000] {subprocess.py:75} INFO - Running command: ['/usr/bin/bash', '-c', '\n        echo "===== Running Kaggle Ingestion ====="\n        cd /opt/***/dags/bronze\n        export PYTHONPATH=/opt/***/dags/bronze:$PYTHONPATH\n        python3 kaggle_ingestion.py\n        ']
[2025-10-22T13:31:17.607+0000] {subprocess.py:86} INFO - Output:
[2025-10-22T13:31:17.609+0000] {subprocess.py:93} INFO - ===== Running Kaggle Ingestion =====
[2025-10-22T13:31:18.491+0000] {subprocess.py:93} INFO - INFO:__main__:Starting Kaggle data ingestion process
[2025-10-22T13:31:18.496+0000] {subprocess.py:93} INFO - INFO:__main__:Bucket bronze already exists
[2025-10-22T13:31:18.496+0000] {subprocess.py:93} INFO - INFO:__main__:Downloading dataset: olistbr/brazilian-ecommerce
[2025-10-22T13:31:36.342+0000] {subprocess.py:93} INFO - INFO:__main__:Dataset downloaded successfully
[2025-10-22T13:31:36.861+0000] {subprocess.py:93} INFO - 2025-10-22 13:31:36,861 WARNING Retrying (Retry(total=4, connect=None, read=None, redirect=None, status=None)) after connection broken by 'ProtocolError('Connection aborted.', ConnectionResetError(104, 'Connection reset by peer'))': /bronze/kaggle_data/20251022_133136/olist_customers_dataset.csv?partNumber=2&uploadId=NDkyZDA5MDYtOTA1MC00MzE2LWEzOGYtZDQ5NGVmMjZhNWRlLjc5MjNlYmZjLWQxNTEtNDFjMy05ZWY5LTA5ZDNlYTE3MzYxNHgxNzYxMTM5ODk2MzQ1MTQ2NDYx
[2025-10-22T13:31:36.862+0000] {subprocess.py:93} INFO - WARNING:urllib3.connectionpool:Retrying (Retry(total=4, connect=None, read=None, redirect=None, status=None)) after connection broken by 'ProtocolError('Connection aborted.', ConnectionResetError(104, 'Connection reset by peer'))': /bronze/kaggle_data/20251022_133136/olist_customers_dataset.csv?partNumber=2&uploadId=NDkyZDA5MDYtOTA1MC00MzE2LWEzOGYtZDQ5NGVmMjZhNWRlLjc5MjNlYmZjLWQxNTEtNDFjMy05ZWY5LTA5ZDNlYTE3MzYxNHgxNzYxMTM5ODk2MzQ1MTQ2NDYx
[2025-10-22T13:31:36.862+0000] {subprocess.py:93} INFO - 2025-10-22 13:31:36,862 WARNING Retrying (Retry(total=4, connect=None, read=None, redirect=None, status=None)) after connection broken by 'ProtocolError('Connection aborted.', ConnectionResetError(104, 'Connection reset by peer'))': /bronze/kaggle_data/20251022_133136/olist_customers_dataset.csv?partNumber=1&uploadId=NDkyZDA5MDYtOTA1MC00MzE2LWEzOGYtZDQ5NGVmMjZhNWRlLjc5MjNlYmZjLWQxNTEtNDFjMy05ZWY5LTA5ZDNlYTE3MzYxNHgxNzYxMTM5ODk2MzQ1MTQ2NDYx
[2025-10-22T13:31:36.863+0000] {subprocess.py:93} INFO - WARNING:urllib3.connectionpool:Retrying (Retry(total=4, connect=None, read=None, redirect=None, status=None)) after connection broken by 'ProtocolError('Connection aborted.', ConnectionResetError(104, 'Connection reset by peer'))': /bronze/kaggle_data/20251022_133136/olist_customers_dataset.csv?partNumber=1&uploadId=NDkyZDA5MDYtOTA1MC00MzE2LWEzOGYtZDQ5NGVmMjZhNWRlLjc5MjNlYmZjLWQxNTEtNDFjMy05ZWY5LTA5ZDNlYTE3MzYxNHgxNzYxMTM5ODk2MzQ1MTQ2NDYx
[2025-10-22T13:31:37.767+0000] {subprocess.py:93} INFO - 2025-10-22 13:31:37,767 WARNING Retrying (Retry(total=3, connect=None, read=None, redirect=None, status=None)) after connection broken by 'ProtocolError('Connection aborted.', ConnectionResetError(104, 'Connection reset by peer'))': /bronze/kaggle_data/20251022_133136/olist_customers_dataset.csv?partNumber=1&uploadId=NDkyZDA5MDYtOTA1MC00MzE2LWEzOGYtZDQ5NGVmMjZhNWRlLjc5MjNlYmZjLWQxNTEtNDFjMy05ZWY5LTA5ZDNlYTE3MzYxNHgxNzYxMTM5ODk2MzQ1MTQ2NDYx
[2025-10-22T13:31:37.768+0000] {subprocess.py:93} INFO - WARNING:urllib3.connectionpool:Retrying (Retry(total=3, connect=None, read=None, redirect=None, status=None)) after connection broken by 'ProtocolError('Connection aborted.', ConnectionResetError(104, 'Connection reset by peer'))': /bronze/kaggle_data/20251022_133136/olist_customers_dataset.csv?partNumber=1&uploadId=NDkyZDA5MDYtOTA1MC00MzE2LWEzOGYtZDQ5NGVmMjZhNWRlLjc5MjNlYmZjLWQxNTEtNDFjMy05ZWY5LTA5ZDNlYTE3MzYxNHgxNzYxMTM5ODk2MzQ1MTQ2NDYx
[2025-10-22T13:31:37.768+0000] {subprocess.py:93} INFO - 2025-10-22 13:31:37,768 WARNING Retrying (Retry(total=3, connect=None, read=None, redirect=None, status=None)) after connection broken by 'ProtocolError('Connection aborted.', ConnectionResetError(104, 'Connection reset by peer'))': /bronze/kaggle_data/20251022_133136/olist_customers_dataset.csv?partNumber=2&uploadId=NDkyZDA5MDYtOTA1MC00MzE2LWEzOGYtZDQ5NGVmMjZhNWRlLjc5MjNlYmZjLWQxNTEtNDFjMy05ZWY5LTA5ZDNlYTE3MzYxNHgxNzYxMTM5ODk2MzQ1MTQ2NDYx
[2025-10-22T13:31:37.769+0000] {subprocess.py:93} INFO - WARNING:urllib3.connectionpool:Retrying (Retry(total=3, connect=None, read=None, redirect=None, status=None)) after connection broken by 'ProtocolError('Connection aborted.', ConnectionResetError(104, 'Connection reset by peer'))': /bronze/kaggle_data/20251022_133136/olist_customers_dataset.csv?partNumber=2&uploadId=NDkyZDA5MDYtOTA1MC00MzE2LWEzOGYtZDQ5NGVmMjZhNWRlLjc5MjNlYmZjLWQxNTEtNDFjMy05ZWY5LTA5ZDNlYTE3MzYxNHgxNzYxMTM5ODk2MzQ1MTQ2NDYx
[2025-10-22T13:31:39.075+0000] {subprocess.py:93} INFO - 2025-10-22 13:31:39,075 WARNING Retrying (Retry(total=2, connect=None, read=None, redirect=None, status=None)) after connection broken by 'ProtocolError('Connection aborted.', ConnectionResetError(104, 'Connection reset by peer'))': /bronze/kaggle_data/20251022_133136/olist_customers_dataset.csv?partNumber=1&uploadId=NDkyZDA5MDYtOTA1MC00MzE2LWEzOGYtZDQ5NGVmMjZhNWRlLjc5MjNlYmZjLWQxNTEtNDFjMy05ZWY5LTA5ZDNlYTE3MzYxNHgxNzYxMTM5ODk2MzQ1MTQ2NDYx
[2025-10-22T13:31:39.076+0000] {subprocess.py:93} INFO - WARNING:urllib3.connectionpool:Retrying (Retry(total=2, connect=None, read=None, redirect=None, status=None)) after connection broken by 'ProtocolError('Connection aborted.', ConnectionResetError(104, 'Connection reset by peer'))': /bronze/kaggle_data/20251022_133136/olist_customers_dataset.csv?partNumber=1&uploadId=NDkyZDA5MDYtOTA1MC00MzE2LWEzOGYtZDQ5NGVmMjZhNWRlLjc5MjNlYmZjLWQxNTEtNDFjMy05ZWY5LTA5ZDNlYTE3MzYxNHgxNzYxMTM5ODk2MzQ1MTQ2NDYx
[2025-10-22T13:31:39.076+0000] {subprocess.py:93} INFO - 2025-10-22 13:31:39,075 WARNING Retrying (Retry(total=2, connect=None, read=None, redirect=None, status=None)) after connection broken by 'ProtocolError('Connection aborted.', ConnectionResetError(104, 'Connection reset by peer'))': /bronze/kaggle_data/20251022_133136/olist_customers_dataset.csv?partNumber=2&uploadId=NDkyZDA5MDYtOTA1MC00MzE2LWEzOGYtZDQ5NGVmMjZhNWRlLjc5MjNlYmZjLWQxNTEtNDFjMy05ZWY5LTA5ZDNlYTE3MzYxNHgxNzYxMTM5ODk2MzQ1MTQ2NDYx
[2025-10-22T13:31:39.076+0000] {subprocess.py:93} INFO - WARNING:urllib3.connectionpool:Retrying (Retry(total=2, connect=None, read=None, redirect=None, status=None)) after connection broken by 'ProtocolError('Connection aborted.', ConnectionResetError(104, 'Connection reset by peer'))': /bronze/kaggle_data/20251022_133136/olist_customers_dataset.csv?partNumber=2&uploadId=NDkyZDA5MDYtOTA1MC00MzE2LWEzOGYtZDQ5NGVmMjZhNWRlLjc5MjNlYmZjLWQxNTEtNDFjMy05ZWY5LTA5ZDNlYTE3MzYxNHgxNzYxMTM5ODk2MzQ1MTQ2NDYx
[2025-10-22T13:31:41.183+0000] {subprocess.py:93} INFO - 2025-10-22 13:31:41,183 WARNING Retrying (Retry(total=1, connect=None, read=None, redirect=None, status=None)) after connection broken by 'ProtocolError('Connection aborted.', ConnectionResetError(104, 'Connection reset by peer'))': /bronze/kaggle_data/20251022_133136/olist_customers_dataset.csv?partNumber=1&uploadId=NDkyZDA5MDYtOTA1MC00MzE2LWEzOGYtZDQ5NGVmMjZhNWRlLjc5MjNlYmZjLWQxNTEtNDFjMy05ZWY5LTA5ZDNlYTE3MzYxNHgxNzYxMTM5ODk2MzQ1MTQ2NDYx
[2025-10-22T13:31:41.184+0000] {subprocess.py:93} INFO - WARNING:urllib3.connectionpool:Retrying (Retry(total=1, connect=None, read=None, redirect=None, status=None)) after connection broken by 'ProtocolError('Connection aborted.', ConnectionResetError(104, 'Connection reset by peer'))': /bronze/kaggle_data/20251022_133136/olist_customers_dataset.csv?partNumber=1&uploadId=NDkyZDA5MDYtOTA1MC00MzE2LWEzOGYtZDQ5NGVmMjZhNWRlLjc5MjNlYmZjLWQxNTEtNDFjMy05ZWY5LTA5ZDNlYTE3MzYxNHgxNzYxMTM5ODk2MzQ1MTQ2NDYx
[2025-10-22T13:31:41.184+0000] {subprocess.py:93} INFO - 2025-10-22 13:31:41,183 WARNING Retrying (Retry(total=1, connect=None, read=None, redirect=None, status=None)) after connection broken by 'ProtocolError('Connection aborted.', ConnectionResetError(104, 'Connection reset by peer'))': /bronze/kaggle_data/20251022_133136/olist_customers_dataset.csv?partNumber=2&uploadId=NDkyZDA5MDYtOTA1MC00MzE2LWEzOGYtZDQ5NGVmMjZhNWRlLjc5MjNlYmZjLWQxNTEtNDFjMy05ZWY5LTA5ZDNlYTE3MzYxNHgxNzYxMTM5ODk2MzQ1MTQ2NDYx
[2025-10-22T13:31:41.184+0000] {subprocess.py:93} INFO - WARNING:urllib3.connectionpool:Retrying (Retry(total=1, connect=None, read=None, redirect=None, status=None)) after connection broken by 'ProtocolError('Connection aborted.', ConnectionResetError(104, 'Connection reset by peer'))': /bronze/kaggle_data/20251022_133136/olist_customers_dataset.csv?partNumber=2&uploadId=NDkyZDA5MDYtOTA1MC00MzE2LWEzOGYtZDQ5NGVmMjZhNWRlLjc5MjNlYmZjLWQxNTEtNDFjMy05ZWY5LTA5ZDNlYTE3MzYxNHgxNzYxMTM5ODk2MzQ1MTQ2NDYx
[2025-10-22T13:31:45.618+0000] {subprocess.py:93} INFO - 2025-10-22 13:31:45,617 WARNING Retrying (Retry(total=0, connect=None, read=None, redirect=None, status=None)) after connection broken by 'ProtocolError('Connection aborted.', ConnectionResetError(104, 'Connection reset by peer'))': /bronze/kaggle_data/20251022_133136/olist_customers_dataset.csv?partNumber=2&uploadId=NDkyZDA5MDYtOTA1MC00MzE2LWEzOGYtZDQ5NGVmMjZhNWRlLjc5MjNlYmZjLWQxNTEtNDFjMy05ZWY5LTA5ZDNlYTE3MzYxNHgxNzYxMTM5ODk2MzQ1MTQ2NDYx
[2025-10-22T13:31:45.618+0000] {subprocess.py:93} INFO - WARNING:urllib3.connectionpool:Retrying (Retry(total=0, connect=None, read=None, redirect=None, status=None)) after connection broken by 'ProtocolError('Connection aborted.', ConnectionResetError(104, 'Connection reset by peer'))': /bronze/kaggle_data/20251022_133136/olist_customers_dataset.csv?partNumber=2&uploadId=NDkyZDA5MDYtOTA1MC00MzE2LWEzOGYtZDQ5NGVmMjZhNWRlLjc5MjNlYmZjLWQxNTEtNDFjMy05ZWY5LTA5ZDNlYTE3MzYxNHgxNzYxMTM5ODk2MzQ1MTQ2NDYx
[2025-10-22T13:31:45.619+0000] {subprocess.py:93} INFO - 2025-10-22 13:31:45,618 WARNING Retrying (Retry(total=0, connect=None, read=None, redirect=None, status=None)) after connection broken by 'ProtocolError('Connection aborted.', ConnectionResetError(104, 'Connection reset by peer'))': /bronze/kaggle_data/20251022_133136/olist_customers_dataset.csv?partNumber=1&uploadId=NDkyZDA5MDYtOTA1MC00MzE2LWEzOGYtZDQ5NGVmMjZhNWRlLjc5MjNlYmZjLWQxNTEtNDFjMy05ZWY5LTA5ZDNlYTE3MzYxNHgxNzYxMTM5ODk2MzQ1MTQ2NDYx
[2025-10-22T13:31:45.619+0000] {subprocess.py:93} INFO - WARNING:urllib3.connectionpool:Retrying (Retry(total=0, connect=None, read=None, redirect=None, status=None)) after connection broken by 'ProtocolError('Connection aborted.', ConnectionResetError(104, 'Connection reset by peer'))': /bronze/kaggle_data/20251022_133136/olist_customers_dataset.csv?partNumber=1&uploadId=NDkyZDA5MDYtOTA1MC00MzE2LWEzOGYtZDQ5NGVmMjZhNWRlLjc5MjNlYmZjLWQxNTEtNDFjMy05ZWY5LTA5ZDNlYTE3MzYxNHgxNzYxMTM5ODk2MzQ1MTQ2NDYx
[2025-10-22T13:31:46.139+0000] {subprocess.py:93} INFO - ERROR:__main__:Error uploading files to MinIO: HTTPConnectionPool(host='minio', port=9000): Max retries exceeded with url: /bronze/kaggle_data/20251022_133136/olist_customers_dataset.csv?partNumber=2&uploadId=NDkyZDA5MDYtOTA1MC00MzE2LWEzOGYtZDQ5NGVmMjZhNWRlLjc5MjNlYmZjLWQxNTEtNDFjMy05ZWY5LTA5ZDNlYTE3MzYxNHgxNzYxMTM5ODk2MzQ1MTQ2NDYx (Caused by ProtocolError('Connection aborted.', ConnectionResetError(104, 'Connection reset by peer')))
[2025-10-22T13:31:46.140+0000] {subprocess.py:93} INFO - ERROR:__main__:Ingestion process failed: HTTPConnectionPool(host='minio', port=9000): Max retries exceeded with url: /bronze/kaggle_data/20251022_133136/olist_customers_dataset.csv?partNumber=2&uploadId=NDkyZDA5MDYtOTA1MC00MzE2LWEzOGYtZDQ5NGVmMjZhNWRlLjc5MjNlYmZjLWQxNTEtNDFjMy05ZWY5LTA5ZDNlYTE3MzYxNHgxNzYxMTM5ODk2MzQ1MTQ2NDYx (Caused by ProtocolError('Connection aborted.', ConnectionResetError(104, 'Connection reset by peer')))
[2025-10-22T13:31:46.173+0000] {subprocess.py:93} INFO - INFO:__main__:Cleaned up temporary files
[2025-10-22T13:31:46.173+0000] {subprocess.py:93} INFO - Dataset URL: https://www.kaggle.com/datasets/olistbr/brazilian-ecommerce
[2025-10-22T13:31:46.174+0000] {subprocess.py:93} INFO - Traceback (most recent call last):
[2025-10-22T13:31:46.174+0000] {subprocess.py:93} INFO -   File "/home/***/.local/lib/python3.12/site-packages/urllib3/connectionpool.py", line 715, in urlopen
[2025-10-22T13:31:46.174+0000] {subprocess.py:93} INFO -     httplib_response = self._make_request(
[2025-10-22T13:31:46.174+0000] {subprocess.py:93} INFO -                        ^^^^^^^^^^^^^^^^^^^
[2025-10-22T13:31:46.175+0000] {subprocess.py:93} INFO -   File "/home/***/.local/lib/python3.12/site-packages/urllib3/connectionpool.py", line 416, in _make_request
[2025-10-22T13:31:46.175+0000] {subprocess.py:93} INFO -     conn.request(method, url, **httplib_request_kw)
[2025-10-22T13:31:46.175+0000] {subprocess.py:93} INFO -   File "/home/***/.local/lib/python3.12/site-packages/urllib3/connection.py", line 244, in request
[2025-10-22T13:31:46.176+0000] {subprocess.py:93} INFO -     super(HTTPConnection, self).request(method, url, body=body, headers=headers)
[2025-10-22T13:31:46.176+0000] {subprocess.py:93} INFO -   File "/usr/local/lib/python3.12/http/client.py", line 1331, in request
[2025-10-22T13:31:46.176+0000] {subprocess.py:93} INFO -     self._send_request(method, url, body, headers, encode_chunked)
[2025-10-22T13:31:46.176+0000] {subprocess.py:93} INFO -   File "/usr/local/lib/python3.12/http/client.py", line 1377, in _send_request
[2025-10-22T13:31:46.177+0000] {subprocess.py:93} INFO -     self.endheaders(body, encode_chunked=encode_chunked)
[2025-10-22T13:31:46.177+0000] {subprocess.py:93} INFO -   File "/usr/local/lib/python3.12/http/client.py", line 1326, in endheaders
[2025-10-22T13:31:46.177+0000] {subprocess.py:93} INFO -     self._send_output(message_body, encode_chunked=encode_chunked)
[2025-10-22T13:31:46.178+0000] {subprocess.py:93} INFO -   File "/usr/local/lib/python3.12/http/client.py", line 1124, in _send_output
[2025-10-22T13:31:46.178+0000] {subprocess.py:93} INFO -     self.send(chunk)
[2025-10-22T13:31:46.178+0000] {subprocess.py:93} INFO -   File "/usr/local/lib/python3.12/http/client.py", line 1049, in send
[2025-10-22T13:31:46.178+0000] {subprocess.py:93} INFO -     self.sock.sendall(data)
[2025-10-22T13:31:46.179+0000] {subprocess.py:93} INFO - ConnectionResetError: [Errno 104] Connection reset by peer
[2025-10-22T13:31:46.179+0000] {subprocess.py:93} INFO - 
[2025-10-22T13:31:46.179+0000] {subprocess.py:93} INFO - During handling of the above exception, another exception occurred:
[2025-10-22T13:31:46.179+0000] {subprocess.py:93} INFO - 
[2025-10-22T13:31:46.180+0000] {subprocess.py:93} INFO - Traceback (most recent call last):
[2025-10-22T13:31:46.180+0000] {subprocess.py:93} INFO -   File "/opt/***/dags/bronze/kaggle_ingestion.py", line 126, in <module>
[2025-10-22T13:31:46.180+0000] {subprocess.py:93} INFO -     ingestion.run_ingestion()
[2025-10-22T13:31:46.180+0000] {subprocess.py:93} INFO -   File "/opt/***/dags/bronze/kaggle_ingestion.py", line 111, in run_ingestion
[2025-10-22T13:31:46.181+0000] {subprocess.py:93} INFO -     self.upload_csv_files_to_minio()
[2025-10-22T13:31:46.181+0000] {subprocess.py:93} INFO -   File "/opt/***/dags/bronze/kaggle_ingestion.py", line 78, in upload_csv_files_to_minio
[2025-10-22T13:31:46.181+0000] {subprocess.py:93} INFO -     self.minio_client.fput_object(
[2025-10-22T13:31:46.182+0000] {subprocess.py:93} INFO -   File "/home/***/.local/lib/python3.12/site-packages/minio/api.py", line 1054, in fput_object
[2025-10-22T13:31:46.182+0000] {subprocess.py:93} INFO -     return self.put_object(
[2025-10-22T13:31:46.182+0000] {subprocess.py:93} INFO -            ^^^^^^^^^^^^^^^^
[2025-10-22T13:31:46.182+0000] {subprocess.py:93} INFO -   File "/home/***/.local/lib/python3.12/site-packages/minio/api.py", line 2009, in put_object
[2025-10-22T13:31:46.183+0000] {subprocess.py:93} INFO -     raise exc
[2025-10-22T13:31:46.183+0000] {subprocess.py:93} INFO -   File "/home/***/.local/lib/python3.12/site-packages/minio/api.py", line 1987, in put_object
[2025-10-22T13:31:46.183+0000] {subprocess.py:93} INFO -     result = pool.result()
[2025-10-22T13:31:46.183+0000] {subprocess.py:93} INFO -              ^^^^^^^^^^^^^
[2025-10-22T13:31:46.184+0000] {subprocess.py:93} INFO -   File "/home/***/.local/lib/python3.12/site-packages/minio/helpers.py", line 859, in result
[2025-10-22T13:31:46.184+0000] {subprocess.py:93} INFO -     raise self._exceptions_queue.get()
[2025-10-22T13:31:46.184+0000] {subprocess.py:93} INFO -   File "/home/***/.local/lib/python3.12/site-packages/minio/helpers.py", line 804, in run
[2025-10-22T13:31:46.185+0000] {subprocess.py:93} INFO -     result = func(*args, **kargs)
[2025-10-22T13:31:46.185+0000] {subprocess.py:93} INFO -              ^^^^^^^^^^^^^^^^^^^^
[2025-10-22T13:31:46.185+0000] {subprocess.py:93} INFO -   File "/home/***/.local/lib/python3.12/site-packages/minio/api.py", line 1825, in _upload_part_task
[2025-10-22T13:31:46.185+0000] {subprocess.py:93} INFO -     return args[5], self._upload_part(*args)
[2025-10-22T13:31:46.186+0000] {subprocess.py:93} INFO -                     ^^^^^^^^^^^^^^^^^^^^^^^^
[2025-10-22T13:31:46.186+0000] {subprocess.py:93} INFO -   File "/home/***/.local/lib/python3.12/site-packages/minio/api.py", line 1811, in _upload_part
[2025-10-22T13:31:46.186+0000] {subprocess.py:93} INFO -     result = self._put_object(
[2025-10-22T13:31:46.186+0000] {subprocess.py:93} INFO -              ^^^^^^^^^^^^^^^^^
[2025-10-22T13:31:46.187+0000] {subprocess.py:93} INFO -   File "/home/***/.local/lib/python3.12/site-packages/minio/api.py", line 1784, in _put_object
[2025-10-22T13:31:46.187+0000] {subprocess.py:93} INFO -     response = self._execute(
[2025-10-22T13:31:46.187+0000] {subprocess.py:93} INFO -                ^^^^^^^^^^^^^^
[2025-10-22T13:31:46.187+0000] {subprocess.py:93} INFO -   File "/home/***/.local/lib/python3.12/site-packages/minio/api.py", line 444, in _execute
[2025-10-22T13:31:46.188+0000] {subprocess.py:93} INFO -     return self._url_open(
[2025-10-22T13:31:46.188+0000] {subprocess.py:93} INFO -            ^^^^^^^^^^^^^^^
[2025-10-22T13:31:46.188+0000] {subprocess.py:93} INFO -   File "/home/***/.local/lib/python3.12/site-packages/minio/api.py", line 306, in _url_open
[2025-10-22T13:31:46.188+0000] {subprocess.py:93} INFO -     response = self._http.urlopen(
[2025-10-22T13:31:46.189+0000] {subprocess.py:93} INFO -                ^^^^^^^^^^^^^^^^^^^
[2025-10-22T13:31:46.189+0000] {subprocess.py:93} INFO -   File "/home/***/.local/lib/python3.12/site-packages/urllib3/poolmanager.py", line 376, in urlopen
[2025-10-22T13:31:46.189+0000] {subprocess.py:93} INFO -     response = conn.urlopen(method, u.request_uri, **kw)
[2025-10-22T13:31:46.189+0000] {subprocess.py:93} INFO -                ^^^^^^^^^^^^^^^^^^^^^^^^^^^^^^^^^^^^^^^^^
[2025-10-22T13:31:46.190+0000] {subprocess.py:93} INFO -   File "/home/***/.local/lib/python3.12/site-packages/urllib3/connectionpool.py", line 827, in urlopen
[2025-10-22T13:31:46.190+0000] {subprocess.py:93} INFO -     return self.urlopen(
[2025-10-22T13:31:46.190+0000] {subprocess.py:93} INFO -            ^^^^^^^^^^^^^
[2025-10-22T13:31:46.191+0000] {subprocess.py:93} INFO -   File "/home/***/.local/lib/python3.12/site-packages/urllib3/connectionpool.py", line 827, in urlopen
[2025-10-22T13:31:46.191+0000] {subprocess.py:93} INFO -     return self.urlopen(
[2025-10-22T13:31:46.191+0000] {subprocess.py:93} INFO -            ^^^^^^^^^^^^^
[2025-10-22T13:31:46.191+0000] {subprocess.py:93} INFO -   File "/home/***/.local/lib/python3.12/site-packages/urllib3/connectionpool.py", line 827, in urlopen
[2025-10-22T13:31:46.192+0000] {subprocess.py:93} INFO -     return self.urlopen(
[2025-10-22T13:31:46.192+0000] {subprocess.py:93} INFO -            ^^^^^^^^^^^^^
[2025-10-22T13:31:46.192+0000] {subprocess.py:93} INFO -   [Previous line repeated 2 more times]
[2025-10-22T13:31:46.192+0000] {subprocess.py:93} INFO -   File "/home/***/.local/lib/python3.12/site-packages/urllib3/connectionpool.py", line 799, in urlopen
[2025-10-22T13:31:46.193+0000] {subprocess.py:93} INFO -     retries = retries.increment(
[2025-10-22T13:31:46.193+0000] {subprocess.py:93} INFO -               ^^^^^^^^^^^^^^^^^^
[2025-10-22T13:31:46.193+0000] {subprocess.py:93} INFO -   File "/home/***/.local/lib/python3.12/site-packages/urllib3/util/retry.py", line 592, in increment
[2025-10-22T13:31:46.194+0000] {subprocess.py:93} INFO -     raise MaxRetryError(_pool, url, error or ResponseError(cause))
[2025-10-22T13:31:46.194+0000] {subprocess.py:93} INFO - urllib3.exceptions.MaxRetryError: HTTPConnectionPool(host='minio', port=9000): Max retries exceeded with url: /bronze/kaggle_data/20251022_133136/olist_customers_dataset.csv?partNumber=2&uploadId=NDkyZDA5MDYtOTA1MC00MzE2LWEzOGYtZDQ5NGVmMjZhNWRlLjc5MjNlYmZjLWQxNTEtNDFjMy05ZWY5LTA5ZDNlYTE3MzYxNHgxNzYxMTM5ODk2MzQ1MTQ2NDYx (Caused by ProtocolError('Connection aborted.', ConnectionResetError(104, 'Connection reset by peer')))
[2025-10-22T13:31:46.250+0000] {subprocess.py:97} INFO - Command exited with return code 1
[2025-10-22T13:31:46.250+0000] {taskinstance.py:441} INFO - ::group::Post task execution logs
[2025-10-22T13:31:46.259+0000] {taskinstance.py:2890} ERROR - Task failed with exception
Traceback (most recent call last):
  File "/home/airflow/.local/lib/python3.12/site-packages/airflow/models/taskinstance.py", line 465, in _execute_task
    result = _execute_callable(context=context, **execute_callable_kwargs)
             ^^^^^^^^^^^^^^^^^^^^^^^^^^^^^^^^^^^^^^^^^^^^^^^^^^^^^^^^^^^^^
  File "/home/airflow/.local/lib/python3.12/site-packages/airflow/models/taskinstance.py", line 432, in _execute_callable
    return execute_callable(context=context, **execute_callable_kwargs)
           ^^^^^^^^^^^^^^^^^^^^^^^^^^^^^^^^^^^^^^^^^^^^^^^^^^^^^^^^^^^^
  File "/home/airflow/.local/lib/python3.12/site-packages/airflow/models/baseoperator.py", line 400, in wrapper
    return func(self, *args, **kwargs)
           ^^^^^^^^^^^^^^^^^^^^^^^^^^^
  File "/home/airflow/.local/lib/python3.12/site-packages/airflow/operators/bash.py", line 243, in execute
    raise AirflowException(
airflow.exceptions.AirflowException: Bash command failed. The command returned a non-zero exit code 1.
[2025-10-22T13:31:46.262+0000] {taskinstance.py:1205} INFO - Marking task as UP_FOR_RETRY. dag_id=bronze_dag_simple, task_id=kaggle_ingestion, execution_date=20251022T132543, start_date=20251022T133117, end_date=20251022T133146
[2025-10-22T13:31:46.277+0000] {standard_task_runner.py:110} ERROR - Failed to execute job 128 for task kaggle_ingestion (Bash command failed. The command returned a non-zero exit code 1.; 397)
[2025-10-22T13:31:46.306+0000] {local_task_job_runner.py:240} INFO - Task exited with return code 1
[2025-10-22T13:31:46.322+0000] {taskinstance.py:3482} INFO - 0 downstream tasks scheduled from follow-on schedule check
[2025-10-22T13:31:46.353+0000] {local_task_job_runner.py:222} INFO - ::endgroup::
