[2025-10-24T12:11:16.071+0000] {local_task_job_runner.py:120} INFO - ::group::Pre task execution logs
[2025-10-24T12:11:16.088+0000] {taskinstance.py:2073} INFO - Dependencies all met for dep_context=non-requeueable deps ti=<TaskInstance: silver_layer_dag.trigger_gold manual__2025-10-24T12:06:00.164740+00:00 [queued]>
[2025-10-24T12:11:16.093+0000] {taskinstance.py:2073} INFO - Dependencies all met for dep_context=requeueable deps ti=<TaskInstance: silver_layer_dag.trigger_gold manual__2025-10-24T12:06:00.164740+00:00 [queued]>
[2025-10-24T12:11:16.093+0000] {taskinstance.py:2303} INFO - Starting attempt 2 of 2
[2025-10-24T12:11:16.104+0000] {taskinstance.py:2327} INFO - Executing <Task(TriggerDagRunOperator): trigger_gold> on 2025-10-24 12:06:00.164740+00:00
[2025-10-24T12:11:16.111+0000] {warnings.py:110} WARNING - /home/***/.local/lib/python3.12/site-packages/***/task/task_runner/standard_task_runner.py:61: DeprecationWarning: This process (pid=170) is multi-threaded, use of fork() may lead to deadlocks in the child.
  pid = os.fork()

[2025-10-24T12:11:16.113+0000] {standard_task_runner.py:63} INFO - Started process 171 to run task
[2025-10-24T12:11:16.112+0000] {standard_task_runner.py:90} INFO - Running: ['***', 'tasks', 'run', 'silver_layer_dag', 'trigger_gold', 'manual__2025-10-24T12:06:00.164740+00:00', '--job-id', '346', '--raw', '--subdir', 'DAGS_FOLDER/silver_layer_dag.py', '--cfg-path', '/tmp/tmp74glq1ah']
[2025-10-24T12:11:16.114+0000] {standard_task_runner.py:91} INFO - Job 346: Subtask trigger_gold
[2025-10-24T12:11:16.126+0000] {warnings.py:110} WARNING - /home/***/.local/lib/python3.12/site-packages/***/settings.py:195: DeprecationWarning: The sql_alchemy_conn option in [core] has been moved to the sql_alchemy_conn option in [database] - the old setting has been used, but please update your config.
  SQL_ALCHEMY_CONN = conf.get("database", "SQL_ALCHEMY_CONN")

[2025-10-24T12:11:16.153+0000] {task_command.py:426} INFO - Running <TaskInstance: silver_layer_dag.trigger_gold manual__2025-10-24T12:06:00.164740+00:00 [running]> on host 437b7e7e4559
[2025-10-24T12:11:16.212+0000] {taskinstance.py:2644} INFO - Exporting env vars: AIRFLOW_CTX_DAG_OWNER='farheen_muzaffar' AIRFLOW_CTX_DAG_ID='silver_layer_dag' AIRFLOW_CTX_TASK_ID='trigger_gold' AIRFLOW_CTX_EXECUTION_DATE='2025-10-24T12:06:00.164740+00:00' AIRFLOW_CTX_TRY_NUMBER='2' AIRFLOW_CTX_DAG_RUN_ID='manual__2025-10-24T12:06:00.164740+00:00'
[2025-10-24T12:11:16.212+0000] {taskinstance.py:430} INFO - ::endgroup::
[2025-10-24T12:11:16.231+0000] {taskinstance.py:441} INFO - ::group::Post task execution logs
[2025-10-24T12:11:16.237+0000] {taskinstance.py:2890} ERROR - Task failed with exception
Traceback (most recent call last):
  File "/home/airflow/.local/lib/python3.12/site-packages/airflow/models/taskinstance.py", line 465, in _execute_task
    result = _execute_callable(context=context, **execute_callable_kwargs)
             ^^^^^^^^^^^^^^^^^^^^^^^^^^^^^^^^^^^^^^^^^^^^^^^^^^^^^^^^^^^^^
  File "/home/airflow/.local/lib/python3.12/site-packages/airflow/models/taskinstance.py", line 432, in _execute_callable
    return execute_callable(context=context, **execute_callable_kwargs)
           ^^^^^^^^^^^^^^^^^^^^^^^^^^^^^^^^^^^^^^^^^^^^^^^^^^^^^^^^^^^^
  File "/home/airflow/.local/lib/python3.12/site-packages/airflow/models/baseoperator.py", line 400, in wrapper
    return func(self, *args, **kwargs)
           ^^^^^^^^^^^^^^^^^^^^^^^^^^^
  File "/home/airflow/.local/lib/python3.12/site-packages/airflow/operators/trigger_dagrun.py", line 165, in execute
    dag_run = trigger_dag(
              ^^^^^^^^^^^^
  File "/home/airflow/.local/lib/python3.12/site-packages/airflow/api/common/trigger_dag.py", line 123, in trigger_dag
    raise DagNotFound(f"Dag id {dag_id} not found in DagModel")
airflow.exceptions.DagNotFound: Dag id gold_layer_dag not found in DagModel
[2025-10-24T12:11:16.240+0000] {taskinstance.py:1205} INFO - Marking task as FAILED. dag_id=silver_layer_dag, task_id=trigger_gold, execution_date=20251024T120600, start_date=20251024T121116, end_date=20251024T121116
[2025-10-24T12:11:16.250+0000] {standard_task_runner.py:110} ERROR - Failed to execute job 346 for task trigger_gold (Dag id gold_layer_dag not found in DagModel; 171)
[2025-10-24T12:11:16.286+0000] {local_task_job_runner.py:240} INFO - Task exited with return code 1
[2025-10-24T12:11:16.298+0000] {taskinstance.py:3482} INFO - 0 downstream tasks scheduled from follow-on schedule check
[2025-10-24T12:11:16.300+0000] {local_task_job_runner.py:222} INFO - ::endgroup::
