[2025-10-22T13:48:04.287+0000] {local_task_job_runner.py:120} INFO - ::group::Pre task execution logs
[2025-10-22T13:48:04.303+0000] {taskinstance.py:2073} INFO - Dependencies all met for dep_context=non-requeueable deps ti=<TaskInstance: bronze_dag_simple.api_ingestion manual__2025-10-22T13:26:28.834677+00:00 [queued]>
[2025-10-22T13:48:04.308+0000] {taskinstance.py:2073} INFO - Dependencies all met for dep_context=requeueable deps ti=<TaskInstance: bronze_dag_simple.api_ingestion manual__2025-10-22T13:26:28.834677+00:00 [queued]>
[2025-10-22T13:48:04.309+0000] {taskinstance.py:2303} INFO - Starting attempt 3 of 3
[2025-10-22T13:48:04.320+0000] {taskinstance.py:2327} INFO - Executing <Task(BashOperator): api_ingestion> on 2025-10-22 13:26:28.834677+00:00
[2025-10-22T13:48:04.326+0000] {warnings.py:110} WARNING - /home/***/.local/lib/python3.12/site-packages/***/task/task_runner/standard_task_runner.py:61: DeprecationWarning: This process (pid=75) is multi-threaded, use of fork() may lead to deadlocks in the child.
  pid = os.fork()

[2025-10-22T13:48:04.327+0000] {standard_task_runner.py:63} INFO - Started process 76 to run task
[2025-10-22T13:48:04.327+0000] {standard_task_runner.py:90} INFO - Running: ['***', 'tasks', 'run', 'bronze_dag_simple', 'api_ingestion', 'manual__2025-10-22T13:26:28.834677+00:00', '--job-id', '155', '--raw', '--subdir', 'DAGS_FOLDER/bronze_dag_simple.py', '--cfg-path', '/tmp/tmph_kds1ml']
[2025-10-22T13:48:04.329+0000] {standard_task_runner.py:91} INFO - Job 155: Subtask api_ingestion
[2025-10-22T13:48:04.343+0000] {warnings.py:110} WARNING - /home/***/.local/lib/python3.12/site-packages/***/settings.py:195: DeprecationWarning: The sql_alchemy_conn option in [core] has been moved to the sql_alchemy_conn option in [database] - the old setting has been used, but please update your config.
  SQL_ALCHEMY_CONN = conf.get("database", "SQL_ALCHEMY_CONN")

[2025-10-22T13:48:04.375+0000] {task_command.py:426} INFO - Running <TaskInstance: bronze_dag_simple.api_ingestion manual__2025-10-22T13:26:28.834677+00:00 [running]> on host 98e3baa252b2
[2025-10-22T13:48:04.450+0000] {taskinstance.py:2644} INFO - Exporting env vars: AIRFLOW_CTX_DAG_OWNER='afnan_khan' AIRFLOW_CTX_DAG_ID='bronze_dag_simple' AIRFLOW_CTX_TASK_ID='api_ingestion' AIRFLOW_CTX_EXECUTION_DATE='2025-10-22T13:26:28.834677+00:00' AIRFLOW_CTX_TRY_NUMBER='3' AIRFLOW_CTX_DAG_RUN_ID='manual__2025-10-22T13:26:28.834677+00:00'
[2025-10-22T13:48:04.451+0000] {taskinstance.py:430} INFO - ::endgroup::
[2025-10-22T13:48:04.462+0000] {subprocess.py:63} INFO - Tmp dir root location: /tmp
[2025-10-22T13:48:04.464+0000] {subprocess.py:75} INFO - Running command: ['/usr/bin/bash', '-c', '\n        echo "===== Running API Ingestion ====="\n        cd /opt/***/dags/bronze\n        export PYTHONPATH=/opt/***/dags/bronze:$PYTHONPATH\n        python3 api_ingestion.py\n        ']
[2025-10-22T13:48:04.475+0000] {subprocess.py:86} INFO - Output:
[2025-10-22T13:48:04.477+0000] {subprocess.py:93} INFO - ===== Running API Ingestion =====
[2025-10-22T13:48:04.987+0000] {subprocess.py:93} INFO - INFO:__main__:Starting API data ingestion process
[2025-10-22T13:48:04.992+0000] {subprocess.py:93} INFO - INFO:__main__:Bucket bronze already exists
[2025-10-22T13:48:04.993+0000] {subprocess.py:93} INFO - INFO:__main__:Fetching data from products: https://dummyjson.com/products
[2025-10-22T13:48:05.767+0000] {subprocess.py:93} INFO - INFO:__main__:Successfully fetched products data
[2025-10-22T13:48:05.773+0000] {subprocess.py:93} INFO - ERROR:__main__:Error uploading products data to MinIO: S3 operation failed; code: XMinioStorageFull, message: Storage backend has reached its minimum free drive threshold. Please delete a few objects to proceed., resource: /bronze/api_data/20251022_134805/products.json, request_id: 1870D44DFFC48354, host_id: dd9025bab4ad464b049177c95eb6ebf374d3b3fd1af9251148b658df7ac2e3e8, bucket_name: bronze, object_name: api_data/20251022_134805/products.json
[2025-10-22T13:48:05.774+0000] {subprocess.py:93} INFO - ERROR:__main__:API ingestion process failed: S3 operation failed; code: XMinioStorageFull, message: Storage backend has reached its minimum free drive threshold. Please delete a few objects to proceed., resource: /bronze/api_data/20251022_134805/products.json, request_id: 1870D44DFFC48354, host_id: dd9025bab4ad464b049177c95eb6ebf374d3b3fd1af9251148b658df7ac2e3e8, bucket_name: bronze, object_name: api_data/20251022_134805/products.json
[2025-10-22T13:48:05.774+0000] {subprocess.py:93} INFO - Traceback (most recent call last):
[2025-10-22T13:48:05.775+0000] {subprocess.py:93} INFO -   File "/opt/***/dags/bronze/api_ingestion.py", line 120, in <module>
[2025-10-22T13:48:05.775+0000] {subprocess.py:93} INFO -     ingestion.run_ingestion()
[2025-10-22T13:48:05.776+0000] {subprocess.py:93} INFO -   File "/opt/***/dags/bronze/api_ingestion.py", line 110, in run_ingestion
[2025-10-22T13:48:05.777+0000] {subprocess.py:93} INFO -     self.upload_json_to_minio(api_data, endpoint_name)
[2025-10-22T13:48:05.777+0000] {subprocess.py:93} INFO -   File "/opt/***/dags/bronze/api_ingestion.py", line 82, in upload_json_to_minio
[2025-10-22T13:48:05.779+0000] {subprocess.py:93} INFO -     self.minio_client.put_object(
[2025-10-22T13:48:05.779+0000] {subprocess.py:93} INFO -   File "/home/***/.local/lib/python3.12/site-packages/minio/api.py", line 2009, in put_object
[2025-10-22T13:48:05.779+0000] {subprocess.py:93} INFO -     raise exc
[2025-10-22T13:48:05.780+0000] {subprocess.py:93} INFO -   File "/home/***/.local/lib/python3.12/site-packages/minio/api.py", line 1955, in put_object
[2025-10-22T13:48:05.780+0000] {subprocess.py:93} INFO -     return self._put_object(
[2025-10-22T13:48:05.780+0000] {subprocess.py:93} INFO -            ^^^^^^^^^^^^^^^^^
[2025-10-22T13:48:05.780+0000] {subprocess.py:93} INFO -   File "/home/***/.local/lib/python3.12/site-packages/minio/api.py", line 1784, in _put_object
[2025-10-22T13:48:05.781+0000] {subprocess.py:93} INFO -     response = self._execute(
[2025-10-22T13:48:05.781+0000] {subprocess.py:93} INFO -                ^^^^^^^^^^^^^^
[2025-10-22T13:48:05.781+0000] {subprocess.py:93} INFO -   File "/home/***/.local/lib/python3.12/site-packages/minio/api.py", line 444, in _execute
[2025-10-22T13:48:05.782+0000] {subprocess.py:93} INFO -     return self._url_open(
[2025-10-22T13:48:05.782+0000] {subprocess.py:93} INFO -            ^^^^^^^^^^^^^^^
[2025-10-22T13:48:05.782+0000] {subprocess.py:93} INFO -   File "/home/***/.local/lib/python3.12/site-packages/minio/api.py", line 427, in _url_open
[2025-10-22T13:48:05.782+0000] {subprocess.py:93} INFO -     raise response_error
[2025-10-22T13:48:05.783+0000] {subprocess.py:93} INFO - minio.error.S3Error: S3 operation failed; code: XMinioStorageFull, message: Storage backend has reached its minimum free drive threshold. Please delete a few objects to proceed., resource: /bronze/api_data/20251022_134805/products.json, request_id: 1870D44DFFC48354, host_id: dd9025bab4ad464b049177c95eb6ebf374d3b3fd1af9251148b658df7ac2e3e8, bucket_name: bronze, object_name: api_data/20251022_134805/products.json
[2025-10-22T13:48:05.803+0000] {subprocess.py:97} INFO - Command exited with return code 1
[2025-10-22T13:48:05.804+0000] {taskinstance.py:441} INFO - ::group::Post task execution logs
[2025-10-22T13:48:05.815+0000] {taskinstance.py:2890} ERROR - Task failed with exception
Traceback (most recent call last):
  File "/home/airflow/.local/lib/python3.12/site-packages/airflow/models/taskinstance.py", line 465, in _execute_task
    result = _execute_callable(context=context, **execute_callable_kwargs)
             ^^^^^^^^^^^^^^^^^^^^^^^^^^^^^^^^^^^^^^^^^^^^^^^^^^^^^^^^^^^^^
  File "/home/airflow/.local/lib/python3.12/site-packages/airflow/models/taskinstance.py", line 432, in _execute_callable
    return execute_callable(context=context, **execute_callable_kwargs)
           ^^^^^^^^^^^^^^^^^^^^^^^^^^^^^^^^^^^^^^^^^^^^^^^^^^^^^^^^^^^^
  File "/home/airflow/.local/lib/python3.12/site-packages/airflow/models/baseoperator.py", line 400, in wrapper
    return func(self, *args, **kwargs)
           ^^^^^^^^^^^^^^^^^^^^^^^^^^^
  File "/home/airflow/.local/lib/python3.12/site-packages/airflow/operators/bash.py", line 243, in execute
    raise AirflowException(
airflow.exceptions.AirflowException: Bash command failed. The command returned a non-zero exit code 1.
[2025-10-22T13:48:05.818+0000] {taskinstance.py:1205} INFO - Marking task as FAILED. dag_id=bronze_dag_simple, task_id=api_ingestion, execution_date=20251022T132628, start_date=20251022T134804, end_date=20251022T134805
[2025-10-22T13:48:05.832+0000] {standard_task_runner.py:110} ERROR - Failed to execute job 155 for task api_ingestion (Bash command failed. The command returned a non-zero exit code 1.; 76)
[2025-10-22T13:48:05.865+0000] {local_task_job_runner.py:240} INFO - Task exited with return code 1
[2025-10-22T13:48:05.884+0000] {taskinstance.py:3482} INFO - 0 downstream tasks scheduled from follow-on schedule check
[2025-10-22T13:48:05.888+0000] {local_task_job_runner.py:222} INFO - ::endgroup::
