[2025-10-22T12:01:50.117+0000] {local_task_job_runner.py:120} INFO - ::group::Pre task execution logs
[2025-10-22T12:01:50.140+0000] {taskinstance.py:2073} INFO - Dependencies all met for dep_context=non-requeueable deps ti=<TaskInstance: silver_layer_dag.clean_order_data scheduled__2025-10-20T19:00:00+00:00 [queued]>
[2025-10-22T12:01:50.147+0000] {taskinstance.py:2073} INFO - Dependencies all met for dep_context=requeueable deps ti=<TaskInstance: silver_layer_dag.clean_order_data scheduled__2025-10-20T19:00:00+00:00 [queued]>
[2025-10-22T12:01:50.152+0000] {taskinstance.py:2303} INFO - Starting attempt 1 of 2
[2025-10-22T12:01:50.189+0000] {taskinstance.py:2327} INFO - Executing <Task(BashOperator): clean_order_data> on 2025-10-20 19:00:00+00:00
[2025-10-22T12:01:50.196+0000] {warnings.py:110} WARNING - /home/***/.local/lib/python3.12/site-packages/***/task/task_runner/standard_task_runner.py:61: DeprecationWarning: This process (pid=613) is multi-threaded, use of fork() may lead to deadlocks in the child.
  pid = os.fork()

[2025-10-22T12:01:50.198+0000] {standard_task_runner.py:63} INFO - Started process 618 to run task
[2025-10-22T12:01:50.198+0000] {standard_task_runner.py:90} INFO - Running: ['***', 'tasks', 'run', 'silver_layer_dag', 'clean_order_data', 'scheduled__2025-10-20T19:00:00+00:00', '--job-id', '14', '--raw', '--subdir', 'DAGS_FOLDER/silver_layer_dag.py', '--cfg-path', '/tmp/tmpnss2c6m6']
[2025-10-22T12:01:50.199+0000] {standard_task_runner.py:91} INFO - Job 14: Subtask clean_order_data
[2025-10-22T12:01:50.260+0000] {warnings.py:110} WARNING - /home/***/.local/lib/python3.12/site-packages/***/settings.py:195: DeprecationWarning: The sql_alchemy_conn option in [core] has been moved to the sql_alchemy_conn option in [database] - the old setting has been used, but please update your config.
  SQL_ALCHEMY_CONN = conf.get("database", "SQL_ALCHEMY_CONN")

[2025-10-22T12:01:50.290+0000] {task_command.py:426} INFO - Running <TaskInstance: silver_layer_dag.clean_order_data scheduled__2025-10-20T19:00:00+00:00 [running]> on host 106a2f4786f4
[2025-10-22T12:01:50.456+0000] {taskinstance.py:2644} INFO - Exporting env vars: AIRFLOW_CTX_DAG_OWNER='data_team' AIRFLOW_CTX_DAG_ID='silver_layer_dag' AIRFLOW_CTX_TASK_ID='clean_order_data' AIRFLOW_CTX_EXECUTION_DATE='2025-10-20T19:00:00+00:00' AIRFLOW_CTX_TRY_NUMBER='1' AIRFLOW_CTX_DAG_RUN_ID='scheduled__2025-10-20T19:00:00+00:00'
[2025-10-22T12:01:50.457+0000] {taskinstance.py:430} INFO - ::endgroup::
[2025-10-22T12:01:50.470+0000] {subprocess.py:63} INFO - Tmp dir root location: /tmp
[2025-10-22T12:01:50.472+0000] {subprocess.py:75} INFO - Running command: ['/usr/bin/bash', '-c', '\necho "== Clean order data =="\npython3 - <<\'PY\'\n\nimport os\nfrom pyspark.sql import SparkSession, functions as F\nfrom pyspark.sql.types import StringType, FloatType\n\n# set credentials and local ip inside runtime process\nos.environ[\'AWS_ACCESS_KEY_ID\'] = \'minioadmin\'\nos.environ[\'AWS_SECRET_ACCESS_KEY\'] = \'minioadmin\'\nos.environ[\'SPARK_LOCAL_IP\'] = \'127.0.0.1\'\n\n# create spark session (packages used to access s3a and aws jars)\nspark = SparkSession.builder \\\n    .appName("SilverLayerProcessing") \\\n    .config("spark.hadoop.fs.s3a.endpoint", "http://minio:9000") \\\n    .config("spark.hadoop.fs.s3a.access.key", "minioadmin") \\\n    .config("spark.hadoop.fs.s3a.secret.key", "minioadmin") \\\n    .config("spark.hadoop.fs.s3a.impl", "org.apache.hadoop.fs.s3a.S3AFileSystem") \\\n    .config("spark.jars.packages", "org.apache.hadoop:hadoop-aws:3.3.4,com.amazonaws:aws-java-sdk-s3:1.12.570") \\\n    .getOrCreate()\n\nfrom minio import Minio\nclient = Minio("minio:9000", access_key="minioadmin", secret_key="minioadmin", secure=False)\n\n# ensure buckets exist (idempotent)\nfor b in ["bronze", "silver"]:\n    try:\n        if not client.bucket_exists(b):\n            client.make_bucket(b)\n    except Exception as e:\n        # keep going; bucket checks often fail if MinIO not yet fully ready — error will surface when reading\n        print("minio bucket check:", e)\n\n# define s3a paths\nBRONZE_PATH = "s3a://bronze"\nSILVER_PATH = "s3a://silver"\n\ntry:\n    df = spark.read.option("header", "true").csv(f"{BRONZE_PATH}/orders/orders.csv")\n    print("Raw orders rows:", df.count())\n\n    df_cleaned = df.dropDuplicates(["id"])         .na.drop(subset=["id", "userId"])         .withColumn("total", F.col("total").cast(FloatType()))         .filter(F.col("total").isNotNull())         .filter(F.col("total") > 0)         .withColumn("discountedTotal", F.coalesce(F.col("discountedTotal").cast(FloatType()), F.col("total")))         .withColumn("discount_percentage", F.round(((F.col("total") - F.col("discountedTotal")) / F.col("total") * 100), 2))         .withColumn("order_value_category",\n            F.when(F.col("total") < 100, "Small")\n             .when((F.col("total") >= 100) & (F.col("total") < 500), "Medium")\n             .when((F.col("total") >= 500) & (F.col("total") < 1000), "Large")\n             .otherwise("Enterprise"))\n\n    df_cleaned.write.mode("overwrite").option("header", "true").csv(f"{SILVER_PATH}/orders/orders_cleaned_pyspark.csv")\n    print("✅ Orders cleaned and saved.")\nexcept Exception as e:\n    print("Error cleaning orders:", e)\n    raise\nfinally:\n    spark.stop()\nPY']
[2025-10-22T12:01:50.482+0000] {subprocess.py:86} INFO - Output:
[2025-10-22T12:01:50.484+0000] {subprocess.py:93} INFO - == Clean order data ==
[2025-10-22T12:01:51.340+0000] {subprocess.py:93} INFO - WARNING: Using incubator modules: jdk.incubator.vector
[2025-10-22T12:01:52.737+0000] {subprocess.py:93} INFO - :: loading settings :: url = jar:file:/home/***/.local/lib/python3.12/site-packages/pyspark/jars/ivy-2.5.3.jar!/org/apache/ivy/core/settings/ivysettings.xml
[2025-10-22T12:01:52.835+0000] {subprocess.py:93} INFO - Ivy Default Cache set to: /home/***/.ivy2.5.2/cache
[2025-10-22T12:01:52.836+0000] {subprocess.py:93} INFO - The jars for the packages stored in: /home/***/.ivy2.5.2/jars
[2025-10-22T12:01:52.842+0000] {subprocess.py:93} INFO - org.apache.hadoop#hadoop-aws added as a dependency
[2025-10-22T12:01:52.843+0000] {subprocess.py:93} INFO - com.amazonaws#aws-java-sdk-s3 added as a dependency
[2025-10-22T12:01:52.844+0000] {subprocess.py:93} INFO - :: resolving dependencies :: org.apache.spark#spark-submit-parent-efbd043e-0e86-4a4f-baa6-b75614f6caa8;1.0
[2025-10-22T12:01:52.845+0000] {subprocess.py:93} INFO - 	confs: [default]
[2025-10-22T12:01:53.018+0000] {subprocess.py:93} INFO - 	found org.apache.hadoop#hadoop-aws;3.3.4 in central
[2025-10-22T12:01:53.052+0000] {subprocess.py:93} INFO - 	found com.amazonaws#aws-java-sdk-bundle;1.12.262 in central
[2025-10-22T12:01:53.101+0000] {subprocess.py:93} INFO - 	found org.wildfly.openssl#wildfly-openssl;1.0.7.Final in central
[2025-10-22T12:01:53.129+0000] {subprocess.py:93} INFO - 	found com.amazonaws#aws-java-sdk-s3;1.12.570 in central
[2025-10-22T12:01:53.155+0000] {subprocess.py:93} INFO - 	found com.amazonaws#aws-java-sdk-kms;1.12.570 in central
[2025-10-22T12:01:53.188+0000] {subprocess.py:93} INFO - 	found com.amazonaws#aws-java-sdk-core;1.12.570 in central
[2025-10-22T12:01:53.230+0000] {subprocess.py:93} INFO - 	found commons-logging#commons-logging;1.1.3 in central
[2025-10-22T12:01:53.256+0000] {subprocess.py:93} INFO - 	found commons-codec#commons-codec;1.15 in central
[2025-10-22T12:01:53.293+0000] {subprocess.py:93} INFO - 	found org.apache.httpcomponents#httpclient;4.5.13 in central
[2025-10-22T12:01:53.317+0000] {subprocess.py:93} INFO - 	found org.apache.httpcomponents#httpcore;4.4.13 in central
[2025-10-22T12:01:53.345+0000] {subprocess.py:93} INFO - 	found software.amazon.ion#ion-java;1.0.2 in central
[2025-10-22T12:01:53.371+0000] {subprocess.py:93} INFO - 	found com.fasterxml.jackson.core#jackson-databind;2.12.7.1 in central
[2025-10-22T12:01:53.395+0000] {subprocess.py:93} INFO - 	found com.fasterxml.jackson.core#jackson-annotations;2.12.7 in central
[2025-10-22T12:01:53.437+0000] {subprocess.py:93} INFO - 	found com.fasterxml.jackson.core#jackson-core;2.12.7 in central
[2025-10-22T12:01:53.467+0000] {subprocess.py:93} INFO - 	found com.fasterxml.jackson.dataformat#jackson-dataformat-cbor;2.12.6 in central
[2025-10-22T12:01:53.512+0000] {subprocess.py:93} INFO - 	found joda-time#joda-time;2.8.1 in central
[2025-10-22T12:01:53.570+0000] {subprocess.py:93} INFO - 	found com.amazonaws#jmespath-java;1.12.570 in central
[2025-10-22T12:01:53.631+0000] {subprocess.py:93} INFO - :: resolution report :: resolve 755ms :: artifacts dl 33ms
[2025-10-22T12:01:53.632+0000] {subprocess.py:93} INFO - 	:: modules in use:
[2025-10-22T12:01:53.632+0000] {subprocess.py:93} INFO - 	com.amazonaws#aws-java-sdk-bundle;1.12.262 from central in [default]
[2025-10-22T12:01:53.633+0000] {subprocess.py:93} INFO - 	com.amazonaws#aws-java-sdk-core;1.12.570 from central in [default]
[2025-10-22T12:01:53.638+0000] {subprocess.py:93} INFO - 	com.amazonaws#aws-java-sdk-kms;1.12.570 from central in [default]
[2025-10-22T12:01:53.639+0000] {subprocess.py:93} INFO - 	com.amazonaws#aws-java-sdk-s3;1.12.570 from central in [default]
[2025-10-22T12:01:53.639+0000] {subprocess.py:93} INFO - 	com.amazonaws#jmespath-java;1.12.570 from central in [default]
[2025-10-22T12:01:53.640+0000] {subprocess.py:93} INFO - 	com.fasterxml.jackson.core#jackson-annotations;2.12.7 from central in [default]
[2025-10-22T12:01:53.640+0000] {subprocess.py:93} INFO - 	com.fasterxml.jackson.core#jackson-core;2.12.7 from central in [default]
[2025-10-22T12:01:53.641+0000] {subprocess.py:93} INFO - 	com.fasterxml.jackson.core#jackson-databind;2.12.7.1 from central in [default]
[2025-10-22T12:01:53.650+0000] {subprocess.py:93} INFO - 	com.fasterxml.jackson.dataformat#jackson-dataformat-cbor;2.12.6 from central in [default]
[2025-10-22T12:01:53.651+0000] {subprocess.py:93} INFO - 	commons-codec#commons-codec;1.15 from central in [default]
[2025-10-22T12:01:53.657+0000] {subprocess.py:93} INFO - 	commons-logging#commons-logging;1.1.3 from central in [default]
[2025-10-22T12:01:53.658+0000] {subprocess.py:93} INFO - 	joda-time#joda-time;2.8.1 from central in [default]
[2025-10-22T12:01:53.659+0000] {subprocess.py:93} INFO - 	org.apache.hadoop#hadoop-aws;3.3.4 from central in [default]
[2025-10-22T12:01:53.659+0000] {subprocess.py:93} INFO - 	org.apache.httpcomponents#httpclient;4.5.13 from central in [default]
[2025-10-22T12:01:53.661+0000] {subprocess.py:93} INFO - 	org.apache.httpcomponents#httpcore;4.4.13 from central in [default]
[2025-10-22T12:01:53.661+0000] {subprocess.py:93} INFO - 	org.wildfly.openssl#wildfly-openssl;1.0.7.Final from central in [default]
[2025-10-22T12:01:53.665+0000] {subprocess.py:93} INFO - 	software.amazon.ion#ion-java;1.0.2 from central in [default]
[2025-10-22T12:01:53.667+0000] {subprocess.py:93} INFO - 	:: evicted modules:
[2025-10-22T12:01:53.667+0000] {subprocess.py:93} INFO - 	commons-logging#commons-logging;1.2 by [commons-logging#commons-logging;1.1.3] in [default]
[2025-10-22T12:01:53.668+0000] {subprocess.py:93} INFO - 	commons-codec#commons-codec;1.11 by [commons-codec#commons-codec;1.15] in [default]
[2025-10-22T12:01:53.669+0000] {subprocess.py:93} INFO - 	com.fasterxml.jackson.core#jackson-databind;2.12.6 by [com.fasterxml.jackson.core#jackson-databind;2.12.7.1] in [default]
[2025-10-22T12:01:53.669+0000] {subprocess.py:93} INFO - 	com.fasterxml.jackson.core#jackson-core;2.12.6 by [com.fasterxml.jackson.core#jackson-core;2.12.7] in [default]
[2025-10-22T12:01:53.670+0000] {subprocess.py:93} INFO - 	---------------------------------------------------------------------
[2025-10-22T12:01:53.670+0000] {subprocess.py:93} INFO - 	|                  |            modules            ||   artifacts   |
[2025-10-22T12:01:53.671+0000] {subprocess.py:93} INFO - 	|       conf       | number| search|dwnlded|evicted|| number|dwnlded|
[2025-10-22T12:01:53.671+0000] {subprocess.py:93} INFO - 	---------------------------------------------------------------------
[2025-10-22T12:01:53.672+0000] {subprocess.py:93} INFO - 	|      default     |   21  |   0   |   0   |   4   ||   17  |   0   |
[2025-10-22T12:01:53.672+0000] {subprocess.py:93} INFO - 	---------------------------------------------------------------------
[2025-10-22T12:01:53.673+0000] {subprocess.py:93} INFO - :: retrieving :: org.apache.spark#spark-submit-parent-efbd043e-0e86-4a4f-baa6-b75614f6caa8
[2025-10-22T12:01:53.673+0000] {subprocess.py:93} INFO - 	confs: [default]
[2025-10-22T12:01:53.678+0000] {subprocess.py:93} INFO - 	0 artifacts copied, 17 already retrieved (0kB/22ms)
[2025-10-22T12:01:54.082+0000] {subprocess.py:93} INFO - 25/10/22 12:01:54 WARN NativeCodeLoader: Unable to load native-hadoop library for your platform... using builtin-java classes where applicable
[2025-10-22T12:01:54.396+0000] {subprocess.py:93} INFO - Using Spark's default log4j profile: org/apache/spark/log4j2-defaults.properties
[2025-10-22T12:01:54.397+0000] {subprocess.py:93} INFO - Setting default log level to "WARN".
[2025-10-22T12:01:54.397+0000] {subprocess.py:93} INFO - To adjust logging level use sc.setLogLevel(newLevel). For SparkR, use setLogLevel(newLevel).
[2025-10-22T12:01:56.098+0000] {subprocess.py:93} INFO - 25/10/22 12:01:56 WARN Utils: Service 'SparkUI' could not bind on port 4040. Attempting port 4041.
[2025-10-22T12:01:56.099+0000] {subprocess.py:93} INFO - 25/10/22 12:01:56 WARN Utils: Service 'SparkUI' could not bind on port 4041. Attempting port 4042.
[2025-10-22T12:02:16.172+0000] {subprocess.py:93} INFO - Traceback (most recent call last):
[2025-10-22T12:02:16.172+0000] {subprocess.py:93} INFO -   File "/home/***/.local/lib/python3.12/site-packages/py4j/java_gateway.py", line 1038, in send_command
[2025-10-22T12:02:16.173+0000] {subprocess.py:93} INFO -   File "/home/***/.local/lib/python3.12/site-packages/py4j/clientserver.py", line 540, in send_command
[2025-10-22T12:02:16.173+0000] {subprocess.py:93} INFO - py4j.protocol.Py4JNetworkError: Answer from Java side is empty
[2025-10-22T12:02:16.173+0000] {subprocess.py:93} INFO - 
[2025-10-22T12:02:16.174+0000] {subprocess.py:93} INFO - During handling of the above exception, another exception occurred:
[2025-10-22T12:02:16.174+0000] {subprocess.py:93} INFO - 
[2025-10-22T12:02:16.174+0000] {subprocess.py:93} INFO - Traceback (most recent call last):
[2025-10-22T12:02:16.175+0000] {subprocess.py:93} INFO -   File "<stdin>", line 19, in <module>
[2025-10-22T12:02:16.175+0000] {subprocess.py:93} INFO -   File "/home/***/.local/lib/python3.12/site-packages/pyspark/sql/session.py", line 556, in getOrCreate
[2025-10-22T12:02:16.175+0000] {subprocess.py:93} INFO -   File "/home/***/.local/lib/python3.12/site-packages/pyspark/core/context.py", line 523, in getOrCreate
[2025-10-22T12:02:16.176+0000] {subprocess.py:93} INFO -   File "/home/***/.local/lib/python3.12/site-packages/pyspark/core/context.py", line 207, in __init__
[2025-10-22T12:02:16.176+0000] {subprocess.py:93} INFO -   File "/home/***/.local/lib/python3.12/site-packages/pyspark/core/context.py", line 300, in _do_init
[2025-10-22T12:02:16.176+0000] {subprocess.py:93} INFO -   File "/home/***/.local/lib/python3.12/site-packages/pyspark/core/context.py", line 429, in _initialize_context
[2025-10-22T12:02:16.177+0000] {subprocess.py:93} INFO -   File "/home/***/.local/lib/python3.12/site-packages/py4j/java_gateway.py", line 1626, in __call__
[2025-10-22T12:02:16.177+0000] {subprocess.py:93} INFO -   File "/home/***/.local/lib/python3.12/site-packages/py4j/java_gateway.py", line 1057, in send_command
[2025-10-22T12:02:16.177+0000] {subprocess.py:93} INFO -   File "/home/***/.local/lib/python3.12/site-packages/py4j/java_gateway.py", line 1036, in send_command
[2025-10-22T12:02:16.177+0000] {subprocess.py:93} INFO -   File "/home/***/.local/lib/python3.12/site-packages/py4j/clientserver.py", line 284, in _get_connection
[2025-10-22T12:02:16.178+0000] {subprocess.py:93} INFO -   File "/home/***/.local/lib/python3.12/site-packages/py4j/clientserver.py", line 291, in _create_new_connection
[2025-10-22T12:02:16.178+0000] {subprocess.py:93} INFO -   File "/home/***/.local/lib/python3.12/site-packages/py4j/clientserver.py", line 438, in connect_to_java_server
[2025-10-22T12:02:16.178+0000] {subprocess.py:93} INFO - ConnectionRefusedError: [Errno 111] Connection refused
[2025-10-22T12:02:16.185+0000] {subprocess.py:93} INFO - /usr/bin/bash: line 57:   637 Bus error               python3 - <<'PY'
[2025-10-22T12:02:16.185+0000] {subprocess.py:93} INFO - 
[2025-10-22T12:02:16.185+0000] {subprocess.py:93} INFO - import os
[2025-10-22T12:02:16.186+0000] {subprocess.py:93} INFO - from pyspark.sql import SparkSession, functions as F
[2025-10-22T12:02:16.186+0000] {subprocess.py:93} INFO - from pyspark.sql.types import StringType, FloatType
[2025-10-22T12:02:16.186+0000] {subprocess.py:93} INFO - 
[2025-10-22T12:02:16.187+0000] {subprocess.py:93} INFO - # set credentials and local ip inside runtime process
[2025-10-22T12:02:16.187+0000] {subprocess.py:93} INFO - os.environ['AWS_ACCESS_KEY_ID'] = 'minioadmin'
[2025-10-22T12:02:16.187+0000] {subprocess.py:93} INFO - os.environ['AWS_SECRET_ACCESS_KEY'] = 'minioadmin'
[2025-10-22T12:02:16.187+0000] {subprocess.py:93} INFO - os.environ['SPARK_LOCAL_IP'] = '127.0.0.1'
[2025-10-22T12:02:16.188+0000] {subprocess.py:93} INFO - 
[2025-10-22T12:02:16.188+0000] {subprocess.py:93} INFO - # create spark session (packages used to access s3a and aws jars)
[2025-10-22T12:02:16.188+0000] {subprocess.py:93} INFO - spark = SparkSession.builder \
[2025-10-22T12:02:16.189+0000] {subprocess.py:93} INFO -     .appName("SilverLayerProcessing") \
[2025-10-22T12:02:16.189+0000] {subprocess.py:93} INFO -     .config("spark.hadoop.fs.s3a.endpoint", "http://minio:9000") \
[2025-10-22T12:02:16.189+0000] {subprocess.py:93} INFO -     .config("spark.hadoop.fs.s3a.access.key", "minioadmin") \
[2025-10-22T12:02:16.190+0000] {subprocess.py:93} INFO -     .config("spark.hadoop.fs.s3a.secret.key", "minioadmin") \
[2025-10-22T12:02:16.190+0000] {subprocess.py:93} INFO -     .config("spark.hadoop.fs.s3a.impl", "org.apache.hadoop.fs.s3a.S3AFileSystem") \
[2025-10-22T12:02:16.190+0000] {subprocess.py:93} INFO -     .config("spark.jars.packages", "org.apache.hadoop:hadoop-aws:3.3.4,com.amazonaws:aws-java-sdk-s3:1.12.570") \
[2025-10-22T12:02:16.191+0000] {subprocess.py:93} INFO -     .getOrCreate()
[2025-10-22T12:02:16.191+0000] {subprocess.py:93} INFO - 
[2025-10-22T12:02:16.191+0000] {subprocess.py:93} INFO - from minio import Minio
[2025-10-22T12:02:16.191+0000] {subprocess.py:93} INFO - client = Minio("minio:9000", access_key="minioadmin", secret_key="minioadmin", secure=False)
[2025-10-22T12:02:16.192+0000] {subprocess.py:93} INFO - 
[2025-10-22T12:02:16.192+0000] {subprocess.py:93} INFO - # ensure buckets exist (idempotent)
[2025-10-22T12:02:16.192+0000] {subprocess.py:93} INFO - for b in ["bronze", "silver"]:
[2025-10-22T12:02:16.193+0000] {subprocess.py:93} INFO -     try:
[2025-10-22T12:02:16.193+0000] {subprocess.py:93} INFO -         if not client.bucket_exists(b):
[2025-10-22T12:02:16.193+0000] {subprocess.py:93} INFO -             client.make_bucket(b)
[2025-10-22T12:02:16.194+0000] {subprocess.py:93} INFO -     except Exception as e:
[2025-10-22T12:02:16.194+0000] {subprocess.py:93} INFO -         # keep going; bucket checks often fail if MinIO not yet fully ready — error will surface when reading
[2025-10-22T12:02:16.194+0000] {subprocess.py:93} INFO -         print("minio bucket check:", e)
[2025-10-22T12:02:16.194+0000] {subprocess.py:93} INFO - 
[2025-10-22T12:02:16.195+0000] {subprocess.py:93} INFO - # define s3a paths
[2025-10-22T12:02:16.195+0000] {subprocess.py:93} INFO - BRONZE_PATH = "s3a://bronze"
[2025-10-22T12:02:16.195+0000] {subprocess.py:93} INFO - SILVER_PATH = "s3a://silver"
[2025-10-22T12:02:16.196+0000] {subprocess.py:93} INFO - 
[2025-10-22T12:02:16.196+0000] {subprocess.py:93} INFO - try:
[2025-10-22T12:02:16.196+0000] {subprocess.py:93} INFO -     df = spark.read.option("header", "true").csv(f"{BRONZE_PATH}/orders/orders.csv")
[2025-10-22T12:02:16.196+0000] {subprocess.py:93} INFO -     print("Raw orders rows:", df.count())
[2025-10-22T12:02:16.197+0000] {subprocess.py:93} INFO - 
[2025-10-22T12:02:16.197+0000] {subprocess.py:93} INFO -     df_cleaned = df.dropDuplicates(["id"])         .na.drop(subset=["id", "userId"])         .withColumn("total", F.col("total").cast(FloatType()))         .filter(F.col("total").isNotNull())         .filter(F.col("total") > 0)         .withColumn("discountedTotal", F.coalesce(F.col("discountedTotal").cast(FloatType()), F.col("total")))         .withColumn("discount_percentage", F.round(((F.col("total") - F.col("discountedTotal")) / F.col("total") * 100), 2))         .withColumn("order_value_category",
[2025-10-22T12:02:16.197+0000] {subprocess.py:93} INFO -             F.when(F.col("total") < 100, "Small")
[2025-10-22T12:02:16.198+0000] {subprocess.py:93} INFO -              .when((F.col("total") >= 100) & (F.col("total") < 500), "Medium")
[2025-10-22T12:02:16.198+0000] {subprocess.py:93} INFO -              .when((F.col("total") >= 500) & (F.col("total") < 1000), "Large")
[2025-10-22T12:02:16.198+0000] {subprocess.py:93} INFO -              .otherwise("Enterprise"))
[2025-10-22T12:02:16.198+0000] {subprocess.py:93} INFO - 
[2025-10-22T12:02:16.199+0000] {subprocess.py:93} INFO -     df_cleaned.write.mode("overwrite").option("header", "true").csv(f"{SILVER_PATH}/orders/orders_cleaned_pyspark.csv")
[2025-10-22T12:02:16.199+0000] {subprocess.py:93} INFO -     print("✅ Orders cleaned and saved.")
[2025-10-22T12:02:16.199+0000] {subprocess.py:93} INFO - except Exception as e:
[2025-10-22T12:02:16.199+0000] {subprocess.py:93} INFO -     print("Error cleaning orders:", e)
[2025-10-22T12:02:16.200+0000] {subprocess.py:93} INFO -     raise
[2025-10-22T12:02:16.200+0000] {subprocess.py:93} INFO - finally:
[2025-10-22T12:02:16.201+0000] {subprocess.py:93} INFO -     spark.stop()
[2025-10-22T12:02:16.201+0000] {subprocess.py:93} INFO - PY
[2025-10-22T12:02:16.201+0000] {subprocess.py:93} INFO - 
[2025-10-22T12:02:16.202+0000] {subprocess.py:97} INFO - Command exited with return code 135
