[2025-10-22T16:54:34.735+0000] {local_task_job_runner.py:120} INFO - ::group::Pre task execution logs
[2025-10-22T16:54:34.751+0000] {taskinstance.py:2073} INFO - Dependencies all met for dep_context=non-requeueable deps ti=<TaskInstance: silver_layer_dag.trigger_gold manual__2025-10-22T16:29:21.206115+00:00 [queued]>
[2025-10-22T16:54:34.755+0000] {taskinstance.py:2073} INFO - Dependencies all met for dep_context=requeueable deps ti=<TaskInstance: silver_layer_dag.trigger_gold manual__2025-10-22T16:29:21.206115+00:00 [queued]>
[2025-10-22T16:54:34.755+0000] {taskinstance.py:2303} INFO - Starting attempt 2 of 2
[2025-10-22T16:54:34.764+0000] {taskinstance.py:2327} INFO - Executing <Task(TriggerDagRunOperator): trigger_gold> on 2025-10-22 16:29:21.206115+00:00
[2025-10-22T16:54:34.770+0000] {warnings.py:110} WARNING - /home/***/.local/lib/python3.12/site-packages/***/task/task_runner/standard_task_runner.py:61: DeprecationWarning: This process (pid=272) is multi-threaded, use of fork() may lead to deadlocks in the child.
  pid = os.fork()

[2025-10-22T16:54:34.771+0000] {standard_task_runner.py:63} INFO - Started process 273 to run task
[2025-10-22T16:54:34.771+0000] {standard_task_runner.py:90} INFO - Running: ['***', 'tasks', 'run', 'silver_layer_dag', 'trigger_gold', 'manual__2025-10-22T16:29:21.206115+00:00', '--job-id', '266', '--raw', '--subdir', 'DAGS_FOLDER/silver_layer_dag.py', '--cfg-path', '/tmp/tmp7jg8ub40']
[2025-10-22T16:54:34.774+0000] {standard_task_runner.py:91} INFO - Job 266: Subtask trigger_gold
[2025-10-22T16:54:34.784+0000] {warnings.py:110} WARNING - /home/***/.local/lib/python3.12/site-packages/***/settings.py:195: DeprecationWarning: The sql_alchemy_conn option in [core] has been moved to the sql_alchemy_conn option in [database] - the old setting has been used, but please update your config.
  SQL_ALCHEMY_CONN = conf.get("database", "SQL_ALCHEMY_CONN")

[2025-10-22T16:54:34.809+0000] {task_command.py:426} INFO - Running <TaskInstance: silver_layer_dag.trigger_gold manual__2025-10-22T16:29:21.206115+00:00 [running]> on host c3c22fb7a0df
[2025-10-22T16:54:35.009+0000] {taskinstance.py:2644} INFO - Exporting env vars: AIRFLOW_CTX_DAG_OWNER='data_team' AIRFLOW_CTX_DAG_ID='silver_layer_dag' AIRFLOW_CTX_TASK_ID='trigger_gold' AIRFLOW_CTX_EXECUTION_DATE='2025-10-22T16:29:21.206115+00:00' AIRFLOW_CTX_TRY_NUMBER='2' AIRFLOW_CTX_DAG_RUN_ID='manual__2025-10-22T16:29:21.206115+00:00'
[2025-10-22T16:54:35.009+0000] {taskinstance.py:430} INFO - ::endgroup::
[2025-10-22T16:54:35.023+0000] {taskinstance.py:441} INFO - ::group::Post task execution logs
[2025-10-22T16:54:35.029+0000] {taskinstance.py:2890} ERROR - Task failed with exception
Traceback (most recent call last):
  File "/home/airflow/.local/lib/python3.12/site-packages/airflow/models/taskinstance.py", line 465, in _execute_task
    result = _execute_callable(context=context, **execute_callable_kwargs)
             ^^^^^^^^^^^^^^^^^^^^^^^^^^^^^^^^^^^^^^^^^^^^^^^^^^^^^^^^^^^^^
  File "/home/airflow/.local/lib/python3.12/site-packages/airflow/models/taskinstance.py", line 432, in _execute_callable
    return execute_callable(context=context, **execute_callable_kwargs)
           ^^^^^^^^^^^^^^^^^^^^^^^^^^^^^^^^^^^^^^^^^^^^^^^^^^^^^^^^^^^^
  File "/home/airflow/.local/lib/python3.12/site-packages/airflow/models/baseoperator.py", line 400, in wrapper
    return func(self, *args, **kwargs)
           ^^^^^^^^^^^^^^^^^^^^^^^^^^^
  File "/home/airflow/.local/lib/python3.12/site-packages/airflow/operators/trigger_dagrun.py", line 165, in execute
    dag_run = trigger_dag(
              ^^^^^^^^^^^^
  File "/home/airflow/.local/lib/python3.12/site-packages/airflow/api/common/trigger_dag.py", line 123, in trigger_dag
    raise DagNotFound(f"Dag id {dag_id} not found in DagModel")
airflow.exceptions.DagNotFound: Dag id gold_layer_aggregation not found in DagModel
[2025-10-22T16:54:35.031+0000] {taskinstance.py:1205} INFO - Marking task as FAILED. dag_id=silver_layer_dag, task_id=trigger_gold, execution_date=20251022T162921, start_date=20251022T165434, end_date=20251022T165435
[2025-10-22T16:54:35.040+0000] {standard_task_runner.py:110} ERROR - Failed to execute job 266 for task trigger_gold (Dag id gold_layer_aggregation not found in DagModel; 273)
[2025-10-22T16:54:35.065+0000] {local_task_job_runner.py:240} INFO - Task exited with return code 1
[2025-10-22T16:54:35.077+0000] {taskinstance.py:3482} INFO - 0 downstream tasks scheduled from follow-on schedule check
[2025-10-22T16:54:35.079+0000] {local_task_job_runner.py:222} INFO - ::endgroup::
