[2025-10-24T12:19:30.073+0000] {local_task_job_runner.py:120} INFO - ::group::Pre task execution logs
[2025-10-24T12:19:30.092+0000] {taskinstance.py:2073} INFO - Dependencies all met for dep_context=non-requeueable deps ti=<TaskInstance: silver_layer_dag.setup_silver_environment manual__2025-10-24T12:19:28.910236+00:00 [queued]>
[2025-10-24T12:19:30.098+0000] {taskinstance.py:2073} INFO - Dependencies all met for dep_context=requeueable deps ti=<TaskInstance: silver_layer_dag.setup_silver_environment manual__2025-10-24T12:19:28.910236+00:00 [queued]>
[2025-10-24T12:19:30.098+0000] {taskinstance.py:2303} INFO - Starting attempt 1 of 2
[2025-10-24T12:19:30.111+0000] {taskinstance.py:2327} INFO - Executing <Task(BashOperator): setup_silver_environment> on 2025-10-24 12:19:28.910236+00:00
[2025-10-24T12:19:30.118+0000] {warnings.py:110} WARNING - /home/***/.local/lib/python3.12/site-packages/***/task/task_runner/standard_task_runner.py:61: DeprecationWarning: This process (pid=239) is multi-threaded, use of fork() may lead to deadlocks in the child.
  pid = os.fork()

[2025-10-24T12:19:30.120+0000] {standard_task_runner.py:63} INFO - Started process 240 to run task
[2025-10-24T12:19:30.120+0000] {standard_task_runner.py:90} INFO - Running: ['***', 'tasks', 'run', 'silver_layer_dag', 'setup_silver_environment', 'manual__2025-10-24T12:19:28.910236+00:00', '--job-id', '353', '--raw', '--subdir', 'DAGS_FOLDER/silver_layer_dag.py', '--cfg-path', '/tmp/tmpt_tj9ktj']
[2025-10-24T12:19:30.122+0000] {standard_task_runner.py:91} INFO - Job 353: Subtask setup_silver_environment
[2025-10-24T12:19:30.135+0000] {warnings.py:110} WARNING - /home/***/.local/lib/python3.12/site-packages/***/settings.py:195: DeprecationWarning: The sql_alchemy_conn option in [core] has been moved to the sql_alchemy_conn option in [database] - the old setting has been used, but please update your config.
  SQL_ALCHEMY_CONN = conf.get("database", "SQL_ALCHEMY_CONN")

[2025-10-24T12:19:30.164+0000] {task_command.py:426} INFO - Running <TaskInstance: silver_layer_dag.setup_silver_environment manual__2025-10-24T12:19:28.910236+00:00 [running]> on host 437b7e7e4559
[2025-10-24T12:19:30.238+0000] {taskinstance.py:2644} INFO - Exporting env vars: AIRFLOW_CTX_DAG_OWNER='farheen_muzaffar' AIRFLOW_CTX_DAG_ID='silver_layer_dag' AIRFLOW_CTX_TASK_ID='setup_silver_environment' AIRFLOW_CTX_EXECUTION_DATE='2025-10-24T12:19:28.910236+00:00' AIRFLOW_CTX_TRY_NUMBER='1' AIRFLOW_CTX_DAG_RUN_ID='manual__2025-10-24T12:19:28.910236+00:00'
[2025-10-24T12:19:30.240+0000] {taskinstance.py:430} INFO - ::endgroup::
[2025-10-24T12:19:30.252+0000] {subprocess.py:63} INFO - Tmp dir root location: /tmp
[2025-10-24T12:19:30.253+0000] {subprocess.py:75} INFO - Running command: ['/usr/bin/bash', '-c', '\n        echo "===== Setting up Silver Layer Environment ====="\n        mkdir -p /opt/***/dags/silver\n        echo "✅ Silver environment ready."\n        ']
[2025-10-24T12:19:30.265+0000] {subprocess.py:86} INFO - Output:
[2025-10-24T12:19:30.267+0000] {subprocess.py:93} INFO - ===== Setting up Silver Layer Environment =====
[2025-10-24T12:19:30.270+0000] {subprocess.py:93} INFO - ✅ Silver environment ready.
[2025-10-24T12:19:30.270+0000] {subprocess.py:97} INFO - Command exited with return code 0
[2025-10-24T12:19:30.271+0000] {taskinstance.py:441} INFO - ::group::Post task execution logs
[2025-10-24T12:19:30.293+0000] {taskinstance.py:1205} INFO - Marking task as SUCCESS. dag_id=silver_layer_dag, task_id=setup_silver_environment, execution_date=20251024T121928, start_date=20251024T121930, end_date=20251024T121930
[2025-10-24T12:19:30.334+0000] {local_task_job_runner.py:240} INFO - Task exited with return code 0
[2025-10-24T12:19:30.355+0000] {taskinstance.py:3482} INFO - 1 downstream tasks scheduled from follow-on schedule check
[2025-10-24T12:19:30.357+0000] {local_task_job_runner.py:222} INFO - ::endgroup::
