[2025-10-22T10:54:16.192+0000] {local_task_job_runner.py:120} INFO - ::group::Pre task execution logs
[2025-10-22T10:54:16.208+0000] {taskinstance.py:2073} INFO - Dependencies all met for dep_context=non-requeueable deps ti=<TaskInstance: silver_layer_cleaning_pyspark.setup_silver_environment manual__2025-10-22T10:10:49.717045+00:00 [queued]>
[2025-10-22T10:54:16.214+0000] {taskinstance.py:2073} INFO - Dependencies all met for dep_context=requeueable deps ti=<TaskInstance: silver_layer_cleaning_pyspark.setup_silver_environment manual__2025-10-22T10:10:49.717045+00:00 [queued]>
[2025-10-22T10:54:16.214+0000] {taskinstance.py:2303} INFO - Starting attempt 3 of 3
[2025-10-22T10:54:16.224+0000] {taskinstance.py:2327} INFO - Executing <Task(BashOperator): setup_silver_environment> on 2025-10-22 10:10:49.717045+00:00
[2025-10-22T10:54:16.231+0000] {warnings.py:110} WARNING - /home/***/.local/lib/python3.12/site-packages/***/task/task_runner/standard_task_runner.py:61: DeprecationWarning: This process (pid=1109) is multi-threaded, use of fork() may lead to deadlocks in the child.
  pid = os.fork()

[2025-10-22T10:54:16.232+0000] {standard_task_runner.py:63} INFO - Started process 1110 to run task
[2025-10-22T10:54:16.232+0000] {standard_task_runner.py:90} INFO - Running: ['***', 'tasks', 'run', 'silver_layer_cleaning_pyspark', 'setup_silver_environment', 'manual__2025-10-22T10:10:49.717045+00:00', '--job-id', '48', '--raw', '--subdir', 'DAGS_FOLDER/silver_layer_dag.py', '--cfg-path', '/tmp/tmpeoxh067m']
[2025-10-22T10:54:16.234+0000] {standard_task_runner.py:91} INFO - Job 48: Subtask setup_silver_environment
[2025-10-22T10:54:16.246+0000] {warnings.py:110} WARNING - /home/***/.local/lib/python3.12/site-packages/***/settings.py:195: DeprecationWarning: The sql_alchemy_conn option in [core] has been moved to the sql_alchemy_conn option in [database] - the old setting has been used, but please update your config.
  SQL_ALCHEMY_CONN = conf.get("database", "SQL_ALCHEMY_CONN")

[2025-10-22T10:54:16.275+0000] {task_command.py:426} INFO - Running <TaskInstance: silver_layer_cleaning_pyspark.setup_silver_environment manual__2025-10-22T10:10:49.717045+00:00 [running]> on host 7df8b8276d1d
[2025-10-22T10:54:16.341+0000] {taskinstance.py:2644} INFO - Exporting env vars: AIRFLOW_CTX_DAG_OWNER='data_team' AIRFLOW_CTX_DAG_ID='silver_layer_cleaning_pyspark' AIRFLOW_CTX_TASK_ID='setup_silver_environment' AIRFLOW_CTX_EXECUTION_DATE='2025-10-22T10:10:49.717045+00:00' AIRFLOW_CTX_TRY_NUMBER='3' AIRFLOW_CTX_DAG_RUN_ID='manual__2025-10-22T10:10:49.717045+00:00'
[2025-10-22T10:54:16.342+0000] {taskinstance.py:430} INFO - ::endgroup::
[2025-10-22T10:54:16.355+0000] {subprocess.py:63} INFO - Tmp dir root location: /tmp
[2025-10-22T10:54:16.357+0000] {subprocess.py:75} INFO - Running command: ['/usr/bin/bash', '-c', '\necho "== Silver env check =="\npython3 - <<\'PY\'\n\nimport os\nfrom pyspark.sql import SparkSession, functions as F\nfrom pyspark.sql.types import StringType, FloatType\n\n# set credentials and local ip inside runtime process\nos.environ[\'AWS_ACCESS_KEY_ID\'] = \'minioadmin\'\nos.environ[\'AWS_SECRET_ACCESS_KEY\'] = \'minioadmin\'\nos.environ[\'SPARK_LOCAL_IP\'] = \'127.0.0.1\'\n\n# create spark session (packages used to access s3a and aws jars)\nspark = SparkSession.builder \\\n    .appName("SilverLayerProcessing") \\\n    .config("spark.hadoop.fs.s3a.endpoint", "http://minio:9000") \\\n    .config("spark.hadoop.fs.s3a.access.key", "minioadmin") \\\n    .config("spark.hadoop.fs.s3a.secret.key", "minioadmin") \\\n    .config("spark.hadoop.fs.s3a.impl", "org.apache.hadoop.fs.s3a.S3AFileSystem") \\\n    .config("spark.jars.packages", "org.apache.hadoop:hadoop-aws:3.3.4,com.amazonaws:aws-java-sdk-s3:1.12.570") \\\n    .getOrCreate()\n\nfrom minio import Minio\nclient = Minio("minio:9000", access_key="minioadmin", secret_key="minioadmin", secure=False)\n\n# ensure buckets exist (idempotent)\nfor b in ["bronze", "silver"]:\n    try:\n        if not client.bucket_exists(b):\n            client.make_bucket(b)\n    except Exception as e:\n        # keep going; bucket checks often fail if MinIO not yet fully ready — error will surface when reading\n        print("minio bucket check:", e)\n\n# define s3a paths\nBRONZE_PATH = "s3a://bronze"\nSILVER_PATH = "s3a://silver"\n\nprint("Spark session created successfully (runtime).")\nspark.stop()\nPY']
[2025-10-22T10:54:16.368+0000] {subprocess.py:86} INFO - Output:
[2025-10-22T10:54:16.380+0000] {subprocess.py:93} INFO - == Silver env check ==
[2025-10-22T10:54:16.948+0000] {subprocess.py:93} INFO - /home/***/.local/lib/python3.12/site-packages/pyspark/bin/load-spark-env.sh: line 68: ps: command not found
[2025-10-22T10:54:16.950+0000] {subprocess.py:93} INFO - JAVA_HOME is not set
[2025-10-22T10:54:17.031+0000] {subprocess.py:93} INFO - Traceback (most recent call last):
[2025-10-22T10:54:17.032+0000] {subprocess.py:93} INFO -   File "<stdin>", line 19, in <module>
[2025-10-22T10:54:17.032+0000] {subprocess.py:93} INFO -   File "/home/***/.local/lib/python3.12/site-packages/pyspark/sql/session.py", line 497, in getOrCreate
[2025-10-22T10:54:17.032+0000] {subprocess.py:93} INFO -     sc = SparkContext.getOrCreate(sparkConf)
[2025-10-22T10:54:17.033+0000] {subprocess.py:93} INFO -          ^^^^^^^^^^^^^^^^^^^^^^^^^^^^^^^^^^^
[2025-10-22T10:54:17.033+0000] {subprocess.py:93} INFO -   File "/home/***/.local/lib/python3.12/site-packages/pyspark/context.py", line 515, in getOrCreate
[2025-10-22T10:54:17.033+0000] {subprocess.py:93} INFO -     SparkContext(conf=conf or SparkConf())
[2025-10-22T10:54:17.034+0000] {subprocess.py:93} INFO -   File "/home/***/.local/lib/python3.12/site-packages/pyspark/context.py", line 201, in __init__
[2025-10-22T10:54:17.034+0000] {subprocess.py:93} INFO -     SparkContext._ensure_initialized(self, gateway=gateway, conf=conf)
[2025-10-22T10:54:17.034+0000] {subprocess.py:93} INFO -   File "/home/***/.local/lib/python3.12/site-packages/pyspark/context.py", line 436, in _ensure_initialized
[2025-10-22T10:54:17.034+0000] {subprocess.py:93} INFO -     SparkContext._gateway = gateway or launch_gateway(conf)
[2025-10-22T10:54:17.035+0000] {subprocess.py:93} INFO -                                        ^^^^^^^^^^^^^^^^^^^^
[2025-10-22T10:54:17.035+0000] {subprocess.py:93} INFO -   File "/home/***/.local/lib/python3.12/site-packages/pyspark/java_gateway.py", line 107, in launch_gateway
[2025-10-22T10:54:17.035+0000] {subprocess.py:93} INFO -     raise PySparkRuntimeError(
[2025-10-22T10:54:17.036+0000] {subprocess.py:93} INFO - pyspark.errors.exceptions.base.PySparkRuntimeError: [JAVA_GATEWAY_EXITED] Java gateway process exited before sending its port number.
[2025-10-22T10:54:17.065+0000] {subprocess.py:97} INFO - Command exited with return code 1
[2025-10-22T10:54:17.066+0000] {taskinstance.py:441} INFO - ::group::Post task execution logs
[2025-10-22T10:54:17.074+0000] {taskinstance.py:2890} ERROR - Task failed with exception
Traceback (most recent call last):
  File "/home/airflow/.local/lib/python3.12/site-packages/airflow/models/taskinstance.py", line 465, in _execute_task
    result = _execute_callable(context=context, **execute_callable_kwargs)
             ^^^^^^^^^^^^^^^^^^^^^^^^^^^^^^^^^^^^^^^^^^^^^^^^^^^^^^^^^^^^^
  File "/home/airflow/.local/lib/python3.12/site-packages/airflow/models/taskinstance.py", line 432, in _execute_callable
    return execute_callable(context=context, **execute_callable_kwargs)
           ^^^^^^^^^^^^^^^^^^^^^^^^^^^^^^^^^^^^^^^^^^^^^^^^^^^^^^^^^^^^
  File "/home/airflow/.local/lib/python3.12/site-packages/airflow/models/baseoperator.py", line 400, in wrapper
    return func(self, *args, **kwargs)
           ^^^^^^^^^^^^^^^^^^^^^^^^^^^
  File "/home/airflow/.local/lib/python3.12/site-packages/airflow/operators/bash.py", line 243, in execute
    raise AirflowException(
airflow.exceptions.AirflowException: Bash command failed. The command returned a non-zero exit code 1.
[2025-10-22T10:54:17.079+0000] {taskinstance.py:1205} INFO - Marking task as FAILED. dag_id=silver_layer_cleaning_pyspark, task_id=setup_silver_environment, execution_date=20251022T101049, start_date=20251022T105416, end_date=20251022T105417
[2025-10-22T10:54:17.090+0000] {standard_task_runner.py:110} ERROR - Failed to execute job 48 for task setup_silver_environment (Bash command failed. The command returned a non-zero exit code 1.; 1110)
[2025-10-22T10:54:17.128+0000] {local_task_job_runner.py:240} INFO - Task exited with return code 1
[2025-10-22T10:54:17.147+0000] {taskinstance.py:3482} INFO - 0 downstream tasks scheduled from follow-on schedule check
[2025-10-22T10:54:17.151+0000] {local_task_job_runner.py:222} INFO - ::endgroup::
