[2025-10-22T14:34:16.356+0000] {local_task_job_runner.py:120} INFO - ::group::Pre task execution logs
[2025-10-22T14:34:16.375+0000] {taskinstance.py:2073} INFO - Dependencies all met for dep_context=non-requeueable deps ti=<TaskInstance: silver_layer_dag.clean_products manual__2025-10-22T14:27:30.501608+00:00 [queued]>
[2025-10-22T14:34:16.380+0000] {taskinstance.py:2073} INFO - Dependencies all met for dep_context=requeueable deps ti=<TaskInstance: silver_layer_dag.clean_products manual__2025-10-22T14:27:30.501608+00:00 [queued]>
[2025-10-22T14:34:16.381+0000] {taskinstance.py:2303} INFO - Starting attempt 2 of 2
[2025-10-22T14:34:16.392+0000] {taskinstance.py:2327} INFO - Executing <Task(BashOperator): clean_products> on 2025-10-22 14:27:30.501608+00:00
[2025-10-22T14:34:16.401+0000] {warnings.py:110} WARNING - /home/***/.local/lib/python3.12/site-packages/***/task/task_runner/standard_task_runner.py:61: DeprecationWarning: This process (pid=75) is multi-threaded, use of fork() may lead to deadlocks in the child.
  pid = os.fork()

[2025-10-22T14:34:16.408+0000] {standard_task_runner.py:63} INFO - Started process 78 to run task
[2025-10-22T14:34:16.409+0000] {standard_task_runner.py:90} INFO - Running: ['***', 'tasks', 'run', 'silver_layer_dag', 'clean_products', 'manual__2025-10-22T14:27:30.501608+00:00', '--job-id', '194', '--raw', '--subdir', 'DAGS_FOLDER/silver_layer_dag.py', '--cfg-path', '/tmp/tmp8bb94nfw']
[2025-10-22T14:34:16.412+0000] {standard_task_runner.py:91} INFO - Job 194: Subtask clean_products
[2025-10-22T14:34:16.431+0000] {warnings.py:110} WARNING - /home/***/.local/lib/python3.12/site-packages/***/settings.py:195: DeprecationWarning: The sql_alchemy_conn option in [core] has been moved to the sql_alchemy_conn option in [database] - the old setting has been used, but please update your config.
  SQL_ALCHEMY_CONN = conf.get("database", "SQL_ALCHEMY_CONN")

[2025-10-22T14:34:16.465+0000] {task_command.py:426} INFO - Running <TaskInstance: silver_layer_dag.clean_products manual__2025-10-22T14:27:30.501608+00:00 [running]> on host 98e3baa252b2
[2025-10-22T14:34:16.514+0000] {abstractoperator.py:725} ERROR - Exception rendering Jinja template for task 'clean_products', field 'bash_command'. Template: '\necho "== Cleaning products =="\npython3 - <<\'PY\'\n\nimport os, re, io, json\nfrom datetime import datetime\nfrom pyspark.sql import SparkSession, functions as F\nfrom pyspark.sql.types import StringType, FloatType\nfrom minio import Minio\n\nos.environ[\'AWS_ACCESS_KEY_ID\'] = \'minioadmin\'\nos.environ[\'AWS_SECRET_ACCESS_KEY\'] = \'minioadmin\'\nos.environ[\'SPARK_LOCAL_IP\'] = \'127.0.0.1\'\n\nspark = SparkSession.builder \\\n    .appName("SilverLayerProcessing") \\\n    .config("spark.hadoop.fs.s3a.endpoint", "http://minio:9000") \\\n    .config("spark.hadoop.fs.s3a.access.key", "minioadmin") \\\n    .config("spark.hadoop.fs.s3a.secret.key", "minioadmin") \\\n    .config("spark.hadoop.fs.s3a.impl", "org.apache.hadoop.fs.s3a.S3AFileSystem") \\\n    .config("spark.hadoop.fs.s3a.path.style.access", "true") \\\n    .config("spark.jars.packages", "org.apache.hadoop:hadoop-aws:3.3.4,com.amazonaws:aws-java-sdk-bundle:1.12.262") \\\n    .getOrCreate()\n\nclient = Minio("minio:9000", access_key="minioadmin", secret_key="minioadmin", secure=False)\n\nBRONZE_BUCKET = "bronze"\nBRONZE_PREFIXES = ["kaggle_data", "api_data"]\nSILVER_PATH = "s3a://silver"\n\ndef list_first_level_subfolders(prefix_root):\n    found = set()\n    try:\n        for obj in client.list_objects(BRONZE_BUCKET, prefix=f"{prefix_root}/", recursive=True):\n            parts = obj.object_name.split("/")\n            if len(parts) >= 2:\n                found.add(parts[1])\n    except Exception as e:\n        print("Error listing objects for", prefix_root, e)\n    return sorted([f for f in found if re.match(r"^[0-9]{8}_[0-9]{6}$", f)])\n\ndef get_latest_timestamp_for_prefix(prefix_root):\n    subs = list_first_level_subfolders(prefix_root)\n    return subs[-1] if subs else None\n\ndef object_exists_in_folder(prefix_root, ts_folder, candidate_names):\n    if not ts_folder:\n        return None\n    folder_prefix = f"{prefix_root}/{ts_folder}/"\n    try:\n        for obj in client.list_objects(BRONZE_BUCKET, prefix=folder_prefix, recursive=True):\n            name = obj.object_name.split("/")[-1].lower()\n            for cand in candidate_names:\n                if cand.lower() in name:\n                    return obj.object_name\n    except Exception as e:\n        print("Error checking objects in", folder_prefix, e)\n    return None\n\ndef spark_read_by_key(bucket, key):\n    path = f"s3a://{bucket}/{key}"\n    if key.lower().endswith(".csv"):\n        return spark.read.option("header", "true").option("inferSchema", "true").csv(path)\n    elif key.lower().endswith(".json"):\n        return spark.read.option("multiLine", "true").json(path)\n    else:\n        return spark.read.option("header", "true").option("inferSchema", "true").csv(path)\n\n\ntry:\n    processed = []\n    for prefix in BRONZE_PREFIXES:\n        ts = get_latest_timestamp_for_prefix(prefix)\n        if not ts:\n            print(f"No timestamp folders found for prefix: {{prefix}}")\n            continue\n\n        key = object_exists_in_folder(prefix, ts, [\'product\'])\n        if not key:\n            print(f"No products file found under {{prefix}}/{{ts}}")\n            continue\n\n        print(f"Found source object: s3a://{{BRONZE_BUCKET}}/{{key}}")\n        df = spark_read_by_key(BRONZE_BUCKET, key)\n        print(f"Raw rows: {{df.count()}} | Columns: {{df.columns}}")\n\n        if "products" == "customers":\n            df_clean = df.dropDuplicates()\n            id_cols = [c for c in df.columns if \'id\' in c.lower() and \'product\' not in c.lower() and \'order\' not in c.lower()]\n            if id_cols:\n                df_clean = df_clean.dropDuplicates([id_cols[0]]).na.drop(subset=[id_cols[0]])\n            email_cols = [c for c in df.columns if \'email\' in c.lower()]\n            if email_cols:\n                df_clean = df_clean.withColumn(email_cols[0], F.lower(F.trim(F.col(email_cols[0]))))\n        elif "products" == "products":\n            df_clean = df.dropDuplicates()\n            price_cols = [c for c in df.columns if \'price\' in c.lower()]\n            if price_cols:\n                df_clean = df_clean.withColumn(price_cols[0], F.col(price_cols[0]).cast(FloatType()))\n        elif "products" == "orders":\n            df_clean = df.dropDuplicates()\n        else:\n            df_clean = df\n\n        out_path = f"{{SILVER_PATH}}/{{prefix}}/{{ts}}/products_cleaned"\n        print(f"Writing cleaned dataset to {{out_path}}")\n        df_clean.coalesce(1).write.mode("overwrite").option("header", "true").csv(out_path)\n        processed.append({"prefix": prefix, "ts": ts, "rows": df_clean.count(), "out": out_path})\n\n    print("=== Processing summary ===")\n    if not processed:\n        raise Exception("No data processed for products")\n    else:\n        for p in processed:\n            print(p)\n\nexcept Exception as e:\n    print(f"Error cleaning products: {{e}}")\n    import traceback; traceback.print_exc()\n    raise\nfinally:\n    spark.stop()\nPY\n'
Traceback (most recent call last):
  File "/home/airflow/.local/lib/python3.12/site-packages/airflow/models/abstractoperator.py", line 717, in _do_render_template_fields
    rendered_content = self.render_template(
                       ^^^^^^^^^^^^^^^^^^^^^
  File "/home/airflow/.local/lib/python3.12/site-packages/airflow/template/templater.py", line 169, in render_template
    return self._render(template, context)
           ^^^^^^^^^^^^^^^^^^^^^^^^^^^^^^^
  File "/home/airflow/.local/lib/python3.12/site-packages/airflow/models/abstractoperator.py", line 675, in _render
    return super()._render(template, context, dag=dag)
           ^^^^^^^^^^^^^^^^^^^^^^^^^^^^^^^^^^^^^^^^^^^
  File "/home/airflow/.local/lib/python3.12/site-packages/airflow/template/templater.py", line 126, in _render
    return render_template_to_string(template, context)
           ^^^^^^^^^^^^^^^^^^^^^^^^^^^^^^^^^^^^^^^^^^^^
  File "/home/airflow/.local/lib/python3.12/site-packages/airflow/utils/helpers.py", line 289, in render_template_to_string
    return render_template(template, cast(MutableMapping[str, Any], context), native=False)
           ^^^^^^^^^^^^^^^^^^^^^^^^^^^^^^^^^^^^^^^^^^^^^^^^^^^^^^^^^^^^^^^^^^^^^^^^^^^^^^^^
  File "/home/airflow/.local/lib/python3.12/site-packages/airflow/utils/helpers.py", line 284, in render_template
    return "".join(nodes)
           ^^^^^^^^^^^^^^
  File "<template>", line 20, in root
  File "/home/airflow/.local/lib/python3.12/site-packages/jinja2/runtime.py", line 852, in _fail_with_undefined_error
    raise self._undefined_exception(self._undefined_message)
jinja2.exceptions.UndefinedError: 'prefix' is undefined
[2025-10-22T14:34:16.516+0000] {taskinstance.py:2890} ERROR - Task failed with exception
Traceback (most recent call last):
  File "/home/airflow/.local/lib/python3.12/site-packages/airflow/models/taskinstance.py", line 2476, in _run_raw_task
    self._execute_task_with_callbacks(context, test_mode, session=session)
  File "/home/airflow/.local/lib/python3.12/site-packages/airflow/models/taskinstance.py", line 2629, in _execute_task_with_callbacks
    task_orig = self.render_templates(context=context, jinja_env=jinja_env)
                ^^^^^^^^^^^^^^^^^^^^^^^^^^^^^^^^^^^^^^^^^^^^^^^^^^^^^^^^^^^
  File "/home/airflow/.local/lib/python3.12/site-packages/airflow/models/taskinstance.py", line 3079, in render_templates
    original_task.render_template_fields(context, jinja_env)
  File "/home/airflow/.local/lib/python3.12/site-packages/airflow/models/baseoperator.py", line 1336, in render_template_fields
    self._do_render_template_fields(self, self.template_fields, context, jinja_env, set())
  File "/home/airflow/.local/lib/python3.12/site-packages/airflow/models/abstractoperator.py", line 717, in _do_render_template_fields
    rendered_content = self.render_template(
                       ^^^^^^^^^^^^^^^^^^^^^
  File "/home/airflow/.local/lib/python3.12/site-packages/airflow/template/templater.py", line 169, in render_template
    return self._render(template, context)
           ^^^^^^^^^^^^^^^^^^^^^^^^^^^^^^^
  File "/home/airflow/.local/lib/python3.12/site-packages/airflow/models/abstractoperator.py", line 675, in _render
    return super()._render(template, context, dag=dag)
           ^^^^^^^^^^^^^^^^^^^^^^^^^^^^^^^^^^^^^^^^^^^
  File "/home/airflow/.local/lib/python3.12/site-packages/airflow/template/templater.py", line 126, in _render
    return render_template_to_string(template, context)
           ^^^^^^^^^^^^^^^^^^^^^^^^^^^^^^^^^^^^^^^^^^^^
  File "/home/airflow/.local/lib/python3.12/site-packages/airflow/utils/helpers.py", line 289, in render_template_to_string
    return render_template(template, cast(MutableMapping[str, Any], context), native=False)
           ^^^^^^^^^^^^^^^^^^^^^^^^^^^^^^^^^^^^^^^^^^^^^^^^^^^^^^^^^^^^^^^^^^^^^^^^^^^^^^^^
  File "/home/airflow/.local/lib/python3.12/site-packages/airflow/utils/helpers.py", line 284, in render_template
    return "".join(nodes)
           ^^^^^^^^^^^^^^
  File "<template>", line 20, in root
  File "/home/airflow/.local/lib/python3.12/site-packages/jinja2/runtime.py", line 852, in _fail_with_undefined_error
    raise self._undefined_exception(self._undefined_message)
jinja2.exceptions.UndefinedError: 'prefix' is undefined
[2025-10-22T14:34:16.525+0000] {taskinstance.py:1205} INFO - Marking task as FAILED. dag_id=silver_layer_dag, task_id=clean_products, execution_date=20251022T142730, start_date=20251022T143416, end_date=20251022T143416
[2025-10-22T14:34:16.536+0000] {standard_task_runner.py:110} ERROR - Failed to execute job 194 for task clean_products ('prefix' is undefined; 78)
[2025-10-22T14:34:16.584+0000] {local_task_job_runner.py:240} INFO - Task exited with return code 1
[2025-10-22T14:34:16.617+0000] {taskinstance.py:3482} INFO - 0 downstream tasks scheduled from follow-on schedule check
[2025-10-22T14:34:16.621+0000] {local_task_job_runner.py:222} INFO - ::endgroup::
