[2025-10-21T19:52:27.019+0000] {local_task_job_runner.py:120} INFO - ::group::Pre task execution logs
[2025-10-21T19:52:27.036+0000] {taskinstance.py:2073} INFO - Dependencies all met for dep_context=non-requeueable deps ti=<TaskInstance: bronze_layer_ingestion_simple.setup_environment manual__2025-10-21T19:52:25.986473+00:00 [queued]>
[2025-10-21T19:52:27.042+0000] {taskinstance.py:2073} INFO - Dependencies all met for dep_context=requeueable deps ti=<TaskInstance: bronze_layer_ingestion_simple.setup_environment manual__2025-10-21T19:52:25.986473+00:00 [queued]>
[2025-10-21T19:52:27.043+0000] {taskinstance.py:2303} INFO - Starting attempt 1 of 3
[2025-10-21T19:52:27.053+0000] {taskinstance.py:2327} INFO - Executing <Task(BashOperator): setup_environment> on 2025-10-21 19:52:25.986473+00:00
[2025-10-21T19:52:27.060+0000] {warnings.py:110} WARNING - /home/***/.local/lib/python3.12/site-packages/***/task/task_runner/standard_task_runner.py:61: DeprecationWarning: This process (pid=271) is multi-threaded, use of fork() may lead to deadlocks in the child.
  pid = os.fork()

[2025-10-21T19:52:27.062+0000] {standard_task_runner.py:63} INFO - Started process 272 to run task
[2025-10-21T19:52:27.062+0000] {standard_task_runner.py:90} INFO - Running: ['***', 'tasks', 'run', 'bronze_layer_ingestion_simple', 'setup_environment', 'manual__2025-10-21T19:52:25.986473+00:00', '--job-id', '24', '--raw', '--subdir', 'DAGS_FOLDER/bronze_dag_simple.py', '--cfg-path', '/tmp/tmpe6e3gwwm']
[2025-10-21T19:52:27.064+0000] {standard_task_runner.py:91} INFO - Job 24: Subtask setup_environment
[2025-10-21T19:52:27.076+0000] {warnings.py:110} WARNING - /home/***/.local/lib/python3.12/site-packages/***/settings.py:195: DeprecationWarning: The sql_alchemy_conn option in [core] has been moved to the sql_alchemy_conn option in [database] - the old setting has been used, but please update your config.
  SQL_ALCHEMY_CONN = conf.get("database", "SQL_ALCHEMY_CONN")

[2025-10-21T19:52:27.103+0000] {task_command.py:426} INFO - Running <TaskInstance: bronze_layer_ingestion_simple.setup_environment manual__2025-10-21T19:52:25.986473+00:00 [running]> on host cf72a0a2e54c
[2025-10-21T19:52:27.177+0000] {taskinstance.py:2644} INFO - Exporting env vars: AIRFLOW_CTX_DAG_OWNER='afnan_khan' AIRFLOW_CTX_DAG_ID='bronze_layer_ingestion_simple' AIRFLOW_CTX_TASK_ID='setup_environment' AIRFLOW_CTX_EXECUTION_DATE='2025-10-21T19:52:25.986473+00:00' AIRFLOW_CTX_TRY_NUMBER='1' AIRFLOW_CTX_DAG_RUN_ID='manual__2025-10-21T19:52:25.986473+00:00'
[2025-10-21T19:52:27.178+0000] {taskinstance.py:430} INFO - ::endgroup::
[2025-10-21T19:52:27.189+0000] {subprocess.py:63} INFO - Tmp dir root location: /tmp
[2025-10-21T19:52:27.190+0000] {subprocess.py:75} INFO - Running command: ['/usr/bin/bash', '-c', '\n    echo "Setting up environment..."\n    echo "Note: production-ready fix -> install packages via Docker image (_PIP_ADDITIONAL_REQUIREMENTS) instead of runtime pip."\n\n    # Ensure Kaggle credentials\n    if [ -f /opt/***/dags/kaggle.json ]; then\n      mkdir -p ~/.kaggle\n      cp /opt/***/dags/kaggle.json ~/.kaggle/kaggle.json\n      chmod 600 ~/.kaggle/kaggle.json\n      echo "Kaggle credentials copied"\n    else\n      echo "kaggle.json NOT found at /opt/***/dags/kaggle.json — if you need Kaggle, add it to ./dags/"\n    fi\n\n    # Basic verification (no pip installs here — prefer building image)\n    echo "Listing /opt/***/dags/bronze"\n    ls -la /opt/***/dags/bronze || true\n\n    python3 - <<\'PY\'\nimport os, sys\ntry:\n    import kaggle, minio, requests\n    print("kaggle, minio, requests available")\nexcept Exception as e:\n    print("Some packages are missing:", e)\n    # do not attempt to pip install in DAG; instead rebuild image or set _PIP_ADDITIONAL_REQUIREMENTS\n    sys.exit(0)\nPY\n\n    echo "Environment setup step finished"\n    ']
[2025-10-21T19:52:27.201+0000] {subprocess.py:86} INFO - Output:
[2025-10-21T19:52:27.211+0000] {subprocess.py:93} INFO - Setting up environment...
[2025-10-21T19:52:27.211+0000] {subprocess.py:93} INFO - Note: production-ready fix -> install packages via Docker image (_PIP_ADDITIONAL_REQUIREMENTS) instead of runtime pip.
[2025-10-21T19:52:27.228+0000] {subprocess.py:93} INFO - Kaggle credentials copied
[2025-10-21T19:52:27.228+0000] {subprocess.py:93} INFO - Listing /opt/***/dags/bronze
[2025-10-21T19:52:27.237+0000] {subprocess.py:93} INFO - total 20
[2025-10-21T19:52:27.238+0000] {subprocess.py:93} INFO - drwxrwxrwx 1 root root 4096 Oct 20 20:31 .
[2025-10-21T19:52:27.238+0000] {subprocess.py:93} INFO - drwxrwxrwx 1 root root 4096 Oct 21 19:00 ..
[2025-10-21T19:52:27.238+0000] {subprocess.py:93} INFO - -rwxrwxrwx 1 root root 3242 Oct 20 20:17 README.md
[2025-10-21T19:52:27.239+0000] {subprocess.py:93} INFO - -rwxrwxrwx 1 root root 4227 Oct 20 20:17 api_ingestion.py
[2025-10-21T19:52:27.239+0000] {subprocess.py:93} INFO - -rwxrwxrwx 1 root root 4363 Oct 20 20:17 kaggle_ingestion.py
[2025-10-21T19:52:27.967+0000] {subprocess.py:93} INFO - kaggle, minio, requests available
[2025-10-21T19:52:28.007+0000] {subprocess.py:93} INFO - Environment setup step finished
[2025-10-21T19:52:28.008+0000] {subprocess.py:97} INFO - Command exited with return code 0
[2025-10-21T19:52:28.009+0000] {taskinstance.py:441} INFO - ::group::Post task execution logs
[2025-10-21T19:52:28.037+0000] {taskinstance.py:1205} INFO - Marking task as SUCCESS. dag_id=bronze_layer_ingestion_simple, task_id=setup_environment, execution_date=20251021T195225, start_date=20251021T195227, end_date=20251021T195228
[2025-10-21T19:52:28.078+0000] {local_task_job_runner.py:240} INFO - Task exited with return code 0
[2025-10-21T19:52:28.107+0000] {taskinstance.py:3482} INFO - 2 downstream tasks scheduled from follow-on schedule check
[2025-10-21T19:52:28.109+0000] {local_task_job_runner.py:222} INFO - ::endgroup::
