[2025-10-22T12:13:39.821+0000] {local_task_job_runner.py:120} INFO - ::group::Pre task execution logs
[2025-10-22T12:13:39.846+0000] {taskinstance.py:2073} INFO - Dependencies all met for dep_context=non-requeueable deps ti=<TaskInstance: bronze_dag_simple.trigger_silver manual__2025-10-22T12:06:07.502864+00:00 [queued]>
[2025-10-22T12:13:39.853+0000] {taskinstance.py:2073} INFO - Dependencies all met for dep_context=requeueable deps ti=<TaskInstance: bronze_dag_simple.trigger_silver manual__2025-10-22T12:06:07.502864+00:00 [queued]>
[2025-10-22T12:13:39.853+0000] {taskinstance.py:2303} INFO - Starting attempt 1 of 3
[2025-10-22T12:13:39.863+0000] {taskinstance.py:2327} INFO - Executing <Task(TriggerDagRunOperator): trigger_silver> on 2025-10-22 12:06:07.502864+00:00
[2025-10-22T12:13:39.868+0000] {warnings.py:110} WARNING - /home/***/.local/lib/python3.12/site-packages/***/task/task_runner/standard_task_runner.py:61: DeprecationWarning: This process (pid=1684) is multi-threaded, use of fork() may lead to deadlocks in the child.
  pid = os.fork()

[2025-10-22T12:13:39.869+0000] {standard_task_runner.py:63} INFO - Started process 1685 to run task
[2025-10-22T12:13:39.870+0000] {standard_task_runner.py:90} INFO - Running: ['***', 'tasks', 'run', 'bronze_dag_simple', 'trigger_silver', 'manual__2025-10-22T12:06:07.502864+00:00', '--job-id', '51', '--raw', '--subdir', 'DAGS_FOLDER/bronze_dag_simple.py', '--cfg-path', '/tmp/tmpgg4ue8je']
[2025-10-22T12:13:39.871+0000] {standard_task_runner.py:91} INFO - Job 51: Subtask trigger_silver
[2025-10-22T12:13:39.882+0000] {warnings.py:110} WARNING - /home/***/.local/lib/python3.12/site-packages/***/settings.py:195: DeprecationWarning: The sql_alchemy_conn option in [core] has been moved to the sql_alchemy_conn option in [database] - the old setting has been used, but please update your config.
  SQL_ALCHEMY_CONN = conf.get("database", "SQL_ALCHEMY_CONN")

[2025-10-22T12:13:39.903+0000] {task_command.py:426} INFO - Running <TaskInstance: bronze_dag_simple.trigger_silver manual__2025-10-22T12:06:07.502864+00:00 [running]> on host 106a2f4786f4
[2025-10-22T12:13:39.969+0000] {taskinstance.py:2644} INFO - Exporting env vars: AIRFLOW_CTX_DAG_OWNER='afnan_khan' AIRFLOW_CTX_DAG_ID='bronze_dag_simple' AIRFLOW_CTX_TASK_ID='trigger_silver' AIRFLOW_CTX_EXECUTION_DATE='2025-10-22T12:06:07.502864+00:00' AIRFLOW_CTX_TRY_NUMBER='1' AIRFLOW_CTX_DAG_RUN_ID='manual__2025-10-22T12:06:07.502864+00:00'
[2025-10-22T12:13:39.969+0000] {taskinstance.py:430} INFO - ::endgroup::
[2025-10-22T12:13:41.520+0000] {taskinstance.py:441} INFO - ::group::Post task execution logs
[2025-10-22T12:13:41.527+0000] {taskinstance.py:1205} INFO - Marking task as SUCCESS. dag_id=bronze_dag_simple, task_id=trigger_silver, execution_date=20251022T120607, start_date=20251022T121339, end_date=20251022T121341
[2025-10-22T12:13:41.568+0000] {local_task_job_runner.py:240} INFO - Task exited with return code 0
[2025-10-22T12:13:41.579+0000] {taskinstance.py:3482} INFO - 0 downstream tasks scheduled from follow-on schedule check
[2025-10-22T12:13:41.582+0000] {local_task_job_runner.py:222} INFO - ::endgroup::
