[2025-10-21T19:27:18.556+0000] {local_task_job_runner.py:120} INFO - ::group::Pre task execution logs
[2025-10-21T19:27:18.574+0000] {taskinstance.py:2073} INFO - Dependencies all met for dep_context=non-requeueable deps ti=<TaskInstance: bronze_layer_ingestion_simple.kaggle_ingestion manual__2025-10-21T19:08:12.104985+00:00 [queued]>
[2025-10-21T19:27:18.580+0000] {taskinstance.py:2073} INFO - Dependencies all met for dep_context=requeueable deps ti=<TaskInstance: bronze_layer_ingestion_simple.kaggle_ingestion manual__2025-10-21T19:08:12.104985+00:00 [queued]>
[2025-10-21T19:27:18.580+0000] {taskinstance.py:2303} INFO - Starting attempt 1 of 3
[2025-10-21T19:27:18.592+0000] {taskinstance.py:2327} INFO - Executing <Task(BashOperator): kaggle_ingestion> on 2025-10-21 19:08:12.104985+00:00
[2025-10-21T19:27:18.598+0000] {warnings.py:110} WARNING - /home/***/.local/lib/python3.12/site-packages/***/task/task_runner/standard_task_runner.py:61: DeprecationWarning: This process (pid=191) is multi-threaded, use of fork() may lead to deadlocks in the child.
  pid = os.fork()

[2025-10-21T19:27:18.599+0000] {standard_task_runner.py:63} INFO - Started process 192 to run task
[2025-10-21T19:27:18.599+0000] {standard_task_runner.py:90} INFO - Running: ['***', 'tasks', 'run', 'bronze_layer_ingestion_simple', 'kaggle_ingestion', 'manual__2025-10-21T19:08:12.104985+00:00', '--job-id', '19', '--raw', '--subdir', 'DAGS_FOLDER/bronze_dag_simple.py', '--cfg-path', '/tmp/tmpf70bu76m']
[2025-10-21T19:27:18.601+0000] {standard_task_runner.py:91} INFO - Job 19: Subtask kaggle_ingestion
[2025-10-21T19:27:18.613+0000] {warnings.py:110} WARNING - /home/***/.local/lib/python3.12/site-packages/***/settings.py:195: DeprecationWarning: The sql_alchemy_conn option in [core] has been moved to the sql_alchemy_conn option in [database] - the old setting has been used, but please update your config.
  SQL_ALCHEMY_CONN = conf.get("database", "SQL_ALCHEMY_CONN")

[2025-10-21T19:27:18.639+0000] {task_command.py:426} INFO - Running <TaskInstance: bronze_layer_ingestion_simple.kaggle_ingestion manual__2025-10-21T19:08:12.104985+00:00 [running]> on host cf72a0a2e54c
[2025-10-21T19:27:18.711+0000] {taskinstance.py:2644} INFO - Exporting env vars: AIRFLOW_CTX_DAG_OWNER='afnan_khan' AIRFLOW_CTX_DAG_ID='bronze_layer_ingestion_simple' AIRFLOW_CTX_TASK_ID='kaggle_ingestion' AIRFLOW_CTX_EXECUTION_DATE='2025-10-21T19:08:12.104985+00:00' AIRFLOW_CTX_TRY_NUMBER='1' AIRFLOW_CTX_DAG_RUN_ID='manual__2025-10-21T19:08:12.104985+00:00'
[2025-10-21T19:27:18.711+0000] {taskinstance.py:430} INFO - ::endgroup::
[2025-10-21T19:27:18.722+0000] {subprocess.py:63} INFO - Tmp dir root location: /tmp
[2025-10-21T19:27:18.723+0000] {subprocess.py:75} INFO - Running command: ['/usr/bin/bash', '-c', '\n    cd /opt/***/dags/bronze\n    export PYTHONPATH=/opt/***/dags/bronze:$PYTHONPATH\n    python3 kaggle_ingestion.py\n    ']
[2025-10-21T19:27:18.734+0000] {subprocess.py:86} INFO - Output:
[2025-10-21T19:27:19.801+0000] {subprocess.py:93} INFO - INFO:__main__:Starting Kaggle data ingestion process
[2025-10-21T19:27:19.806+0000] {subprocess.py:93} INFO - INFO:__main__:Bucket bronze already exists
[2025-10-21T19:27:19.807+0000] {subprocess.py:93} INFO - INFO:__main__:Downloading dataset: olistbr/brazilian-ecommerce
[2025-10-21T19:27:03.395+0000] {subprocess.py:93} INFO - INFO:__main__:Dataset downloaded successfully
[2025-10-21T19:27:03.551+0000] {subprocess.py:93} INFO - INFO:__main__:Uploaded olist_customers_dataset.csv to kaggle_data/20251021_192703/olist_customers_dataset.csv
[2025-10-21T19:27:03.733+0000] {subprocess.py:93} INFO - INFO:__main__:Uploaded olist_order_reviews_dataset.csv to kaggle_data/20251021_192703/olist_order_reviews_dataset.csv
[2025-10-21T19:27:03.922+0000] {subprocess.py:93} INFO - INFO:__main__:Uploaded olist_order_items_dataset.csv to kaggle_data/20251021_192703/olist_order_items_dataset.csv
[2025-10-21T19:27:04.068+0000] {subprocess.py:93} INFO - INFO:__main__:Uploaded olist_order_payments_dataset.csv to kaggle_data/20251021_192703/olist_order_payments_dataset.csv
[2025-10-21T19:27:04.092+0000] {subprocess.py:93} INFO - INFO:__main__:Uploaded product_category_name_translation.csv to kaggle_data/20251021_192703/product_category_name_translation.csv
[2025-10-21T19:27:04.149+0000] {subprocess.py:93} INFO - INFO:__main__:Uploaded olist_products_dataset.csv to kaggle_data/20251021_192703/olist_products_dataset.csv
[2025-10-21T19:27:04.379+0000] {subprocess.py:93} INFO - INFO:__main__:Uploaded olist_orders_dataset.csv to kaggle_data/20251021_192703/olist_orders_dataset.csv
[2025-10-21T19:27:04.958+0000] {subprocess.py:93} INFO - INFO:__main__:Uploaded olist_geolocation_dataset.csv to kaggle_data/20251021_192703/olist_geolocation_dataset.csv
[2025-10-21T19:27:05.008+0000] {subprocess.py:93} INFO - INFO:__main__:Uploaded olist_sellers_dataset.csv to kaggle_data/20251021_192703/olist_sellers_dataset.csv
[2025-10-21T19:27:05.049+0000] {subprocess.py:93} INFO - INFO:__main__:Cleaned up temporary files
[2025-10-21T19:27:05.050+0000] {subprocess.py:93} INFO - INFO:__main__:Kaggle data ingestion completed successfully
[2025-10-21T19:27:05.050+0000] {subprocess.py:93} INFO - Dataset URL: https://www.kaggle.com/datasets/olistbr/brazilian-ecommerce
[2025-10-21T19:27:05.141+0000] {subprocess.py:97} INFO - Command exited with return code 0
[2025-10-21T19:27:05.142+0000] {taskinstance.py:441} INFO - ::group::Post task execution logs
[2025-10-21T19:27:05.166+0000] {taskinstance.py:1205} INFO - Marking task as SUCCESS. dag_id=bronze_layer_ingestion_simple, task_id=kaggle_ingestion, execution_date=20251021T190812, start_date=20251021T192718, end_date=20251021T192705
[2025-10-21T19:27:33.684+0000] {local_task_job_runner.py:240} INFO - Task exited with return code 0
[2025-10-21T19:27:33.697+0000] {taskinstance.py:3482} INFO - 0 downstream tasks scheduled from follow-on schedule check
[2025-10-21T19:27:33.700+0000] {local_task_job_runner.py:222} INFO - ::endgroup::
