[2025-10-22T16:12:02.590+0000] {local_task_job_runner.py:120} INFO - ::group::Pre task execution logs
[2025-10-22T16:12:02.622+0000] {taskinstance.py:2073} INFO - Dependencies all met for dep_context=non-requeueable deps ti=<TaskInstance: silver_layer_dag.clean_orders manual__2025-10-22T16:04:28.718048+00:00 [queued]>
[2025-10-22T16:12:02.632+0000] {taskinstance.py:2073} INFO - Dependencies all met for dep_context=requeueable deps ti=<TaskInstance: silver_layer_dag.clean_orders manual__2025-10-22T16:04:28.718048+00:00 [queued]>
[2025-10-22T16:12:02.633+0000] {taskinstance.py:2303} INFO - Starting attempt 2 of 2
[2025-10-22T16:12:02.655+0000] {taskinstance.py:2327} INFO - Executing <Task(PythonOperator): clean_orders> on 2025-10-22 16:04:28.718048+00:00
[2025-10-22T16:12:02.666+0000] {warnings.py:110} WARNING - /home/***/.local/lib/python3.12/site-packages/***/task/task_runner/standard_task_runner.py:61: DeprecationWarning: This process (pid=267) is multi-threaded, use of fork() may lead to deadlocks in the child.
  pid = os.fork()

[2025-10-22T16:12:02.669+0000] {standard_task_runner.py:63} INFO - Started process 269 to run task
[2025-10-22T16:12:02.669+0000] {standard_task_runner.py:90} INFO - Running: ['***', 'tasks', 'run', 'silver_layer_dag', 'clean_orders', 'manual__2025-10-22T16:04:28.718048+00:00', '--job-id', '251', '--raw', '--subdir', 'DAGS_FOLDER/silver_layer_dag.py', '--cfg-path', '/tmp/tmpir13lp13']
[2025-10-22T16:12:02.672+0000] {standard_task_runner.py:91} INFO - Job 251: Subtask clean_orders
[2025-10-22T16:12:02.692+0000] {warnings.py:110} WARNING - /home/***/.local/lib/python3.12/site-packages/***/settings.py:195: DeprecationWarning: The sql_alchemy_conn option in [core] has been moved to the sql_alchemy_conn option in [database] - the old setting has been used, but please update your config.
  SQL_ALCHEMY_CONN = conf.get("database", "SQL_ALCHEMY_CONN")

[2025-10-22T16:12:02.740+0000] {task_command.py:426} INFO - Running <TaskInstance: silver_layer_dag.clean_orders manual__2025-10-22T16:04:28.718048+00:00 [running]> on host 98e3baa252b2
[2025-10-22T16:12:03.159+0000] {taskinstance.py:2644} INFO - Exporting env vars: AIRFLOW_CTX_DAG_OWNER='data_team' AIRFLOW_CTX_DAG_ID='silver_layer_dag' AIRFLOW_CTX_TASK_ID='clean_orders' AIRFLOW_CTX_EXECUTION_DATE='2025-10-22T16:04:28.718048+00:00' AIRFLOW_CTX_TRY_NUMBER='2' AIRFLOW_CTX_DAG_RUN_ID='manual__2025-10-22T16:04:28.718048+00:00'
[2025-10-22T16:12:03.161+0000] {taskinstance.py:430} INFO - ::endgroup::
[2025-10-22T16:12:03.528+0000] {silver_layer_dag.py:130} INFO - No common timestamp folder across prefixes.
[2025-10-22T16:12:03.529+0000] {taskinstance.py:441} INFO - ::group::Post task execution logs
[2025-10-22T16:12:03.529+0000] {taskinstance.py:2890} ERROR - Task failed with exception
Traceback (most recent call last):
  File "/home/airflow/.local/lib/python3.12/site-packages/airflow/models/taskinstance.py", line 465, in _execute_task
    result = _execute_callable(context=context, **execute_callable_kwargs)
             ^^^^^^^^^^^^^^^^^^^^^^^^^^^^^^^^^^^^^^^^^^^^^^^^^^^^^^^^^^^^^
  File "/home/airflow/.local/lib/python3.12/site-packages/airflow/models/taskinstance.py", line 432, in _execute_callable
    return execute_callable(context=context, **execute_callable_kwargs)
           ^^^^^^^^^^^^^^^^^^^^^^^^^^^^^^^^^^^^^^^^^^^^^^^^^^^^^^^^^^^^
  File "/home/airflow/.local/lib/python3.12/site-packages/airflow/models/baseoperator.py", line 400, in wrapper
    return func(self, *args, **kwargs)
           ^^^^^^^^^^^^^^^^^^^^^^^^^^^
  File "/home/airflow/.local/lib/python3.12/site-packages/airflow/operators/python.py", line 235, in execute
    return_value = self.execute_callable()
                   ^^^^^^^^^^^^^^^^^^^^^^^
  File "/home/airflow/.local/lib/python3.12/site-packages/airflow/operators/python.py", line 252, in execute_callable
    return self.python_callable(*self.op_args, **self.op_kwargs)
           ^^^^^^^^^^^^^^^^^^^^^^^^^^^^^^^^^^^^^^^^^^^^^^^^^^^^^
  File "/opt/airflow/dags/silver_layer_dag.py", line 244, in process_dataset
    raise RuntimeError("No common latest timestamp available across bronze prefixes. Aborting Silver run.")
RuntimeError: No common latest timestamp available across bronze prefixes. Aborting Silver run.
[2025-10-22T16:12:03.549+0000] {taskinstance.py:1205} INFO - Marking task as FAILED. dag_id=silver_layer_dag, task_id=clean_orders, execution_date=20251022T160428, start_date=20251022T161202, end_date=20251022T161203
[2025-10-22T16:12:03.572+0000] {standard_task_runner.py:110} ERROR - Failed to execute job 251 for task clean_orders (No common latest timestamp available across bronze prefixes. Aborting Silver run.; 269)
[2025-10-22T16:12:03.607+0000] {local_task_job_runner.py:240} INFO - Task exited with return code 1
[2025-10-22T16:12:03.636+0000] {taskinstance.py:3482} INFO - 0 downstream tasks scheduled from follow-on schedule check
[2025-10-22T16:12:03.642+0000] {local_task_job_runner.py:222} INFO - ::endgroup::
