[2025-10-24T12:21:49.873+0000] {local_task_job_runner.py:120} INFO - ::group::Pre task execution logs
[2025-10-24T12:21:49.889+0000] {taskinstance.py:2073} INFO - Dependencies all met for dep_context=non-requeueable deps ti=<TaskInstance: silver_layer_dag.get_latest_bronze_folders manual__2025-10-24T12:20:52.038274+00:00 [queued]>
[2025-10-24T12:21:49.895+0000] {taskinstance.py:2073} INFO - Dependencies all met for dep_context=requeueable deps ti=<TaskInstance: silver_layer_dag.get_latest_bronze_folders manual__2025-10-24T12:20:52.038274+00:00 [queued]>
[2025-10-24T12:21:49.896+0000] {taskinstance.py:2303} INFO - Starting attempt 1 of 2
[2025-10-24T12:21:49.914+0000] {taskinstance.py:2327} INFO - Executing <Task(PythonOperator): get_latest_bronze_folders> on 2025-10-24 12:20:52.038274+00:00
[2025-10-24T12:21:49.926+0000] {warnings.py:110} WARNING - /home/***/.local/lib/python3.12/site-packages/***/task/task_runner/standard_task_runner.py:61: DeprecationWarning: This process (pid=307) is multi-threaded, use of fork() may lead to deadlocks in the child.
  pid = os.fork()

[2025-10-24T12:21:49.928+0000] {standard_task_runner.py:63} INFO - Started process 308 to run task
[2025-10-24T12:21:49.928+0000] {standard_task_runner.py:90} INFO - Running: ['***', 'tasks', 'run', 'silver_layer_dag', 'get_latest_bronze_folders', 'manual__2025-10-24T12:20:52.038274+00:00', '--job-id', '359', '--raw', '--subdir', 'DAGS_FOLDER/silver_layer_dag.py', '--cfg-path', '/tmp/tmpw3yvtz68']
[2025-10-24T12:21:49.931+0000] {standard_task_runner.py:91} INFO - Job 359: Subtask get_latest_bronze_folders
[2025-10-24T12:21:49.948+0000] {warnings.py:110} WARNING - /home/***/.local/lib/python3.12/site-packages/***/settings.py:195: DeprecationWarning: The sql_alchemy_conn option in [core] has been moved to the sql_alchemy_conn option in [database] - the old setting has been used, but please update your config.
  SQL_ALCHEMY_CONN = conf.get("database", "SQL_ALCHEMY_CONN")

[2025-10-24T12:21:49.976+0000] {task_command.py:426} INFO - Running <TaskInstance: silver_layer_dag.get_latest_bronze_folders manual__2025-10-24T12:20:52.038274+00:00 [running]> on host 437b7e7e4559
[2025-10-24T12:21:50.038+0000] {taskinstance.py:2644} INFO - Exporting env vars: AIRFLOW_CTX_DAG_OWNER='farheen_muzaffar' AIRFLOW_CTX_DAG_ID='silver_layer_dag' AIRFLOW_CTX_TASK_ID='get_latest_bronze_folders' AIRFLOW_CTX_EXECUTION_DATE='2025-10-24T12:20:52.038274+00:00' AIRFLOW_CTX_TRY_NUMBER='1' AIRFLOW_CTX_DAG_RUN_ID='manual__2025-10-24T12:20:52.038274+00:00'
[2025-10-24T12:21:50.039+0000] {taskinstance.py:430} INFO - ::endgroup::
[2025-10-24T12:21:50.117+0000] {logging_mixin.py:188} INFO - Latest Kaggle folder: 20251024_112739
[2025-10-24T12:21:50.117+0000] {logging_mixin.py:188} INFO - Latest API folder: 20251024_112722
[2025-10-24T12:21:50.118+0000] {python.py:237} INFO - Done. Returned value was: None
[2025-10-24T12:21:50.118+0000] {taskinstance.py:441} INFO - ::group::Post task execution logs
[2025-10-24T12:21:50.125+0000] {taskinstance.py:1205} INFO - Marking task as SUCCESS. dag_id=silver_layer_dag, task_id=get_latest_bronze_folders, execution_date=20251024T122052, start_date=20251024T122149, end_date=20251024T122150
[2025-10-24T12:21:50.142+0000] {local_task_job_runner.py:240} INFO - Task exited with return code 0
[2025-10-24T12:21:50.160+0000] {taskinstance.py:3482} INFO - 1 downstream tasks scheduled from follow-on schedule check
[2025-10-24T12:21:50.163+0000] {local_task_job_runner.py:222} INFO - ::endgroup::
