[2025-10-24T13:19:20.864+0000] {local_task_job_runner.py:120} INFO - ::group::Pre task execution logs
[2025-10-24T13:19:20.883+0000] {taskinstance.py:2073} INFO - Dependencies all met for dep_context=non-requeueable deps ti=<TaskInstance: gold_layer_dag.build_user_profile manual__2025-10-24T13:19:17.412322+00:00 [queued]>
[2025-10-24T13:19:20.889+0000] {taskinstance.py:2073} INFO - Dependencies all met for dep_context=requeueable deps ti=<TaskInstance: gold_layer_dag.build_user_profile manual__2025-10-24T13:19:17.412322+00:00 [queued]>
[2025-10-24T13:19:20.889+0000] {taskinstance.py:2303} INFO - Starting attempt 1 of 2
[2025-10-24T13:19:20.900+0000] {taskinstance.py:2327} INFO - Executing <Task(PythonOperator): build_user_profile> on 2025-10-24 13:19:17.412322+00:00
[2025-10-24T13:19:20.910+0000] {warnings.py:110} WARNING - /home/***/.local/lib/python3.12/site-packages/***/task/task_runner/standard_task_runner.py:61: DeprecationWarning: This process (pid=197) is multi-threaded, use of fork() may lead to deadlocks in the child.
  pid = os.fork()

[2025-10-24T13:19:20.912+0000] {standard_task_runner.py:63} INFO - Started process 223 to run task
[2025-10-24T13:19:20.912+0000] {standard_task_runner.py:90} INFO - Running: ['***', 'tasks', 'run', 'gold_layer_dag', 'build_user_profile', 'manual__2025-10-24T13:19:17.412322+00:00', '--job-id', '381', '--raw', '--subdir', 'DAGS_FOLDER/gold_layer_dag.py', '--cfg-path', '/tmp/tmpfzmv6ip4']
[2025-10-24T13:19:20.912+0000] {standard_task_runner.py:91} INFO - Job 381: Subtask build_user_profile
[2025-10-24T13:19:20.925+0000] {warnings.py:110} WARNING - /home/***/.local/lib/python3.12/site-packages/***/settings.py:195: DeprecationWarning: The sql_alchemy_conn option in [core] has been moved to the sql_alchemy_conn option in [database] - the old setting has been used, but please update your config.
  SQL_ALCHEMY_CONN = conf.get("database", "SQL_ALCHEMY_CONN")

[2025-10-24T13:19:20.953+0000] {task_command.py:426} INFO - Running <TaskInstance: gold_layer_dag.build_user_profile manual__2025-10-24T13:19:17.412322+00:00 [running]> on host 437b7e7e4559
[2025-10-24T13:19:21.024+0000] {taskinstance.py:2644} INFO - Exporting env vars: AIRFLOW_CTX_DAG_OWNER='gold_layer' AIRFLOW_CTX_DAG_ID='gold_layer_dag' AIRFLOW_CTX_TASK_ID='build_user_profile' AIRFLOW_CTX_EXECUTION_DATE='2025-10-24T13:19:17.412322+00:00' AIRFLOW_CTX_TRY_NUMBER='1' AIRFLOW_CTX_DAG_RUN_ID='manual__2025-10-24T13:19:17.412322+00:00'
[2025-10-24T13:19:21.025+0000] {taskinstance.py:430} INFO - ::endgroup::
[2025-10-24T13:19:21.595+0000] {logging_mixin.py:188} INFO - [safe_read_silver] missing or unreadable: api/20251024_112739/api_users_cleaned.parquet -> S3 operation failed; code: NoSuchKey, message: The specified key does not exist., resource: /silver/api/20251024_112739/api_users_cleaned.parquet, request_id: 18716FE5B1599847, host_id: dd9025bab4ad464b049177c95eb6ebf374d3b3fd1af9251148b658df7ac2e3e8, bucket_name: silver, object_name: api/20251024_112739/api_users_cleaned.parquet
[2025-10-24T13:19:22.368+0000] {logging_mixin.py:188} INFO - [build_user_profile] wrote gold/20251024_131919/user_profile.parquet
[2025-10-24T13:19:22.404+0000] {python.py:237} INFO - Done. Returned value was: None
[2025-10-24T13:19:22.405+0000] {taskinstance.py:441} INFO - ::group::Post task execution logs
[2025-10-24T13:19:22.413+0000] {taskinstance.py:1205} INFO - Marking task as SUCCESS. dag_id=gold_layer_dag, task_id=build_user_profile, execution_date=20251024T131917, start_date=20251024T131920, end_date=20251024T131922
[2025-10-24T13:19:22.488+0000] {local_task_job_runner.py:240} INFO - Task exited with return code 0
[2025-10-24T13:19:22.509+0000] {taskinstance.py:3482} INFO - 1 downstream tasks scheduled from follow-on schedule check
[2025-10-24T13:19:22.512+0000] {local_task_job_runner.py:222} INFO - ::endgroup::
