[2025-10-22T13:54:09.588+0000] {local_task_job_runner.py:120} INFO - ::group::Pre task execution logs
[2025-10-22T13:54:09.604+0000] {taskinstance.py:2073} INFO - Dependencies all met for dep_context=non-requeueable deps ti=<TaskInstance: bronze_dag_simple.api_ingestion manual__2025-10-22T13:48:21.045844+00:00 [queued]>
[2025-10-22T13:54:09.609+0000] {taskinstance.py:2073} INFO - Dependencies all met for dep_context=requeueable deps ti=<TaskInstance: bronze_dag_simple.api_ingestion manual__2025-10-22T13:48:21.045844+00:00 [queued]>
[2025-10-22T13:54:09.610+0000] {taskinstance.py:2303} INFO - Starting attempt 2 of 3
[2025-10-22T13:54:09.621+0000] {taskinstance.py:2327} INFO - Executing <Task(BashOperator): api_ingestion> on 2025-10-22 13:48:21.045844+00:00
[2025-10-22T13:54:09.627+0000] {warnings.py:110} WARNING - /home/***/.local/lib/python3.12/site-packages/***/task/task_runner/standard_task_runner.py:61: DeprecationWarning: This process (pid=129) is multi-threaded, use of fork() may lead to deadlocks in the child.
  pid = os.fork()

[2025-10-22T13:54:09.629+0000] {standard_task_runner.py:63} INFO - Started process 130 to run task
[2025-10-22T13:54:09.629+0000] {standard_task_runner.py:90} INFO - Running: ['***', 'tasks', 'run', 'bronze_dag_simple', 'api_ingestion', 'manual__2025-10-22T13:48:21.045844+00:00', '--job-id', '161', '--raw', '--subdir', 'DAGS_FOLDER/bronze_dag_simple.py', '--cfg-path', '/tmp/tmp5ugxk3o_']
[2025-10-22T13:54:09.631+0000] {standard_task_runner.py:91} INFO - Job 161: Subtask api_ingestion
[2025-10-22T13:54:09.646+0000] {warnings.py:110} WARNING - /home/***/.local/lib/python3.12/site-packages/***/settings.py:195: DeprecationWarning: The sql_alchemy_conn option in [core] has been moved to the sql_alchemy_conn option in [database] - the old setting has been used, but please update your config.
  SQL_ALCHEMY_CONN = conf.get("database", "SQL_ALCHEMY_CONN")

[2025-10-22T13:54:09.678+0000] {task_command.py:426} INFO - Running <TaskInstance: bronze_dag_simple.api_ingestion manual__2025-10-22T13:48:21.045844+00:00 [running]> on host 98e3baa252b2
[2025-10-22T13:54:09.753+0000] {taskinstance.py:2644} INFO - Exporting env vars: AIRFLOW_CTX_DAG_OWNER='afnan_khan' AIRFLOW_CTX_DAG_ID='bronze_dag_simple' AIRFLOW_CTX_TASK_ID='api_ingestion' AIRFLOW_CTX_EXECUTION_DATE='2025-10-22T13:48:21.045844+00:00' AIRFLOW_CTX_TRY_NUMBER='2' AIRFLOW_CTX_DAG_RUN_ID='manual__2025-10-22T13:48:21.045844+00:00'
[2025-10-22T13:54:09.754+0000] {taskinstance.py:430} INFO - ::endgroup::
[2025-10-22T13:54:09.765+0000] {subprocess.py:63} INFO - Tmp dir root location: /tmp
[2025-10-22T13:54:09.767+0000] {subprocess.py:75} INFO - Running command: ['/usr/bin/bash', '-c', '\n        echo "===== Running API Ingestion ====="\n        cd /opt/***/dags/bronze\n        export PYTHONPATH=/opt/***/dags/bronze:$PYTHONPATH\n        python3 api_ingestion.py\n        ']
[2025-10-22T13:54:09.778+0000] {subprocess.py:86} INFO - Output:
[2025-10-22T13:54:09.780+0000] {subprocess.py:93} INFO - ===== Running API Ingestion =====
[2025-10-22T13:54:10.272+0000] {subprocess.py:93} INFO - INFO:__main__:Starting API data ingestion process
[2025-10-22T13:54:10.277+0000] {subprocess.py:93} INFO - INFO:__main__:Bucket bronze already exists
[2025-10-22T13:54:10.277+0000] {subprocess.py:93} INFO - INFO:__main__:Fetching data from products: https://dummyjson.com/products
[2025-10-22T13:54:11.358+0000] {subprocess.py:93} INFO - INFO:__main__:Successfully fetched products data
[2025-10-22T13:54:11.388+0000] {subprocess.py:93} INFO - INFO:__main__:Uploaded products data to api_data/20251022_135411/products.json
[2025-10-22T13:54:11.389+0000] {subprocess.py:93} INFO - INFO:__main__:Fetching data from users: https://dummyjson.com/users
[2025-10-22T13:54:12.293+0000] {subprocess.py:93} INFO - INFO:__main__:Successfully fetched users data
[2025-10-22T13:54:12.331+0000] {subprocess.py:93} INFO - INFO:__main__:Uploaded users data to api_data/20251022_135412/users.json
[2025-10-22T13:54:12.337+0000] {subprocess.py:93} INFO - INFO:__main__:API data ingestion completed successfully
[2025-10-22T13:54:12.361+0000] {subprocess.py:97} INFO - Command exited with return code 0
[2025-10-22T13:54:12.362+0000] {taskinstance.py:441} INFO - ::group::Post task execution logs
[2025-10-22T13:54:12.384+0000] {taskinstance.py:1205} INFO - Marking task as SUCCESS. dag_id=bronze_dag_simple, task_id=api_ingestion, execution_date=20251022T134821, start_date=20251022T135409, end_date=20251022T135412
[2025-10-22T13:54:12.409+0000] {local_task_job_runner.py:240} INFO - Task exited with return code 0
[2025-10-22T13:54:12.425+0000] {taskinstance.py:3482} INFO - 0 downstream tasks scheduled from follow-on schedule check
[2025-10-22T13:54:12.427+0000] {local_task_job_runner.py:222} INFO - ::endgroup::
