[2025-10-24T13:41:47.751+0000] {local_task_job_runner.py:120} INFO - ::group::Pre task execution logs
[2025-10-24T13:41:47.781+0000] {taskinstance.py:2073} INFO - Dependencies all met for dep_context=non-requeueable deps ti=<TaskInstance: gold_layer_dag.detect_latest_silver_folders manual__2025-10-24T13:41:45.574566+00:00 [queued]>
[2025-10-24T13:41:47.788+0000] {taskinstance.py:2073} INFO - Dependencies all met for dep_context=requeueable deps ti=<TaskInstance: gold_layer_dag.detect_latest_silver_folders manual__2025-10-24T13:41:45.574566+00:00 [queued]>
[2025-10-24T13:41:47.791+0000] {taskinstance.py:2303} INFO - Starting attempt 1 of 2
[2025-10-24T13:41:47.822+0000] {taskinstance.py:2327} INFO - Executing <Task(PythonOperator): detect_latest_silver_folders> on 2025-10-24 13:41:45.574566+00:00
[2025-10-24T13:41:47.836+0000] {warnings.py:110} WARNING - /home/***/.local/lib/python3.12/site-packages/***/task/task_runner/standard_task_runner.py:61: DeprecationWarning: This process (pid=308) is multi-threaded, use of fork() may lead to deadlocks in the child.
  pid = os.fork()

[2025-10-24T13:41:47.837+0000] {standard_task_runner.py:90} INFO - Running: ['***', 'tasks', 'run', 'gold_layer_dag', 'detect_latest_silver_folders', 'manual__2025-10-24T13:41:45.574566+00:00', '--job-id', '383', '--raw', '--subdir', 'DAGS_FOLDER/gold_layer_dag.py', '--cfg-path', '/tmp/tmpm1fepsw5']
[2025-10-24T13:41:47.838+0000] {standard_task_runner.py:63} INFO - Started process 310 to run task
[2025-10-24T13:41:47.838+0000] {standard_task_runner.py:91} INFO - Job 383: Subtask detect_latest_silver_folders
[2025-10-24T13:41:47.855+0000] {warnings.py:110} WARNING - /home/***/.local/lib/python3.12/site-packages/***/settings.py:195: DeprecationWarning: The sql_alchemy_conn option in [core] has been moved to the sql_alchemy_conn option in [database] - the old setting has been used, but please update your config.
  SQL_ALCHEMY_CONN = conf.get("database", "SQL_ALCHEMY_CONN")

[2025-10-24T13:41:47.890+0000] {task_command.py:426} INFO - Running <TaskInstance: gold_layer_dag.detect_latest_silver_folders manual__2025-10-24T13:41:45.574566+00:00 [running]> on host 437b7e7e4559
[2025-10-24T13:41:47.995+0000] {taskinstance.py:2644} INFO - Exporting env vars: AIRFLOW_CTX_DAG_OWNER='gold_layer' AIRFLOW_CTX_DAG_ID='gold_layer_dag' AIRFLOW_CTX_TASK_ID='detect_latest_silver_folders' AIRFLOW_CTX_EXECUTION_DATE='2025-10-24T13:41:45.574566+00:00' AIRFLOW_CTX_TRY_NUMBER='1' AIRFLOW_CTX_DAG_RUN_ID='manual__2025-10-24T13:41:45.574566+00:00'
[2025-10-24T13:41:47.997+0000] {taskinstance.py:430} INFO - ::endgroup::
[2025-10-24T13:41:48.120+0000] {logging_mixin.py:188} INFO - [detect_latest] kaggle_folder=20251024_112739, api_folder=20251024_112739, gold_ts=20251024_134148
[2025-10-24T13:41:48.121+0000] {python.py:237} INFO - Done. Returned value was: None
[2025-10-24T13:41:48.122+0000] {taskinstance.py:441} INFO - ::group::Post task execution logs
[2025-10-24T13:41:48.130+0000] {taskinstance.py:1205} INFO - Marking task as SUCCESS. dag_id=gold_layer_dag, task_id=detect_latest_silver_folders, execution_date=20251024T134145, start_date=20251024T134147, end_date=20251024T134148
[2025-10-24T13:41:48.173+0000] {local_task_job_runner.py:240} INFO - Task exited with return code 0
[2025-10-24T13:41:48.201+0000] {taskinstance.py:3482} INFO - 4 downstream tasks scheduled from follow-on schedule check
[2025-10-24T13:41:48.203+0000] {local_task_job_runner.py:222} INFO - ::endgroup::
