[2025-10-21T19:50:57.954+0000] {local_task_job_runner.py:120} INFO - ::group::Pre task execution logs
[2025-10-21T19:50:57.976+0000] {taskinstance.py:2073} INFO - Dependencies all met for dep_context=non-requeueable deps ti=<TaskInstance: gold_layer_aggregation.wait_for_silver_completion scheduled__2025-10-19T20:00:00+00:00 [queued]>
[2025-10-21T19:50:57.982+0000] {taskinstance.py:2073} INFO - Dependencies all met for dep_context=requeueable deps ti=<TaskInstance: gold_layer_aggregation.wait_for_silver_completion scheduled__2025-10-19T20:00:00+00:00 [queued]>
[2025-10-21T19:50:57.982+0000] {taskinstance.py:2303} INFO - Starting attempt 1 of 3
[2025-10-21T19:50:57.996+0000] {taskinstance.py:2327} INFO - Executing <Task(ExternalTaskSensor): wait_for_silver_completion> on 2025-10-19 20:00:00+00:00
[2025-10-21T19:50:58.001+0000] {warnings.py:110} WARNING - /home/***/.local/lib/python3.12/site-packages/***/task/task_runner/standard_task_runner.py:61: DeprecationWarning: This process (pid=266) is multi-threaded, use of fork() may lead to deadlocks in the child.
  pid = os.fork()

[2025-10-21T19:50:58.003+0000] {standard_task_runner.py:63} INFO - Started process 268 to run task
[2025-10-21T19:50:58.003+0000] {standard_task_runner.py:90} INFO - Running: ['***', 'tasks', 'run', 'gold_layer_aggregation', 'wait_for_silver_completion', 'scheduled__2025-10-19T20:00:00+00:00', '--job-id', '22', '--raw', '--subdir', 'DAGS_FOLDER/gold_dag.py', '--cfg-path', '/tmp/tmp0mhc4dv4']
[2025-10-21T19:50:58.005+0000] {standard_task_runner.py:91} INFO - Job 22: Subtask wait_for_silver_completion
[2025-10-21T19:50:58.018+0000] {warnings.py:110} WARNING - /home/***/.local/lib/python3.12/site-packages/***/settings.py:195: DeprecationWarning: The sql_alchemy_conn option in [core] has been moved to the sql_alchemy_conn option in [database] - the old setting has been used, but please update your config.
  SQL_ALCHEMY_CONN = conf.get("database", "SQL_ALCHEMY_CONN")

[2025-10-21T19:50:58.051+0000] {task_command.py:426} INFO - Running <TaskInstance: gold_layer_aggregation.wait_for_silver_completion scheduled__2025-10-19T20:00:00+00:00 [running]> on host cf72a0a2e54c
[2025-10-21T19:50:58.121+0000] {taskinstance.py:2644} INFO - Exporting env vars: AIRFLOW_CTX_DAG_OWNER='ghazal_e_ashar' AIRFLOW_CTX_DAG_ID='gold_layer_aggregation' AIRFLOW_CTX_TASK_ID='wait_for_silver_completion' AIRFLOW_CTX_EXECUTION_DATE='2025-10-19T20:00:00+00:00' AIRFLOW_CTX_TRY_NUMBER='1' AIRFLOW_CTX_DAG_RUN_ID='scheduled__2025-10-19T20:00:00+00:00'
[2025-10-21T19:50:58.122+0000] {taskinstance.py:430} INFO - ::endgroup::
[2025-10-21T19:50:58.137+0000] {baseoperator.py:399} WARNING - ExternalTaskSensor.execute cannot be called outside TaskInstance!
[2025-10-21T19:50:58.138+0000] {external_task.py:258} INFO - Poking for tasks ['generate_quality_report'] in dag silver_layer_cleaning_pyspark on 2025-10-19T20:00:00+00:00 ... 
[2025-10-21T19:50:58.138+0000] {warnings.py:110} WARNING - /home/***/.local/lib/python3.12/site-packages/***/utils/session.py:79: DeprecationWarning: This method is deprecated and will be removed in future.
  return func(*args, session=session, **kwargs)

[2025-10-21T19:56:01.681+0000] {external_task.py:258} INFO - Poking for tasks ['generate_quality_report'] in dag silver_layer_cleaning_pyspark on 2025-10-19T20:00:00+00:00 ... 
[2025-10-21T20:01:02.424+0000] {external_task.py:258} INFO - Poking for tasks ['generate_quality_report'] in dag silver_layer_cleaning_pyspark on 2025-10-19T20:00:00+00:00 ... 
[2025-10-21T20:06:12.797+0000] {external_task.py:258} INFO - Poking for tasks ['generate_quality_report'] in dag silver_layer_cleaning_pyspark on 2025-10-19T20:00:00+00:00 ... 
[2025-10-21T20:11:51.300+0000] {external_task.py:258} INFO - Poking for tasks ['generate_quality_report'] in dag silver_layer_cleaning_pyspark on 2025-10-19T20:00:00+00:00 ... 
[2025-10-21T20:16:29.780+0000] {local_task_job_runner.py:124} ERROR - Received SIGTERM. Terminating subprocesses
[2025-10-21T20:16:29.858+0000] {process_utils.py:132} INFO - Sending 15 to group 268. PIDs of all processes in the group: [268]
[2025-10-21T20:16:29.859+0000] {process_utils.py:87} INFO - Sending the signal 15 to group 268
[2025-10-21T20:16:29.860+0000] {taskinstance.py:2607} ERROR - Received SIGTERM. Terminating subprocesses.
[2025-10-21T20:16:29.863+0000] {taskinstance.py:441} INFO - ::group::Post task execution logs
[2025-10-21T20:16:29.900+0000] {taskinstance.py:2890} ERROR - Task failed with exception
Traceback (most recent call last):
  File "/home/airflow/.local/lib/python3.12/site-packages/airflow/models/taskinstance.py", line 465, in _execute_task
    result = _execute_callable(context=context, **execute_callable_kwargs)
             ^^^^^^^^^^^^^^^^^^^^^^^^^^^^^^^^^^^^^^^^^^^^^^^^^^^^^^^^^^^^^
  File "/home/airflow/.local/lib/python3.12/site-packages/airflow/models/taskinstance.py", line 432, in _execute_callable
    return execute_callable(context=context, **execute_callable_kwargs)
           ^^^^^^^^^^^^^^^^^^^^^^^^^^^^^^^^^^^^^^^^^^^^^^^^^^^^^^^^^^^^
  File "/home/airflow/.local/lib/python3.12/site-packages/airflow/models/baseoperator.py", line 400, in wrapper
    return func(self, *args, **kwargs)
           ^^^^^^^^^^^^^^^^^^^^^^^^^^^
  File "/home/airflow/.local/lib/python3.12/site-packages/airflow/sensors/external_task.py", line 348, in execute
    super().execute(context)
  File "/home/airflow/.local/lib/python3.12/site-packages/airflow/models/baseoperator.py", line 400, in wrapper
    return func(self, *args, **kwargs)
           ^^^^^^^^^^^^^^^^^^^^^^^^^^^
  File "/home/airflow/.local/lib/python3.12/site-packages/airflow/sensors/base.py", line 292, in execute
    time.sleep(self._get_next_poke_interval(started_at, run_duration, try_number))
  File "/home/airflow/.local/lib/python3.12/site-packages/airflow/models/taskinstance.py", line 2609, in signal_handler
    raise AirflowTaskTerminated("Task received SIGTERM signal")
airflow.exceptions.AirflowTaskTerminated: Task received SIGTERM signal
[2025-10-21T20:16:29.925+0000] {taskinstance.py:1205} INFO - Marking task as UP_FOR_RETRY. dag_id=gold_layer_aggregation, task_id=wait_for_silver_completion, execution_date=20251019T200000, start_date=20251021T195057, end_date=20251021T201629
[2025-10-21T20:16:29.992+0000] {process_utils.py:80} INFO - Process psutil.Process(pid=268, status='terminated', exitcode=2, started='19:50:57') (268) terminated with exit code 2
[2025-10-21T20:16:29.995+0000] {local_task_job_runner.py:240} INFO - Task exited with return code 143
[2025-10-21T20:16:30.040+0000] {taskinstance.py:3482} INFO - 0 downstream tasks scheduled from follow-on schedule check
[2025-10-21T20:16:30.744+0000] {local_task_job_runner.py:222} INFO - ::endgroup::
