[2025-10-21T20:30:53.246+0000] {local_task_job_runner.py:120} INFO - ::group::Pre task execution logs
[2025-10-21T20:30:53.266+0000] {taskinstance.py:2073} INFO - Dependencies all met for dep_context=non-requeueable deps ti=<TaskInstance: gold_layer_aggregation.wait_for_silver_completion scheduled__2025-10-19T20:00:00+00:00 [queued]>
[2025-10-21T20:30:53.272+0000] {taskinstance.py:2073} INFO - Dependencies all met for dep_context=requeueable deps ti=<TaskInstance: gold_layer_aggregation.wait_for_silver_completion scheduled__2025-10-19T20:00:00+00:00 [queued]>
[2025-10-21T20:30:53.272+0000] {taskinstance.py:2303} INFO - Starting attempt 2 of 3
[2025-10-21T20:30:53.283+0000] {taskinstance.py:2327} INFO - Executing <Task(ExternalTaskSensor): wait_for_silver_completion> on 2025-10-19 20:00:00+00:00
[2025-10-21T20:30:53.290+0000] {warnings.py:110} WARNING - /home/***/.local/lib/python3.12/site-packages/***/task/task_runner/standard_task_runner.py:61: DeprecationWarning: This process (pid=103) is multi-threaded, use of fork() may lead to deadlocks in the child.
  pid = os.fork()

[2025-10-21T20:30:53.291+0000] {standard_task_runner.py:63} INFO - Started process 105 to run task
[2025-10-21T20:30:53.291+0000] {standard_task_runner.py:90} INFO - Running: ['***', 'tasks', 'run', 'gold_layer_aggregation', 'wait_for_silver_completion', 'scheduled__2025-10-19T20:00:00+00:00', '--job-id', '30', '--raw', '--subdir', 'DAGS_FOLDER/gold_dag.py', '--cfg-path', '/tmp/tmp40mcvvdu']
[2025-10-21T20:30:53.293+0000] {standard_task_runner.py:91} INFO - Job 30: Subtask wait_for_silver_completion
[2025-10-21T20:30:53.305+0000] {warnings.py:110} WARNING - /home/***/.local/lib/python3.12/site-packages/***/settings.py:195: DeprecationWarning: The sql_alchemy_conn option in [core] has been moved to the sql_alchemy_conn option in [database] - the old setting has been used, but please update your config.
  SQL_ALCHEMY_CONN = conf.get("database", "SQL_ALCHEMY_CONN")

[2025-10-21T20:30:53.342+0000] {task_command.py:426} INFO - Running <TaskInstance: gold_layer_aggregation.wait_for_silver_completion scheduled__2025-10-19T20:00:00+00:00 [running]> on host c8e73316fd62
[2025-10-21T20:30:53.415+0000] {taskinstance.py:2644} INFO - Exporting env vars: AIRFLOW_CTX_DAG_OWNER='ghazal_e_ashar' AIRFLOW_CTX_DAG_ID='gold_layer_aggregation' AIRFLOW_CTX_TASK_ID='wait_for_silver_completion' AIRFLOW_CTX_EXECUTION_DATE='2025-10-19T20:00:00+00:00' AIRFLOW_CTX_TRY_NUMBER='2' AIRFLOW_CTX_DAG_RUN_ID='scheduled__2025-10-19T20:00:00+00:00'
[2025-10-21T20:30:53.415+0000] {taskinstance.py:430} INFO - ::endgroup::
[2025-10-21T20:30:53.440+0000] {baseoperator.py:399} WARNING - ExternalTaskSensor.execute cannot be called outside TaskInstance!
[2025-10-21T20:30:53.440+0000] {external_task.py:258} INFO - Poking for tasks ['generate_quality_report'] in dag silver_layer_cleaning_pyspark on 2025-10-19T20:00:00+00:00 ... 
[2025-10-21T20:30:53.441+0000] {warnings.py:110} WARNING - /home/***/.local/lib/python3.12/site-packages/***/utils/session.py:79: DeprecationWarning: This method is deprecated and will be removed in future.
  return func(*args, session=session, **kwargs)

[2025-10-21T20:36:00.906+0000] {external_task.py:258} INFO - Poking for tasks ['generate_quality_report'] in dag silver_layer_cleaning_pyspark on 2025-10-19T20:00:00+00:00 ... 
[2025-10-21T20:41:02.966+0000] {external_task.py:258} INFO - Poking for tasks ['generate_quality_report'] in dag silver_layer_cleaning_pyspark on 2025-10-19T20:00:00+00:00 ... 
[2025-10-21T20:46:08.855+0000] {external_task.py:258} INFO - Poking for tasks ['generate_quality_report'] in dag silver_layer_cleaning_pyspark on 2025-10-19T20:00:00+00:00 ... 
[2025-10-21T20:51:53.822+0000] {external_task.py:258} INFO - Poking for tasks ['generate_quality_report'] in dag silver_layer_cleaning_pyspark on 2025-10-19T20:00:00+00:00 ... 
[2025-10-21T20:56:25.004+0000] {external_task.py:258} INFO - Poking for tasks ['generate_quality_report'] in dag silver_layer_cleaning_pyspark on 2025-10-19T20:00:00+00:00 ... 
[2025-10-21T21:01:28.240+0000] {external_task.py:258} INFO - Poking for tasks ['generate_quality_report'] in dag silver_layer_cleaning_pyspark on 2025-10-19T20:00:00+00:00 ... 
[2025-10-21T21:06:37.350+0000] {external_task.py:258} INFO - Poking for tasks ['generate_quality_report'] in dag silver_layer_cleaning_pyspark on 2025-10-19T20:00:00+00:00 ... 
[2025-10-21T21:12:15.746+0000] {external_task.py:258} INFO - Poking for tasks ['generate_quality_report'] in dag silver_layer_cleaning_pyspark on 2025-10-19T20:00:00+00:00 ... 
[2025-10-21T21:17:22.759+0000] {external_task.py:258} INFO - Poking for tasks ['generate_quality_report'] in dag silver_layer_cleaning_pyspark on 2025-10-19T20:00:00+00:00 ... 
[2025-10-21T21:22:32.730+0000] {external_task.py:258} INFO - Poking for tasks ['generate_quality_report'] in dag silver_layer_cleaning_pyspark on 2025-10-19T20:00:00+00:00 ... 
[2025-10-21T21:27:08.686+0000] {external_task.py:258} INFO - Poking for tasks ['generate_quality_report'] in dag silver_layer_cleaning_pyspark on 2025-10-19T20:00:00+00:00 ... 
[2025-10-21T21:32:13.132+0000] {external_task.py:258} INFO - Poking for tasks ['generate_quality_report'] in dag silver_layer_cleaning_pyspark on 2025-10-19T20:00:00+00:00 ... 
[2025-10-21T21:32:13.142+0000] {taskinstance.py:441} INFO - ::group::Post task execution logs
[2025-10-21T21:32:13.146+0000] {taskinstance.py:2890} ERROR - Task failed with exception
Traceback (most recent call last):
  File "/home/airflow/.local/lib/python3.12/site-packages/airflow/models/taskinstance.py", line 465, in _execute_task
    result = _execute_callable(context=context, **execute_callable_kwargs)
             ^^^^^^^^^^^^^^^^^^^^^^^^^^^^^^^^^^^^^^^^^^^^^^^^^^^^^^^^^^^^^
  File "/home/airflow/.local/lib/python3.12/site-packages/airflow/models/taskinstance.py", line 432, in _execute_callable
    return execute_callable(context=context, **execute_callable_kwargs)
           ^^^^^^^^^^^^^^^^^^^^^^^^^^^^^^^^^^^^^^^^^^^^^^^^^^^^^^^^^^^^
  File "/home/airflow/.local/lib/python3.12/site-packages/airflow/models/baseoperator.py", line 400, in wrapper
    return func(self, *args, **kwargs)
           ^^^^^^^^^^^^^^^^^^^^^^^^^^^
  File "/home/airflow/.local/lib/python3.12/site-packages/airflow/sensors/external_task.py", line 348, in execute
    super().execute(context)
  File "/home/airflow/.local/lib/python3.12/site-packages/airflow/models/baseoperator.py", line 400, in wrapper
    return func(self, *args, **kwargs)
           ^^^^^^^^^^^^^^^^^^^^^^^^^^^
  File "/home/airflow/.local/lib/python3.12/site-packages/airflow/sensors/base.py", line 281, in execute
    raise AirflowSensorTimeout(message)
airflow.exceptions.AirflowSensorTimeout: Sensor has timed out; run duration of 3600.1212999950003 seconds exceeds the specified timeout of 3600.0.
[2025-10-21T21:32:13.170+0000] {taskinstance.py:1205} INFO - Immediate failure requested. Marking task as FAILED. dag_id=gold_layer_aggregation, task_id=wait_for_silver_completion, execution_date=20251019T200000, start_date=20251021T203053, end_date=20251021T213213
[2025-10-21T21:32:13.204+0000] {standard_task_runner.py:110} ERROR - Failed to execute job 30 for task wait_for_silver_completion (Sensor has timed out; run duration of 3600.1212999950003 seconds exceeds the specified timeout of 3600.0.; 105)
[2025-10-21T21:32:16.740+0000] {local_task_job_runner.py:240} INFO - Task exited with return code 1
[2025-10-21T21:32:16.784+0000] {taskinstance.py:3482} INFO - 0 downstream tasks scheduled from follow-on schedule check
[2025-10-21T21:32:16.786+0000] {local_task_job_runner.py:222} INFO - ::endgroup::
