[2025-10-24T13:19:20.643+0000] {local_task_job_runner.py:120} INFO - ::group::Pre task execution logs
[2025-10-24T13:19:20.662+0000] {taskinstance.py:2073} INFO - Dependencies all met for dep_context=non-requeueable deps ti=<TaskInstance: gold_layer_dag.build_product_master manual__2025-10-24T13:19:17.412322+00:00 [queued]>
[2025-10-24T13:19:20.668+0000] {taskinstance.py:2073} INFO - Dependencies all met for dep_context=requeueable deps ti=<TaskInstance: gold_layer_dag.build_product_master manual__2025-10-24T13:19:17.412322+00:00 [queued]>
[2025-10-24T13:19:20.668+0000] {taskinstance.py:2303} INFO - Starting attempt 1 of 2
[2025-10-24T13:19:20.678+0000] {taskinstance.py:2327} INFO - Executing <Task(PythonOperator): build_product_master> on 2025-10-24 13:19:17.412322+00:00
[2025-10-24T13:19:20.686+0000] {warnings.py:110} WARNING - /home/***/.local/lib/python3.12/site-packages/***/task/task_runner/standard_task_runner.py:61: DeprecationWarning: This process (pid=196) is multi-threaded, use of fork() may lead to deadlocks in the child.
  pid = os.fork()

[2025-10-24T13:19:20.688+0000] {standard_task_runner.py:90} INFO - Running: ['***', 'tasks', 'run', 'gold_layer_dag', 'build_product_master', 'manual__2025-10-24T13:19:17.412322+00:00', '--job-id', '380', '--raw', '--subdir', 'DAGS_FOLDER/gold_layer_dag.py', '--cfg-path', '/tmp/tmpf46j07pi']
[2025-10-24T13:19:20.692+0000] {standard_task_runner.py:63} INFO - Started process 202 to run task
[2025-10-24T13:19:20.692+0000] {standard_task_runner.py:91} INFO - Job 380: Subtask build_product_master
[2025-10-24T13:19:20.704+0000] {warnings.py:110} WARNING - /home/***/.local/lib/python3.12/site-packages/***/settings.py:195: DeprecationWarning: The sql_alchemy_conn option in [core] has been moved to the sql_alchemy_conn option in [database] - the old setting has been used, but please update your config.
  SQL_ALCHEMY_CONN = conf.get("database", "SQL_ALCHEMY_CONN")

[2025-10-24T13:19:20.736+0000] {task_command.py:426} INFO - Running <TaskInstance: gold_layer_dag.build_product_master manual__2025-10-24T13:19:17.412322+00:00 [running]> on host 437b7e7e4559
[2025-10-24T13:19:20.817+0000] {taskinstance.py:2644} INFO - Exporting env vars: AIRFLOW_CTX_DAG_OWNER='gold_layer' AIRFLOW_CTX_DAG_ID='gold_layer_dag' AIRFLOW_CTX_TASK_ID='build_product_master' AIRFLOW_CTX_EXECUTION_DATE='2025-10-24T13:19:17.412322+00:00' AIRFLOW_CTX_TRY_NUMBER='1' AIRFLOW_CTX_DAG_RUN_ID='manual__2025-10-24T13:19:17.412322+00:00'
[2025-10-24T13:19:20.819+0000] {taskinstance.py:430} INFO - ::endgroup::
[2025-10-24T13:19:21.003+0000] {warnings.py:110} WARNING - /opt/***/dags/gold_layer_dag.py:272: FutureWarning: The behavior of DataFrame concatenation with empty or all-NA entries is deprecated. In a future version, this will no longer exclude empty or all-NA columns when determining the result dtypes. To retain the old behavior, exclude the relevant entries before the concat operation.
  product_master = pd.concat(rows, ignore_index=True, sort=False)

[2025-10-24T13:19:21.196+0000] {logging_mixin.py:188} INFO - [build_product_master] wrote gold/20251024_131919/product_master.parquet
[2025-10-24T13:19:21.201+0000] {python.py:237} INFO - Done. Returned value was: None
[2025-10-24T13:19:21.201+0000] {taskinstance.py:441} INFO - ::group::Post task execution logs
[2025-10-24T13:19:21.209+0000] {taskinstance.py:1205} INFO - Marking task as SUCCESS. dag_id=gold_layer_dag, task_id=build_product_master, execution_date=20251024T131917, start_date=20251024T131920, end_date=20251024T131921
[2025-10-24T13:19:21.266+0000] {local_task_job_runner.py:240} INFO - Task exited with return code 0
[2025-10-24T13:19:21.284+0000] {taskinstance.py:3482} INFO - 0 downstream tasks scheduled from follow-on schedule check
[2025-10-24T13:19:21.286+0000] {local_task_job_runner.py:222} INFO - ::endgroup::
