[2025-10-22T13:27:34.601+0000] {local_task_job_runner.py:120} INFO - ::group::Pre task execution logs
[2025-10-22T13:27:34.618+0000] {taskinstance.py:2073} INFO - Dependencies all met for dep_context=non-requeueable deps ti=<TaskInstance: silver_layer_dag.clean_customers manual__2025-10-22T12:12:34.171923+00:00 [queued]>
[2025-10-22T13:27:34.623+0000] {taskinstance.py:2073} INFO - Dependencies all met for dep_context=requeueable deps ti=<TaskInstance: silver_layer_dag.clean_customers manual__2025-10-22T12:12:34.171923+00:00 [queued]>
[2025-10-22T13:27:34.624+0000] {taskinstance.py:2303} INFO - Starting attempt 2 of 2
[2025-10-22T13:27:34.636+0000] {taskinstance.py:2327} INFO - Executing <Task(BashOperator): clean_customers> on 2025-10-22 12:12:34.171923+00:00
[2025-10-22T13:27:34.642+0000] {warnings.py:110} WARNING - /home/***/.local/lib/python3.12/site-packages/***/task/task_runner/standard_task_runner.py:61: DeprecationWarning: This process (pid=119) is multi-threaded, use of fork() may lead to deadlocks in the child.
  pid = os.fork()

[2025-10-22T13:27:34.644+0000] {standard_task_runner.py:63} INFO - Started process 123 to run task
[2025-10-22T13:27:34.644+0000] {standard_task_runner.py:90} INFO - Running: ['***', 'tasks', 'run', 'silver_layer_dag', 'clean_customers', 'manual__2025-10-22T12:12:34.171923+00:00', '--job-id', '121', '--raw', '--subdir', 'DAGS_FOLDER/silver_layer_dag.py', '--cfg-path', '/tmp/tmpbx6udnki']
[2025-10-22T13:27:34.646+0000] {standard_task_runner.py:91} INFO - Job 121: Subtask clean_customers
[2025-10-22T13:27:34.659+0000] {warnings.py:110} WARNING - /home/***/.local/lib/python3.12/site-packages/***/settings.py:195: DeprecationWarning: The sql_alchemy_conn option in [core] has been moved to the sql_alchemy_conn option in [database] - the old setting has been used, but please update your config.
  SQL_ALCHEMY_CONN = conf.get("database", "SQL_ALCHEMY_CONN")

[2025-10-22T13:27:34.692+0000] {task_command.py:426} INFO - Running <TaskInstance: silver_layer_dag.clean_customers manual__2025-10-22T12:12:34.171923+00:00 [running]> on host 98e3baa252b2
[2025-10-22T13:27:34.737+0000] {abstractoperator.py:725} ERROR - Exception rendering Jinja template for task 'clean_customers', field 'bash_command'. Template: '\necho "== Cleaning customers =="\npython3 - <<\'PY\'\n\nimport os, re, io, json\nfrom datetime import datetime\nfrom pyspark.sql import SparkSession, functions as F\nfrom pyspark.sql.types import StringType, FloatType\nfrom minio import Minio\n\n# runtime environment variables for MinIO + Spark\nos.environ[\'AWS_ACCESS_KEY_ID\'] = \'minioadmin\'\nos.environ[\'AWS_SECRET_ACCESS_KEY\'] = \'minioadmin\'\nos.environ[\'SPARK_LOCAL_IP\'] = \'127.0.0.1\'\n\n# create spark session (these jars allow s3a access at runtime)\nspark = SparkSession.builder \\\n    .appName("SilverLayerProcessing") \\\n    .config("spark.hadoop.fs.s3a.endpoint", "http://minio:9000") \\\n    .config("spark.hadoop.fs.s3a.access.key", "minioadmin") \\\n    .config("spark.hadoop.fs.s3a.secret.key", "minioadmin") \\\n    .config("spark.hadoop.fs.s3a.impl", "org.apache.hadoop.fs.s3a.S3AFileSystem") \\\n    .config("spark.hadoop.fs.s3a.path.style.access", "true") \\\n    .config("spark.jars.packages", "org.apache.hadoop:hadoop-aws:3.3.4,com.amazonaws:aws-java-sdk-bundle:1.12.262") \\\n    .getOrCreate()\n\nclient = Minio("minio:9000", access_key="minioadmin", secret_key="minioadmin", secure=False)\n\nBRONZE_BUCKET = "bronze"\nBRONZE_ROOT = "bronze"  # for printing/log only\nBRONZE_PREFIXES = ["kaggle_data", "api_data"]\nSILVER_PATH = "s3a://silver"\n\n# Helper: find first-level timestamped subfolders under a root prefix (e.g. "kaggle_data")\ndef list_first_level_subfolders(prefix_root):\n    # collect all objects under prefix_root and extract first-level folder names\n    found = set()\n    try:\n        for obj in client.list_objects(BRONZE_BUCKET, prefix=f"{prefix_root}/", recursive=True):\n            parts = obj.object_name.split("/")\n            # expecting paths like "kaggle_data/20251022_121218/filename"\n            if len(parts) >= 2:\n                found.add(parts[1])\n    except Exception as e:\n        print(f"Error listing objects for {prefix_root}: {e}")\n    return sorted([f for f in found if re.match(r"^[0-9]{8}_[0-9]{6}$", f)])\n\n# Helper: choose latest timestamped folder (returns None if none)\ndef get_latest_timestamp_for_prefix(prefix_root):\n    subs = list_first_level_subfolders(prefix_root)\n    return subs[-1] if subs else None\n\n# Helper: check for presence of file in a given prefix/timestamp folder\ndef object_exists_in_folder(prefix_root, ts_folder, candidate_names):\n    if not ts_folder:\n        return None\n    folder_prefix = f"{prefix_root}/{ts_folder}/"\n    # iterate objects under this folder and try to match a candidate\n    try:\n        for obj in client.list_objects(BRONZE_BUCKET, prefix=folder_prefix, recursive=True):\n            name = obj.object_name.split("/")[-1].lower()\n            for cand in candidate_names:\n                if cand.lower() in name:\n                    return obj.object_name  # full key like "kaggle_data/20251022_121218/olist_customers_dataset.csv"\n    except Exception as e:\n        print(f"Error checking objects in {folder_prefix}: {e}")\n    return None\n\n# Helper: read file with spark by S3A path; returns DataFrame or raises\ndef spark_read_by_key(bucket, key):\n    path = f"s3a://{bucket}/{key}"\n    if key.lower().endswith(".csv"):\n        return spark.read.option("header", "true").option("inferSchema", "true").csv(path)\n    elif key.lower().endswith(".json"):\n        return spark.read.option("multiLine", "true").json(path)\n    else:\n        # fallback attempt csv\n        return spark.read.option("header", "true").option("inferSchema", "true").csv(path)\n\n# Helper: safely get column or return None\ndef safe_col(df, col_name):\n    return F.col(col_name) if col_name in df.columns else None\n\n\ntry:\n    processed = []\n    for prefix in BRONZE_PREFIXES:\n        ts = get_latest_timestamp_for_prefix(prefix)\n        if not ts:\n            print(f"No timestamp folders found for prefix: {{prefix}}")\n            continue\n\n        key = object_exists_in_folder(prefix, ts, [\'customer\', \'users\'])\n        if not key:\n            print(f"No customers file found under {{prefix}}/{{ts}}")\n            continue\n\n        print(f"Found source object: s3a://{{BRONZE_BUCKET}}/{{key}}")\n        df = spark_read_by_key(BRONZE_BUCKET, key)\n        print(f"Raw rows: {{df.count()}}")\n        print(f"Columns: {{df.columns}}")\n\n        # dataset-specific cleaning branches\n        if "customers" == "customers":\n            # Flexible column handling - adapt to actual schema\n            df_clean = df.dropDuplicates()\n            \n            # Try to find ID column (customer_id, id, customerId, etc.)\n            id_cols = [c for c in df.columns if \'id\' in c.lower() and \'product\' not in c.lower() and \'order\' not in c.lower()]\n            if id_cols:\n                df_clean = df_clean.dropDuplicates([id_cols[0]]).na.drop(subset=[id_cols[0]])\n            \n            # Clean email if exists\n            email_cols = [c for c in df.columns if \'email\' in c.lower() or \'mail\' in c.lower()]\n            if email_cols:\n                df_clean = df_clean.withColumn(email_cols[0], F.lower(F.trim(F.col(email_cols[0]))))\n            \n            # Handle name columns\n            for name_col in [\'firstName\', \'first_name\', \'customer_first_name\', \'name\']:\n                if name_col in df.columns:\n                    df_clean = df_clean.withColumn(name_col, F.coalesce(F.col(name_col), F.lit("Unknown")))\n            \n            for name_col in [\'lastName\', \'last_name\', \'customer_last_name\']:\n                if name_col in df.columns:\n                    df_clean = df_clean.withColumn(name_col, F.coalesce(F.col(name_col), F.lit("Unknown")))\n            \n            # Clean phone if exists\n            phone_cols = [c for c in df.columns if \'phone\' in c.lower()]\n            if phone_cols:\n                df_clean = df_clean.withColumn(\n                    phone_cols[0], \n                    F.regexp_replace(\n                        F.coalesce(F.col(phone_cols[0]).cast(StringType()), F.lit("Not Provided")),\n                        r"[^0-9+]", \n                        ""\n                    )\n                )\n\n        elif "customers" == "products":\n            df_clean = df.dropDuplicates()\n            \n            # Find product ID column\n            id_cols = [c for c in df.columns if \'product\' in c.lower() and \'id\' in c.lower()] or                       [c for c in df.columns if c.lower() == \'id\']\n            if id_cols:\n                df_clean = df_clean.dropDuplicates([id_cols[0]]).na.drop(subset=[id_cols[0]])\n            \n            # Handle title/name columns\n            title_cols = [c for c in df.columns if any(x in c.lower() for x in [\'title\', \'name\', \'product_name\'])]\n            if title_cols:\n                df_clean = df_clean.withColumn(title_cols[0], F.coalesce(F.col(title_cols[0]), F.lit("No Title")))\n            \n            # Handle price columns\n            price_cols = [c for c in df.columns if \'price\' in c.lower()]\n            if price_cols:\n                df_clean = df_clean.withColumn(price_cols[0], F.col(price_cols[0]).cast(FloatType()))\n                df_clean = df_clean.filter(F.col(price_cols[0]).isNotNull() & (F.col(price_cols[0]) >= 0))\n\n        elif "customers" == "orders":\n            df_clean = df.dropDuplicates()\n            \n            # Find order ID column\n            id_cols = [c for c in df.columns if \'order\' in c.lower() and \'id\' in c.lower()] or                       [c for c in df.columns if c.lower() == \'id\']\n            if id_cols:\n                df_clean = df_clean.dropDuplicates([id_cols[0]]).na.drop(subset=[id_cols[0]])\n            \n            # Handle total/amount columns\n            amount_cols = [c for c in df.columns if any(x in c.lower() for x in [\'total\', \'amount\', \'price\', \'value\'])]\n            if amount_cols:\n                df_clean = df_clean.withColumn(amount_cols[0], F.col(amount_cols[0]).cast(FloatType()))\n                df_clean = df_clean.filter(F.col(amount_cols[0]).isNotNull() & (F.col(amount_cols[0]) >= 0))\n\n        else:\n            df_clean = df  # fallback\n\n        out_path = f"{{SILVER_PATH}}/{{prefix}}/{{ts}}/customers_cleaned"\n        print(f"Writing cleaned dataset to {{out_path}}")\n        df_clean.coalesce(1).write.mode("overwrite").option("header", "true").csv(out_path)\n        processed.append({{"prefix": prefix, "ts": ts, "rows": df_clean.count(), "out": out_path}})\n\n    # simple summary printed to logs\n    print("=== Processing summary ===")\n    if not processed:\n        print("No datasets processed for customers")\n        raise Exception("No data processed - check bronze layer for available data")\n    else:\n        for p in processed:\n            print(p)\n\nexcept Exception as e:\n    print(f"Error cleaning customers: {{e}}")\n    import traceback\n    traceback.print_exc()\n    raise\nfinally:\n    spark.stop()\nPY\n'
Traceback (most recent call last):
  File "/home/airflow/.local/lib/python3.12/site-packages/airflow/models/abstractoperator.py", line 717, in _do_render_template_fields
    rendered_content = self.render_template(
                       ^^^^^^^^^^^^^^^^^^^^^
  File "/home/airflow/.local/lib/python3.12/site-packages/airflow/template/templater.py", line 168, in render_template
    template = jinja_env.from_string(value)
               ^^^^^^^^^^^^^^^^^^^^^^^^^^^^
  File "/home/airflow/.local/lib/python3.12/site-packages/jinja2/environment.py", line 1105, in from_string
    return cls.from_code(self, self.compile(source), gs, None)
                               ^^^^^^^^^^^^^^^^^^^^
  File "/home/airflow/.local/lib/python3.12/site-packages/jinja2/environment.py", line 768, in compile
    self.handle_exception(source=source_hint)
  File "/home/airflow/.local/lib/python3.12/site-packages/jinja2/environment.py", line 936, in handle_exception
    raise rewrite_traceback_stack(source=source)
  File "<unknown>", line 178, in template
jinja2.exceptions.TemplateSyntaxError: expected token 'end of print statement', got ':'
[2025-10-22T13:27:34.739+0000] {taskinstance.py:2890} ERROR - Task failed with exception
Traceback (most recent call last):
  File "/home/airflow/.local/lib/python3.12/site-packages/airflow/models/taskinstance.py", line 2476, in _run_raw_task
    self._execute_task_with_callbacks(context, test_mode, session=session)
  File "/home/airflow/.local/lib/python3.12/site-packages/airflow/models/taskinstance.py", line 2629, in _execute_task_with_callbacks
    task_orig = self.render_templates(context=context, jinja_env=jinja_env)
                ^^^^^^^^^^^^^^^^^^^^^^^^^^^^^^^^^^^^^^^^^^^^^^^^^^^^^^^^^^^
  File "/home/airflow/.local/lib/python3.12/site-packages/airflow/models/taskinstance.py", line 3079, in render_templates
    original_task.render_template_fields(context, jinja_env)
  File "/home/airflow/.local/lib/python3.12/site-packages/airflow/models/baseoperator.py", line 1336, in render_template_fields
    self._do_render_template_fields(self, self.template_fields, context, jinja_env, set())
  File "/home/airflow/.local/lib/python3.12/site-packages/airflow/models/abstractoperator.py", line 717, in _do_render_template_fields
    rendered_content = self.render_template(
                       ^^^^^^^^^^^^^^^^^^^^^
  File "/home/airflow/.local/lib/python3.12/site-packages/airflow/template/templater.py", line 168, in render_template
    template = jinja_env.from_string(value)
               ^^^^^^^^^^^^^^^^^^^^^^^^^^^^
  File "/home/airflow/.local/lib/python3.12/site-packages/jinja2/environment.py", line 1105, in from_string
    return cls.from_code(self, self.compile(source), gs, None)
                               ^^^^^^^^^^^^^^^^^^^^
  File "/home/airflow/.local/lib/python3.12/site-packages/jinja2/environment.py", line 768, in compile
    self.handle_exception(source=source_hint)
  File "/home/airflow/.local/lib/python3.12/site-packages/jinja2/environment.py", line 936, in handle_exception
    raise rewrite_traceback_stack(source=source)
  File "<unknown>", line 178, in template
jinja2.exceptions.TemplateSyntaxError: expected token 'end of print statement', got ':'
[2025-10-22T13:27:34.747+0000] {taskinstance.py:1205} INFO - Marking task as FAILED. dag_id=silver_layer_dag, task_id=clean_customers, execution_date=20251022T121234, start_date=20251022T132734, end_date=20251022T132734
[2025-10-22T13:27:34.759+0000] {standard_task_runner.py:110} ERROR - Failed to execute job 121 for task clean_customers (expected token 'end of print statement', got ':'; 123)
[2025-10-22T13:27:34.778+0000] {local_task_job_runner.py:240} INFO - Task exited with return code 1
[2025-10-22T13:27:34.808+0000] {taskinstance.py:3482} INFO - 0 downstream tasks scheduled from follow-on schedule check
[2025-10-22T13:27:34.813+0000] {local_task_job_runner.py:222} INFO - ::endgroup::
