[2025-10-24T08:52:05.864+0000] {local_task_job_runner.py:120} INFO - ::group::Pre task execution logs
[2025-10-24T08:52:05.880+0000] {taskinstance.py:2073} INFO - Dependencies all met for dep_context=non-requeueable deps ti=<TaskInstance: silver_layer_dag.run_cleaning manual__2025-10-24T08:51:59.710916+00:00 [queued]>
[2025-10-24T08:52:05.885+0000] {taskinstance.py:2073} INFO - Dependencies all met for dep_context=requeueable deps ti=<TaskInstance: silver_layer_dag.run_cleaning manual__2025-10-24T08:51:59.710916+00:00 [queued]>
[2025-10-24T08:52:05.885+0000] {taskinstance.py:2303} INFO - Starting attempt 1 of 2
[2025-10-24T08:52:05.895+0000] {taskinstance.py:2327} INFO - Executing <Task(BashOperator): run_cleaning> on 2025-10-24 08:51:59.710916+00:00
[2025-10-24T08:52:05.902+0000] {warnings.py:110} WARNING - /home/***/.local/lib/python3.12/site-packages/***/task/task_runner/standard_task_runner.py:61: DeprecationWarning: This process (pid=167) is multi-threaded, use of fork() may lead to deadlocks in the child.
  pid = os.fork()

[2025-10-24T08:52:05.903+0000] {standard_task_runner.py:63} INFO - Started process 168 to run task
[2025-10-24T08:52:05.903+0000] {standard_task_runner.py:90} INFO - Running: ['***', 'tasks', 'run', 'silver_layer_dag', 'run_cleaning', 'manual__2025-10-24T08:51:59.710916+00:00', '--job-id', '305', '--raw', '--subdir', 'DAGS_FOLDER/silver_layer_dag.py', '--cfg-path', '/tmp/tmp4nzsz64q']
[2025-10-24T08:52:05.905+0000] {standard_task_runner.py:91} INFO - Job 305: Subtask run_cleaning
[2025-10-24T08:52:05.916+0000] {warnings.py:110} WARNING - /home/***/.local/lib/python3.12/site-packages/***/settings.py:195: DeprecationWarning: The sql_alchemy_conn option in [core] has been moved to the sql_alchemy_conn option in [database] - the old setting has been used, but please update your config.
  SQL_ALCHEMY_CONN = conf.get("database", "SQL_ALCHEMY_CONN")

[2025-10-24T08:52:05.942+0000] {task_command.py:426} INFO - Running <TaskInstance: silver_layer_dag.run_cleaning manual__2025-10-24T08:51:59.710916+00:00 [running]> on host 56a5bdb7792f
[2025-10-24T08:52:06.007+0000] {taskinstance.py:2644} INFO - Exporting env vars: AIRFLOW_CTX_DAG_OWNER='farheen_muzaffar' AIRFLOW_CTX_DAG_ID='silver_layer_dag' AIRFLOW_CTX_TASK_ID='run_cleaning' AIRFLOW_CTX_EXECUTION_DATE='2025-10-24T08:51:59.710916+00:00' AIRFLOW_CTX_TRY_NUMBER='1' AIRFLOW_CTX_DAG_RUN_ID='manual__2025-10-24T08:51:59.710916+00:00'
[2025-10-24T08:52:06.008+0000] {taskinstance.py:430} INFO - ::endgroup::
[2025-10-24T08:52:06.017+0000] {subprocess.py:63} INFO - Tmp dir root location: /tmp
[2025-10-24T08:52:06.018+0000] {subprocess.py:75} INFO - Running command: ['/usr/bin/bash', '-c', '\n        echo "===== Running Silver Cleaning Script ====="\n        cd /opt/***/dags/silver\n        export PYTHONPATH=/opt/***/dags/silver:$PYTHONPATH\n        python3 silver_cleaning.py\n        ']
[2025-10-24T08:52:06.029+0000] {subprocess.py:86} INFO - Output:
[2025-10-24T08:52:06.031+0000] {subprocess.py:93} INFO - ===== Running Silver Cleaning Script =====
[2025-10-24T08:52:06.060+0000] {subprocess.py:93} INFO - python3: can't open file '/opt/***/dags/silver/silver_cleaning.py': [Errno 2] No such file or directory
[2025-10-24T08:52:06.063+0000] {subprocess.py:97} INFO - Command exited with return code 2
[2025-10-24T08:52:06.064+0000] {taskinstance.py:441} INFO - ::group::Post task execution logs
[2025-10-24T08:52:06.072+0000] {taskinstance.py:2890} ERROR - Task failed with exception
Traceback (most recent call last):
  File "/home/airflow/.local/lib/python3.12/site-packages/airflow/models/taskinstance.py", line 465, in _execute_task
    result = _execute_callable(context=context, **execute_callable_kwargs)
             ^^^^^^^^^^^^^^^^^^^^^^^^^^^^^^^^^^^^^^^^^^^^^^^^^^^^^^^^^^^^^
  File "/home/airflow/.local/lib/python3.12/site-packages/airflow/models/taskinstance.py", line 432, in _execute_callable
    return execute_callable(context=context, **execute_callable_kwargs)
           ^^^^^^^^^^^^^^^^^^^^^^^^^^^^^^^^^^^^^^^^^^^^^^^^^^^^^^^^^^^^
  File "/home/airflow/.local/lib/python3.12/site-packages/airflow/models/baseoperator.py", line 400, in wrapper
    return func(self, *args, **kwargs)
           ^^^^^^^^^^^^^^^^^^^^^^^^^^^
  File "/home/airflow/.local/lib/python3.12/site-packages/airflow/operators/bash.py", line 243, in execute
    raise AirflowException(
airflow.exceptions.AirflowException: Bash command failed. The command returned a non-zero exit code 2.
[2025-10-24T08:52:06.076+0000] {taskinstance.py:1205} INFO - Marking task as UP_FOR_RETRY. dag_id=silver_layer_dag, task_id=run_cleaning, execution_date=20251024T085159, start_date=20251024T085205, end_date=20251024T085206
[2025-10-24T08:52:06.088+0000] {standard_task_runner.py:110} ERROR - Failed to execute job 305 for task run_cleaning (Bash command failed. The command returned a non-zero exit code 2.; 168)
[2025-10-24T08:52:06.116+0000] {local_task_job_runner.py:240} INFO - Task exited with return code 1
[2025-10-24T08:52:06.134+0000] {taskinstance.py:3482} INFO - 0 downstream tasks scheduled from follow-on schedule check
[2025-10-24T08:52:06.136+0000] {local_task_job_runner.py:222} INFO - ::endgroup::
