[2025-10-21T21:42:08.810+0000] {local_task_job_runner.py:120} INFO - ::group::Pre task execution logs
[2025-10-21T21:42:08.830+0000] {taskinstance.py:2073} INFO - Dependencies all met for dep_context=non-requeueable deps ti=<TaskInstance: gold_layer_aggregation.create_dim_customers scheduled__2025-10-20T20:00:00+00:00 [queued]>
[2025-10-21T21:42:08.837+0000] {taskinstance.py:2073} INFO - Dependencies all met for dep_context=requeueable deps ti=<TaskInstance: gold_layer_aggregation.create_dim_customers scheduled__2025-10-20T20:00:00+00:00 [queued]>
[2025-10-21T21:42:08.838+0000] {taskinstance.py:2303} INFO - Starting attempt 2 of 3
[2025-10-21T21:42:08.851+0000] {taskinstance.py:2327} INFO - Executing <Task(BashOperator): create_dim_customers> on 2025-10-20 20:00:00+00:00
[2025-10-21T21:42:08.858+0000] {warnings.py:110} WARNING - /home/***/.local/lib/python3.12/site-packages/***/task/task_runner/standard_task_runner.py:61: DeprecationWarning: This process (pid=608) is multi-threaded, use of fork() may lead to deadlocks in the child.
  pid = os.fork()

[2025-10-21T21:42:08.859+0000] {standard_task_runner.py:90} INFO - Running: ['***', 'tasks', 'run', 'gold_layer_aggregation', 'create_dim_customers', 'scheduled__2025-10-20T20:00:00+00:00', '--job-id', '53', '--raw', '--subdir', 'DAGS_FOLDER/gold_dag.py', '--cfg-path', '/tmp/tmpqjytklrr']
[2025-10-21T21:42:08.865+0000] {standard_task_runner.py:63} INFO - Started process 610 to run task
[2025-10-21T21:42:08.865+0000] {standard_task_runner.py:91} INFO - Job 53: Subtask create_dim_customers
[2025-10-21T21:42:08.881+0000] {warnings.py:110} WARNING - /home/***/.local/lib/python3.12/site-packages/***/settings.py:195: DeprecationWarning: The sql_alchemy_conn option in [core] has been moved to the sql_alchemy_conn option in [database] - the old setting has been used, but please update your config.
  SQL_ALCHEMY_CONN = conf.get("database", "SQL_ALCHEMY_CONN")

[2025-10-21T21:42:08.915+0000] {task_command.py:426} INFO - Running <TaskInstance: gold_layer_aggregation.create_dim_customers scheduled__2025-10-20T20:00:00+00:00 [running]> on host c8e73316fd62
[2025-10-21T21:42:08.986+0000] {taskinstance.py:2644} INFO - Exporting env vars: AIRFLOW_CTX_DAG_OWNER='ghazal_e_ashar' AIRFLOW_CTX_DAG_ID='gold_layer_aggregation' AIRFLOW_CTX_TASK_ID='create_dim_customers' AIRFLOW_CTX_EXECUTION_DATE='2025-10-20T20:00:00+00:00' AIRFLOW_CTX_TRY_NUMBER='2' AIRFLOW_CTX_DAG_RUN_ID='scheduled__2025-10-20T20:00:00+00:00'
[2025-10-21T21:42:08.987+0000] {taskinstance.py:430} INFO - ::endgroup::
[2025-10-21T21:42:09.002+0000] {subprocess.py:63} INFO - Tmp dir root location: /tmp
[2025-10-21T21:42:09.003+0000] {subprocess.py:75} INFO - Running command: ['/usr/bin/bash', '-c', '\necho "Creating dim_customers..."\npython3 - <<\'PY\'\n\nimport os\nfrom pyspark.sql import SparkSession, functions as F\n\nos.environ[\'AWS_ACCESS_KEY_ID\'] = \'minioadmin\'\nos.environ[\'AWS_SECRET_ACCESS_KEY\'] = \'minioadmin\'\nos.environ[\'SPARK_LOCAL_IP\'] = \'127.0.0.1\'\n\nPOSTGRES_URL = "jdbc:postgresql://postgres:5432/***"\nPOSTGRES_PROPERTIES = {\n    "user": "***",\n    "password": "***",\n    "driver": "org.postgresql.Driver"\n}\n\nspark = SparkSession.builder \\\n    .appName("GoldLayerProcessing") \\\n    .config("spark.hadoop.fs.s3a.endpoint", "http://minio:9000") \\\n    .config("spark.hadoop.fs.s3a.access.key", "minioadmin") \\\n    .config("spark.hadoop.fs.s3a.secret.key", "minioadmin") \\\n    .config("spark.hadoop.fs.s3a.impl", "org.apache.hadoop.fs.s3a.S3AFileSystem") \\\n    .config("spark.jars.packages", \n            "org.apache.hadoop:hadoop-aws:3.3.4,"\n            "com.amazonaws:aws-java-sdk-s3:1.12.570,"\n            "org.postgresql:postgresql:42.7.1") \\\n    .config("spark.sql.warehouse.dir", "/tmp/spark-warehouse") \\\n    .getOrCreate()\n\nfrom minio import Minio\nclient = Minio(\'minio:9000\', access_key=\'minioadmin\', secret_key=\'minioadmin\', secure=False)\n\nif not client.bucket_exists(\'gold\'):\n    client.make_bucket(\'gold\')\n    print("Gold bucket created")\nelse:\n    print("Gold bucket already exists")\n\nSILVER_PATH = "s3a://silver"\nGOLD_PATH = "s3a://gold"\n\n\ntry:\n    df_customers = spark.read.option(\'header\', \'true\').csv(f\'{SILVER_PATH}/customers/customers_cleaned_pyspark.csv\')\n    dim_customers = df_customers.select(\n        F.col(\'id\').alias(\'customer_id\'),\n        F.col(\'firstName\').alias(\'first_name\'),\n        F.col(\'lastName\').alias(\'last_name\'),\n        \'email\', \'phone\', \'email_valid\', \'phone_valid\'\n    ).distinct()\n\n    print(f\'Writing dim_customers to {GOLD_PATH}/dimensions/dim_customers\')\n    dim_customers.write.mode(\'overwrite\').parquet(f\'{GOLD_PATH}/dimensions/dim_customers\')\n    dim_customers.write.jdbc(url=POSTGRES_URL, table=\'dim_customers\', mode=\'overwrite\', properties=POSTGRES_PROPERTIES)\n    print(\'dim_customers loaded to Postgres\')\nexcept Exception as e:\n    print("Error in create_dim_customers:", e)\n    raise\nfinally:\n    spark.stop()\nPY']
[2025-10-21T21:42:09.017+0000] {subprocess.py:86} INFO - Output:
[2025-10-21T21:42:09.023+0000] {subprocess.py:93} INFO - Creating dim_customers...
[2025-10-21T21:42:09.647+0000] {subprocess.py:93} INFO - JAVA_HOME is not set
[2025-10-21T21:42:09.729+0000] {subprocess.py:93} INFO - Traceback (most recent call last):
[2025-10-21T21:42:09.729+0000] {subprocess.py:93} INFO -   File "<stdin>", line 27, in <module>
[2025-10-21T21:42:09.730+0000] {subprocess.py:93} INFO -   File "/home/***/.local/lib/python3.12/site-packages/pyspark/sql/session.py", line 556, in getOrCreate
[2025-10-21T21:42:09.730+0000] {subprocess.py:93} INFO -     sc = SparkContext.getOrCreate(sparkConf)
[2025-10-21T21:42:09.730+0000] {subprocess.py:93} INFO -          ^^^^^^^^^^^^^^^^^^^^^^^^^^^^^^^^^^^
[2025-10-21T21:42:09.731+0000] {subprocess.py:93} INFO -   File "/home/***/.local/lib/python3.12/site-packages/pyspark/core/context.py", line 523, in getOrCreate
[2025-10-21T21:42:09.731+0000] {subprocess.py:93} INFO -     SparkContext(conf=conf or SparkConf())
[2025-10-21T21:42:09.731+0000] {subprocess.py:93} INFO -   File "/home/***/.local/lib/python3.12/site-packages/pyspark/core/context.py", line 205, in __init__
[2025-10-21T21:42:09.732+0000] {subprocess.py:93} INFO -     SparkContext._ensure_initialized(self, gateway=gateway, conf=conf)
[2025-10-21T21:42:09.732+0000] {subprocess.py:93} INFO -   File "/home/***/.local/lib/python3.12/site-packages/pyspark/core/context.py", line 444, in _ensure_initialized
[2025-10-21T21:42:09.732+0000] {subprocess.py:93} INFO -     SparkContext._gateway = gateway or launch_gateway(conf)
[2025-10-21T21:42:09.733+0000] {subprocess.py:93} INFO -                                        ^^^^^^^^^^^^^^^^^^^^
[2025-10-21T21:42:09.733+0000] {subprocess.py:93} INFO -   File "/home/***/.local/lib/python3.12/site-packages/pyspark/java_gateway.py", line 111, in launch_gateway
[2025-10-21T21:42:09.733+0000] {subprocess.py:93} INFO -     raise PySparkRuntimeError(
[2025-10-21T21:42:09.734+0000] {subprocess.py:93} INFO - pyspark.errors.exceptions.base.PySparkRuntimeError: [JAVA_GATEWAY_EXITED] Java gateway process exited before sending its port number.
[2025-10-21T21:42:09.781+0000] {subprocess.py:97} INFO - Command exited with return code 1
[2025-10-21T21:42:09.782+0000] {taskinstance.py:441} INFO - ::group::Post task execution logs
[2025-10-21T21:42:09.791+0000] {taskinstance.py:2890} ERROR - Task failed with exception
Traceback (most recent call last):
  File "/home/airflow/.local/lib/python3.12/site-packages/airflow/models/taskinstance.py", line 465, in _execute_task
    result = _execute_callable(context=context, **execute_callable_kwargs)
             ^^^^^^^^^^^^^^^^^^^^^^^^^^^^^^^^^^^^^^^^^^^^^^^^^^^^^^^^^^^^^
  File "/home/airflow/.local/lib/python3.12/site-packages/airflow/models/taskinstance.py", line 432, in _execute_callable
    return execute_callable(context=context, **execute_callable_kwargs)
           ^^^^^^^^^^^^^^^^^^^^^^^^^^^^^^^^^^^^^^^^^^^^^^^^^^^^^^^^^^^^
  File "/home/airflow/.local/lib/python3.12/site-packages/airflow/models/baseoperator.py", line 400, in wrapper
    return func(self, *args, **kwargs)
           ^^^^^^^^^^^^^^^^^^^^^^^^^^^
  File "/home/airflow/.local/lib/python3.12/site-packages/airflow/operators/bash.py", line 243, in execute
    raise AirflowException(
airflow.exceptions.AirflowException: Bash command failed. The command returned a non-zero exit code 1.
[2025-10-21T21:42:09.796+0000] {taskinstance.py:1205} INFO - Marking task as UP_FOR_RETRY. dag_id=gold_layer_aggregation, task_id=create_dim_customers, execution_date=20251020T200000, start_date=20251021T214208, end_date=20251021T214209
[2025-10-21T21:42:09.815+0000] {standard_task_runner.py:110} ERROR - Failed to execute job 53 for task create_dim_customers (Bash command failed. The command returned a non-zero exit code 1.; 610)
[2025-10-21T21:42:09.841+0000] {local_task_job_runner.py:240} INFO - Task exited with return code 1
[2025-10-21T21:42:09.861+0000] {taskinstance.py:3482} INFO - 0 downstream tasks scheduled from follow-on schedule check
[2025-10-21T21:42:09.864+0000] {local_task_job_runner.py:222} INFO - ::endgroup::
[2025-10-22T09:44:23.268+0000] {local_task_job_runner.py:120} INFO - ::group::Pre task execution logs
[2025-10-22T09:44:23.288+0000] {taskinstance.py:2073} INFO - Dependencies all met for dep_context=non-requeueable deps ti=<TaskInstance: gold_layer_aggregation.create_dim_customers scheduled__2025-10-20T20:00:00+00:00 [queued]>
[2025-10-22T09:44:23.293+0000] {taskinstance.py:2073} INFO - Dependencies all met for dep_context=requeueable deps ti=<TaskInstance: gold_layer_aggregation.create_dim_customers scheduled__2025-10-20T20:00:00+00:00 [queued]>
[2025-10-22T09:44:23.294+0000] {taskinstance.py:2303} INFO - Starting attempt 2 of 3
[2025-10-22T09:44:23.306+0000] {taskinstance.py:2327} INFO - Executing <Task(BashOperator): create_dim_customers> on 2025-10-20 20:00:00+00:00
[2025-10-22T09:44:23.312+0000] {warnings.py:110} WARNING - /home/***/.local/lib/python3.12/site-packages/***/task/task_runner/standard_task_runner.py:61: DeprecationWarning: This process (pid=444) is multi-threaded, use of fork() may lead to deadlocks in the child.
  pid = os.fork()

[2025-10-22T09:44:23.315+0000] {standard_task_runner.py:63} INFO - Started process 446 to run task
[2025-10-22T09:44:23.314+0000] {standard_task_runner.py:90} INFO - Running: ['***', 'tasks', 'run', 'gold_layer_aggregation', 'create_dim_customers', 'scheduled__2025-10-20T20:00:00+00:00', '--job-id', '122', '--raw', '--subdir', 'DAGS_FOLDER/gold_dag.py', '--cfg-path', '/tmp/tmpmxtizz15']
[2025-10-22T09:44:23.317+0000] {standard_task_runner.py:91} INFO - Job 122: Subtask create_dim_customers
[2025-10-22T09:44:23.331+0000] {warnings.py:110} WARNING - /home/***/.local/lib/python3.12/site-packages/***/settings.py:195: DeprecationWarning: The sql_alchemy_conn option in [core] has been moved to the sql_alchemy_conn option in [database] - the old setting has been used, but please update your config.
  SQL_ALCHEMY_CONN = conf.get("database", "SQL_ALCHEMY_CONN")

[2025-10-22T09:44:23.366+0000] {task_command.py:426} INFO - Running <TaskInstance: gold_layer_aggregation.create_dim_customers scheduled__2025-10-20T20:00:00+00:00 [running]> on host 0586f0d5111d
[2025-10-22T09:44:23.435+0000] {taskinstance.py:2644} INFO - Exporting env vars: AIRFLOW_CTX_DAG_OWNER='ghazal_e_ashar' AIRFLOW_CTX_DAG_ID='gold_layer_aggregation' AIRFLOW_CTX_TASK_ID='create_dim_customers' AIRFLOW_CTX_EXECUTION_DATE='2025-10-20T20:00:00+00:00' AIRFLOW_CTX_TRY_NUMBER='2' AIRFLOW_CTX_DAG_RUN_ID='scheduled__2025-10-20T20:00:00+00:00'
[2025-10-22T09:44:23.437+0000] {taskinstance.py:430} INFO - ::endgroup::
[2025-10-22T09:44:23.451+0000] {subprocess.py:63} INFO - Tmp dir root location: /tmp
[2025-10-22T09:44:23.452+0000] {subprocess.py:75} INFO - Running command: ['/usr/bin/bash', '-c', '\necho "Creating dim_customers..."\npython3 - <<\'PY\'\n\nimport os\nfrom pyspark.sql import SparkSession, functions as F\n\nos.environ[\'AWS_ACCESS_KEY_ID\'] = \'minioadmin\'\nos.environ[\'AWS_SECRET_ACCESS_KEY\'] = \'minioadmin\'\nos.environ[\'SPARK_LOCAL_IP\'] = \'127.0.0.1\'\n\nPOSTGRES_URL = "jdbc:postgresql://postgres:5432/***"\nPOSTGRES_PROPERTIES = {\n    "user": "***",\n    "password": "***",\n    "driver": "org.postgresql.Driver"\n}\n\nspark = SparkSession.builder \\\n    .appName("GoldLayerProcessing") \\\n    .config("spark.hadoop.fs.s3a.endpoint", "http://minio:9000") \\\n    .config("spark.hadoop.fs.s3a.access.key", "minioadmin") \\\n    .config("spark.hadoop.fs.s3a.secret.key", "minioadmin") \\\n    .config("spark.hadoop.fs.s3a.impl", "org.apache.hadoop.fs.s3a.S3AFileSystem") \\\n    .config("spark.jars.packages", \n            "org.apache.hadoop:hadoop-aws:3.3.4,"\n            "com.amazonaws:aws-java-sdk-s3:1.12.570,"\n            "org.postgresql:postgresql:42.7.1") \\\n    .config("spark.sql.warehouse.dir", "/tmp/spark-warehouse") \\\n    .getOrCreate()\n\nfrom minio import Minio\nclient = Minio(\'minio:9000\', access_key=\'minioadmin\', secret_key=\'minioadmin\', secure=False)\n\nif not client.bucket_exists(\'gold\'):\n    client.make_bucket(\'gold\')\n    print("Gold bucket created")\nelse:\n    print("Gold bucket already exists")\n\nSILVER_PATH = "s3a://silver"\nGOLD_PATH = "s3a://gold"\n\n\ntry:\n    df_customers = spark.read.option(\'header\', \'true\').csv(f\'{SILVER_PATH}/customers/customers_cleaned_pyspark.csv\')\n    dim_customers = df_customers.select(\n        F.col(\'id\').alias(\'customer_id\'),\n        F.col(\'firstName\').alias(\'first_name\'),\n        F.col(\'lastName\').alias(\'last_name\'),\n        \'email\', \'phone\', \'email_valid\', \'phone_valid\'\n    ).distinct()\n\n    print(f\'Writing dim_customers to {GOLD_PATH}/dimensions/dim_customers\')\n    dim_customers.write.mode(\'overwrite\').parquet(f\'{GOLD_PATH}/dimensions/dim_customers\')\n    dim_customers.write.jdbc(url=POSTGRES_URL, table=\'dim_customers\', mode=\'overwrite\', properties=POSTGRES_PROPERTIES)\n    print(\'dim_customers loaded to Postgres\')\nexcept Exception as e:\n    print("Error in create_dim_customers:", e)\n    raise\nfinally:\n    spark.stop()\nPY']
[2025-10-22T09:44:23.464+0000] {subprocess.py:86} INFO - Output:
[2025-10-22T09:44:23.466+0000] {subprocess.py:93} INFO - Creating dim_customers...
[2025-10-22T09:44:23.948+0000] {subprocess.py:93} INFO - /home/***/.local/lib/python3.12/site-packages/pyspark/bin/load-spark-env.sh: line 68: ps: command not found
[2025-10-22T09:44:23.949+0000] {subprocess.py:93} INFO - JAVA_HOME is not set
[2025-10-22T09:44:24.033+0000] {subprocess.py:93} INFO - Traceback (most recent call last):
[2025-10-22T09:44:24.033+0000] {subprocess.py:93} INFO -   File "<stdin>", line 27, in <module>
[2025-10-22T09:44:24.033+0000] {subprocess.py:93} INFO -   File "/home/***/.local/lib/python3.12/site-packages/pyspark/sql/session.py", line 497, in getOrCreate
[2025-10-22T09:44:24.034+0000] {subprocess.py:93} INFO -     sc = SparkContext.getOrCreate(sparkConf)
[2025-10-22T09:44:24.034+0000] {subprocess.py:93} INFO -          ^^^^^^^^^^^^^^^^^^^^^^^^^^^^^^^^^^^
[2025-10-22T09:44:24.034+0000] {subprocess.py:93} INFO -   File "/home/***/.local/lib/python3.12/site-packages/pyspark/context.py", line 515, in getOrCreate
[2025-10-22T09:44:24.035+0000] {subprocess.py:93} INFO -     SparkContext(conf=conf or SparkConf())
[2025-10-22T09:44:24.035+0000] {subprocess.py:93} INFO -   File "/home/***/.local/lib/python3.12/site-packages/pyspark/context.py", line 201, in __init__
[2025-10-22T09:44:24.035+0000] {subprocess.py:93} INFO -     SparkContext._ensure_initialized(self, gateway=gateway, conf=conf)
[2025-10-22T09:44:24.035+0000] {subprocess.py:93} INFO -   File "/home/***/.local/lib/python3.12/site-packages/pyspark/context.py", line 436, in _ensure_initialized
[2025-10-22T09:44:24.036+0000] {subprocess.py:93} INFO -     SparkContext._gateway = gateway or launch_gateway(conf)
[2025-10-22T09:44:24.036+0000] {subprocess.py:93} INFO -                                        ^^^^^^^^^^^^^^^^^^^^
[2025-10-22T09:44:24.036+0000] {subprocess.py:93} INFO -   File "/home/***/.local/lib/python3.12/site-packages/pyspark/java_gateway.py", line 107, in launch_gateway
[2025-10-22T09:44:24.037+0000] {subprocess.py:93} INFO -     raise PySparkRuntimeError(
[2025-10-22T09:44:24.037+0000] {subprocess.py:93} INFO - pyspark.errors.exceptions.base.PySparkRuntimeError: [JAVA_GATEWAY_EXITED] Java gateway process exited before sending its port number.
[2025-10-22T09:44:24.077+0000] {subprocess.py:97} INFO - Command exited with return code 1
[2025-10-22T09:44:24.077+0000] {taskinstance.py:441} INFO - ::group::Post task execution logs
[2025-10-22T09:44:24.088+0000] {taskinstance.py:2890} ERROR - Task failed with exception
Traceback (most recent call last):
  File "/home/airflow/.local/lib/python3.12/site-packages/airflow/models/taskinstance.py", line 465, in _execute_task
    result = _execute_callable(context=context, **execute_callable_kwargs)
             ^^^^^^^^^^^^^^^^^^^^^^^^^^^^^^^^^^^^^^^^^^^^^^^^^^^^^^^^^^^^^
  File "/home/airflow/.local/lib/python3.12/site-packages/airflow/models/taskinstance.py", line 432, in _execute_callable
    return execute_callable(context=context, **execute_callable_kwargs)
           ^^^^^^^^^^^^^^^^^^^^^^^^^^^^^^^^^^^^^^^^^^^^^^^^^^^^^^^^^^^^
  File "/home/airflow/.local/lib/python3.12/site-packages/airflow/models/baseoperator.py", line 400, in wrapper
    return func(self, *args, **kwargs)
           ^^^^^^^^^^^^^^^^^^^^^^^^^^^
  File "/home/airflow/.local/lib/python3.12/site-packages/airflow/operators/bash.py", line 243, in execute
    raise AirflowException(
airflow.exceptions.AirflowException: Bash command failed. The command returned a non-zero exit code 1.
[2025-10-22T09:44:24.092+0000] {taskinstance.py:1205} INFO - Marking task as UP_FOR_RETRY. dag_id=gold_layer_aggregation, task_id=create_dim_customers, execution_date=20251020T200000, start_date=20251022T094423, end_date=20251022T094424
[2025-10-22T09:44:24.109+0000] {standard_task_runner.py:110} ERROR - Failed to execute job 122 for task create_dim_customers (Bash command failed. The command returned a non-zero exit code 1.; 446)
[2025-10-22T09:44:24.131+0000] {local_task_job_runner.py:240} INFO - Task exited with return code 1
[2025-10-22T09:44:24.149+0000] {taskinstance.py:3482} INFO - 0 downstream tasks scheduled from follow-on schedule check
[2025-10-22T09:44:24.152+0000] {local_task_job_runner.py:222} INFO - ::endgroup::
[2025-10-22T10:15:55.401+0000] {local_task_job_runner.py:120} INFO - ::group::Pre task execution logs
[2025-10-22T10:15:55.434+0000] {taskinstance.py:2073} INFO - Dependencies all met for dep_context=non-requeueable deps ti=<TaskInstance: gold_layer_aggregation.create_dim_customers scheduled__2025-10-20T20:00:00+00:00 [queued]>
[2025-10-22T10:15:55.442+0000] {taskinstance.py:2073} INFO - Dependencies all met for dep_context=requeueable deps ti=<TaskInstance: gold_layer_aggregation.create_dim_customers scheduled__2025-10-20T20:00:00+00:00 [queued]>
[2025-10-22T10:15:55.443+0000] {taskinstance.py:2303} INFO - Starting attempt 2 of 3
[2025-10-22T10:15:55.455+0000] {taskinstance.py:2327} INFO - Executing <Task(BashOperator): create_dim_customers> on 2025-10-20 20:00:00+00:00
[2025-10-22T10:15:55.462+0000] {warnings.py:110} WARNING - /home/***/.local/lib/python3.12/site-packages/***/task/task_runner/standard_task_runner.py:61: DeprecationWarning: This process (pid=400) is multi-threaded, use of fork() may lead to deadlocks in the child.
  pid = os.fork()

[2025-10-22T10:15:55.464+0000] {standard_task_runner.py:63} INFO - Started process 407 to run task
[2025-10-22T10:15:55.464+0000] {standard_task_runner.py:90} INFO - Running: ['***', 'tasks', 'run', 'gold_layer_aggregation', 'create_dim_customers', 'scheduled__2025-10-20T20:00:00+00:00', '--job-id', '20', '--raw', '--subdir', 'DAGS_FOLDER/gold_dag.py', '--cfg-path', '/tmp/tmpqal_bs3f']
[2025-10-22T10:15:55.466+0000] {standard_task_runner.py:91} INFO - Job 20: Subtask create_dim_customers
[2025-10-22T10:15:55.479+0000] {warnings.py:110} WARNING - /home/***/.local/lib/python3.12/site-packages/***/settings.py:195: DeprecationWarning: The sql_alchemy_conn option in [core] has been moved to the sql_alchemy_conn option in [database] - the old setting has been used, but please update your config.
  SQL_ALCHEMY_CONN = conf.get("database", "SQL_ALCHEMY_CONN")

[2025-10-22T10:15:55.514+0000] {task_command.py:426} INFO - Running <TaskInstance: gold_layer_aggregation.create_dim_customers scheduled__2025-10-20T20:00:00+00:00 [running]> on host 7df8b8276d1d
[2025-10-22T10:15:55.640+0000] {taskinstance.py:2644} INFO - Exporting env vars: AIRFLOW_CTX_DAG_OWNER='ghazal_e_ashar' AIRFLOW_CTX_DAG_ID='gold_layer_aggregation' AIRFLOW_CTX_TASK_ID='create_dim_customers' AIRFLOW_CTX_EXECUTION_DATE='2025-10-20T20:00:00+00:00' AIRFLOW_CTX_TRY_NUMBER='2' AIRFLOW_CTX_DAG_RUN_ID='scheduled__2025-10-20T20:00:00+00:00'
[2025-10-22T10:15:55.641+0000] {taskinstance.py:430} INFO - ::endgroup::
[2025-10-22T10:15:55.667+0000] {subprocess.py:63} INFO - Tmp dir root location: /tmp
[2025-10-22T10:15:55.668+0000] {subprocess.py:75} INFO - Running command: ['/usr/bin/bash', '-c', '\necho "Creating dim_customers..."\npython3 - <<\'PY\'\n\nimport os\nfrom pyspark.sql import SparkSession, functions as F\n\nos.environ[\'AWS_ACCESS_KEY_ID\'] = \'minioadmin\'\nos.environ[\'AWS_SECRET_ACCESS_KEY\'] = \'minioadmin\'\nos.environ[\'SPARK_LOCAL_IP\'] = \'127.0.0.1\'\n\nPOSTGRES_URL = "jdbc:postgresql://postgres:5432/***"\nPOSTGRES_PROPERTIES = {\n    "user": "***",\n    "password": "***",\n    "driver": "org.postgresql.Driver"\n}\n\nspark = SparkSession.builder \\\n    .appName("GoldLayerProcessing") \\\n    .config("spark.hadoop.fs.s3a.endpoint", "http://minio:9000") \\\n    .config("spark.hadoop.fs.s3a.access.key", "minioadmin") \\\n    .config("spark.hadoop.fs.s3a.secret.key", "minioadmin") \\\n    .config("spark.hadoop.fs.s3a.impl", "org.apache.hadoop.fs.s3a.S3AFileSystem") \\\n    .config("spark.jars.packages", \n            "org.apache.hadoop:hadoop-aws:3.3.4,"\n            "com.amazonaws:aws-java-sdk-s3:1.12.570,"\n            "org.postgresql:postgresql:42.7.1") \\\n    .config("spark.sql.warehouse.dir", "/tmp/spark-warehouse") \\\n    .getOrCreate()\n\nfrom minio import Minio\nclient = Minio(\'minio:9000\', access_key=\'minioadmin\', secret_key=\'minioadmin\', secure=False)\n\nif not client.bucket_exists(\'gold\'):\n    client.make_bucket(\'gold\')\n    print("Gold bucket created")\nelse:\n    print("Gold bucket already exists")\n\nSILVER_PATH = "s3a://silver"\nGOLD_PATH = "s3a://gold"\n\n\ntry:\n    df_customers = spark.read.option(\'header\', \'true\').csv(f\'{SILVER_PATH}/customers/customers_cleaned_pyspark.csv\')\n    dim_customers = df_customers.select(\n        F.col(\'id\').alias(\'customer_id\'),\n        F.col(\'firstName\').alias(\'first_name\'),\n        F.col(\'lastName\').alias(\'last_name\'),\n        \'email\', \'phone\', \'email_valid\', \'phone_valid\'\n    ).distinct()\n\n    print(f\'Writing dim_customers to {GOLD_PATH}/dimensions/dim_customers\')\n    dim_customers.write.mode(\'overwrite\').parquet(f\'{GOLD_PATH}/dimensions/dim_customers\')\n    dim_customers.write.jdbc(url=POSTGRES_URL, table=\'dim_customers\', mode=\'overwrite\', properties=POSTGRES_PROPERTIES)\n    print(\'dim_customers loaded to Postgres\')\nexcept Exception as e:\n    print("Error in create_dim_customers:", e)\n    raise\nfinally:\n    spark.stop()\nPY']
[2025-10-22T10:15:55.680+0000] {subprocess.py:86} INFO - Output:
[2025-10-22T10:15:55.682+0000] {subprocess.py:93} INFO - Creating dim_customers...
[2025-10-22T10:15:56.156+0000] {subprocess.py:93} INFO - /home/***/.local/lib/python3.12/site-packages/pyspark/bin/load-spark-env.sh: line 68: ps: command not found
[2025-10-22T10:15:56.158+0000] {subprocess.py:93} INFO - JAVA_HOME is not set
[2025-10-22T10:15:56.240+0000] {subprocess.py:93} INFO - Traceback (most recent call last):
[2025-10-22T10:15:56.240+0000] {subprocess.py:93} INFO -   File "<stdin>", line 27, in <module>
[2025-10-22T10:15:56.241+0000] {subprocess.py:93} INFO -   File "/home/***/.local/lib/python3.12/site-packages/pyspark/sql/session.py", line 497, in getOrCreate
[2025-10-22T10:15:56.241+0000] {subprocess.py:93} INFO -     sc = SparkContext.getOrCreate(sparkConf)
[2025-10-22T10:15:56.241+0000] {subprocess.py:93} INFO -          ^^^^^^^^^^^^^^^^^^^^^^^^^^^^^^^^^^^
[2025-10-22T10:15:56.242+0000] {subprocess.py:93} INFO -   File "/home/***/.local/lib/python3.12/site-packages/pyspark/context.py", line 515, in getOrCreate
[2025-10-22T10:15:56.242+0000] {subprocess.py:93} INFO -     SparkContext(conf=conf or SparkConf())
[2025-10-22T10:15:56.242+0000] {subprocess.py:93} INFO -   File "/home/***/.local/lib/python3.12/site-packages/pyspark/context.py", line 201, in __init__
[2025-10-22T10:15:56.243+0000] {subprocess.py:93} INFO -     SparkContext._ensure_initialized(self, gateway=gateway, conf=conf)
[2025-10-22T10:15:56.243+0000] {subprocess.py:93} INFO -   File "/home/***/.local/lib/python3.12/site-packages/pyspark/context.py", line 436, in _ensure_initialized
[2025-10-22T10:15:56.243+0000] {subprocess.py:93} INFO -     SparkContext._gateway = gateway or launch_gateway(conf)
[2025-10-22T10:15:56.244+0000] {subprocess.py:93} INFO -                                        ^^^^^^^^^^^^^^^^^^^^
[2025-10-22T10:15:56.244+0000] {subprocess.py:93} INFO -   File "/home/***/.local/lib/python3.12/site-packages/pyspark/java_gateway.py", line 107, in launch_gateway
[2025-10-22T10:15:56.244+0000] {subprocess.py:93} INFO -     raise PySparkRuntimeError(
[2025-10-22T10:15:56.245+0000] {subprocess.py:93} INFO - pyspark.errors.exceptions.base.PySparkRuntimeError: [JAVA_GATEWAY_EXITED] Java gateway process exited before sending its port number.
[2025-10-22T10:15:56.279+0000] {subprocess.py:97} INFO - Command exited with return code 1
[2025-10-22T10:15:56.280+0000] {taskinstance.py:441} INFO - ::group::Post task execution logs
[2025-10-22T10:15:56.291+0000] {taskinstance.py:2890} ERROR - Task failed with exception
Traceback (most recent call last):
  File "/home/airflow/.local/lib/python3.12/site-packages/airflow/models/taskinstance.py", line 465, in _execute_task
    result = _execute_callable(context=context, **execute_callable_kwargs)
             ^^^^^^^^^^^^^^^^^^^^^^^^^^^^^^^^^^^^^^^^^^^^^^^^^^^^^^^^^^^^^
  File "/home/airflow/.local/lib/python3.12/site-packages/airflow/models/taskinstance.py", line 432, in _execute_callable
    return execute_callable(context=context, **execute_callable_kwargs)
           ^^^^^^^^^^^^^^^^^^^^^^^^^^^^^^^^^^^^^^^^^^^^^^^^^^^^^^^^^^^^
  File "/home/airflow/.local/lib/python3.12/site-packages/airflow/models/baseoperator.py", line 400, in wrapper
    return func(self, *args, **kwargs)
           ^^^^^^^^^^^^^^^^^^^^^^^^^^^
  File "/home/airflow/.local/lib/python3.12/site-packages/airflow/operators/bash.py", line 243, in execute
    raise AirflowException(
airflow.exceptions.AirflowException: Bash command failed. The command returned a non-zero exit code 1.
[2025-10-22T10:15:56.296+0000] {taskinstance.py:1205} INFO - Marking task as UP_FOR_RETRY. dag_id=gold_layer_aggregation, task_id=create_dim_customers, execution_date=20251020T200000, start_date=20251022T101555, end_date=20251022T101556
[2025-10-22T10:15:56.308+0000] {standard_task_runner.py:110} ERROR - Failed to execute job 20 for task create_dim_customers (Bash command failed. The command returned a non-zero exit code 1.; 407)
[2025-10-22T10:15:56.330+0000] {local_task_job_runner.py:240} INFO - Task exited with return code 1
[2025-10-22T10:15:56.355+0000] {taskinstance.py:3482} INFO - 0 downstream tasks scheduled from follow-on schedule check
[2025-10-22T10:15:56.357+0000] {local_task_job_runner.py:222} INFO - ::endgroup::
