[2025-10-22T09:39:58.315+0000] {local_task_job_runner.py:120} INFO - ::group::Pre task execution logs
[2025-10-22T09:39:58.331+0000] {taskinstance.py:2073} INFO - Dependencies all met for dep_context=non-requeueable deps ti=<TaskInstance: bronze_layer_ingestion_simple.trigger_silver manual__2025-10-22T09:38:48.338596+00:00 [queued]>
[2025-10-22T09:39:58.336+0000] {taskinstance.py:2073} INFO - Dependencies all met for dep_context=requeueable deps ti=<TaskInstance: bronze_layer_ingestion_simple.trigger_silver manual__2025-10-22T09:38:48.338596+00:00 [queued]>
[2025-10-22T09:39:58.337+0000] {taskinstance.py:2303} INFO - Starting attempt 1 of 3
[2025-10-22T09:39:58.377+0000] {taskinstance.py:2327} INFO - Executing <Task(TriggerDagRunOperator): trigger_silver> on 2025-10-22 09:38:48.338596+00:00
[2025-10-22T09:39:58.383+0000] {warnings.py:110} WARNING - /home/***/.local/lib/python3.12/site-packages/***/task/task_runner/standard_task_runner.py:61: DeprecationWarning: This process (pid=390) is multi-threaded, use of fork() may lead to deadlocks in the child.
  pid = os.fork()

[2025-10-22T09:39:58.385+0000] {standard_task_runner.py:90} INFO - Running: ['***', 'tasks', 'run', 'bronze_layer_ingestion_simple', 'trigger_silver', 'manual__2025-10-22T09:38:48.338596+00:00', '--job-id', '121', '--raw', '--subdir', 'DAGS_FOLDER/bronze_dag_simple.py', '--cfg-path', '/tmp/tmpr_ix13tu']
[2025-10-22T09:39:58.387+0000] {standard_task_runner.py:63} INFO - Started process 391 to run task
[2025-10-22T09:39:58.387+0000] {standard_task_runner.py:91} INFO - Job 121: Subtask trigger_silver
[2025-10-22T09:39:58.446+0000] {warnings.py:110} WARNING - /home/***/.local/lib/python3.12/site-packages/***/settings.py:195: DeprecationWarning: The sql_alchemy_conn option in [core] has been moved to the sql_alchemy_conn option in [database] - the old setting has been used, but please update your config.
  SQL_ALCHEMY_CONN = conf.get("database", "SQL_ALCHEMY_CONN")

[2025-10-22T09:39:58.475+0000] {task_command.py:426} INFO - Running <TaskInstance: bronze_layer_ingestion_simple.trigger_silver manual__2025-10-22T09:38:48.338596+00:00 [running]> on host 0586f0d5111d
[2025-10-22T09:39:58.618+0000] {taskinstance.py:2644} INFO - Exporting env vars: AIRFLOW_CTX_DAG_OWNER='afnan_khan' AIRFLOW_CTX_DAG_ID='bronze_layer_ingestion_simple' AIRFLOW_CTX_TASK_ID='trigger_silver' AIRFLOW_CTX_EXECUTION_DATE='2025-10-22T09:38:48.338596+00:00' AIRFLOW_CTX_TRY_NUMBER='1' AIRFLOW_CTX_DAG_RUN_ID='manual__2025-10-22T09:38:48.338596+00:00'
[2025-10-22T09:39:58.620+0000] {taskinstance.py:430} INFO - ::endgroup::
[2025-10-22T09:39:59.950+0000] {taskinstance.py:441} INFO - ::group::Post task execution logs
[2025-10-22T09:39:59.958+0000] {taskinstance.py:1205} INFO - Marking task as SUCCESS. dag_id=bronze_layer_ingestion_simple, task_id=trigger_silver, execution_date=20251022T093848, start_date=20251022T093958, end_date=20251022T093959
[2025-10-22T09:40:00.045+0000] {local_task_job_runner.py:240} INFO - Task exited with return code 0
[2025-10-22T09:40:00.060+0000] {taskinstance.py:3482} INFO - 0 downstream tasks scheduled from follow-on schedule check
[2025-10-22T09:40:00.063+0000] {local_task_job_runner.py:222} INFO - ::endgroup::
